[2021-04-02T14:13:27.586+0000][4308][gc] Using G1
[2021-04-02T14:13:27.606+0000][4308][gc,init] Version: 15.0.1+9 (release)
[2021-04-02T14:13:27.606+0000][4308][gc,init] CPUs: 4 total, 4 available
[2021-04-02T14:13:27.606+0000][4308][gc,init] Memory: 7876M
[2021-04-02T14:13:27.606+0000][4308][gc,init] Large Page Support: Disabled
[2021-04-02T14:13:27.606+0000][4308][gc,init] NUMA Support: Disabled
[2021-04-02T14:13:27.606+0000][4308][gc,init] Compressed Oops: Enabled (Zero based)
[2021-04-02T14:13:27.606+0000][4308][gc,init] Heap Region Size: 2M
[2021-04-02T14:13:27.606+0000][4308][gc,init] Heap Min Capacity: 3938M
[2021-04-02T14:13:27.606+0000][4308][gc,init] Heap Initial Capacity: 3938M
[2021-04-02T14:13:27.606+0000][4308][gc,init] Heap Max Capacity: 3938M
[2021-04-02T14:13:27.606+0000][4308][gc,init] Pre-touch: Disabled
[2021-04-02T14:13:27.606+0000][4308][gc,init] Parallel Workers: 4
[2021-04-02T14:13:27.606+0000][4308][gc,init] Concurrent Workers: 1
[2021-04-02T14:13:27.606+0000][4308][gc,init] Concurrent Refinement Workers: 4
[2021-04-02T14:13:27.606+0000][4308][gc,init] Periodic GC: Disabled
[2021-04-02T14:13:27.606+0000][4308][gc,metaspace] CDS disabled.
[2021-04-02T14:13:27.606+0000][4308][gc,metaspace] Compressed class space mapped at: 0x00000007c0000000-0x0000000800000000, size: 1073741824
[2021-04-02T14:13:27.606+0000][4308][gc,metaspace] Narrow klass base: 0x0000000000000000, Narrow klass shift: 3, Narrow klass range: 0x800000000
[2021-04-02T14:13:27.699+0000][4308][gc,heap,exit] Heap
[2021-04-02T14:13:27.699+0000][4308][gc,heap,exit]  garbage-first heap   total 4032512K, used 2048K [0x00000006c9e00000, 0x00000007c0000000)
[2021-04-02T14:13:27.699+0000][4308][gc,heap,exit]   region size 2048K, 2 young (4096K), 0 survivors (0K)
[2021-04-02T14:13:27.699+0000][4308][gc,heap,exit]  Metaspace       used 3398K, capacity 4480K, committed 4480K, reserved 1056768K
[2021-04-02T14:13:27.699+0000][4308][gc,heap,exit]   class space    used 272K, capacity 384K, committed 384K, reserved 1048576K
