[2021-04-03T06:16:54.765+0000][5941][gc] Using G1
[2021-04-03T06:16:55.679+0000][5941][gc,init] Version: 15.0.1+9 (release)
[2021-04-03T06:16:55.679+0000][5941][gc,init] CPUs: 4 total, 4 available
[2021-04-03T06:16:55.679+0000][5941][gc,init] Memory: 7876M
[2021-04-03T06:16:55.679+0000][5941][gc,init] Large Page Support: Disabled
[2021-04-03T06:16:55.679+0000][5941][gc,init] NUMA Support: Disabled
[2021-04-03T06:16:55.679+0000][5941][gc,init] Compressed Oops: Enabled (Zero based)
[2021-04-03T06:16:55.679+0000][5941][gc,init] Heap Region Size: 4M
[2021-04-03T06:16:55.679+0000][5941][gc,init] Heap Min Capacity: 3940M
[2021-04-03T06:16:55.679+0000][5941][gc,init] Heap Initial Capacity: 3940M
[2021-04-03T06:16:55.679+0000][5941][gc,init] Heap Max Capacity: 3940M
[2021-04-03T06:16:55.679+0000][5941][gc,init] Pre-touch: Enabled
[2021-04-03T06:16:55.679+0000][5941][gc,init] Parallel Workers: 4
[2021-04-03T06:16:55.679+0000][5941][gc,init] Concurrent Workers: 1
[2021-04-03T06:16:55.679+0000][5941][gc,init] Concurrent Refinement Workers: 4
[2021-04-03T06:16:55.679+0000][5941][gc,init] Periodic GC: Disabled
[2021-04-03T06:16:55.679+0000][5941][gc,cds ] Mark closed archive regions in map: [0x00000007ffc00000, 0x00000007ffc7bff8]
[2021-04-03T06:16:55.680+0000][5941][gc,cds ] Mark open archive regions in map: [0x00000007ffb00000, 0x00000007ffb51ff8]
[2021-04-03T06:16:55.680+0000][5941][gc,metaspace] CDS archive(s) mapped at: [0x0000000800000000-0x0000000800b2a000-0x0000000800b2a000), size 11706368, SharedBaseAddress: 0x0000000800000000, ArchiveRelocationMode: 0.
[2021-04-03T06:16:55.680+0000][5941][gc,metaspace] Compressed class space mapped at: 0x0000000800b2c000-0x0000000840b2c000, size: 1073741824
[2021-04-03T06:16:55.680+0000][5941][gc,metaspace] Narrow klass base: 0x0000000800000000, Narrow klass shift: 3, Narrow klass range: 0x100000000
[2021-04-03T06:16:56.293+0000][5941][safepoint   ] Safepoint "ICBufferFull", Time since last: 591910201 ns, Reaching safepoint: 212958 ns, At safepoint: 6557 ns, Total: 219515 ns
[2021-04-03T06:16:58.146+0000][5941][safepoint   ] Safepoint "Cleanup", Time since last: 1853557268 ns, Reaching safepoint: 189980 ns, At safepoint: 4789 ns, Total: 194769 ns
[2021-04-03T06:16:59.079+0000][5941][safepoint   ] Safepoint "ICBufferFull", Time since last: 932060904 ns, Reaching safepoint: 196735 ns, At safepoint: 19491 ns, Total: 216226 ns
[2021-04-03T06:17:00.079+0000][5941][safepoint   ] Safepoint "Cleanup", Time since last: 1000120139 ns, Reaching safepoint: 47875 ns, At safepoint: 3054 ns, Total: 50929 ns
[2021-04-03T06:17:01.842+0000][5941][safepoint   ] Safepoint "Cleanup", Time since last: 1762687065 ns, Reaching safepoint: 151002 ns, At safepoint: 6242 ns, Total: 157244 ns
[2021-04-03T06:17:02.842+0000][5941][safepoint   ] Safepoint "Cleanup", Time since last: 1000230280 ns, Reaching safepoint: 125319 ns, At safepoint: 6372 ns, Total: 131691 ns
[2021-04-03T06:17:03.105+0000][5941][safepoint   ] Safepoint "ICBufferFull", Time since last: 262960206 ns, Reaching safepoint: 106899 ns, At safepoint: 7019 ns, Total: 113918 ns
[2021-04-03T06:17:03.111+0000][5941][safepoint   ] Safepoint "ICBufferFull", Time since last: 5845005 ns, Reaching safepoint: 79328 ns, At safepoint: 5596 ns, Total: 84924 ns
[2021-04-03T06:17:03.115+0000][5941][safepoint   ] Safepoint "ICBufferFull", Time since last: 3927240 ns, Reaching safepoint: 62814 ns, At safepoint: 5753 ns, Total: 68567 ns
[2021-04-03T06:17:03.119+0000][5941][safepoint   ] Safepoint "ICBufferFull", Time since last: 3815758 ns, Reaching safepoint: 50730 ns, At safepoint: 6249 ns, Total: 56979 ns
[2021-04-03T06:17:03.123+0000][5941][safepoint   ] Safepoint "ICBufferFull", Time since last: 4108359 ns, Reaching safepoint: 52481 ns, At safepoint: 4314 ns, Total: 56795 ns
[2021-04-03T06:17:03.127+0000][5941][safepoint   ] Safepoint "ICBufferFull", Time since last: 3477870 ns, Reaching safepoint: 85372 ns, At safepoint: 5112 ns, Total: 90484 ns
[2021-04-03T06:17:03.131+0000][5941][safepoint   ] Safepoint "ICBufferFull", Time since last: 4033063 ns, Reaching safepoint: 85487 ns, At safepoint: 5287 ns, Total: 90774 ns
[2021-04-03T06:17:03.134+0000][5941][safepoint   ] Safepoint "ICBufferFull", Time since last: 3443198 ns, Reaching safepoint: 71020 ns, At safepoint: 4782 ns, Total: 75802 ns
[2021-04-03T06:17:03.138+0000][5941][safepoint   ] Safepoint "ICBufferFull", Time since last: 3993187 ns, Reaching safepoint: 73598 ns, At safepoint: 7805 ns, Total: 81403 ns
[2021-04-03T06:17:03.144+0000][5941][safepoint   ] Safepoint "ICBufferFull", Time since last: 5099210 ns, Reaching safepoint: 77299 ns, At safepoint: 7820 ns, Total: 85119 ns
[2021-04-03T06:17:03.148+0000][5941][safepoint   ] Safepoint "ICBufferFull", Time since last: 3944221 ns, Reaching safepoint: 78108 ns, At safepoint: 5458 ns, Total: 83566 ns
[2021-04-03T06:17:03.152+0000][5941][safepoint   ] Safepoint "ICBufferFull", Time since last: 4699011 ns, Reaching safepoint: 75106 ns, At safepoint: 5301 ns, Total: 80407 ns
[2021-04-03T06:17:03.157+0000][5941][safepoint   ] Safepoint "ICBufferFull", Time since last: 4646612 ns, Reaching safepoint: 79201 ns, At safepoint: 5323 ns, Total: 84524 ns
[2021-04-03T06:17:03.163+0000][5941][safepoint   ] Safepoint "ICBufferFull", Time since last: 5684759 ns, Reaching safepoint: 74869 ns, At safepoint: 5377 ns, Total: 80246 ns
[2021-04-03T06:17:03.167+0000][5941][safepoint   ] Safepoint "ICBufferFull", Time since last: 4057963 ns, Reaching safepoint: 65019 ns, At safepoint: 6031 ns, Total: 71050 ns
[2021-04-03T06:17:03.281+0000][5941][gc,start    ] GC(0) Pause Young (Normal) (G1 Evacuation Pause)
[2021-04-03T06:17:03.282+0000][5941][gc,task     ] GC(0) Using 4 workers of 4 for evacuation
[2021-04-03T06:17:03.282+0000][5941][gc,age      ] GC(0) Desired survivor size 14680064 bytes, new threshold 15 (max threshold 15)
[2021-04-03T06:17:03.301+0000][5941][gc,age      ] GC(0) Age table with threshold 15 (max threshold 15)
[2021-04-03T06:17:03.302+0000][5941][gc,age      ] GC(0) - age   1:   10867048 bytes,   10867048 total
[2021-04-03T06:17:03.302+0000][5941][gc,phases   ] GC(0)   Pre Evacuate Collection Set: 0.2ms
[2021-04-03T06:17:03.302+0000][5941][gc,phases   ] GC(0)   Merge Heap Roots: 0.1ms
[2021-04-03T06:17:03.302+0000][5941][gc,phases   ] GC(0)   Evacuate Collection Set: 18.5ms
[2021-04-03T06:17:03.302+0000][5941][gc,phases   ] GC(0)   Post Evacuate Collection Set: 1.0ms
[2021-04-03T06:17:03.302+0000][5941][gc,phases   ] GC(0)   Other: 0.4ms
[2021-04-03T06:17:03.302+0000][5941][gc,heap     ] GC(0) Eden regions: 49->0(46)
[2021-04-03T06:17:03.302+0000][5941][gc,heap     ] GC(0) Survivor regions: 0->3(7)
[2021-04-03T06:17:03.302+0000][5941][gc,heap     ] GC(0) Old regions: 0->0
[2021-04-03T06:17:03.302+0000][5941][gc,heap     ] GC(0) Archive regions: 2->2
[2021-04-03T06:17:03.302+0000][5941][gc,heap     ] GC(0) Humongous regions: 0->0
[2021-04-03T06:17:03.302+0000][5941][gc,metaspace] GC(0) Metaspace: 16935K(17536K)->16935K(17536K) NonClass: 14942K(15360K)->14942K(15360K) Class: 1992K(2176K)->1992K(2176K)
[2021-04-03T06:17:03.302+0000][5941][gc          ] GC(0) Pause Young (Normal) (G1 Evacuation Pause) 199M->14M(3940M) 20.231ms
[2021-04-03T06:17:03.302+0000][5941][gc,cpu      ] GC(0) User=0.08s Sys=0.00s Real=0.02s
[2021-04-03T06:17:03.302+0000][5941][safepoint   ] Safepoint "G1CollectForAllocation", Time since last: 114438809 ns, Reaching safepoint: 81839 ns, At safepoint: 20310106 ns, Total: 20391945 ns
[2021-04-03T06:17:04.559+0000][5941][safepoint   ] Safepoint "Cleanup", Time since last: 1257267696 ns, Reaching safepoint: 150583 ns, At safepoint: 5089 ns, Total: 155672 ns
[2021-04-03T06:17:04.755+0000][5941][gc,start    ] GC(1) Pause Young (Normal) (G1 Evacuation Pause)
[2021-04-03T06:17:04.755+0000][5941][gc,task     ] GC(1) Using 4 workers of 4 for evacuation
[2021-04-03T06:17:04.755+0000][5941][gc,age      ] GC(1) Desired survivor size 14680064 bytes, new threshold 15 (max threshold 15)
[2021-04-03T06:17:04.769+0000][5941][gc,age      ] GC(1) Age table with threshold 15 (max threshold 15)
[2021-04-03T06:17:04.769+0000][5941][gc,age      ] GC(1) - age   1:    3770968 bytes,    3770968 total
[2021-04-03T06:17:04.769+0000][5941][gc,age      ] GC(1) - age   2:    9213816 bytes,   12984784 total
[2021-04-03T06:17:04.770+0000][5941][gc,phases   ] GC(1)   Pre Evacuate Collection Set: 0.1ms
[2021-04-03T06:17:04.770+0000][5941][gc,phases   ] GC(1)   Merge Heap Roots: 0.0ms
[2021-04-03T06:17:04.770+0000][5941][gc,phases   ] GC(1)   Evacuate Collection Set: 13.6ms
[2021-04-03T06:17:04.770+0000][5941][gc,phases   ] GC(1)   Post Evacuate Collection Set: 0.6ms
[2021-04-03T06:17:04.770+0000][5941][gc,phases   ] GC(1)   Other: 0.2ms
[2021-04-03T06:17:04.770+0000][5941][gc,heap     ] GC(1) Eden regions: 46->0(45)
[2021-04-03T06:17:04.770+0000][5941][gc,heap     ] GC(1) Survivor regions: 3->4(7)
[2021-04-03T06:17:04.770+0000][5941][gc,heap     ] GC(1) Old regions: 0->0
[2021-04-03T06:17:04.770+0000][5941][gc,heap     ] GC(1) Archive regions: 2->2
[2021-04-03T06:17:04.770+0000][5941][gc,heap     ] GC(1) Humongous regions: 0->0
[2021-04-03T06:17:04.770+0000][5941][gc,metaspace] GC(1) Metaspace: 18790K(19584K)->18790K(19584K) NonClass: 16570K(17152K)->16570K(17152K) Class: 2220K(2432K)->2220K(2432K)
[2021-04-03T06:17:04.770+0000][5941][gc          ] GC(1) Pause Young (Normal) (G1 Evacuation Pause) 198M->17M(3940M) 14.717ms
[2021-04-03T06:17:04.770+0000][5941][gc,cpu      ] GC(1) User=0.05s Sys=0.00s Real=0.01s
[2021-04-03T06:17:04.770+0000][5941][safepoint   ] Safepoint "G1CollectForAllocation", Time since last: 195614677 ns, Reaching safepoint: 69728 ns, At safepoint: 14774532 ns, Total: 14844260 ns
[2021-04-03T06:17:05.419+0000][5941][gc,start    ] GC(2) Pause Young (Normal) (G1 Evacuation Pause)
[2021-04-03T06:17:05.419+0000][5941][gc,task     ] GC(2) Using 4 workers of 4 for evacuation
[2021-04-03T06:17:05.419+0000][5941][gc,age      ] GC(2) Desired survivor size 14680064 bytes, new threshold 15 (max threshold 15)
[2021-04-03T06:17:05.434+0000][5941][gc,age      ] GC(2) Age table with threshold 15 (max threshold 15)
[2021-04-03T06:17:05.434+0000][5941][gc,age      ] GC(2) - age   1:     987800 bytes,     987800 total
[2021-04-03T06:17:05.434+0000][5941][gc,age      ] GC(2) - age   2:    3049944 bytes,    4037744 total
[2021-04-03T06:17:05.434+0000][5941][gc,age      ] GC(2) - age   3:    9213592 bytes,   13251336 total
[2021-04-03T06:17:05.434+0000][5941][gc,phases   ] GC(2)   Pre Evacuate Collection Set: 0.1ms
[2021-04-03T06:17:05.434+0000][5941][gc,phases   ] GC(2)   Merge Heap Roots: 0.1ms
[2021-04-03T06:17:05.434+0000][5941][gc,phases   ] GC(2)   Evacuate Collection Set: 13.2ms
[2021-04-03T06:17:05.434+0000][5941][gc,phases   ] GC(2)   Post Evacuate Collection Set: 0.9ms
[2021-04-03T06:17:05.434+0000][5941][gc,phases   ] GC(2)   Other: 0.2ms
[2021-04-03T06:17:05.434+0000][5941][gc,heap     ] GC(2) Eden regions: 45->0(47)
[2021-04-03T06:17:05.434+0000][5941][gc,heap     ] GC(2) Survivor regions: 4->4(7)
[2021-04-03T06:17:05.434+0000][5941][gc,heap     ] GC(2) Old regions: 0->0
[2021-04-03T06:17:05.434+0000][5941][gc,heap     ] GC(2) Archive regions: 2->2
[2021-04-03T06:17:05.434+0000][5941][gc,heap     ] GC(2) Humongous regions: 0->0
[2021-04-03T06:17:05.434+0000][5941][gc,metaspace] GC(2) Metaspace: 19192K(19968K)->19192K(19968K) NonClass: 16900K(17408K)->16900K(17408K) Class: 2291K(2560K)->2291K(2560K)
[2021-04-03T06:17:05.434+0000][5941][gc          ] GC(2) Pause Young (Normal) (G1 Evacuation Pause) 197M->17M(3940M) 14.664ms
[2021-04-03T06:17:05.434+0000][5941][gc,cpu      ] GC(2) User=0.05s Sys=0.00s Real=0.02s
[2021-04-03T06:17:05.434+0000][5941][safepoint   ] Safepoint "G1CollectForAllocation", Time since last: 649410347 ns, Reaching safepoint: 67501 ns, At safepoint: 14740829 ns, Total: 14808330 ns
[2021-04-03T06:17:06.384+0000][5941][gc,start    ] GC(3) Pause Young (Normal) (G1 Evacuation Pause)
[2021-04-03T06:17:06.384+0000][5941][gc,task     ] GC(3) Using 4 workers of 4 for evacuation
[2021-04-03T06:17:06.384+0000][5941][gc,age      ] GC(3) Desired survivor size 14680064 bytes, new threshold 15 (max threshold 15)
[2021-04-03T06:17:06.400+0000][5941][gc,age      ] GC(3) Age table with threshold 15 (max threshold 15)
[2021-04-03T06:17:06.400+0000][5941][gc,age      ] GC(3) - age   1:    2235840 bytes,    2235840 total
[2021-04-03T06:17:06.400+0000][5941][gc,age      ] GC(3) - age   2:     680192 bytes,    2916032 total
[2021-04-03T06:17:06.400+0000][5941][gc,age      ] GC(3) - age   3:    3049416 bytes,    5965448 total
[2021-04-03T06:17:06.400+0000][5941][gc,age      ] GC(3) - age   4:    9213128 bytes,   15178576 total
[2021-04-03T06:17:06.400+0000][5941][gc,phases   ] GC(3)   Pre Evacuate Collection Set: 0.1ms
[2021-04-03T06:17:06.400+0000][5941][gc,phases   ] GC(3)   Merge Heap Roots: 0.0ms
[2021-04-03T06:17:06.400+0000][5941][gc,phases   ] GC(3)   Evacuate Collection Set: 14.7ms
[2021-04-03T06:17:06.400+0000][5941][gc,phases   ] GC(3)   Post Evacuate Collection Set: 0.7ms
[2021-04-03T06:17:06.400+0000][5941][gc,phases   ] GC(3)   Other: 0.2ms
[2021-04-03T06:17:06.400+0000][5941][gc,heap     ] GC(3) Eden regions: 47->0(56)
[2021-04-03T06:17:06.400+0000][5941][gc,heap     ] GC(3) Survivor regions: 4->4(7)
[2021-04-03T06:17:06.400+0000][5941][gc,heap     ] GC(3) Old regions: 0->0
[2021-04-03T06:17:06.400+0000][5941][gc,heap     ] GC(3) Archive regions: 2->2
[2021-04-03T06:17:06.400+0000][5941][gc,heap     ] GC(3) Humongous regions: 0->0
[2021-04-03T06:17:06.400+0000][5941][gc,metaspace] GC(3) Metaspace: 19495K(20480K)->19495K(20480K) NonClass: 17180K(17920K)->17180K(17920K) Class: 2314K(2560K)->2314K(2560K)
[2021-04-03T06:17:06.400+0000][5941][gc          ] GC(3) Pause Young (Normal) (G1 Evacuation Pause) 205M->19M(3940M) 15.818ms
[2021-04-03T06:17:06.400+0000][5941][gc,cpu      ] GC(3) User=0.06s Sys=0.00s Real=0.02s
[2021-04-03T06:17:06.400+0000][5941][safepoint   ] Safepoint "G1CollectForAllocation", Time since last: 950472328 ns, Reaching safepoint: 60170 ns, At safepoint: 15876648 ns, Total: 15936818 ns
[2021-04-03T06:17:07.055+0000][5941][gc,start    ] GC(4) Pause Young (Normal) (G1 Evacuation Pause)
[2021-04-03T06:17:07.055+0000][5941][gc,task     ] GC(4) Using 4 workers of 4 for evacuation
[2021-04-03T06:17:07.055+0000][5941][gc,age      ] GC(4) Desired survivor size 16777216 bytes, new threshold 15 (max threshold 15)
[2021-04-03T06:17:07.068+0000][5941][gc,age      ] GC(4) Age table with threshold 15 (max threshold 15)
[2021-04-03T06:17:07.068+0000][5941][gc,age      ] GC(4) - age   1:    2892632 bytes,    2892632 total
[2021-04-03T06:17:07.068+0000][5941][gc,age      ] GC(4) - age   2:     693296 bytes,    3585928 total
[2021-04-03T06:17:07.068+0000][5941][gc,age      ] GC(4) - age   3:     679296 bytes,    4265224 total
[2021-04-03T06:17:07.068+0000][5941][gc,age      ] GC(4) - age   4:    3045424 bytes,    7310648 total
[2021-04-03T06:17:07.068+0000][5941][gc,age      ] GC(4) - age   5:    9213128 bytes,   16523776 total
[2021-04-03T06:17:07.068+0000][5941][gc,phases   ] GC(4)   Pre Evacuate Collection Set: 0.1ms
[2021-04-03T06:17:07.068+0000][5941][gc,phases   ] GC(4)   Merge Heap Roots: 0.0ms
[2021-04-03T06:17:07.068+0000][5941][gc,phases   ] GC(4)   Evacuate Collection Set: 11.8ms
[2021-04-03T06:17:07.068+0000][5941][gc,phases   ] GC(4)   Post Evacuate Collection Set: 0.6ms
[2021-04-03T06:17:07.068+0000][5941][gc,phases   ] GC(4)   Other: 0.2ms
[2021-04-03T06:17:07.068+0000][5941][gc,heap     ] GC(4) Eden regions: 56->0(586)
[2021-04-03T06:17:07.068+0000][5941][gc,heap     ] GC(4) Survivor regions: 4->5(8)
[2021-04-03T06:17:07.068+0000][5941][gc,heap     ] GC(4) Old regions: 0->0
[2021-04-03T06:17:07.068+0000][5941][gc,heap     ] GC(4) Archive regions: 2->2
[2021-04-03T06:17:07.068+0000][5941][gc,heap     ] GC(4) Humongous regions: 0->0
[2021-04-03T06:17:07.068+0000][5941][gc,metaspace] GC(4) Metaspace: 19720K(20736K)->19720K(20736K) NonClass: 17372K(18176K)->17372K(18176K) Class: 2348K(2560K)->2348K(2560K)
[2021-04-03T06:17:07.068+0000][5941][gc          ] GC(4) Pause Young (Normal) (G1 Evacuation Pause) 243M->21M(3940M) 12.887ms
[2021-04-03T06:17:07.068+0000][5941][gc,cpu      ] GC(4) User=0.05s Sys=0.00s Real=0.01s
[2021-04-03T06:17:07.068+0000][5941][safepoint   ] Safepoint "G1CollectForAllocation", Time since last: 654929530 ns, Reaching safepoint: 99144 ns, At safepoint: 12944290 ns, Total: 13043434 ns
[2021-04-03T06:17:08.068+0000][5941][safepoint   ] Safepoint "Cleanup", Time since last: 1000104864 ns, Reaching safepoint: 122019 ns, At safepoint: 5142 ns, Total: 127161 ns
[2021-04-03T06:17:08.676+0000][5941][gc,start    ] GC(5) Pause Young (Concurrent Start) (Metadata GC Threshold)
[2021-04-03T06:17:08.676+0000][5941][gc,task     ] GC(5) Using 4 workers of 4 for evacuation
[2021-04-03T06:17:08.676+0000][5941][gc,age      ] GC(5) Desired survivor size 155189248 bytes, new threshold 15 (max threshold 15)
[2021-04-03T06:17:08.689+0000][5941][gc,age      ] GC(5) Age table with threshold 15 (max threshold 15)
[2021-04-03T06:17:08.689+0000][5941][gc,age      ] GC(5) - age   1:    2193896 bytes,    2193896 total
[2021-04-03T06:17:08.689+0000][5941][gc,age      ] GC(5) - age   2:    2097168 bytes,    4291064 total
[2021-04-03T06:17:08.689+0000][5941][gc,age      ] GC(5) - age   3:     691968 bytes,    4983032 total
[2021-04-03T06:17:08.689+0000][5941][gc,age      ] GC(5) - age   4:     678624 bytes,    5661656 total
[2021-04-03T06:17:08.689+0000][5941][gc,age      ] GC(5) - age   5:    3045040 bytes,    8706696 total
[2021-04-03T06:17:08.689+0000][5941][gc,age      ] GC(5) - age   6:    9212952 bytes,   17919648 total
[2021-04-03T06:17:08.689+0000][5941][gc,phases   ] GC(5)   Pre Evacuate Collection Set: 0.1ms
[2021-04-03T06:17:08.689+0000][5941][gc,phases   ] GC(5)   Merge Heap Roots: 0.0ms
[2021-04-03T06:17:08.689+0000][5941][gc,phases   ] GC(5)   Evacuate Collection Set: 11.8ms
[2021-04-03T06:17:08.689+0000][5941][gc,phases   ] GC(5)   Post Evacuate Collection Set: 0.7ms
[2021-04-03T06:17:08.689+0000][5941][gc,phases   ] GC(5)   Other: 0.3ms
[2021-04-03T06:17:08.689+0000][5941][gc,heap     ] GC(5) Eden regions: 143->0(586)
[2021-04-03T06:17:08.689+0000][5941][gc,heap     ] GC(5) Survivor regions: 5->5(74)
[2021-04-03T06:17:08.689+0000][5941][gc,heap     ] GC(5) Old regions: 0->0
[2021-04-03T06:17:08.689+0000][5941][gc,heap     ] GC(5) Archive regions: 2->2
[2021-04-03T06:17:08.689+0000][5941][gc,heap     ] GC(5) Humongous regions: 0->0
[2021-04-03T06:17:08.689+0000][5941][gc,metaspace] GC(5) Metaspace: 20168K(21296K)->20168K(21296K) NonClass: 17737K(18608K)->17737K(18608K) Class: 2430K(2688K)->2430K(2688K)
[2021-04-03T06:17:08.689+0000][5941][gc          ] GC(5) Pause Young (Concurrent Start) (Metadata GC Threshold) 593M->22M(3940M) 13.050ms
[2021-04-03T06:17:08.689+0000][5941][gc,cpu      ] GC(5) User=0.04s Sys=0.00s Real=0.01s
[2021-04-03T06:17:08.689+0000][5941][gc          ] GC(6) Concurrent Cycle
[2021-04-03T06:17:08.689+0000][5941][gc,marking  ] GC(6) Concurrent Clear Claimed Marks
[2021-04-03T06:17:08.689+0000][5941][gc,marking  ] GC(6) Concurrent Clear Claimed Marks 0.024ms
[2021-04-03T06:17:08.689+0000][5941][gc,marking  ] GC(6) Concurrent Scan Root Regions
[2021-04-03T06:17:08.690+0000][5941][safepoint   ] Safepoint "CollectForMetadataAllocation", Time since last: 607735252 ns, Reaching safepoint: 60814 ns, At safepoint: 13259102 ns, Total: 13319916 ns
[2021-04-03T06:17:08.698+0000][5941][gc,marking  ] GC(6) Concurrent Scan Root Regions 8.252ms
[2021-04-03T06:17:08.698+0000][5941][gc,marking  ] GC(6) Concurrent Mark (13.939s)
[2021-04-03T06:17:08.698+0000][5941][gc,marking  ] GC(6) Concurrent Mark From Roots
[2021-04-03T06:17:08.698+0000][5941][gc,task     ] GC(6) Using 1 workers of 1 for marking
[2021-04-03T06:17:08.700+0000][5941][gc,marking  ] GC(6) Concurrent Mark From Roots 2.105ms
[2021-04-03T06:17:08.700+0000][5941][gc,marking  ] GC(6) Concurrent Preclean
[2021-04-03T06:17:08.783+0000][5941][gc,marking  ] GC(6) Concurrent Preclean 83.131ms
[2021-04-03T06:17:08.783+0000][5941][safepoint   ] Safepoint "CollectForMetadataAllocation", Time since last: 75289581 ns, Reaching safepoint: 18310178 ns, At safepoint: 148032 ns, Total: 18458210 ns
[2021-04-03T06:17:08.783+0000][5941][gc,marking  ] GC(6) Concurrent Mark (13.939s, 14.025s) 85.345ms
[2021-04-03T06:17:08.793+0000][5941][gc,start    ] GC(6) Pause Remark
[2021-04-03T06:17:08.796+0000][5941][gc          ] GC(6) Pause Remark 26M->26M(3940M) 3.160ms
[2021-04-03T06:17:08.796+0000][5941][gc,cpu      ] GC(6) User=0.01s Sys=0.00s Real=0.00s
[2021-04-03T06:17:08.796+0000][5941][safepoint   ] Safepoint "G1Concurrent", Time since last: 9158781 ns, Reaching safepoint: 133361 ns, At safepoint: 3238759 ns, Total: 3372120 ns
[2021-04-03T06:17:08.796+0000][5941][gc,marking  ] GC(6) Concurrent Rebuild Remembered Sets
[2021-04-03T06:17:08.797+0000][5941][gc,marking  ] GC(6) Concurrent Rebuild Remembered Sets 0.916ms
[2021-04-03T06:17:08.797+0000][5941][gc,start    ] GC(6) Pause Cleanup
[2021-04-03T06:17:08.797+0000][5941][gc          ] GC(6) Pause Cleanup 26M->26M(3940M) 0.195ms
[2021-04-03T06:17:08.797+0000][5941][gc,cpu      ] GC(6) User=0.00s Sys=0.00s Real=0.00s
[2021-04-03T06:17:08.797+0000][5941][safepoint   ] Safepoint "G1Concurrent", Time since last: 1004590 ns, Reaching safepoint: 404727 ns, At safepoint: 245887 ns, Total: 650614 ns
[2021-04-03T06:17:08.797+0000][5941][gc,marking  ] GC(6) Concurrent Cleanup for Next Mark
[2021-04-03T06:17:08.806+0000][5941][gc,marking  ] GC(6) Concurrent Cleanup for Next Mark 8.383ms
[2021-04-03T06:17:08.806+0000][5941][gc          ] GC(6) Concurrent Cycle 116.542ms
[2021-04-03T06:17:09.798+0000][5941][safepoint   ] Safepoint "Cleanup", Time since last: 1000095122 ns, Reaching safepoint: 201664 ns, At safepoint: 17515 ns, Total: 219179 ns
[2021-04-03T06:17:10.798+0000][5941][safepoint   ] Safepoint "Cleanup", Time since last: 1000143464 ns, Reaching safepoint: 123715 ns, At safepoint: 17759 ns, Total: 141474 ns
[2021-04-03T06:17:11.798+0000][5941][safepoint   ] Safepoint "Cleanup", Time since last: 1000119533 ns, Reaching safepoint: 222391 ns, At safepoint: 19167 ns, Total: 241558 ns
[2021-04-03T06:17:12.812+0000][5941][safepoint   ] Safepoint "ICBufferFull", Time since last: 1012920043 ns, Reaching safepoint: 181419 ns, At safepoint: 7293 ns, Total: 188712 ns
[2021-04-03T06:17:13.812+0000][5941][safepoint   ] Safepoint "Cleanup", Time since last: 1000116895 ns, Reaching safepoint: 119067 ns, At safepoint: 5278 ns, Total: 124345 ns
[2021-04-03T06:17:14.812+0000][5941][safepoint   ] Safepoint "Cleanup", Time since last: 1000117652 ns, Reaching safepoint: 124778 ns, At safepoint: 12559 ns, Total: 137337 ns
[2021-04-03T06:17:15.238+0000][5941][gc,start    ] GC(7) Pause Young (Concurrent Start) (Metadata GC Threshold)
[2021-04-03T06:17:15.238+0000][5941][gc,task     ] GC(7) Using 4 workers of 4 for evacuation
[2021-04-03T06:17:15.238+0000][5941][gc,age      ] GC(7) Desired survivor size 155189248 bytes, new threshold 15 (max threshold 15)
[2021-04-03T06:17:15.298+0000][5941][gc,age      ] GC(7) Age table with threshold 15 (max threshold 15)
[2021-04-03T06:17:15.298+0000][5941][gc,age      ] GC(7) - age   1:   40239664 bytes,   40239664 total
[2021-04-03T06:17:15.298+0000][5941][gc,age      ] GC(7) - age   2:    2041136 bytes,   42280800 total
[2021-04-03T06:17:15.298+0000][5941][gc,age      ] GC(7) - age   3:    2083032 bytes,   44363832 total
[2021-04-03T06:17:15.298+0000][5941][gc,age      ] GC(7) - age   4:     680688 bytes,   45044520 total
[2021-04-03T06:17:15.298+0000][5941][gc,age      ] GC(7) - age   5:     671168 bytes,   45715688 total
[2021-04-03T06:17:15.298+0000][5941][gc,age      ] GC(7) - age   6:    3027648 bytes,   48743336 total
[2021-04-03T06:17:15.298+0000][5941][gc,age      ] GC(7) - age   7:    9099736 bytes,   57843072 total
[2021-04-03T06:17:15.298+0000][5941][gc,phases   ] GC(7)   Pre Evacuate Collection Set: 0.2ms
[2021-04-03T06:17:15.298+0000][5941][gc,phases   ] GC(7)   Merge Heap Roots: 0.1ms
[2021-04-03T06:17:15.298+0000][5941][gc,phases   ] GC(7)   Evacuate Collection Set: 57.8ms
[2021-04-03T06:17:15.298+0000][5941][gc,phases   ] GC(7)   Post Evacuate Collection Set: 1.6ms
[2021-04-03T06:17:15.298+0000][5941][gc,phases   ] GC(7)   Other: 0.3ms
[2021-04-03T06:17:15.298+0000][5941][gc,heap     ] GC(7) Eden regions: 219->0(231)
[2021-04-03T06:17:15.298+0000][5941][gc,heap     ] GC(7) Survivor regions: 5->15(74)
[2021-04-03T06:17:15.298+0000][5941][gc,heap     ] GC(7) Old regions: 0->0
[2021-04-03T06:17:15.298+0000][5941][gc,heap     ] GC(7) Archive regions: 2->2
[2021-04-03T06:17:15.298+0000][5941][gc,heap     ] GC(7) Humongous regions: 0->0
[2021-04-03T06:17:15.298+0000][5941][gc,metaspace] GC(7) Metaspace: 34076K(36476K)->34076K(36476K) NonClass: 29725K(31408K)->29725K(31408K) Class: 4351K(5068K)->4351K(5068K)
[2021-04-03T06:17:15.298+0000][5941][gc          ] GC(7) Pause Young (Concurrent Start) (Metadata GC Threshold) 898M->61M(3940M) 60.059ms
[2021-04-03T06:17:15.298+0000][5941][gc,cpu      ] GC(7) User=0.23s Sys=0.00s Real=0.06s
[2021-04-03T06:17:15.298+0000][5941][gc          ] GC(8) Concurrent Cycle
[2021-04-03T06:17:15.298+0000][5941][gc,marking  ] GC(8) Concurrent Clear Claimed Marks
[2021-04-03T06:17:15.298+0000][5941][gc,marking  ] GC(8) Concurrent Clear Claimed Marks 0.053ms
[2021-04-03T06:17:15.298+0000][5941][gc,marking  ] GC(8) Concurrent Scan Root Regions
[2021-04-03T06:17:15.298+0000][5941][safepoint   ] Safepoint "CollectForMetadataAllocation", Time since last: 425590567 ns, Reaching safepoint: 103477 ns, At safepoint: 60287539 ns, Total: 60391016 ns
[2021-04-03T06:17:15.353+0000][5941][safepoint   ] Safepoint "CollectForMetadataAllocation", Time since last: 54939741 ns, Reaching safepoint: 133531 ns, At safepoint: 166082 ns, Total: 299613 ns
[2021-04-03T06:17:15.355+0000][5941][gc,marking  ] GC(8) Concurrent Scan Root Regions 57.353ms
[2021-04-03T06:17:15.355+0000][5941][gc,marking  ] GC(8) Concurrent Mark (20.597s)
[2021-04-03T06:17:15.355+0000][5941][gc,marking  ] GC(8) Concurrent Mark From Roots
[2021-04-03T06:17:15.355+0000][5941][gc,task     ] GC(8) Using 1 workers of 1 for marking
[2021-04-03T06:17:15.358+0000][5941][gc,marking  ] GC(8) Concurrent Mark From Roots 3.118ms
[2021-04-03T06:17:15.359+0000][5941][gc,marking  ] GC(8) Concurrent Preclean
[2021-04-03T06:17:15.359+0000][5941][gc,marking  ] GC(8) Concurrent Preclean 0.087ms
[2021-04-03T06:17:15.359+0000][5941][gc,marking  ] GC(8) Concurrent Mark (20.597s, 20.600s) 3.278ms
[2021-04-03T06:17:15.359+0000][5941][gc,start    ] GC(8) Pause Remark
[2021-04-03T06:17:15.362+0000][5941][gc          ] GC(8) Pause Remark 69M->69M(3940M) 3.445ms
[2021-04-03T06:17:15.362+0000][5941][gc,cpu      ] GC(8) User=0.01s Sys=0.00s Real=0.01s
[2021-04-03T06:17:15.362+0000][5941][safepoint   ] Safepoint "G1Concurrent", Time since last: 5392972 ns, Reaching safepoint: 47779 ns, At safepoint: 3523501 ns, Total: 3571280 ns
[2021-04-03T06:17:15.364+0000][5941][gc,marking  ] GC(8) Concurrent Rebuild Remembered Sets
[2021-04-03T06:17:15.365+0000][5941][gc,marking  ] GC(8) Concurrent Rebuild Remembered Sets 0.965ms
[2021-04-03T06:17:15.366+0000][5941][gc,start    ] GC(8) Pause Cleanup
[2021-04-03T06:17:15.366+0000][5941][gc          ] GC(8) Pause Cleanup 69M->69M(3940M) 0.191ms
[2021-04-03T06:17:15.366+0000][5941][gc,cpu      ] GC(8) User=0.00s Sys=0.00s Real=0.00s
[2021-04-03T06:17:15.366+0000][5941][safepoint   ] Safepoint "G1Concurrent", Time since last: 3011512 ns, Reaching safepoint: 281708 ns, At safepoint: 241976 ns, Total: 523684 ns
[2021-04-03T06:17:15.366+0000][5941][gc,marking  ] GC(8) Concurrent Cleanup for Next Mark
[2021-04-03T06:17:15.373+0000][5941][gc,marking  ] GC(8) Concurrent Cleanup for Next Mark 7.178ms
[2021-04-03T06:17:15.373+0000][5941][gc          ] GC(8) Concurrent Cycle 75.160ms
[2021-04-03T06:17:16.618+0000][5941][safepoint   ] Safepoint "Cleanup", Time since last: 1252203796 ns, Reaching safepoint: 119401 ns, At safepoint: 5119 ns, Total: 124520 ns
[2021-04-03T06:17:17.618+0000][5941][safepoint   ] Safepoint "Cleanup", Time since last: 1000116009 ns, Reaching safepoint: 264121 ns, At safepoint: 5726 ns, Total: 269847 ns
[2021-04-03T06:17:19.590+0000][5941][safepoint   ] Safepoint "Cleanup", Time since last: 1971261325 ns, Reaching safepoint: 266601 ns, At safepoint: 5962 ns, Total: 272563 ns
[2021-04-03T06:17:19.974+0000][5941][gc,start    ] GC(9) Pause Young (Concurrent Start) (Metadata GC Threshold)
[2021-04-03T06:17:19.974+0000][5941][gc,task     ] GC(9) Using 4 workers of 4 for evacuation
[2021-04-03T06:17:19.974+0000][5941][gc,age      ] GC(9) Desired survivor size 69206016 bytes, new threshold 15 (max threshold 15)
[2021-04-03T06:17:20.083+0000][5941][gc,age      ] GC(9) Age table with threshold 15 (max threshold 15)
[2021-04-03T06:17:20.083+0000][5941][gc,age      ] GC(9) - age   1:   10267600 bytes,   10267600 total
[2021-04-03T06:17:20.084+0000][5941][gc,age      ] GC(9) - age   2:   39845280 bytes,   50112880 total
[2021-04-03T06:17:20.084+0000][5941][gc,age      ] GC(9) - age   3:    2023112 bytes,   52135992 total
[2021-04-03T06:17:20.084+0000][5941][gc,age      ] GC(9) - age   4:    2081152 bytes,   54217144 total
[2021-04-03T06:17:20.084+0000][5941][gc,age      ] GC(9) - age   5:     678080 bytes,   54895224 total
[2021-04-03T06:17:20.084+0000][5941][gc,age      ] GC(9) - age   6:     658576 bytes,   55553800 total
[2021-04-03T06:17:20.084+0000][5941][gc,age      ] GC(9) - age   7:    3023176 bytes,   58576976 total
[2021-04-03T06:17:20.084+0000][5941][gc,age      ] GC(9) - age   8:    9048792 bytes,   67625768 total
[2021-04-03T06:17:20.084+0000][5941][gc,phases   ] GC(9)   Pre Evacuate Collection Set: 0.9ms
[2021-04-03T06:17:20.084+0000][5941][gc,phases   ] GC(9)   Merge Heap Roots: 0.1ms
[2021-04-03T06:17:20.084+0000][5941][gc,phases   ] GC(9)   Evacuate Collection Set: 105.6ms
[2021-04-03T06:17:20.084+0000][5941][gc,phases   ] GC(9)   Post Evacuate Collection Set: 2.3ms
[2021-04-03T06:17:20.084+0000][5941][gc,phases   ] GC(9)   Other: 0.4ms
[2021-04-03T06:17:20.084+0000][5941][gc,heap     ] GC(9) Eden regions: 94->0(31)
[2021-04-03T06:17:20.084+0000][5941][gc,heap     ] GC(9) Survivor regions: 15->18(33)
[2021-04-03T06:17:20.084+0000][5941][gc,heap     ] GC(9) Old regions: 0->0
[2021-04-03T06:17:20.084+0000][5941][gc,heap     ] GC(9) Archive regions: 2->2
[2021-04-03T06:17:20.084+0000][5941][gc,heap     ] GC(9) Humongous regions: 0->0
[2021-04-03T06:17:20.084+0000][5941][gc,metaspace] GC(9) Metaspace: 58494K(61564K)->58494K(61564K) NonClass: 50812K(52912K)->50812K(52912K) Class: 7682K(8652K)->7682K(8652K)
[2021-04-03T06:17:20.084+0000][5941][gc          ] GC(9) Pause Young (Concurrent Start) (Metadata GC Threshold) 437M->73M(3940M) 109.409ms
[2021-04-03T06:17:20.084+0000][5941][gc,cpu      ] GC(9) User=0.37s Sys=0.00s Real=0.11s
[2021-04-03T06:17:20.084+0000][5941][gc          ] GC(10) Concurrent Cycle
[2021-04-03T06:17:20.084+0000][5941][gc,marking  ] GC(10) Concurrent Clear Claimed Marks
[2021-04-03T06:17:20.084+0000][5941][gc,marking  ] GC(10) Concurrent Clear Claimed Marks 0.050ms
[2021-04-03T06:17:20.084+0000][5941][gc,marking  ] GC(10) Concurrent Scan Root Regions
[2021-04-03T06:17:20.084+0000][5941][safepoint   ] Safepoint "CollectForMetadataAllocation", Time since last: 384122984 ns, Reaching safepoint: 205131 ns, At safepoint: 109656920 ns, Total: 109862051 ns
[2021-04-03T06:17:20.134+0000][5941][gc,marking  ] GC(10) Concurrent Scan Root Regions 50.404ms
[2021-04-03T06:17:20.134+0000][5941][gc,marking  ] GC(10) Concurrent Mark (25.376s)
[2021-04-03T06:17:20.134+0000][5941][gc,marking  ] GC(10) Concurrent Mark From Roots
[2021-04-03T06:17:20.134+0000][5941][gc,task     ] GC(10) Using 1 workers of 1 for marking
[2021-04-03T06:17:20.137+0000][5941][gc,marking  ] GC(10) Concurrent Mark From Roots 2.153ms
[2021-04-03T06:17:20.137+0000][5941][gc,marking  ] GC(10) Concurrent Preclean
[2021-04-03T06:17:20.137+0000][5941][gc,marking  ] GC(10) Concurrent Preclean 0.064ms
[2021-04-03T06:17:20.137+0000][5941][gc,marking  ] GC(10) Concurrent Mark (25.376s, 25.378s) 2.258ms
[2021-04-03T06:17:20.137+0000][5941][gc,start    ] GC(10) Pause Remark
[2021-04-03T06:17:20.142+0000][5941][gc          ] GC(10) Pause Remark 79M->79M(3940M) 5.421ms
[2021-04-03T06:17:20.142+0000][5941][gc,cpu      ] GC(10) User=0.01s Sys=0.00s Real=0.01s
[2021-04-03T06:17:20.142+0000][5941][safepoint   ] Safepoint "G1Concurrent", Time since last: 52645023 ns, Reaching safepoint: 378654 ns, At safepoint: 5489195 ns, Total: 5867849 ns
[2021-04-03T06:17:20.143+0000][5941][gc,marking  ] GC(10) Concurrent Rebuild Remembered Sets
[2021-04-03T06:17:20.143+0000][5941][gc,marking  ] GC(10) Concurrent Rebuild Remembered Sets 0.851ms
[2021-04-03T06:17:20.144+0000][5941][gc,start    ] GC(10) Pause Cleanup
[2021-04-03T06:17:20.144+0000][5941][gc          ] GC(10) Pause Cleanup 79M->79M(3940M) 0.185ms
[2021-04-03T06:17:20.144+0000][5941][gc,cpu      ] GC(10) User=0.00s Sys=0.00s Real=0.00s
[2021-04-03T06:17:20.144+0000][5941][safepoint   ] Safepoint "G1Concurrent", Time since last: 914137 ns, Reaching safepoint: 649547 ns, At safepoint: 226392 ns, Total: 875939 ns
[2021-04-03T06:17:20.144+0000][5941][gc,marking  ] GC(10) Concurrent Cleanup for Next Mark
[2021-04-03T06:17:20.150+0000][5941][gc,marking  ] GC(10) Concurrent Cleanup for Next Mark 5.783ms
[2021-04-03T06:17:20.150+0000][5941][gc          ] GC(10) Concurrent Cycle 66.323ms
[2021-04-03T06:17:21.145+0000][5941][safepoint   ] Safepoint "Cleanup", Time since last: 1000146565 ns, Reaching safepoint: 823716 ns, At safepoint: 5174 ns, Total: 828890 ns
[2021-04-03T06:17:22.060+0000][5941][gc,start    ] GC(11) Pause Young (Normal) (G1 Evacuation Pause)
[2021-04-03T06:17:22.060+0000][5941][gc,task     ] GC(11) Using 4 workers of 4 for evacuation
[2021-04-03T06:17:22.060+0000][5941][gc,age      ] GC(11) Desired survivor size 14680064 bytes, new threshold 2 (max threshold 15)
[2021-04-03T06:17:22.160+0000][5941][gc,age      ] GC(11) Age table with threshold 2 (max threshold 15)
[2021-04-03T06:17:22.160+0000][5941][gc,age      ] GC(11) - age   1:    4489088 bytes,    4489088 total
[2021-04-03T06:17:22.160+0000][5941][gc,age      ] GC(11) - age   2:   10020040 bytes,   14509128 total
[2021-04-03T06:17:22.160+0000][5941][gc,phases   ] GC(11)   Pre Evacuate Collection Set: 0.1ms
[2021-04-03T06:17:22.160+0000][5941][gc,phases   ] GC(11)   Merge Heap Roots: 0.0ms
[2021-04-03T06:17:22.160+0000][5941][gc,phases   ] GC(11)   Evacuate Collection Set: 97.8ms
[2021-04-03T06:17:22.160+0000][5941][gc,phases   ] GC(11)   Post Evacuate Collection Set: 1.7ms
[2021-04-03T06:17:22.160+0000][5941][gc,phases   ] GC(11)   Other: 0.2ms
[2021-04-03T06:17:22.160+0000][5941][gc,heap     ] GC(11) Eden regions: 31->0(294)
[2021-04-03T06:17:22.160+0000][5941][gc,heap     ] GC(11) Survivor regions: 18->5(7)
[2021-04-03T06:17:22.160+0000][5941][gc,heap     ] GC(11) Old regions: 0->14
[2021-04-03T06:17:22.160+0000][5941][gc,heap     ] GC(11) Archive regions: 2->2
[2021-04-03T06:17:22.160+0000][5941][gc,heap     ] GC(11) Humongous regions: 0->0
[2021-04-03T06:17:22.160+0000][5941][gc,metaspace] GC(11) Metaspace: 69413K(73084K)->69413K(73084K) NonClass: 60062K(62640K)->60062K(62640K) Class: 9350K(10444K)->9350K(10444K)
[2021-04-03T06:17:22.160+0000][5941][gc          ] GC(11) Pause Young (Normal) (G1 Evacuation Pause) 197M->77M(3940M) 99.992ms
[2021-04-03T06:17:22.160+0000][5941][gc,cpu      ] GC(11) User=0.39s Sys=0.00s Real=0.10s
[2021-04-03T06:17:22.160+0000][5941][safepoint   ] Safepoint "G1CollectForAllocation", Time since last: 914222339 ns, Reaching safepoint: 188176 ns, At safepoint: 100081846 ns, Total: 100270022 ns
[2021-04-03T06:17:23.481+0000][5941][safepoint   ] Safepoint "ICBufferFull", Time since last: 1320964328 ns, Reaching safepoint: 161122 ns, At safepoint: 9208 ns, Total: 170330 ns
[2021-04-03T06:17:24.375+0000][5941][safepoint   ] Safepoint "ICBufferFull", Time since last: 893742902 ns, Reaching safepoint: 182936 ns, At safepoint: 8209 ns, Total: 191145 ns
[2021-04-03T06:17:24.745+0000][5941][safepoint   ] Safepoint "ICBufferFull", Time since last: 369770018 ns, Reaching safepoint: 181638 ns, At safepoint: 7875 ns, Total: 189513 ns
[2021-04-03T06:17:25.745+0000][5941][safepoint   ] Safepoint "Cleanup", Time since last: 1000102588 ns, Reaching safepoint: 169551 ns, At safepoint: 9604 ns, Total: 179155 ns
[2021-04-03T06:17:26.382+0000][5941][safepoint   ] Safepoint "ICBufferFull", Time since last: 636269354 ns, Reaching safepoint: 220858 ns, At safepoint: 9178 ns, Total: 230036 ns
[2021-04-03T06:17:27.382+0000][5941][safepoint   ] Safepoint "Cleanup", Time since last: 1000225564 ns, Reaching safepoint: 153133 ns, At safepoint: 7182 ns, Total: 160315 ns
[2021-04-03T06:17:28.392+0000][5941][safepoint   ] Safepoint "Cleanup", Time since last: 1000247324 ns, Reaching safepoint: 9721003 ns, At safepoint: 12751 ns, Total: 9733754 ns
[2021-04-03T06:17:29.393+0000][5941][safepoint   ] Safepoint "Cleanup", Time since last: 1001090618 ns, Reaching safepoint: 232278 ns, At safepoint: 12670 ns, Total: 244948 ns
[2021-04-03T06:17:30.394+0000][5941][safepoint   ] Safepoint "Cleanup", Time since last: 1000334468 ns, Reaching safepoint: 294976 ns, At safepoint: 15203 ns, Total: 310179 ns
[2021-04-03T06:17:30.926+0000][5941][safepoint   ] Safepoint "ICBufferFull", Time since last: 531389407 ns, Reaching safepoint: 239600 ns, At safepoint: 22756 ns, Total: 262356 ns
[2021-04-03T06:17:31.081+0000][5941][gc,start    ] GC(12) Pause Young (Concurrent Start) (Metadata GC Threshold)
[2021-04-03T06:17:31.081+0000][5941][gc,task     ] GC(12) Using 4 workers of 4 for evacuation
[2021-04-03T06:17:31.081+0000][5941][gc,age      ] GC(12) Desired survivor size 79691776 bytes, new threshold 15 (max threshold 15)
[2021-04-03T06:17:31.119+0000][5941][gc,age      ] GC(12) Age table with threshold 15 (max threshold 15)
[2021-04-03T06:17:31.120+0000][5941][gc,age      ] GC(12) - age   1:   20282648 bytes,   20282648 total
[2021-04-03T06:17:31.120+0000][5941][gc,age      ] GC(12) - age   2:    4289608 bytes,   24572256 total
[2021-04-03T06:17:31.120+0000][5941][gc,age      ] GC(12) - age   3:    9625400 bytes,   34197656 total
[2021-04-03T06:17:31.120+0000][5941][gc,phases   ] GC(12)   Pre Evacuate Collection Set: 0.2ms
[2021-04-03T06:17:31.120+0000][5941][gc,phases   ] GC(12)   Merge Heap Roots: 0.1ms
[2021-04-03T06:17:31.120+0000][5941][gc,phases   ] GC(12)   Evacuate Collection Set: 36.3ms
[2021-04-03T06:17:31.120+0000][5941][gc,phases   ] GC(12)   Post Evacuate Collection Set: 1.6ms
[2021-04-03T06:17:31.120+0000][5941][gc,phases   ] GC(12)   Other: 0.3ms
[2021-04-03T06:17:31.120+0000][5941][gc,heap     ] GC(12) Eden regions: 87->0(242)
[2021-04-03T06:17:31.120+0000][5941][gc,heap     ] GC(12) Survivor regions: 5->9(38)
[2021-04-03T06:17:31.120+0000][5941][gc,heap     ] GC(12) Old regions: 14->14
[2021-04-03T06:17:31.120+0000][5941][gc,heap     ] GC(12) Archive regions: 2->2
[2021-04-03T06:17:31.120+0000][5941][gc,heap     ] GC(12) Humongous regions: 2->2
[2021-04-03T06:17:31.120+0000][5941][gc,metaspace] GC(12) Metaspace: 99080K(103036K)->99080K(103036K) NonClass: 85551K(88240K)->85551K(88240K) Class: 13529K(14796K)->13529K(14796K)
[2021-04-03T06:17:31.120+0000][5941][gc          ] GC(12) Pause Young (Concurrent Start) (Metadata GC Threshold) 433M->101M(3940M) 38.546ms
[2021-04-03T06:17:31.120+0000][5941][gc,cpu      ] GC(12) User=0.15s Sys=0.00s Real=0.03s
[2021-04-03T06:17:31.120+0000][5941][gc          ] GC(13) Concurrent Cycle
[2021-04-03T06:17:31.120+0000][5941][gc,marking  ] GC(13) Concurrent Clear Claimed Marks
[2021-04-03T06:17:31.120+0000][5941][safepoint   ] Safepoint "CollectForMetadataAllocation", Time since last: 155418149 ns, Reaching safepoint: 120314 ns, At safepoint: 38706832 ns, Total: 38827146 ns
[2021-04-03T06:17:31.120+0000][5941][gc,marking  ] GC(13) Concurrent Clear Claimed Marks 0.070ms
[2021-04-03T06:17:31.120+0000][5941][gc,marking  ] GC(13) Concurrent Scan Root Regions
[2021-04-03T06:17:31.162+0000][5941][gc,marking  ] GC(13) Concurrent Scan Root Regions 42.236ms
[2021-04-03T06:17:31.162+0000][5941][gc,marking  ] GC(13) Concurrent Mark (36.404s)
[2021-04-03T06:17:31.162+0000][5941][gc,marking  ] GC(13) Concurrent Mark From Roots
[2021-04-03T06:17:31.162+0000][5941][gc,task     ] GC(13) Using 1 workers of 1 for marking
[2021-04-03T06:17:31.206+0000][5941][safepoint   ] Safepoint "CollectForMetadataAllocation", Time since last: 85633154 ns, Reaching safepoint: 164448 ns, At safepoint: 158466 ns, Total: 322914 ns
[2021-04-03T06:17:31.285+0000][5941][safepoint   ] Safepoint "CollectForMetadataAllocation", Time since last: 78890054 ns, Reaching safepoint: 131280 ns, At safepoint: 173473 ns, Total: 304753 ns
[2021-04-03T06:17:31.318+0000][5941][gc,marking  ] GC(13) Concurrent Mark From Roots 155.409ms
[2021-04-03T06:17:31.318+0000][5941][gc,marking  ] GC(13) Concurrent Preclean
[2021-04-03T06:17:31.318+0000][5941][gc,marking  ] GC(13) Concurrent Preclean 0.281ms
[2021-04-03T06:17:31.318+0000][5941][gc,marking  ] GC(13) Concurrent Mark (36.404s, 36.559s) 155.759ms
[2021-04-03T06:17:31.318+0000][5941][gc,start    ] GC(13) Pause Remark
[2021-04-03T06:17:31.324+0000][5941][gc          ] GC(13) Pause Remark 138M->138M(3940M) 5.716ms
[2021-04-03T06:17:31.324+0000][5941][gc,cpu      ] GC(13) User=0.02s Sys=0.00s Real=0.01s
[2021-04-03T06:17:31.324+0000][5941][safepoint   ] Safepoint "G1Concurrent", Time since last: 32951752 ns, Reaching safepoint: 283613 ns, At safepoint: 5826555 ns, Total: 6110168 ns
[2021-04-03T06:17:31.324+0000][5941][gc,marking  ] GC(13) Concurrent Rebuild Remembered Sets
[2021-04-03T06:17:31.439+0000][5941][gc,marking  ] GC(13) Concurrent Rebuild Remembered Sets 114.987ms
[2021-04-03T06:17:31.440+0000][5941][gc,start    ] GC(13) Pause Cleanup
[2021-04-03T06:17:31.440+0000][5941][gc          ] GC(13) Pause Cleanup 143M->143M(3940M) 0.169ms
[2021-04-03T06:17:31.440+0000][5941][gc,cpu      ] GC(13) User=0.00s Sys=0.00s Real=0.00s
[2021-04-03T06:17:31.440+0000][5941][safepoint   ] Safepoint "G1Concurrent", Time since last: 115371238 ns, Reaching safepoint: 335433 ns, At safepoint: 223753 ns, Total: 559186 ns
[2021-04-03T06:17:31.440+0000][5941][gc,marking  ] GC(13) Concurrent Cleanup for Next Mark
[2021-04-03T06:17:31.445+0000][5941][gc,marking  ] GC(13) Concurrent Cleanup for Next Mark 5.238ms
[2021-04-03T06:17:31.445+0000][5941][gc          ] GC(13) Concurrent Cycle 325.531ms
[2021-04-03T06:17:31.861+0000][5941][safepoint   ] Safepoint "ICBufferFull", Time since last: 421275583 ns, Reaching safepoint: 225042 ns, At safepoint: 14805 ns, Total: 239847 ns
[2021-04-03T06:17:32.862+0000][5941][safepoint   ] Safepoint "Cleanup", Time since last: 1000367921 ns, Reaching safepoint: 293694 ns, At safepoint: 20808 ns, Total: 314502 ns
[2021-04-03T06:17:33.863+0000][5941][safepoint   ] Safepoint "Cleanup", Time since last: 1000205464 ns, Reaching safepoint: 260087 ns, At safepoint: 22442 ns, Total: 282529 ns
[2021-04-03T06:17:34.863+0000][5941][safepoint   ] Safepoint "Cleanup", Time since last: 1000220013 ns, Reaching safepoint: 200360 ns, At safepoint: 13629 ns, Total: 213989 ns
[2021-04-03T06:17:35.864+0000][5941][safepoint   ] Safepoint "Cleanup", Time since last: 1000155848 ns, Reaching safepoint: 269263 ns, At safepoint: 17616 ns, Total: 286879 ns
[2021-04-03T06:17:36.864+0000][5941][safepoint   ] Safepoint "Cleanup", Time since last: 1000229207 ns, Reaching safepoint: 264857 ns, At safepoint: 17275 ns, Total: 282132 ns
[2021-04-03T06:17:38.865+0000][5941][safepoint   ] Safepoint "Cleanup", Time since last: 2000436252 ns, Reaching safepoint: 282794 ns, At safepoint: 16277 ns, Total: 299071 ns
[2021-04-03T06:17:42.866+0000][5941][safepoint   ] Safepoint "Cleanup", Time since last: 4000803166 ns, Reaching safepoint: 314532 ns, At safepoint: 22593 ns, Total: 337125 ns
[2021-04-03T06:17:43.866+0000][5941][safepoint   ] Safepoint "Cleanup", Time since last: 1000242454 ns, Reaching safepoint: 277287 ns, At safepoint: 21013 ns, Total: 298300 ns
[2021-04-03T06:17:44.867+0000][5941][safepoint   ] Safepoint "Cleanup", Time since last: 1000189443 ns, Reaching safepoint: 143743 ns, At safepoint: 8976 ns, Total: 152719 ns
[2021-04-03T06:17:45.867+0000][5941][safepoint   ] Safepoint "Cleanup", Time since last: 1000177812 ns, Reaching safepoint: 145579 ns, At safepoint: 11736 ns, Total: 157315 ns
[2021-04-03T06:17:46.867+0000][5941][safepoint   ] Safepoint "Cleanup", Time since last: 1000141414 ns, Reaching safepoint: 172450 ns, At safepoint: 11330 ns, Total: 183780 ns
[2021-04-03T06:17:47.868+0000][5941][safepoint   ] Safepoint "Cleanup", Time since last: 1000132429 ns, Reaching safepoint: 91949 ns, At safepoint: 4856 ns, Total: 96805 ns
[2021-04-03T06:17:48.868+0000][5941][safepoint   ] Safepoint "Cleanup", Time since last: 1000142990 ns, Reaching safepoint: 184534 ns, At safepoint: 8038 ns, Total: 192572 ns
[2021-04-03T06:17:51.868+0000][5941][safepoint   ] Safepoint "Cleanup", Time since last: 3000296915 ns, Reaching safepoint: 109278 ns, At safepoint: 7545 ns, Total: 116823 ns
[2021-04-03T06:17:52.869+0000][5941][safepoint   ] Safepoint "Cleanup", Time since last: 1000111729 ns, Reaching safepoint: 111478 ns, At safepoint: 6140 ns, Total: 117618 ns
[2021-04-03T06:17:53.869+0000][5941][safepoint   ] Safepoint "Cleanup", Time since last: 1000105725 ns, Reaching safepoint: 112003 ns, At safepoint: 6970 ns, Total: 118973 ns
[2021-04-03T06:17:55.869+0000][5941][safepoint   ] Safepoint "Cleanup", Time since last: 2000247349 ns, Reaching safepoint: 240216 ns, At safepoint: 17444 ns, Total: 257660 ns
[2021-04-03T06:17:57.870+0000][5941][safepoint   ] Safepoint "Cleanup", Time since last: 2000257791 ns, Reaching safepoint: 185028 ns, At safepoint: 11683 ns, Total: 196711 ns
[2021-04-03T06:17:58.870+0000][5941][safepoint   ] Safepoint "Cleanup", Time since last: 1000320758 ns, Reaching safepoint: 110641 ns, At safepoint: 6742 ns, Total: 117383 ns
[2021-04-03T06:17:59.871+0000][5941][safepoint   ] Safepoint "Cleanup", Time since last: 1000146497 ns, Reaching safepoint: 111979 ns, At safepoint: 6546 ns, Total: 118525 ns
[2021-04-03T06:18:00.871+0000][5941][safepoint   ] Safepoint "Cleanup", Time since last: 1000145070 ns, Reaching safepoint: 97981 ns, At safepoint: 4957 ns, Total: 102938 ns
[2021-04-03T06:18:01.871+0000][5941][safepoint   ] Safepoint "Cleanup", Time since last: 1000226937 ns, Reaching safepoint: 96018 ns, At safepoint: 6442 ns, Total: 102460 ns
[2021-04-03T06:18:02.871+0000][5941][safepoint   ] Safepoint "Cleanup", Time since last: 1000133396 ns, Reaching safepoint: 106984 ns, At safepoint: 6944 ns, Total: 113928 ns
[2021-04-03T06:18:03.872+0000][5941][safepoint   ] Safepoint "Cleanup", Time since last: 1000130695 ns, Reaching safepoint: 115698 ns, At safepoint: 7671 ns, Total: 123369 ns
[2021-04-03T06:18:04.872+0000][5941][safepoint   ] Safepoint "Cleanup", Time since last: 1000134228 ns, Reaching safepoint: 118488 ns, At safepoint: 11383 ns, Total: 129871 ns
[2021-04-03T06:18:13.873+0000][5941][safepoint   ] Safepoint "Cleanup", Time since last: 9000766721 ns, Reaching safepoint: 103850 ns, At safepoint: 6685 ns, Total: 110535 ns
[2021-04-03T06:18:17.873+0000][5941][safepoint   ] Safepoint "Cleanup", Time since last: 4000359941 ns, Reaching safepoint: 100254 ns, At safepoint: 8107 ns, Total: 108361 ns
[2021-04-03T06:18:18.874+0000][5941][safepoint   ] Safepoint "Cleanup", Time since last: 1000110472 ns, Reaching safepoint: 146415 ns, At safepoint: 12339 ns, Total: 158754 ns
[2021-04-03T06:18:19.874+0000][5941][safepoint   ] Safepoint "Cleanup", Time since last: 1000124507 ns, Reaching safepoint: 104055 ns, At safepoint: 5894 ns, Total: 109949 ns
[2021-04-03T06:18:20.874+0000][5941][safepoint   ] Safepoint "Cleanup", Time since last: 1000117291 ns, Reaching safepoint: 94167 ns, At safepoint: 6653 ns, Total: 100820 ns
[2021-04-03T06:18:21.874+0000][5941][safepoint   ] Safepoint "Cleanup", Time since last: 1000133009 ns, Reaching safepoint: 104795 ns, At safepoint: 6512 ns, Total: 111307 ns
[2021-04-03T06:18:25.875+0000][5941][safepoint   ] Safepoint "Cleanup", Time since last: 4000450983 ns, Reaching safepoint: 105869 ns, At safepoint: 5547 ns, Total: 111416 ns
[2021-04-03T06:18:26.875+0000][5941][safepoint   ] Safepoint "Cleanup", Time since last: 1000136586 ns, Reaching safepoint: 123767 ns, At safepoint: 5649 ns, Total: 129416 ns
[2021-04-03T06:18:27.875+0000][5941][safepoint   ] Safepoint "Cleanup", Time since last: 1000112187 ns, Reaching safepoint: 95490 ns, At safepoint: 6768 ns, Total: 102258 ns
[2021-04-03T06:18:30.876+0000][5941][safepoint   ] Safepoint "Cleanup", Time since last: 3000424283 ns, Reaching safepoint: 166803 ns, At safepoint: 4023 ns, Total: 170826 ns
[2021-04-03T06:18:36.877+0000][5941][safepoint   ] Safepoint "Cleanup", Time since last: 6000759109 ns, Reaching safepoint: 137847 ns, At safepoint: 10410 ns, Total: 148257 ns
[2021-04-03T06:18:39.441+0000][5941][safepoint   ] Safepoint "Cleanup", Time since last: 2563555700 ns, Reaching safepoint: 196022 ns, At safepoint: 8151 ns, Total: 204173 ns
[2021-04-03T06:18:39.541+0000][5941][safepoint   ] Safepoint "ICBufferFull", Time since last: 100546593 ns, Reaching safepoint: 415273 ns, At safepoint: 24557 ns, Total: 439830 ns
[2021-04-03T06:18:39.960+0000][5941][safepoint   ] Safepoint "ICBufferFull", Time since last: 418562847 ns, Reaching safepoint: 204131 ns, At safepoint: 23475 ns, Total: 227606 ns
[2021-04-03T06:18:40.961+0000][5941][safepoint   ] Safepoint "Cleanup", Time since last: 1000143408 ns, Reaching safepoint: 252189 ns, At safepoint: 19391 ns, Total: 271580 ns
[2021-04-03T06:18:41.961+0000][5941][safepoint   ] Safepoint "Cleanup", Time since last: 1000129026 ns, Reaching safepoint: 92977 ns, At safepoint: 6646 ns, Total: 99623 ns
[2021-04-03T06:18:42.961+0000][5941][safepoint   ] Safepoint "Cleanup", Time since last: 1000101707 ns, Reaching safepoint: 133864 ns, At safepoint: 8114 ns, Total: 141978 ns
[2021-04-03T06:18:43.961+0000][5941][safepoint   ] Safepoint "Cleanup", Time since last: 1000108091 ns, Reaching safepoint: 183166 ns, At safepoint: 7435 ns, Total: 190601 ns
[2021-04-03T06:18:44.962+0000][5941][safepoint   ] Safepoint "Cleanup", Time since last: 1000222444 ns, Reaching safepoint: 140411 ns, At safepoint: 8918 ns, Total: 149329 ns
[2021-04-03T06:18:45.962+0000][5941][safepoint   ] Safepoint "Cleanup", Time since last: 1000280365 ns, Reaching safepoint: 350977 ns, At safepoint: 24344 ns, Total: 375321 ns
[2021-04-03T06:18:46.963+0000][5941][safepoint   ] Safepoint "Cleanup", Time since last: 1000165372 ns, Reaching safepoint: 235382 ns, At safepoint: 11480 ns, Total: 246862 ns
[2021-04-03T06:18:47.963+0000][5941][safepoint   ] Safepoint "Cleanup", Time since last: 1000209045 ns, Reaching safepoint: 276003 ns, At safepoint: 16834 ns, Total: 292837 ns
[2021-04-03T06:18:48.964+0000][5941][safepoint   ] Safepoint "Cleanup", Time since last: 1000227803 ns, Reaching safepoint: 302319 ns, At safepoint: 31603 ns, Total: 333922 ns
[2021-04-03T06:18:49.965+0000][5941][safepoint   ] Safepoint "Cleanup", Time since last: 1000251053 ns, Reaching safepoint: 265844 ns, At safepoint: 15436 ns, Total: 281280 ns
[2021-04-03T06:18:50.965+0000][5941][safepoint   ] Safepoint "Cleanup", Time since last: 1000147575 ns, Reaching safepoint: 95050 ns, At safepoint: 5440 ns, Total: 100490 ns
[2021-04-03T06:18:51.965+0000][5941][safepoint   ] Safepoint "Cleanup", Time since last: 1000207110 ns, Reaching safepoint: 227556 ns, At safepoint: 16694 ns, Total: 244250 ns
[2021-04-03T06:18:52.966+0000][5941][safepoint   ] Safepoint "Cleanup", Time since last: 1000226993 ns, Reaching safepoint: 272350 ns, At safepoint: 24076 ns, Total: 296426 ns
[2021-04-03T06:18:53.966+0000][5941][safepoint   ] Safepoint "Cleanup", Time since last: 1000228880 ns, Reaching safepoint: 245508 ns, At safepoint: 15952 ns, Total: 261460 ns
[2021-04-03T06:18:55.967+0000][5941][safepoint   ] Safepoint "Cleanup", Time since last: 2000415587 ns, Reaching safepoint: 218671 ns, At safepoint: 16540 ns, Total: 235211 ns
[2021-04-03T06:18:56.967+0000][5941][safepoint   ] Safepoint "Cleanup", Time since last: 1000226334 ns, Reaching safepoint: 214421 ns, At safepoint: 18438 ns, Total: 232859 ns
[2021-04-03T06:18:57.968+0000][5941][safepoint   ] Safepoint "Cleanup", Time since last: 1000181069 ns, Reaching safepoint: 197617 ns, At safepoint: 12865 ns, Total: 210482 ns
[2021-04-03T06:18:58.969+0000][5941][safepoint   ] Safepoint "Cleanup", Time since last: 1000486296 ns, Reaching safepoint: 413601 ns, At safepoint: 25444 ns, Total: 439045 ns
[2021-04-03T06:18:59.969+0000][5941][safepoint   ] Safepoint "Cleanup", Time since last: 1000266064 ns, Reaching safepoint: 248525 ns, At safepoint: 16754 ns, Total: 265279 ns
[2021-04-03T06:19:01.970+0000][5941][safepoint   ] Safepoint "Cleanup", Time since last: 2000970224 ns, Reaching safepoint: 240606 ns, At safepoint: 22337 ns, Total: 262943 ns
[2021-04-03T06:19:04.971+0000][5941][safepoint   ] Safepoint "Cleanup", Time since last: 3000654186 ns, Reaching safepoint: 259365 ns, At safepoint: 20808 ns, Total: 280173 ns
[2021-04-03T06:19:05.972+0000][5941][safepoint   ] Safepoint "Cleanup", Time since last: 1000222864 ns, Reaching safepoint: 269814 ns, At safepoint: 27814 ns, Total: 297628 ns
[2021-04-03T06:19:06.972+0000][5941][safepoint   ] Safepoint "Cleanup", Time since last: 1000233201 ns, Reaching safepoint: 255877 ns, At safepoint: 16663 ns, Total: 272540 ns
[2021-04-03T06:19:07.973+0000][5941][safepoint   ] Safepoint "Cleanup", Time since last: 1000186912 ns, Reaching safepoint: 237900 ns, At safepoint: 21194 ns, Total: 259094 ns
[2021-04-03T06:19:09.974+0000][5941][safepoint   ] Safepoint "Cleanup", Time since last: 2000426171 ns, Reaching safepoint: 282333 ns, At safepoint: 17224 ns, Total: 299557 ns
[2021-04-03T06:19:10.977+0000][5941][safepoint   ] Safepoint "Cleanup", Time since last: 1000191269 ns, Reaching safepoint: 3612348 ns, At safepoint: 37121 ns, Total: 3649469 ns
[2021-04-03T06:19:11.978+0000][5941][safepoint   ] Safepoint "Cleanup", Time since last: 1000264561 ns, Reaching safepoint: 276519 ns, At safepoint: 18643 ns, Total: 295162 ns
[2021-04-03T06:19:12.978+0000][5941][safepoint   ] Safepoint "Cleanup", Time since last: 1000260980 ns, Reaching safepoint: 236116 ns, At safepoint: 22257 ns, Total: 258373 ns
[2021-04-03T06:19:13.979+0000][5941][safepoint   ] Safepoint "Cleanup", Time since last: 1000159041 ns, Reaching safepoint: 167665 ns, At safepoint: 9262 ns, Total: 176927 ns
[2021-04-03T06:19:14.979+0000][5941][safepoint   ] Safepoint "Cleanup", Time since last: 1000210684 ns, Reaching safepoint: 389751 ns, At safepoint: 23920 ns, Total: 413671 ns
[2021-04-03T06:19:15.980+0000][5941][safepoint   ] Safepoint "Cleanup", Time since last: 1000174178 ns, Reaching safepoint: 294566 ns, At safepoint: 22983 ns, Total: 317549 ns
[2021-04-03T06:19:16.980+0000][5941][safepoint   ] Safepoint "Cleanup", Time since last: 1000228277 ns, Reaching safepoint: 319799 ns, At safepoint: 23434 ns, Total: 343233 ns
[2021-04-03T06:19:18.981+0000][5941][safepoint   ] Safepoint "Cleanup", Time since last: 2000435358 ns, Reaching safepoint: 285279 ns, At safepoint: 21991 ns, Total: 307270 ns
[2021-04-03T06:19:19.982+0000][5941][safepoint   ] Safepoint "Cleanup", Time since last: 1000170594 ns, Reaching safepoint: 96667 ns, At safepoint: 5269 ns, Total: 101936 ns
[2021-04-03T06:19:20.982+0000][5941][safepoint   ] Safepoint "Cleanup", Time since last: 1000135410 ns, Reaching safepoint: 128998 ns, At safepoint: 8011 ns, Total: 137009 ns
[2021-04-03T06:19:21.982+0000][5941][safepoint   ] Safepoint "Cleanup", Time since last: 1000217730 ns, Reaching safepoint: 244881 ns, At safepoint: 17786 ns, Total: 262667 ns
[2021-04-03T06:19:22.983+0000][5941][safepoint   ] Safepoint "Cleanup", Time since last: 1000233761 ns, Reaching safepoint: 377713 ns, At safepoint: 25118 ns, Total: 402831 ns
[2021-04-03T06:19:23.983+0000][5941][safepoint   ] Safepoint "Cleanup", Time since last: 1000265257 ns, Reaching safepoint: 246465 ns, At safepoint: 22432 ns, Total: 268897 ns
[2021-04-03T06:19:25.984+0000][5941][safepoint   ] Safepoint "Cleanup", Time since last: 2000377235 ns, Reaching safepoint: 244595 ns, At safepoint: 21104 ns, Total: 265699 ns
[2021-04-03T06:19:26.985+0000][5941][safepoint   ] Safepoint "Cleanup", Time since last: 1000230211 ns, Reaching safepoint: 238953 ns, At safepoint: 25028 ns, Total: 263981 ns
[2021-04-03T06:19:27.985+0000][5941][safepoint   ] Safepoint "Cleanup", Time since last: 1000237514 ns, Reaching safepoint: 270240 ns, At safepoint: 20011 ns, Total: 290251 ns
[2021-04-03T06:19:28.986+0000][5941][safepoint   ] Safepoint "Cleanup", Time since last: 1000243122 ns, Reaching safepoint: 225737 ns, At safepoint: 17435 ns, Total: 243172 ns
[2021-04-03T06:19:30.986+0000][5941][safepoint   ] Safepoint "Cleanup", Time since last: 2000396289 ns, Reaching safepoint: 92699 ns, At safepoint: 6632 ns, Total: 99331 ns
[2021-04-03T06:19:31.987+0000][5941][safepoint   ] Safepoint "Cleanup", Time since last: 1000179783 ns, Reaching safepoint: 253706 ns, At safepoint: 22307 ns, Total: 276013 ns
[2021-04-03T06:19:33.987+0000][5941][safepoint   ] Safepoint "Cleanup", Time since last: 2000401130 ns, Reaching safepoint: 214822 ns, At safepoint: 22461 ns, Total: 237283 ns
[2021-04-03T06:19:34.988+0000][5941][safepoint   ] Safepoint "Cleanup", Time since last: 1000223265 ns, Reaching safepoint: 399374 ns, At safepoint: 26290 ns, Total: 425664 ns
[2021-04-03T06:19:36.989+0000][5941][safepoint   ] Safepoint "Cleanup", Time since last: 2000152175 ns, Reaching safepoint: 520925 ns, At safepoint: 26696 ns, Total: 547621 ns
[2021-04-03T06:19:37.989+0000][5941][safepoint   ] Safepoint "Cleanup", Time since last: 1000223536 ns, Reaching safepoint: 232317 ns, At safepoint: 17220 ns, Total: 249537 ns
[2021-04-03T06:19:39.990+0000][5941][safepoint   ] Safepoint "Cleanup", Time since last: 2000409780 ns, Reaching safepoint: 321914 ns, At safepoint: 12980 ns, Total: 334894 ns
[2021-04-03T06:19:40.990+0000][5941][safepoint   ] Safepoint "Cleanup", Time since last: 1000157370 ns, Reaching safepoint: 123613 ns, At safepoint: 7774 ns, Total: 131387 ns
[2021-04-03T06:19:43.991+0000][5941][safepoint   ] Safepoint "Cleanup", Time since last: 3000542382 ns, Reaching safepoint: 294481 ns, At safepoint: 16478 ns, Total: 310959 ns
[2021-04-03T06:19:45.992+0000][5941][safepoint   ] Safepoint "Cleanup", Time since last: 2000489481 ns, Reaching safepoint: 145468 ns, At safepoint: 10255 ns, Total: 155723 ns
[2021-04-03T06:19:46.992+0000][5941][safepoint   ] Safepoint "Cleanup", Time since last: 1000165020 ns, Reaching safepoint: 307005 ns, At safepoint: 19385 ns, Total: 326390 ns
[2021-04-03T06:19:47.992+0000][5941][safepoint   ] Safepoint "Cleanup", Time since last: 1000177915 ns, Reaching safepoint: 104025 ns, At safepoint: 10564 ns, Total: 114589 ns
[2021-04-03T06:19:48.993+0000][5941][safepoint   ] Safepoint "Cleanup", Time since last: 1000116477 ns, Reaching safepoint: 173922 ns, At safepoint: 10877 ns, Total: 184799 ns
[2021-04-03T06:19:49.993+0000][5941][safepoint   ] Safepoint "Cleanup", Time since last: 1000194697 ns, Reaching safepoint: 234942 ns, At safepoint: 18355 ns, Total: 253297 ns
[2021-04-03T06:19:50.993+0000][5941][safepoint   ] Safepoint "Cleanup", Time since last: 1000341777 ns, Reaching safepoint: 96077 ns, At safepoint: 8973 ns, Total: 105050 ns
[2021-04-03T06:19:51.994+0000][5941][safepoint   ] Safepoint "Cleanup", Time since last: 1000225659 ns, Reaching safepoint: 218194 ns, At safepoint: 20222 ns, Total: 238416 ns
[2021-04-03T06:19:52.994+0000][5941][safepoint   ] Safepoint "Cleanup", Time since last: 1000230210 ns, Reaching safepoint: 270154 ns, At safepoint: 17125 ns, Total: 287279 ns
[2021-04-03T06:19:53.995+0000][5941][safepoint   ] Safepoint "Cleanup", Time since last: 1000194935 ns, Reaching safepoint: 267743 ns, At safepoint: 14465 ns, Total: 282208 ns
[2021-04-03T06:19:54.996+0000][5941][safepoint   ] Safepoint "Cleanup", Time since last: 1000204850 ns, Reaching safepoint: 322846 ns, At safepoint: 22592 ns, Total: 345438 ns
[2021-04-03T06:19:55.996+0000][5941][safepoint   ] Safepoint "Cleanup", Time since last: 1000170959 ns, Reaching safepoint: 107310 ns, At safepoint: 8871 ns, Total: 116181 ns
[2021-04-03T06:19:57.996+0000][5941][safepoint   ] Safepoint "Cleanup", Time since last: 2000307818 ns, Reaching safepoint: 148751 ns, At safepoint: 9487 ns, Total: 158238 ns
[2021-04-03T06:19:58.997+0000][5941][safepoint   ] Safepoint "Cleanup", Time since last: 1000186336 ns, Reaching safepoint: 445089 ns, At safepoint: 21690 ns, Total: 466779 ns
[2021-04-03T06:19:59.997+0000][5941][safepoint   ] Safepoint "Cleanup", Time since last: 1000191598 ns, Reaching safepoint: 266376 ns, At safepoint: 15686 ns, Total: 282062 ns
[2021-04-03T06:20:00.998+0000][5941][safepoint   ] Safepoint "Cleanup", Time since last: 1000200254 ns, Reaching safepoint: 102630 ns, At safepoint: 7645 ns, Total: 110275 ns
[2021-04-03T06:20:01.998+0000][5941][safepoint   ] Safepoint "Cleanup", Time since last: 1000115282 ns, Reaching safepoint: 142617 ns, At safepoint: 12197 ns, Total: 154814 ns
[2021-04-03T06:20:03.998+0000][5941][safepoint   ] Safepoint "Cleanup", Time since last: 2000300278 ns, Reaching safepoint: 171109 ns, At safepoint: 14080 ns, Total: 185189 ns
[2021-04-03T06:20:04.999+0000][5941][safepoint   ] Safepoint "Cleanup", Time since last: 1000158332 ns, Reaching safepoint: 234337 ns, At safepoint: 21329 ns, Total: 255666 ns
[2021-04-03T06:20:05.999+0000][5941][safepoint   ] Safepoint "Cleanup", Time since last: 1000191527 ns, Reaching safepoint: 230727 ns, At safepoint: 16906 ns, Total: 247633 ns
[2021-04-03T06:20:08.000+0000][5941][safepoint   ] Safepoint "Cleanup", Time since last: 2000301490 ns, Reaching safepoint: 295849 ns, At safepoint: 24412 ns, Total: 320261 ns
[2021-04-03T06:20:11.000+0000][5941][safepoint   ] Safepoint "Cleanup", Time since last: 3000330465 ns, Reaching safepoint: 157397 ns, At safepoint: 8656 ns, Total: 166053 ns
[2021-04-03T06:20:12.001+0000][5941][safepoint   ] Safepoint "Cleanup", Time since last: 1000206636 ns, Reaching safepoint: 281681 ns, At safepoint: 20693 ns, Total: 302374 ns
[2021-04-03T06:20:14.002+0000][5941][safepoint   ] Safepoint "Cleanup", Time since last: 2000632326 ns, Reaching safepoint: 264666 ns, At safepoint: 18453 ns, Total: 283119 ns
[2021-04-03T06:20:16.002+0000][5941][safepoint   ] Safepoint "Cleanup", Time since last: 2000389578 ns, Reaching safepoint: 140247 ns, At safepoint: 12549 ns, Total: 152796 ns
[2021-04-03T06:20:17.003+0000][5941][safepoint   ] Safepoint "Cleanup", Time since last: 1000210685 ns, Reaching safepoint: 239444 ns, At safepoint: 18367 ns, Total: 257811 ns
[2021-04-03T06:20:19.004+0000][5941][safepoint   ] Safepoint "Cleanup", Time since last: 2000465875 ns, Reaching safepoint: 245924 ns, At safepoint: 22933 ns, Total: 268857 ns
[2021-04-03T06:20:20.004+0000][5941][safepoint   ] Safepoint "Cleanup", Time since last: 1000233816 ns, Reaching safepoint: 192237 ns, At safepoint: 18755 ns, Total: 210992 ns
[2021-04-03T06:20:22.005+0000][5941][safepoint   ] Safepoint "Cleanup", Time since last: 2000308796 ns, Reaching safepoint: 235750 ns, At safepoint: 19590 ns, Total: 255340 ns
[2021-04-03T06:20:23.005+0000][5941][safepoint   ] Safepoint "Cleanup", Time since last: 1000230690 ns, Reaching safepoint: 297944 ns, At safepoint: 19861 ns, Total: 317805 ns
[2021-04-03T06:20:24.006+0000][5941][safepoint   ] Safepoint "Cleanup", Time since last: 1000192375 ns, Reaching safepoint: 234234 ns, At safepoint: 18851 ns, Total: 253085 ns
[2021-04-03T06:20:26.006+0000][5941][safepoint   ] Safepoint "Cleanup", Time since last: 2000309791 ns, Reaching safepoint: 141498 ns, At safepoint: 9170 ns, Total: 150668 ns
[2021-04-03T06:20:27.007+0000][5941][safepoint   ] Safepoint "Cleanup", Time since last: 1000194971 ns, Reaching safepoint: 235680 ns, At safepoint: 17851 ns, Total: 253531 ns
[2021-04-03T06:20:28.007+0000][5941][safepoint   ] Safepoint "Cleanup", Time since last: 1000167509 ns, Reaching safepoint: 157450 ns, At safepoint: 18181 ns, Total: 175631 ns
[2021-04-03T06:20:29.007+0000][5941][safepoint   ] Safepoint "Cleanup", Time since last: 1000298195 ns, Reaching safepoint: 216437 ns, At safepoint: 18386 ns, Total: 234823 ns
[2021-04-03T06:20:31.008+0000][5941][safepoint   ] Safepoint "Cleanup", Time since last: 2000401573 ns, Reaching safepoint: 153972 ns, At safepoint: 9311 ns, Total: 163283 ns
[2021-04-03T06:20:32.009+0000][5941][safepoint   ] Safepoint "Cleanup", Time since last: 1000251330 ns, Reaching safepoint: 303948 ns, At safepoint: 28611 ns, Total: 332559 ns
[2021-04-03T06:20:32.929+0000][5941][safepoint   ] Safepoint "ICBufferFull", Time since last: 920441770 ns, Reaching safepoint: 219488 ns, At safepoint: 20652 ns, Total: 240140 ns
[2021-04-03T06:20:34.452+0000][5941][safepoint   ] Safepoint "Cleanup", Time since last: 1522047891 ns, Reaching safepoint: 421188 ns, At safepoint: 18759 ns, Total: 439947 ns
[2021-04-03T06:20:35.452+0000][5941][safepoint   ] Safepoint "Cleanup", Time since last: 1000202465 ns, Reaching safepoint: 249346 ns, At safepoint: 39481 ns, Total: 288827 ns
[2021-04-03T06:20:36.453+0000][5941][safepoint   ] Safepoint "Cleanup", Time since last: 1000229516 ns, Reaching safepoint: 436303 ns, At safepoint: 19901 ns, Total: 456204 ns
[2021-04-03T06:20:38.454+0000][5941][safepoint   ] Safepoint "Cleanup", Time since last: 2000363102 ns, Reaching safepoint: 276244 ns, At safepoint: 20106 ns, Total: 296350 ns
[2021-04-03T06:20:39.454+0000][5941][safepoint   ] Safepoint "Cleanup", Time since last: 1000242304 ns, Reaching safepoint: 176397 ns, At safepoint: 13942 ns, Total: 190339 ns
[2021-04-03T06:20:41.456+0000][5941][safepoint   ] Safepoint "Cleanup", Time since last: 2001205287 ns, Reaching safepoint: 315650 ns, At safepoint: 18934 ns, Total: 334584 ns
[2021-04-03T06:20:43.456+0000][5941][safepoint   ] Safepoint "Cleanup", Time since last: 2000364288 ns, Reaching safepoint: 204477 ns, At safepoint: 22447 ns, Total: 226924 ns
[2021-04-03T06:20:44.457+0000][5941][safepoint   ] Safepoint "Cleanup", Time since last: 1000241771 ns, Reaching safepoint: 300850 ns, At safepoint: 27349 ns, Total: 328199 ns
[2021-04-03T06:20:46.457+0000][5941][safepoint   ] Safepoint "Cleanup", Time since last: 2000347998 ns, Reaching safepoint: 210086 ns, At safepoint: 16874 ns, Total: 226960 ns
[2021-04-03T06:20:47.458+0000][5941][safepoint   ] Safepoint "Cleanup", Time since last: 1000171795 ns, Reaching safepoint: 283871 ns, At safepoint: 14895 ns, Total: 298766 ns
[2021-04-03T06:20:48.458+0000][5941][safepoint   ] Safepoint "Cleanup", Time since last: 1000384360 ns, Reaching safepoint: 213514 ns, At safepoint: 23058 ns, Total: 236572 ns
[2021-04-03T06:20:49.459+0000][5941][safepoint   ] Safepoint "Cleanup", Time since last: 1000205783 ns, Reaching safepoint: 257636 ns, At safepoint: 15215 ns, Total: 272851 ns
[2021-04-03T06:20:50.459+0000][5941][safepoint   ] Safepoint "Cleanup", Time since last: 1000190237 ns, Reaching safepoint: 248885 ns, At safepoint: 15837 ns, Total: 264722 ns
[2021-04-03T06:20:51.460+0000][5941][safepoint   ] Safepoint "Cleanup", Time since last: 1000159992 ns, Reaching safepoint: 138971 ns, At safepoint: 8720 ns, Total: 147691 ns
[2021-04-03T06:20:52.460+0000][5941][safepoint   ] Safepoint "Cleanup", Time since last: 1000213967 ns, Reaching safepoint: 243588 ns, At safepoint: 22853 ns, Total: 266441 ns
[2021-04-03T06:20:53.461+0000][5941][safepoint   ] Safepoint "Cleanup", Time since last: 1000224758 ns, Reaching safepoint: 331105 ns, At safepoint: 22602 ns, Total: 353707 ns
[2021-04-03T06:20:54.461+0000][5941][safepoint   ] Safepoint "Cleanup", Time since last: 1000170512 ns, Reaching safepoint: 241062 ns, At safepoint: 19971 ns, Total: 261033 ns
[2021-04-03T06:20:55.462+0000][5941][safepoint   ] Safepoint "Cleanup", Time since last: 1000218166 ns, Reaching safepoint: 270907 ns, At safepoint: 22021 ns, Total: 292928 ns
[2021-04-03T06:20:56.462+0000][5941][safepoint   ] Safepoint "Cleanup", Time since last: 1000169946 ns, Reaching safepoint: 103820 ns, At safepoint: 7490 ns, Total: 111310 ns
[2021-04-03T06:20:57.462+0000][5941][safepoint   ] Safepoint "Cleanup", Time since last: 1000173245 ns, Reaching safepoint: 250995 ns, At safepoint: 14233 ns, Total: 265228 ns
[2021-04-03T06:20:59.463+0000][5941][safepoint   ] Safepoint "Cleanup", Time since last: 2000333167 ns, Reaching safepoint: 278529 ns, At safepoint: 14814 ns, Total: 293343 ns
[2021-04-03T06:21:01.463+0000][5941][safepoint   ] Safepoint "Cleanup", Time since last: 2000331296 ns, Reaching safepoint: 99933 ns, At safepoint: 6635 ns, Total: 106568 ns
[2021-04-03T06:21:04.464+0000][5941][safepoint   ] Safepoint "Cleanup", Time since last: 3000315296 ns, Reaching safepoint: 225461 ns, At safepoint: 17811 ns, Total: 243272 ns
[2021-04-03T06:21:05.464+0000][5941][safepoint   ] Safepoint "Cleanup", Time since last: 1000175646 ns, Reaching safepoint: 311750 ns, At safepoint: 18142 ns, Total: 329892 ns
[2021-04-03T06:21:06.465+0000][5941][safepoint   ] Safepoint "Cleanup", Time since last: 1000173376 ns, Reaching safepoint: 194941 ns, At safepoint: 12454 ns, Total: 207395 ns
[2021-04-03T06:21:08.466+0000][5941][safepoint   ] Safepoint "Cleanup", Time since last: 2000468504 ns, Reaching safepoint: 204648 ns, At safepoint: 15842 ns, Total: 220490 ns
[2021-04-03T06:21:09.466+0000][5941][safepoint   ] Safepoint "Cleanup", Time since last: 1000186461 ns, Reaching safepoint: 223107 ns, At safepoint: 13439 ns, Total: 236546 ns
[2021-04-03T06:21:10.466+0000][5941][safepoint   ] Safepoint "Cleanup", Time since last: 1000163512 ns, Reaching safepoint: 226659 ns, At safepoint: 13857 ns, Total: 240516 ns
[2021-04-03T06:21:11.467+0000][5941][safepoint   ] Safepoint "Cleanup", Time since last: 1000215850 ns, Reaching safepoint: 257670 ns, At safepoint: 11830 ns, Total: 269500 ns
[2021-04-03T06:21:12.467+0000][5941][safepoint   ] Safepoint "Cleanup", Time since last: 1000138760 ns, Reaching safepoint: 86262 ns, At safepoint: 6714 ns, Total: 92976 ns
[2021-04-03T06:21:13.468+0000][5941][safepoint   ] Safepoint "Cleanup", Time since last: 1000224212 ns, Reaching safepoint: 263684 ns, At safepoint: 20042 ns, Total: 283726 ns
[2021-04-03T06:21:14.468+0000][5941][safepoint   ] Safepoint "Cleanup", Time since last: 1000205513 ns, Reaching safepoint: 249753 ns, At safepoint: 20301 ns, Total: 270054 ns
[2021-04-03T06:21:16.469+0000][5941][safepoint   ] Safepoint "Cleanup", Time since last: 2000337018 ns, Reaching safepoint: 265378 ns, At safepoint: 16603 ns, Total: 281981 ns
[2021-04-03T06:21:19.469+0000][5941][safepoint   ] Safepoint "Cleanup", Time since last: 3000357485 ns, Reaching safepoint: 169372 ns, At safepoint: 14252 ns, Total: 183624 ns
[2021-04-03T06:21:21.470+0000][5941][safepoint   ] Safepoint "Cleanup", Time since last: 2000227109 ns, Reaching safepoint: 223890 ns, At safepoint: 20458 ns, Total: 244348 ns
[2021-04-03T06:21:23.471+0000][5941][safepoint   ] Safepoint "Cleanup", Time since last: 2001002683 ns, Reaching safepoint: 368907 ns, At safepoint: 17797 ns, Total: 386704 ns
[2021-04-03T06:21:24.472+0000][5941][safepoint   ] Safepoint "Cleanup", Time since last: 1000238921 ns, Reaching safepoint: 219563 ns, At safepoint: 19049 ns, Total: 238612 ns
[2021-04-03T06:21:26.472+0000][5941][safepoint   ] Safepoint "Cleanup", Time since last: 2000400071 ns, Reaching safepoint: 204298 ns, At safepoint: 13299 ns, Total: 217597 ns
[2021-04-03T06:21:27.473+0000][5941][safepoint   ] Safepoint "Cleanup", Time since last: 1000257445 ns, Reaching safepoint: 240381 ns, At safepoint: 20627 ns, Total: 261008 ns
[2021-04-03T06:21:28.473+0000][5941][safepoint   ] Safepoint "Cleanup", Time since last: 1000206124 ns, Reaching safepoint: 266612 ns, At safepoint: 24737 ns, Total: 291349 ns
[2021-04-03T06:21:29.473+0000][5941][safepoint   ] Safepoint "Cleanup", Time since last: 1000186280 ns, Reaching safepoint: 95877 ns, At safepoint: 4376 ns, Total: 100253 ns
[2021-04-03T06:21:30.474+0000][5941][safepoint   ] Safepoint "Cleanup", Time since last: 1000197949 ns, Reaching safepoint: 224033 ns, At safepoint: 19189 ns, Total: 243222 ns
[2021-04-03T06:21:31.474+0000][5941][safepoint   ] Safepoint "Cleanup", Time since last: 1000174693 ns, Reaching safepoint: 216964 ns, At safepoint: 18418 ns, Total: 235382 ns
[2021-04-03T06:21:32.475+0000][5941][safepoint   ] Safepoint "Cleanup", Time since last: 1000244814 ns, Reaching safepoint: 212812 ns, At safepoint: 18187 ns, Total: 230999 ns
[2021-04-03T06:21:33.475+0000][5941][safepoint   ] Safepoint "Cleanup", Time since last: 1000219320 ns, Reaching safepoint: 170201 ns, At safepoint: 14663 ns, Total: 184864 ns
[2021-04-03T06:21:34.476+0000][5941][safepoint   ] Safepoint "Cleanup", Time since last: 1000203858 ns, Reaching safepoint: 307907 ns, At safepoint: 16528 ns, Total: 324435 ns
[2021-04-03T06:21:35.476+0000][5941][safepoint   ] Safepoint "Cleanup", Time since last: 1000234369 ns, Reaching safepoint: 344201 ns, At safepoint: 26907 ns, Total: 371108 ns
[2021-04-03T06:21:36.453+0000][5941][gc,start    ] GC(14) Pause Young (Concurrent Start) (G1 Evacuation Pause)
[2021-04-03T06:21:36.453+0000][5941][gc,task     ] GC(14) Using 4 workers of 4 for evacuation
[2021-04-03T06:21:36.453+0000][5941][gc,age      ] GC(14) Desired survivor size 65011712 bytes, new threshold 15 (max threshold 15)
[2021-04-03T06:21:36.494+0000][5941][gc,age      ] GC(14) Age table with threshold 15 (max threshold 15)
[2021-04-03T06:21:36.494+0000][5941][gc,age      ] GC(14) - age   1:   12593016 bytes,   12593016 total
[2021-04-03T06:21:36.494+0000][5941][gc,age      ] GC(14) - age   2:   17122120 bytes,   29715136 total
[2021-04-03T06:21:36.494+0000][5941][gc,age      ] GC(14) - age   3:    4285712 bytes,   34000848 total
[2021-04-03T06:21:36.494+0000][5941][gc,age      ] GC(14) - age   4:    9609136 bytes,   43609984 total
[2021-04-03T06:21:36.494+0000][5941][gc,phases   ] GC(14)   Pre Evacuate Collection Set: 0.2ms
[2021-04-03T06:21:36.494+0000][5941][gc,phases   ] GC(14)   Merge Heap Roots: 0.1ms
[2021-04-03T06:21:36.494+0000][5941][gc,phases   ] GC(14)   Evacuate Collection Set: 38.5ms
[2021-04-03T06:21:36.494+0000][5941][gc,phases   ] GC(14)   Post Evacuate Collection Set: 1.9ms
[2021-04-03T06:21:36.494+0000][5941][gc,phases   ] GC(14)   Other: 0.3ms
[2021-04-03T06:21:36.494+0000][5941][gc,heap     ] GC(14) Eden regions: 235->0(368)
[2021-04-03T06:21:36.494+0000][5941][gc,heap     ] GC(14) Survivor regions: 9->11(31)
[2021-04-03T06:21:36.494+0000][5941][gc,heap     ] GC(14) Old regions: 14->14
[2021-04-03T06:21:36.494+0000][5941][gc,heap     ] GC(14) Archive regions: 2->2
[2021-04-03T06:21:36.494+0000][5941][gc,heap     ] GC(14) Humongous regions: 2->2
[2021-04-03T06:21:36.494+0000][5941][gc,metaspace] GC(14) Metaspace: 106642K(110920K)->106642K(110920K) NonClass: 92471K(95356K)->92471K(95356K) Class: 14170K(15564K)->14170K(15564K)
[2021-04-03T06:21:36.494+0000][5941][gc          ] GC(14) Pause Young (Concurrent Start) (G1 Evacuation Pause) 1041M->111M(3940M) 41.110ms
[2021-04-03T06:21:36.494+0000][5941][gc,cpu      ] GC(14) User=0.15s Sys=0.00s Real=0.04s
[2021-04-03T06:21:36.494+0000][5941][gc          ] GC(15) Concurrent Cycle
[2021-04-03T06:21:36.494+0000][5941][gc,marking  ] GC(15) Concurrent Clear Claimed Marks
[2021-04-03T06:21:36.494+0000][5941][safepoint   ] Safepoint "G1CollectForAllocation", Time since last: 976197437 ns, Reaching safepoint: 108719 ns, At safepoint: 41197754 ns, Total: 41306473 ns
[2021-04-03T06:21:36.494+0000][5941][gc,marking  ] GC(15) Concurrent Clear Claimed Marks 0.105ms
[2021-04-03T06:21:36.494+0000][5941][gc,marking  ] GC(15) Concurrent Scan Root Regions
[2021-04-03T06:21:36.522+0000][5941][gc,marking  ] GC(15) Concurrent Scan Root Regions 28.146ms
[2021-04-03T06:21:36.522+0000][5941][gc,marking  ] GC(15) Concurrent Mark (281.764s)
[2021-04-03T06:21:36.522+0000][5941][gc,marking  ] GC(15) Concurrent Mark From Roots
[2021-04-03T06:21:36.522+0000][5941][gc,task     ] GC(15) Using 1 workers of 1 for marking
[2021-04-03T06:21:36.629+0000][5941][gc,marking  ] GC(15) Concurrent Mark From Roots 106.734ms
[2021-04-03T06:21:36.629+0000][5941][gc,marking  ] GC(15) Concurrent Preclean
[2021-04-03T06:21:36.629+0000][5941][gc,marking  ] GC(15) Concurrent Preclean 0.246ms
[2021-04-03T06:21:36.629+0000][5941][gc,marking  ] GC(15) Concurrent Mark (281.764s, 281.871s) 107.036ms
[2021-04-03T06:21:36.629+0000][5941][gc,start    ] GC(15) Pause Remark
[2021-04-03T06:21:36.638+0000][5941][gc          ] GC(15) Pause Remark 119M->119M(3940M) 8.559ms
[2021-04-03T06:21:36.638+0000][5941][gc,cpu      ] GC(15) User=0.03s Sys=0.00s Real=0.01s
[2021-04-03T06:21:36.638+0000][5941][safepoint   ] Safepoint "G1Concurrent", Time since last: 135383776 ns, Reaching safepoint: 134297 ns, At safepoint: 8636619 ns, Total: 8770916 ns
[2021-04-03T06:21:36.638+0000][5941][gc,marking  ] GC(15) Concurrent Rebuild Remembered Sets
[2021-04-03T06:21:36.712+0000][5941][gc,marking  ] GC(15) Concurrent Rebuild Remembered Sets 73.617ms
[2021-04-03T06:21:36.712+0000][5941][gc,start    ] GC(15) Pause Cleanup
[2021-04-03T06:21:36.712+0000][5941][gc          ] GC(15) Pause Cleanup 119M->119M(3940M) 0.140ms
[2021-04-03T06:21:36.712+0000][5941][gc,cpu      ] GC(15) User=0.00s Sys=0.00s Real=0.00s
[2021-04-03T06:21:36.712+0000][5941][safepoint   ] Safepoint "G1Concurrent", Time since last: 73687836 ns, Reaching safepoint: 227225 ns, At safepoint: 196445 ns, Total: 423670 ns
[2021-04-03T06:21:36.712+0000][5941][gc,marking  ] GC(15) Concurrent Cleanup for Next Mark
[2021-04-03T06:21:36.717+0000][5941][gc,marking  ] GC(15) Concurrent Cleanup for Next Mark 5.091ms
[2021-04-03T06:21:36.717+0000][5941][gc          ] GC(15) Concurrent Cycle 223.429ms
[2021-04-03T06:21:37.712+0000][5941][safepoint   ] Safepoint "Cleanup", Time since last: 1000114964 ns, Reaching safepoint: 265333 ns, At safepoint: 20232 ns, Total: 285565 ns
[2021-04-03T06:21:39.713+0000][5941][safepoint   ] Safepoint "Cleanup", Time since last: 2000352900 ns, Reaching safepoint: 232763 ns, At safepoint: 15030 ns, Total: 247793 ns
[2021-04-03T06:21:40.714+0000][5941][safepoint   ] Safepoint "Cleanup", Time since last: 1000182632 ns, Reaching safepoint: 331040 ns, At safepoint: 23229 ns, Total: 354269 ns
[2021-04-03T06:21:43.714+0000][5941][safepoint   ] Safepoint "Cleanup", Time since last: 3000608431 ns, Reaching safepoint: 201105 ns, At safepoint: 15683 ns, Total: 216788 ns
[2021-04-03T06:21:46.715+0000][5941][safepoint   ] Safepoint "Cleanup", Time since last: 3000480436 ns, Reaching safepoint: 165072 ns, At safepoint: 15637 ns, Total: 180709 ns
[2021-04-03T06:21:47.716+0000][5941][safepoint   ] Safepoint "Cleanup", Time since last: 1000175899 ns, Reaching safepoint: 216390 ns, At safepoint: 18428 ns, Total: 234818 ns
[2021-04-03T06:21:48.716+0000][5941][safepoint   ] Safepoint "Cleanup", Time since last: 1000165800 ns, Reaching safepoint: 238717 ns, At safepoint: 21375 ns, Total: 260092 ns
[2021-04-03T06:21:49.716+0000][5941][safepoint   ] Safepoint "Cleanup", Time since last: 1000188628 ns, Reaching safepoint: 113016 ns, At safepoint: 6801 ns, Total: 119817 ns
[2021-04-03T06:21:50.717+0000][5941][safepoint   ] Safepoint "Cleanup", Time since last: 1000182128 ns, Reaching safepoint: 232202 ns, At safepoint: 18057 ns, Total: 250259 ns
[2021-04-03T06:21:51.717+0000][5941][safepoint   ] Safepoint "Cleanup", Time since last: 1000197297 ns, Reaching safepoint: 264341 ns, At safepoint: 21635 ns, Total: 285976 ns
[2021-04-03T06:21:52.718+0000][5941][safepoint   ] Safepoint "Cleanup", Time since last: 1000234309 ns, Reaching safepoint: 371273 ns, At safepoint: 25364 ns, Total: 396637 ns
[2021-04-03T06:21:53.718+0000][5941][safepoint   ] Safepoint "Cleanup", Time since last: 1000147152 ns, Reaching safepoint: 110570 ns, At safepoint: 6515 ns, Total: 117085 ns
[2021-04-03T06:21:55.719+0000][5941][safepoint   ] Safepoint "Cleanup", Time since last: 2000313254 ns, Reaching safepoint: 257259 ns, At safepoint: 12453 ns, Total: 269712 ns
[2021-04-03T06:21:56.719+0000][5941][safepoint   ] Safepoint "Cleanup", Time since last: 1000198656 ns, Reaching safepoint: 286748 ns, At safepoint: 20187 ns, Total: 306935 ns
[2021-04-03T06:21:57.720+0000][5941][safepoint   ] Safepoint "Cleanup", Time since last: 1000183728 ns, Reaching safepoint: 291934 ns, At safepoint: 17716 ns, Total: 309650 ns
[2021-04-03T06:21:58.720+0000][5941][safepoint   ] Safepoint "Cleanup", Time since last: 1000139885 ns, Reaching safepoint: 124974 ns, At safepoint: 8697 ns, Total: 133671 ns
[2021-04-03T06:21:59.721+0000][5941][safepoint   ] Safepoint "Cleanup", Time since last: 1000371246 ns, Reaching safepoint: 234396 ns, At safepoint: 18032 ns, Total: 252428 ns
[2021-04-03T06:22:00.721+0000][5941][safepoint   ] Safepoint "Cleanup", Time since last: 1000177220 ns, Reaching safepoint: 289389 ns, At safepoint: 22502 ns, Total: 311891 ns
[2021-04-03T06:22:03.722+0000][5941][safepoint   ] Safepoint "Cleanup", Time since last: 3000573017 ns, Reaching safepoint: 259259 ns, At safepoint: 19586 ns, Total: 278845 ns
[2021-04-03T06:22:08.723+0000][5941][safepoint   ] Safepoint "Cleanup", Time since last: 5000835478 ns, Reaching safepoint: 258397 ns, At safepoint: 25629 ns, Total: 284026 ns
[2021-04-03T06:22:10.723+0000][5941][safepoint   ] Safepoint "Cleanup", Time since last: 2000272578 ns, Reaching safepoint: 112673 ns, At safepoint: 7183 ns, Total: 119856 ns
[2021-04-03T06:22:13.724+0000][5941][safepoint   ] Safepoint "Cleanup", Time since last: 3000506515 ns, Reaching safepoint: 397409 ns, At safepoint: 25028 ns, Total: 422437 ns
[2021-04-03T06:22:16.725+0000][5941][safepoint   ] Safepoint "Cleanup", Time since last: 3000506922 ns, Reaching safepoint: 303120 ns, At safepoint: 17766 ns, Total: 320886 ns
[2021-04-03T06:22:18.726+0000][5941][safepoint   ] Safepoint "Cleanup", Time since last: 2000383609 ns, Reaching safepoint: 224408 ns, At safepoint: 18618 ns, Total: 243026 ns
[2021-04-03T06:22:21.726+0000][5941][safepoint   ] Safepoint "Cleanup", Time since last: 3000438832 ns, Reaching safepoint: 225677 ns, At safepoint: 18513 ns, Total: 244190 ns
[2021-04-03T06:22:22.727+0000][5941][safepoint   ] Safepoint "Cleanup", Time since last: 1000142554 ns, Reaching safepoint: 135269 ns, At safepoint: 7237 ns, Total: 142506 ns
[2021-04-03T06:22:23.727+0000][5941][safepoint   ] Safepoint "Cleanup", Time since last: 1000334863 ns, Reaching safepoint: 279236 ns, At safepoint: 29167 ns, Total: 308403 ns
[2021-04-03T06:22:25.728+0000][5941][safepoint   ] Safepoint "Cleanup", Time since last: 2000299505 ns, Reaching safepoint: 258267 ns, At safepoint: 20452 ns, Total: 278719 ns
[2021-04-03T06:22:26.728+0000][5941][safepoint   ] Safepoint "Cleanup", Time since last: 1000192599 ns, Reaching safepoint: 293343 ns, At safepoint: 19535 ns, Total: 312878 ns
[2021-04-03T06:22:27.729+0000][5941][safepoint   ] Safepoint "Cleanup", Time since last: 1000381211 ns, Reaching safepoint: 316331 ns, At safepoint: 23644 ns, Total: 339975 ns
[2021-04-03T06:22:28.730+0000][5941][safepoint   ] Safepoint "Cleanup", Time since last: 1000230926 ns, Reaching safepoint: 311595 ns, At safepoint: 17901 ns, Total: 329496 ns
[2021-04-03T06:22:29.730+0000][5941][safepoint   ] Safepoint "Cleanup", Time since last: 1000223566 ns, Reaching safepoint: 266821 ns, At safepoint: 13256 ns, Total: 280077 ns
[2021-04-03T06:22:31.731+0000][5941][safepoint   ] Safepoint "Cleanup", Time since last: 2000421455 ns, Reaching safepoint: 296821 ns, At safepoint: 20002 ns, Total: 316823 ns
[2021-04-03T06:22:33.732+0000][5941][safepoint   ] Safepoint "Cleanup", Time since last: 2000292601 ns, Reaching safepoint: 210501 ns, At safepoint: 18126 ns, Total: 228627 ns
[2021-04-03T06:22:34.732+0000][5941][safepoint   ] Safepoint "Cleanup", Time since last: 1000134778 ns, Reaching safepoint: 113588 ns, At safepoint: 9391 ns, Total: 122979 ns
[2021-04-03T06:22:35.732+0000][5941][safepoint   ] Safepoint "Cleanup", Time since last: 1000174762 ns, Reaching safepoint: 263143 ns, At safepoint: 21114 ns, Total: 284257 ns
[2021-04-03T06:22:36.733+0000][5941][safepoint   ] Safepoint "Cleanup", Time since last: 1000164918 ns, Reaching safepoint: 171122 ns, At safepoint: 13819 ns, Total: 184941 ns
[2021-04-03T06:22:37.733+0000][5941][safepoint   ] Safepoint "Cleanup", Time since last: 1000174840 ns, Reaching safepoint: 255421 ns, At safepoint: 18888 ns, Total: 274309 ns
[2021-04-03T06:22:39.733+0000][5941][safepoint   ] Safepoint "Cleanup", Time since last: 2000239177 ns, Reaching safepoint: 147028 ns, At safepoint: 13596 ns, Total: 160624 ns
[2021-04-03T06:22:40.734+0000][5941][safepoint   ] Safepoint "Cleanup", Time since last: 1000212319 ns, Reaching safepoint: 281200 ns, At safepoint: 25003 ns, Total: 306203 ns
[2021-04-03T06:22:41.735+0000][5941][safepoint   ] Safepoint "Cleanup", Time since last: 1000240730 ns, Reaching safepoint: 346366 ns, At safepoint: 21038 ns, Total: 367404 ns
[2021-04-03T06:22:43.735+0000][5941][safepoint   ] Safepoint "Cleanup", Time since last: 2000455145 ns, Reaching safepoint: 328374 ns, At safepoint: 18898 ns, Total: 347272 ns
[2021-04-03T06:22:46.736+0000][5941][safepoint   ] Safepoint "Cleanup", Time since last: 3000765337 ns, Reaching safepoint: 162680 ns, At safepoint: 6559 ns, Total: 169239 ns
[2021-04-03T06:22:47.737+0000][5941][safepoint   ] Safepoint "Cleanup", Time since last: 1000136756 ns, Reaching safepoint: 326321 ns, At safepoint: 18332 ns, Total: 344653 ns
[2021-04-03T06:22:49.737+0000][5941][safepoint   ] Safepoint "Cleanup", Time since last: 2000346612 ns, Reaching safepoint: 273051 ns, At safepoint: 17330 ns, Total: 290381 ns
[2021-04-03T06:22:53.738+0000][5941][safepoint   ] Safepoint "Cleanup", Time since last: 4000736736 ns, Reaching safepoint: 274604 ns, At safepoint: 18523 ns, Total: 293127 ns
[2021-04-03T06:22:55.739+0000][5941][safepoint   ] Safepoint "Cleanup", Time since last: 2000348907 ns, Reaching safepoint: 250692 ns, At safepoint: 18155 ns, Total: 268847 ns
[2021-04-03T06:22:56.740+0000][5941][safepoint   ] Safepoint "Cleanup", Time since last: 1000283238 ns, Reaching safepoint: 275386 ns, At safepoint: 15541 ns, Total: 290927 ns
[2021-04-03T06:22:57.740+0000][5941][safepoint   ] Safepoint "Cleanup", Time since last: 1000226393 ns, Reaching safepoint: 325547 ns, At safepoint: 21790 ns, Total: 347337 ns
[2021-04-03T06:22:58.741+0000][5941][safepoint   ] Safepoint "Cleanup", Time since last: 1000155835 ns, Reaching safepoint: 162195 ns, At safepoint: 9891 ns, Total: 172086 ns
[2021-04-03T06:22:59.741+0000][5941][safepoint   ] Safepoint "Cleanup", Time since last: 1000239852 ns, Reaching safepoint: 289238 ns, At safepoint: 19846 ns, Total: 309084 ns
[2021-04-03T06:23:01.742+0000][5941][safepoint   ] Safepoint "Cleanup", Time since last: 2000559658 ns, Reaching safepoint: 159705 ns, At safepoint: 13100 ns, Total: 172805 ns
[2021-04-03T06:23:04.743+0000][5941][safepoint   ] Safepoint "Cleanup", Time since last: 3000614828 ns, Reaching safepoint: 323989 ns, At safepoint: 17270 ns, Total: 341259 ns
[2021-04-03T06:23:07.744+0000][5941][safepoint   ] Safepoint "Cleanup", Time since last: 3000584517 ns, Reaching safepoint: 234029 ns, At safepoint: 17649 ns, Total: 251678 ns
[2021-04-03T06:23:10.744+0000][5941][safepoint   ] Safepoint "Cleanup", Time since last: 3000517134 ns, Reaching safepoint: 117192 ns, At safepoint: 7780 ns, Total: 124972 ns
[2021-04-03T06:23:11.745+0000][5941][safepoint   ] Safepoint "Cleanup", Time since last: 1000205522 ns, Reaching safepoint: 268616 ns, At safepoint: 31923 ns, Total: 300539 ns
[2021-04-03T06:23:13.745+0000][5941][safepoint   ] Safepoint "Cleanup", Time since last: 2000286695 ns, Reaching safepoint: 102171 ns, At safepoint: 5653 ns, Total: 107824 ns
[2021-04-03T06:23:14.746+0000][5941][safepoint   ] Safepoint "Cleanup", Time since last: 1000128341 ns, Reaching safepoint: 321994 ns, At safepoint: 25719 ns, Total: 347713 ns
[2021-04-03T06:23:16.746+0000][5941][safepoint   ] Safepoint "Cleanup", Time since last: 2000285826 ns, Reaching safepoint: 284066 ns, At safepoint: 17942 ns, Total: 302008 ns
[2021-04-03T06:23:21.747+0000][5941][safepoint   ] Safepoint "Cleanup", Time since last: 5000768859 ns, Reaching safepoint: 221740 ns, At safepoint: 19814 ns, Total: 241554 ns
[2021-04-03T06:23:22.748+0000][5941][safepoint   ] Safepoint "Cleanup", Time since last: 1000206058 ns, Reaching safepoint: 163590 ns, At safepoint: 9382 ns, Total: 172972 ns
[2021-04-03T06:23:23.748+0000][5941][safepoint   ] Safepoint "Cleanup", Time since last: 1000201070 ns, Reaching safepoint: 263849 ns, At safepoint: 22557 ns, Total: 286406 ns
[2021-04-03T06:23:25.749+0000][5941][safepoint   ] Safepoint "Cleanup", Time since last: 2000354374 ns, Reaching safepoint: 331356 ns, At safepoint: 19324 ns, Total: 350680 ns
[2021-04-03T06:23:27.750+0000][5941][safepoint   ] Safepoint "Cleanup", Time since last: 2000443319 ns, Reaching safepoint: 275136 ns, At safepoint: 18418 ns, Total: 293554 ns
[2021-04-03T06:23:28.750+0000][5941][safepoint   ] Safepoint "Cleanup", Time since last: 1000163415 ns, Reaching safepoint: 154179 ns, At safepoint: 7936 ns, Total: 162115 ns
[2021-04-03T06:23:31.750+0000][5941][safepoint   ] Safepoint "Cleanup", Time since last: 3000415053 ns, Reaching safepoint: 184801 ns, At safepoint: 10718 ns, Total: 195519 ns
[2021-04-03T06:23:32.751+0000][5941][safepoint   ] Safepoint "Cleanup", Time since last: 1000212424 ns, Reaching safepoint: 316722 ns, At safepoint: 21069 ns, Total: 337791 ns
[2021-04-03T06:23:33.752+0000][5941][safepoint   ] Safepoint "Cleanup", Time since last: 1000220527 ns, Reaching safepoint: 285179 ns, At safepoint: 18969 ns, Total: 304148 ns
[2021-04-03T06:23:34.752+0000][5941][safepoint   ] Safepoint "Cleanup", Time since last: 1000190625 ns, Reaching safepoint: 117180 ns, At safepoint: 7723 ns, Total: 124903 ns
[2021-04-03T06:23:35.752+0000][5941][safepoint   ] Safepoint "Cleanup", Time since last: 1000209396 ns, Reaching safepoint: 345273 ns, At safepoint: 22843 ns, Total: 368116 ns
[2021-04-03T06:23:36.753+0000][5941][safepoint   ] Safepoint "Cleanup", Time since last: 1000230240 ns, Reaching safepoint: 226463 ns, At safepoint: 17845 ns, Total: 244308 ns
[2021-04-03T06:23:37.753+0000][5941][safepoint   ] Safepoint "Cleanup", Time since last: 1000250930 ns, Reaching safepoint: 277686 ns, At safepoint: 25534 ns, Total: 303220 ns
[2021-04-03T06:23:38.754+0000][5941][safepoint   ] Safepoint "Cleanup", Time since last: 1000227055 ns, Reaching safepoint: 285735 ns, At safepoint: 24302 ns, Total: 310037 ns
[2021-04-03T06:23:39.755+0000][5941][safepoint   ] Safepoint "Cleanup", Time since last: 1000395686 ns, Reaching safepoint: 368181 ns, At safepoint: 21865 ns, Total: 390046 ns
[2021-04-03T06:23:40.756+0000][5941][safepoint   ] Safepoint "Cleanup", Time since last: 1000581378 ns, Reaching safepoint: 382800 ns, At safepoint: 24782 ns, Total: 407582 ns
[2021-04-03T06:23:41.756+0000][5941][safepoint   ] Safepoint "Cleanup", Time since last: 1000337692 ns, Reaching safepoint: 204091 ns, At safepoint: 10772 ns, Total: 214863 ns
[2021-04-03T06:23:43.246+0000][5941][safepoint   ] Safepoint "Cleanup", Time since last: 1489910068 ns, Reaching safepoint: 207481 ns, At safepoint: 9276 ns, Total: 216757 ns
[2021-04-03T06:23:43.944+0000][5941][safepoint   ] Safepoint "ICBufferFull", Time since last: 686860068 ns, Reaching safepoint: 10902119 ns, At safepoint: 32005 ns, Total: 10934124 ns
[2021-04-03T06:23:44.971+0000][5941][safepoint   ] Safepoint "Cleanup", Time since last: 1026436509 ns, Reaching safepoint: 291249 ns, At safepoint: 16827 ns, Total: 308076 ns
[2021-04-03T06:23:45.972+0000][5941][safepoint   ] Safepoint "Cleanup", Time since last: 1000420882 ns, Reaching safepoint: 236431 ns, At safepoint: 18206 ns, Total: 254637 ns
[2021-04-03T06:23:46.972+0000][5941][safepoint   ] Safepoint "Cleanup", Time since last: 1000229768 ns, Reaching safepoint: 543035 ns, At safepoint: 25389 ns, Total: 568424 ns
[2021-04-03T06:23:47.973+0000][5941][safepoint   ] Safepoint "Cleanup", Time since last: 1000420939 ns, Reaching safepoint: 288752 ns, At safepoint: 21490 ns, Total: 310242 ns
[2021-04-03T06:23:48.974+0000][5941][safepoint   ] Safepoint "Cleanup", Time since last: 1000229319 ns, Reaching safepoint: 306328 ns, At safepoint: 19545 ns, Total: 325873 ns
[2021-04-03T06:23:49.974+0000][5941][safepoint   ] Safepoint "Cleanup", Time since last: 1000227947 ns, Reaching safepoint: 279772 ns, At safepoint: 21720 ns, Total: 301492 ns
[2021-04-03T06:23:51.975+0000][5941][safepoint   ] Safepoint "Cleanup", Time since last: 2000377227 ns, Reaching safepoint: 271568 ns, At safepoint: 17500 ns, Total: 289068 ns
[2021-04-03T06:23:52.975+0000][5941][safepoint   ] Safepoint "Cleanup", Time since last: 1000237212 ns, Reaching safepoint: 280483 ns, At safepoint: 14965 ns, Total: 295448 ns
[2021-04-03T06:23:55.976+0000][5941][safepoint   ] Safepoint "Cleanup", Time since last: 3000490436 ns, Reaching safepoint: 265919 ns, At safepoint: 17641 ns, Total: 283560 ns
[2021-04-03T06:23:58.977+0000][5941][safepoint   ] Safepoint "Cleanup", Time since last: 3000478962 ns, Reaching safepoint: 389360 ns, At safepoint: 27158 ns, Total: 416518 ns
[2021-04-03T06:23:59.978+0000][5941][safepoint   ] Safepoint "Cleanup", Time since last: 1000212347 ns, Reaching safepoint: 266992 ns, At safepoint: 19546 ns, Total: 286538 ns
[2021-04-03T06:24:00.978+0000][5941][safepoint   ] Safepoint "Cleanup", Time since last: 1000168229 ns, Reaching safepoint: 300188 ns, At safepoint: 20522 ns, Total: 320710 ns
[2021-04-03T06:24:01.979+0000][5941][safepoint   ] Safepoint "Cleanup", Time since last: 1000223053 ns, Reaching safepoint: 289399 ns, At safepoint: 21108 ns, Total: 310507 ns
[2021-04-03T06:24:02.979+0000][5941][safepoint   ] Safepoint "Cleanup", Time since last: 1000184432 ns, Reaching safepoint: 267423 ns, At safepoint: 19299 ns, Total: 286722 ns
[2021-04-03T06:24:03.980+0000][5941][safepoint   ] Safepoint "Cleanup", Time since last: 1000215726 ns, Reaching safepoint: 274159 ns, At safepoint: 18467 ns, Total: 292626 ns
[2021-04-03T06:24:04.980+0000][5941][safepoint   ] Safepoint "Cleanup", Time since last: 1000181029 ns, Reaching safepoint: 276248 ns, At safepoint: 17887 ns, Total: 294135 ns
[2021-04-03T06:24:06.981+0000][5941][safepoint   ] Safepoint "Cleanup", Time since last: 2000315242 ns, Reaching safepoint: 224003 ns, At safepoint: 14493 ns, Total: 238496 ns
[2021-04-03T06:24:07.981+0000][5941][safepoint   ] Safepoint "Cleanup", Time since last: 1000191461 ns, Reaching safepoint: 267262 ns, At safepoint: 18498 ns, Total: 285760 ns
[2021-04-03T06:24:10.982+0000][5941][safepoint   ] Safepoint "Cleanup", Time since last: 3000423781 ns, Reaching safepoint: 252904 ns, At safepoint: 15311 ns, Total: 268215 ns
[2021-04-03T06:24:11.982+0000][5941][safepoint   ] Safepoint "Cleanup", Time since last: 1000196428 ns, Reaching safepoint: 257465 ns, At safepoint: 20768 ns, Total: 278233 ns
[2021-04-03T06:24:13.983+0000][5941][safepoint   ] Safepoint "Cleanup", Time since last: 2000340704 ns, Reaching safepoint: 131825 ns, At safepoint: 7078 ns, Total: 138903 ns
[2021-04-03T06:24:16.984+0000][5941][safepoint   ] Safepoint "Cleanup", Time since last: 3000380083 ns, Reaching safepoint: 286973 ns, At safepoint: 19490 ns, Total: 306463 ns
[2021-04-03T06:24:17.984+0000][5941][safepoint   ] Safepoint "Cleanup", Time since last: 1000179280 ns, Reaching safepoint: 252674 ns, At safepoint: 14925 ns, Total: 267599 ns
[2021-04-03T06:24:19.985+0000][5941][safepoint   ] Safepoint "Cleanup", Time since last: 2000354874 ns, Reaching safepoint: 281926 ns, At safepoint: 18027 ns, Total: 299953 ns
[2021-04-03T06:24:22.985+0000][5941][safepoint   ] Safepoint "Cleanup", Time since last: 3000407042 ns, Reaching safepoint: 150463 ns, At safepoint: 11386 ns, Total: 161849 ns
[2021-04-03T06:24:23.986+0000][5941][safepoint   ] Safepoint "Cleanup", Time since last: 1000210950 ns, Reaching safepoint: 288292 ns, At safepoint: 22572 ns, Total: 310864 ns
[2021-04-03T06:24:25.986+0000][5941][safepoint   ] Safepoint "Cleanup", Time since last: 2000294114 ns, Reaching safepoint: 283635 ns, At safepoint: 14784 ns, Total: 298419 ns
[2021-04-03T06:24:28.987+0000][5941][safepoint   ] Safepoint "Cleanup", Time since last: 3000334297 ns, Reaching safepoint: 120986 ns, At safepoint: 7141 ns, Total: 128127 ns
[2021-04-03T06:24:31.987+0000][5941][safepoint   ] Safepoint "Cleanup", Time since last: 3000336804 ns, Reaching safepoint: 367279 ns, At safepoint: 12404 ns, Total: 379683 ns
[2021-04-03T06:24:34.988+0000][5941][safepoint   ] Safepoint "Cleanup", Time since last: 3000413074 ns, Reaching safepoint: 125453 ns, At safepoint: 7609 ns, Total: 133062 ns
[2021-04-03T06:24:35.989+0000][5941][safepoint   ] Safepoint "Cleanup", Time since last: 1000212509 ns, Reaching safepoint: 284783 ns, At safepoint: 19541 ns, Total: 304324 ns
[2021-04-03T06:24:36.989+0000][5941][safepoint   ] Safepoint "Cleanup", Time since last: 1000225917 ns, Reaching safepoint: 384117 ns, At safepoint: 25284 ns, Total: 409401 ns
[2021-04-03T06:24:37.990+0000][5941][safepoint   ] Safepoint "Cleanup", Time since last: 1000190259 ns, Reaching safepoint: 222775 ns, At safepoint: 15224 ns, Total: 237999 ns
[2021-04-03T06:24:38.990+0000][5941][safepoint   ] Safepoint "Cleanup", Time since last: 1000213219 ns, Reaching safepoint: 285375 ns, At safepoint: 23429 ns, Total: 308804 ns
[2021-04-03T06:24:39.991+0000][5941][safepoint   ] Safepoint "Cleanup", Time since last: 1000205755 ns, Reaching safepoint: 269117 ns, At safepoint: 20422 ns, Total: 289539 ns
[2021-04-03T06:24:40.991+0000][5941][safepoint   ] Safepoint "Cleanup", Time since last: 1000227909 ns, Reaching safepoint: 278107 ns, At safepoint: 19531 ns, Total: 297638 ns
[2021-04-03T06:24:43.992+0000][5941][safepoint   ] Safepoint "Cleanup", Time since last: 3000505582 ns, Reaching safepoint: 267835 ns, At safepoint: 22612 ns, Total: 290447 ns
[2021-04-03T06:24:46.993+0000][5941][safepoint   ] Safepoint "Cleanup", Time since last: 3000598195 ns, Reaching safepoint: 254618 ns, At safepoint: 22337 ns, Total: 276955 ns
[2021-04-03T06:24:47.993+0000][5941][safepoint   ] Safepoint "Cleanup", Time since last: 1000236158 ns, Reaching safepoint: 305992 ns, At safepoint: 18828 ns, Total: 324820 ns
[2021-04-03T06:24:55.995+0000][5941][safepoint   ] Safepoint "Cleanup", Time since last: 8001248614 ns, Reaching safepoint: 212491 ns, At safepoint: 20197 ns, Total: 232688 ns
[2021-04-03T06:24:56.995+0000][5941][safepoint   ] Safepoint "Cleanup", Time since last: 1000231055 ns, Reaching safepoint: 290777 ns, At safepoint: 19871 ns, Total: 310648 ns
[2021-04-03T06:24:58.996+0000][5941][safepoint   ] Safepoint "Cleanup", Time since last: 2000406951 ns, Reaching safepoint: 261184 ns, At safepoint: 17490 ns, Total: 278674 ns
[2021-04-03T06:24:59.997+0000][5941][safepoint   ] Safepoint "Cleanup", Time since last: 1000452431 ns, Reaching safepoint: 274560 ns, At safepoint: 22196 ns, Total: 296756 ns
[2021-04-03T06:25:00.997+0000][5941][safepoint   ] Safepoint "Cleanup", Time since last: 1000193120 ns, Reaching safepoint: 333576 ns, At safepoint: 13421 ns, Total: 346997 ns
[2021-04-03T06:25:01.998+0000][5941][safepoint   ] Safepoint "Cleanup", Time since last: 1000175707 ns, Reaching safepoint: 268486 ns, At safepoint: 14694 ns, Total: 283180 ns
[2021-04-03T06:25:03.998+0000][5941][safepoint   ] Safepoint "Cleanup", Time since last: 2000283003 ns, Reaching safepoint: 220730 ns, At safepoint: 16498 ns, Total: 237228 ns
[2021-04-03T06:25:05.338+0000][5941][safepoint   ] Safepoint "Cleanup", Time since last: 1339134606 ns, Reaching safepoint: 167522 ns, At safepoint: 18867 ns, Total: 186389 ns
[2021-04-03T06:25:06.338+0000][5941][safepoint   ] Safepoint "Cleanup", Time since last: 1000334244 ns, Reaching safepoint: 275532 ns, At safepoint: 22993 ns, Total: 298525 ns
[2021-04-03T06:25:08.339+0000][5941][safepoint   ] Safepoint "Cleanup", Time since last: 2000368102 ns, Reaching safepoint: 275517 ns, At safepoint: 16568 ns, Total: 292085 ns
[2021-04-03T06:25:11.340+0000][5941][safepoint   ] Safepoint "Cleanup", Time since last: 3000430866 ns, Reaching safepoint: 277325 ns, At safepoint: 21610 ns, Total: 298935 ns
[2021-04-03T06:25:20.341+0000][5941][safepoint   ] Safepoint "Cleanup", Time since last: 9001258766 ns, Reaching safepoint: 300504 ns, At safepoint: 18629 ns, Total: 319133 ns
[2021-04-03T06:25:23.342+0000][5941][safepoint   ] Safepoint "Cleanup", Time since last: 3000476817 ns, Reaching safepoint: 264296 ns, At safepoint: 20097 ns, Total: 284393 ns
[2021-04-03T06:25:24.343+0000][5941][safepoint   ] Safepoint "Cleanup", Time since last: 1000206073 ns, Reaching safepoint: 258296 ns, At safepoint: 25078 ns, Total: 283374 ns
[2021-04-03T06:25:26.343+0000][5941][safepoint   ] Safepoint "Cleanup", Time since last: 2000380347 ns, Reaching safepoint: 287514 ns, At safepoint: 24041 ns, Total: 311555 ns
[2021-04-03T06:25:27.344+0000][5941][safepoint   ] Safepoint "Cleanup", Time since last: 1000220209 ns, Reaching safepoint: 246141 ns, At safepoint: 22439 ns, Total: 268580 ns
[2021-04-03T06:25:29.345+0000][5941][safepoint   ] Safepoint "Cleanup", Time since last: 2000321614 ns, Reaching safepoint: 463852 ns, At safepoint: 19570 ns, Total: 483422 ns
[2021-04-03T06:25:34.346+0000][5941][safepoint   ] Safepoint "Cleanup", Time since last: 5000785899 ns, Reaching safepoint: 355191 ns, At safepoint: 25850 ns, Total: 381041 ns
[2021-04-03T06:25:35.346+0000][5941][safepoint   ] Safepoint "Cleanup", Time since last: 1000208350 ns, Reaching safepoint: 294054 ns, At safepoint: 19621 ns, Total: 313675 ns
[2021-04-03T06:25:36.347+0000][5941][safepoint   ] Safepoint "Cleanup", Time since last: 1000203802 ns, Reaching safepoint: 258071 ns, At safepoint: 20688 ns, Total: 278759 ns
[2021-04-03T06:25:41.348+0000][5941][safepoint   ] Safepoint "Cleanup", Time since last: 5000740903 ns, Reaching safepoint: 280558 ns, At safepoint: 17606 ns, Total: 298164 ns
[2021-04-03T06:25:44.349+0000][5941][safepoint   ] Safepoint "Cleanup", Time since last: 3000976388 ns, Reaching safepoint: 535864 ns, At safepoint: 34013 ns, Total: 569877 ns
[2021-04-03T06:25:47.350+0000][5941][safepoint   ] Safepoint "Cleanup", Time since last: 3000443588 ns, Reaching safepoint: 260427 ns, At safepoint: 14679 ns, Total: 275106 ns
[2021-04-03T06:25:48.351+0000][5941][safepoint   ] Safepoint "Cleanup", Time since last: 1000188784 ns, Reaching safepoint: 471575 ns, At safepoint: 20317 ns, Total: 491892 ns
[2021-04-03T06:25:50.351+0000][5941][safepoint   ] Safepoint "Cleanup", Time since last: 2000341150 ns, Reaching safepoint: 166225 ns, At safepoint: 10662 ns, Total: 176887 ns
[2021-04-03T06:25:51.352+0000][5941][safepoint   ] Safepoint "Cleanup", Time since last: 1000206607 ns, Reaching safepoint: 290481 ns, At safepoint: 26311 ns, Total: 316792 ns
[2021-04-03T06:25:55.353+0000][5941][safepoint   ] Safepoint "Cleanup", Time since last: 4000989294 ns, Reaching safepoint: 258798 ns, At safepoint: 20828 ns, Total: 279626 ns
[2021-04-03T06:25:56.353+0000][5941][safepoint   ] Safepoint "Cleanup", Time since last: 1000198835 ns, Reaching safepoint: 243673 ns, At safepoint: 16618 ns, Total: 260291 ns
[2021-04-03T06:25:57.354+0000][5941][safepoint   ] Safepoint "Cleanup", Time since last: 1000407035 ns, Reaching safepoint: 259929 ns, At safepoint: 13559 ns, Total: 273488 ns
[2021-04-03T06:25:59.355+0000][5941][safepoint   ] Safepoint "Cleanup", Time since last: 2000314294 ns, Reaching safepoint: 301051 ns, At safepoint: 14328 ns, Total: 315379 ns
[2021-04-03T06:26:00.355+0000][5941][safepoint   ] Safepoint "Cleanup", Time since last: 1000223837 ns, Reaching safepoint: 289163 ns, At safepoint: 27915 ns, Total: 317078 ns
[2021-04-03T06:26:05.356+0000][5941][safepoint   ] Safepoint "Cleanup", Time since last: 5000809036 ns, Reaching safepoint: 286382 ns, At safepoint: 23063 ns, Total: 309445 ns
[2021-04-03T06:26:08.357+0000][5941][safepoint   ] Safepoint "Cleanup", Time since last: 3000490372 ns, Reaching safepoint: 266250 ns, At safepoint: 15220 ns, Total: 281470 ns
[2021-04-03T06:26:12.358+0000][5941][safepoint   ] Safepoint "Cleanup", Time since last: 4000906378 ns, Reaching safepoint: 276243 ns, At safepoint: 22041 ns, Total: 298284 ns
[2021-04-03T06:26:14.359+0000][5941][safepoint   ] Safepoint "Cleanup", Time since last: 2000354751 ns, Reaching safepoint: 333570 ns, At safepoint: 17731 ns, Total: 351301 ns
[2021-04-03T06:26:17.360+0000][5941][safepoint   ] Safepoint "Cleanup", Time since last: 3000505910 ns, Reaching safepoint: 281701 ns, At safepoint: 19450 ns, Total: 301151 ns
[2021-04-03T06:26:20.361+0000][5941][safepoint   ] Safepoint "Cleanup", Time since last: 3000451837 ns, Reaching safepoint: 240592 ns, At safepoint: 19963 ns, Total: 260555 ns
[2021-04-03T06:26:21.361+0000][5941][safepoint   ] Safepoint "Cleanup", Time since last: 1000201621 ns, Reaching safepoint: 149120 ns, At safepoint: 13942 ns, Total: 163062 ns
[2021-04-03T06:26:22.362+0000][5941][safepoint   ] Safepoint "Cleanup", Time since last: 1000247993 ns, Reaching safepoint: 307605 ns, At safepoint: 19210 ns, Total: 326815 ns
[2021-04-03T06:26:23.362+0000][5941][safepoint   ] Safepoint "Cleanup", Time since last: 1000231727 ns, Reaching safepoint: 269548 ns, At safepoint: 17080 ns, Total: 286628 ns
[2021-04-03T06:26:25.093+0000][5941][safepoint   ] Safepoint "Cleanup", Time since last: 1730170357 ns, Reaching safepoint: 334739 ns, At safepoint: 23744 ns, Total: 358483 ns
[2021-04-03T06:26:35.095+0000][5941][safepoint   ] Safepoint "Cleanup", Time since last: 10001850885 ns, Reaching safepoint: 350560 ns, At safepoint: 26852 ns, Total: 377412 ns
[2021-04-03T06:26:36.096+0000][5941][safepoint   ] Safepoint "Cleanup", Time since last: 1000498426 ns, Reaching safepoint: 286452 ns, At safepoint: 18443 ns, Total: 304895 ns
[2021-04-03T06:26:40.097+0000][5941][safepoint   ] Safepoint "Cleanup", Time since last: 4000832622 ns, Reaching safepoint: 319418 ns, At safepoint: 19370 ns, Total: 338788 ns
[2021-04-03T06:26:44.098+0000][5941][safepoint   ] Safepoint "Cleanup", Time since last: 4001308002 ns, Reaching safepoint: 272670 ns, At safepoint: 19720 ns, Total: 292390 ns
[2021-04-03T06:26:47.099+0000][5941][safepoint   ] Safepoint "Cleanup", Time since last: 3000593535 ns, Reaching safepoint: 205838 ns, At safepoint: 11472 ns, Total: 217310 ns
[2021-04-03T06:26:49.100+0000][5941][safepoint   ] Safepoint "Cleanup", Time since last: 2000211220 ns, Reaching safepoint: 293062 ns, At safepoint: 19485 ns, Total: 312547 ns
[2021-04-03T06:26:56.101+0000][5941][safepoint   ] Safepoint "Cleanup", Time since last: 7001034134 ns, Reaching safepoint: 307075 ns, At safepoint: 14829 ns, Total: 321904 ns
[2021-04-03T06:26:58.102+0000][5941][safepoint   ] Safepoint "Cleanup", Time since last: 2000324026 ns, Reaching safepoint: 284533 ns, At safepoint: 20768 ns, Total: 305301 ns
[2021-04-03T06:26:59.102+0000][5941][safepoint   ] Safepoint "Cleanup", Time since last: 1000256034 ns, Reaching safepoint: 259770 ns, At safepoint: 16974 ns, Total: 276744 ns
[2021-04-03T06:27:02.103+0000][5941][safepoint   ] Safepoint "Cleanup", Time since last: 3000505045 ns, Reaching safepoint: 120290 ns, At safepoint: 5969 ns, Total: 126259 ns
[2021-04-03T06:27:05.104+0000][5941][safepoint   ] Safepoint "Cleanup", Time since last: 3000562244 ns, Reaching safepoint: 217372 ns, At safepoint: 11411 ns, Total: 228783 ns
[2021-04-03T06:27:10.105+0000][5941][safepoint   ] Safepoint "Cleanup", Time since last: 5000745480 ns, Reaching safepoint: 254257 ns, At safepoint: 22427 ns, Total: 276684 ns
[2021-04-03T06:27:11.105+0000][5941][safepoint   ] Safepoint "Cleanup", Time since last: 1000473397 ns, Reaching safepoint: 264311 ns, At safepoint: 20146 ns, Total: 284457 ns
[2021-04-03T06:27:14.106+0000][5941][safepoint   ] Safepoint "Cleanup", Time since last: 3000558426 ns, Reaching safepoint: 265829 ns, At safepoint: 22121 ns, Total: 287950 ns
[2021-04-03T06:27:16.107+0000][5941][safepoint   ] Safepoint "Cleanup", Time since last: 2000364785 ns, Reaching safepoint: 317559 ns, At safepoint: 17710 ns, Total: 335269 ns
[2021-04-03T06:27:19.108+0000][5941][safepoint   ] Safepoint "Cleanup", Time since last: 3000631396 ns, Reaching safepoint: 264301 ns, At safepoint: 18397 ns, Total: 282698 ns
[2021-04-03T06:27:23.109+0000][5941][safepoint   ] Safepoint "Cleanup", Time since last: 4000563054 ns, Reaching safepoint: 309715 ns, At safepoint: 25955 ns, Total: 335670 ns
[2021-04-03T06:27:24.109+0000][5941][safepoint   ] Safepoint "Cleanup", Time since last: 1000354018 ns, Reaching safepoint: 167659 ns, At safepoint: 11886 ns, Total: 179545 ns
[2021-04-03T06:27:26.110+0000][5941][safepoint   ] Safepoint "Cleanup", Time since last: 2000336427 ns, Reaching safepoint: 269232 ns, At safepoint: 22226 ns, Total: 291458 ns
[2021-04-03T06:27:27.110+0000][5941][safepoint   ] Safepoint "Cleanup", Time since last: 1000229451 ns, Reaching safepoint: 263188 ns, At safepoint: 19906 ns, Total: 283094 ns
[2021-04-03T06:27:31.112+0000][5941][safepoint   ] Safepoint "Cleanup", Time since last: 4000841172 ns, Reaching safepoint: 312462 ns, At safepoint: 18192 ns, Total: 330654 ns
[2021-04-03T06:27:34.113+0000][5941][safepoint   ] Safepoint "Cleanup", Time since last: 3000472206 ns, Reaching safepoint: 373323 ns, At safepoint: 20447 ns, Total: 393770 ns
[2021-04-03T06:27:35.113+0000][5941][safepoint   ] Safepoint "Cleanup", Time since last: 1000168579 ns, Reaching safepoint: 170250 ns, At safepoint: 10785 ns, Total: 181035 ns
[2021-04-03T06:27:36.113+0000][5941][safepoint   ] Safepoint "Cleanup", Time since last: 1000179753 ns, Reaching safepoint: 279095 ns, At safepoint: 21129 ns, Total: 300224 ns
[2021-04-03T06:27:39.114+0000][5941][safepoint   ] Safepoint "Cleanup", Time since last: 3000376818 ns, Reaching safepoint: 115705 ns, At safepoint: 7901 ns, Total: 123606 ns
[2021-04-03T06:27:41.114+0000][5941][safepoint   ] Safepoint "Cleanup", Time since last: 2000337565 ns, Reaching safepoint: 285615 ns, At safepoint: 18734 ns, Total: 304349 ns
[2021-04-03T06:27:44.116+0000][5941][safepoint   ] Safepoint "Cleanup", Time since last: 3000496366 ns, Reaching safepoint: 550968 ns, At safepoint: 24461 ns, Total: 575429 ns
[2021-04-03T06:27:46.116+0000][5941][safepoint   ] Safepoint "Cleanup", Time since last: 2000284918 ns, Reaching safepoint: 122951 ns, At safepoint: 5837 ns, Total: 128788 ns
[2021-04-03T06:27:47.116+0000][5941][safepoint   ] Safepoint "Cleanup", Time since last: 1000143452 ns, Reaching safepoint: 272194 ns, At safepoint: 17596 ns, Total: 289790 ns
[2021-04-03T06:27:49.117+0000][5941][safepoint   ] Safepoint "Cleanup", Time since last: 2000368992 ns, Reaching safepoint: 277536 ns, At safepoint: 14088 ns, Total: 291624 ns
[2021-04-03T06:27:54.118+0000][5941][safepoint   ] Safepoint "Cleanup", Time since last: 5000606981 ns, Reaching safepoint: 283385 ns, At safepoint: 15009 ns, Total: 298394 ns
[2021-04-03T06:27:56.119+0000][5941][safepoint   ] Safepoint "Cleanup", Time since last: 2000323835 ns, Reaching safepoint: 246269 ns, At safepoint: 24667 ns, Total: 270936 ns
[2021-04-03T06:27:59.119+0000][5941][safepoint   ] Safepoint "Cleanup", Time since last: 3000460684 ns, Reaching safepoint: 285665 ns, At safepoint: 18107 ns, Total: 303772 ns
[2021-04-03T06:28:01.120+0000][5941][safepoint   ] Safepoint "Cleanup", Time since last: 2000375171 ns, Reaching safepoint: 98140 ns, At safepoint: 7787 ns, Total: 105927 ns
[2021-04-03T06:28:02.120+0000][5941][safepoint   ] Safepoint "Cleanup", Time since last: 1000207455 ns, Reaching safepoint: 310753 ns, At safepoint: 21705 ns, Total: 332458 ns
[2021-04-03T06:28:04.121+0000][5941][safepoint   ] Safepoint "Cleanup", Time since last: 2000366532 ns, Reaching safepoint: 238612 ns, At safepoint: 19404 ns, Total: 258016 ns
[2021-04-03T06:28:06.122+0000][5941][safepoint   ] Safepoint "Cleanup", Time since last: 2000374749 ns, Reaching safepoint: 274209 ns, At safepoint: 20257 ns, Total: 294466 ns
[2021-04-03T06:28:08.122+0000][5941][safepoint   ] Safepoint "Cleanup", Time since last: 2000361859 ns, Reaching safepoint: 327055 ns, At safepoint: 22452 ns, Total: 349507 ns
[2021-04-03T06:28:10.123+0000][5941][safepoint   ] Safepoint "Cleanup", Time since last: 2000354534 ns, Reaching safepoint: 240220 ns, At safepoint: 21475 ns, Total: 261695 ns
[2021-04-03T06:28:11.123+0000][5941][safepoint   ] Safepoint "Cleanup", Time since last: 1000195019 ns, Reaching safepoint: 281089 ns, At safepoint: 25755 ns, Total: 306844 ns
[2021-04-03T06:28:14.124+0000][5941][safepoint   ] Safepoint "Cleanup", Time since last: 3000374123 ns, Reaching safepoint: 126835 ns, At safepoint: 6318 ns, Total: 133153 ns
[2021-04-03T06:28:15.125+0000][5941][safepoint   ] Safepoint "Cleanup", Time since last: 1000267835 ns, Reaching safepoint: 287290 ns, At safepoint: 19539 ns, Total: 306829 ns
[2021-04-03T06:28:16.125+0000][5941][safepoint   ] Safepoint "Cleanup", Time since last: 1000283419 ns, Reaching safepoint: 130329 ns, At safepoint: 6805 ns, Total: 137134 ns
[2021-04-03T06:28:17.125+0000][5941][safepoint   ] Safepoint "Cleanup", Time since last: 1000198169 ns, Reaching safepoint: 134043 ns, At safepoint: 8971 ns, Total: 143014 ns
[2021-04-03T06:28:18.126+0000][5941][safepoint   ] Safepoint "Cleanup", Time since last: 1000211752 ns, Reaching safepoint: 289088 ns, At safepoint: 21490 ns, Total: 310578 ns
[2021-04-03T06:28:19.126+0000][5941][safepoint   ] Safepoint "Cleanup", Time since last: 1000259111 ns, Reaching safepoint: 277290 ns, At safepoint: 19721 ns, Total: 297011 ns
[2021-04-03T06:28:20.127+0000][5941][safepoint   ] Safepoint "Cleanup", Time since last: 1000258642 ns, Reaching safepoint: 276304 ns, At safepoint: 20252 ns, Total: 296556 ns
[2021-04-03T06:28:21.127+0000][5941][safepoint   ] Safepoint "Cleanup", Time since last: 1000205224 ns, Reaching safepoint: 162071 ns, At safepoint: 12394 ns, Total: 174465 ns
[2021-04-03T06:28:22.128+0000][5941][safepoint   ] Safepoint "Cleanup", Time since last: 1000127435 ns, Reaching safepoint: 115990 ns, At safepoint: 9569 ns, Total: 125559 ns
[2021-04-03T06:28:23.128+0000][5941][safepoint   ] Safepoint "Cleanup", Time since last: 1000211449 ns, Reaching safepoint: 320094 ns, At safepoint: 22538 ns, Total: 342632 ns
[2021-04-03T06:28:24.129+0000][5941][safepoint   ] Safepoint "Cleanup", Time since last: 1000306666 ns, Reaching safepoint: 281398 ns, At safepoint: 16455 ns, Total: 297853 ns
[2021-04-03T06:28:26.129+0000][5941][safepoint   ] Safepoint "Cleanup", Time since last: 2000424618 ns, Reaching safepoint: 258216 ns, At safepoint: 18919 ns, Total: 277135 ns
[2021-04-03T06:28:30.130+0000][5941][safepoint   ] Safepoint "Cleanup", Time since last: 4000765011 ns, Reaching safepoint: 263284 ns, At safepoint: 21239 ns, Total: 284523 ns
[2021-04-03T06:28:35.132+0000][5941][safepoint   ] Safepoint "Cleanup", Time since last: 5000995885 ns, Reaching safepoint: 274649 ns, At safepoint: 22387 ns, Total: 297036 ns
[2021-04-03T06:28:40.133+0000][5941][safepoint   ] Safepoint "Cleanup", Time since last: 5000883024 ns, Reaching safepoint: 330203 ns, At safepoint: 24026 ns, Total: 354229 ns
[2021-04-03T06:28:42.134+0000][5941][safepoint   ] Safepoint "Cleanup", Time since last: 2000786133 ns, Reaching safepoint: 328298 ns, At safepoint: 19430 ns, Total: 347728 ns
[2021-04-03T06:28:43.135+0000][5941][safepoint   ] Safepoint "Cleanup", Time since last: 1000240466 ns, Reaching safepoint: 251943 ns, At safepoint: 23439 ns, Total: 275382 ns
[2021-04-03T06:28:44.136+0000][5941][safepoint   ] Safepoint "Cleanup", Time since last: 1000397850 ns, Reaching safepoint: 500005 ns, At safepoint: 24712 ns, Total: 524717 ns
[2021-04-03T06:28:47.136+0000][5941][safepoint   ] Safepoint "Cleanup", Time since last: 3000381991 ns, Reaching safepoint: 314251 ns, At safepoint: 19094 ns, Total: 333345 ns
[2021-04-03T06:28:48.137+0000][5941][safepoint   ] Safepoint "Cleanup", Time since last: 1000386999 ns, Reaching safepoint: 437808 ns, At safepoint: 17742 ns, Total: 455550 ns
[2021-04-03T06:28:50.138+0000][5941][safepoint   ] Safepoint "Cleanup", Time since last: 2000330639 ns, Reaching safepoint: 304278 ns, At safepoint: 23710 ns, Total: 327988 ns
[2021-04-03T06:28:53.139+0000][5941][safepoint   ] Safepoint "Cleanup", Time since last: 3000424470 ns, Reaching safepoint: 277932 ns, At safepoint: 14759 ns, Total: 292691 ns
[2021-04-03T06:28:59.140+0000][5941][safepoint   ] Safepoint "Cleanup", Time since last: 6000873558 ns, Reaching safepoint: 267207 ns, At safepoint: 17195 ns, Total: 284402 ns
[2021-04-03T06:29:00.140+0000][5941][safepoint   ] Safepoint "Cleanup", Time since last: 1000199795 ns, Reaching safepoint: 325349 ns, At safepoint: 23386 ns, Total: 348735 ns
[2021-04-03T06:29:01.141+0000][5941][safepoint   ] Safepoint "Cleanup", Time since last: 1000377702 ns, Reaching safepoint: 301141 ns, At safepoint: 21585 ns, Total: 322726 ns
[2021-04-03T06:29:02.142+0000][5941][safepoint   ] Safepoint "Cleanup", Time since last: 1000484457 ns, Reaching safepoint: 305415 ns, At safepoint: 19651 ns, Total: 325066 ns
[2021-04-03T06:29:04.143+0000][5941][safepoint   ] Safepoint "Cleanup", Time since last: 2000445602 ns, Reaching safepoint: 287058 ns, At safepoint: 21620 ns, Total: 308678 ns
[2021-04-03T06:29:05.143+0000][5941][safepoint   ] Safepoint "Cleanup", Time since last: 1000202243 ns, Reaching safepoint: 218452 ns, At safepoint: 13151 ns, Total: 231603 ns
[2021-04-03T06:29:06.331+0000][5941][safepoint   ] Safepoint "Cleanup", Time since last: 1187551812 ns, Reaching safepoint: 98291 ns, At safepoint: 5828 ns, Total: 104119 ns
[2021-04-03T06:29:07.331+0000][5941][safepoint   ] Safepoint "Cleanup", Time since last: 1000295489 ns, Reaching safepoint: 288316 ns, At safepoint: 18212 ns, Total: 306528 ns
[2021-04-03T06:29:08.332+0000][5941][safepoint   ] Safepoint "Cleanup", Time since last: 1000223390 ns, Reaching safepoint: 388964 ns, At safepoint: 20833 ns, Total: 409797 ns
[2021-04-03T06:29:09.332+0000][5941][safepoint   ] Safepoint "Cleanup", Time since last: 1000178286 ns, Reaching safepoint: 227909 ns, At safepoint: 17601 ns, Total: 245510 ns
[2021-04-03T06:29:11.333+0000][5941][safepoint   ] Safepoint "Cleanup", Time since last: 2000278076 ns, Reaching safepoint: 264747 ns, At safepoint: 17906 ns, Total: 282653 ns
[2021-04-03T06:29:12.333+0000][5941][safepoint   ] Safepoint "Cleanup", Time since last: 1000208648 ns, Reaching safepoint: 129795 ns, At safepoint: 9862 ns, Total: 139657 ns
[2021-04-03T06:29:14.334+0000][5941][safepoint   ] Safepoint "Cleanup", Time since last: 2000302617 ns, Reaching safepoint: 275096 ns, At safepoint: 23689 ns, Total: 298785 ns
[2021-04-03T06:29:17.334+0000][5941][safepoint   ] Safepoint "Cleanup", Time since last: 3000339971 ns, Reaching safepoint: 103226 ns, At safepoint: 5551 ns, Total: 108777 ns
[2021-04-03T06:29:18.335+0000][5941][safepoint   ] Safepoint "Cleanup", Time since last: 1000116241 ns, Reaching safepoint: 242210 ns, At safepoint: 17726 ns, Total: 259936 ns
[2021-04-03T06:29:20.335+0000][5941][safepoint   ] Safepoint "Cleanup", Time since last: 2000301236 ns, Reaching safepoint: 354634 ns, At safepoint: 21384 ns, Total: 376018 ns
[2021-04-03T06:29:21.336+0000][5941][safepoint   ] Safepoint "Cleanup", Time since last: 1000210320 ns, Reaching safepoint: 402440 ns, At safepoint: 29879 ns, Total: 432319 ns
[2021-04-03T06:29:23.336+0000][5941][safepoint   ] Safepoint "Cleanup", Time since last: 2000296301 ns, Reaching safepoint: 267417 ns, At safepoint: 15672 ns, Total: 283089 ns
[2021-04-03T06:29:24.337+0000][5941][safepoint   ] Safepoint "Cleanup", Time since last: 1000200680 ns, Reaching safepoint: 245507 ns, At safepoint: 23565 ns, Total: 269072 ns
[2021-04-03T06:29:26.338+0000][5941][safepoint   ] Safepoint "Cleanup", Time since last: 2000351259 ns, Reaching safepoint: 302774 ns, At safepoint: 28892 ns, Total: 331666 ns
[2021-04-03T06:29:30.339+0000][5941][safepoint   ] Safepoint "Cleanup", Time since last: 4000654574 ns, Reaching safepoint: 255762 ns, At safepoint: 14859 ns, Total: 270621 ns
[2021-04-03T06:29:34.340+0000][5941][safepoint   ] Safepoint "Cleanup", Time since last: 4000805791 ns, Reaching safepoint: 289734 ns, At safepoint: 23645 ns, Total: 313379 ns
[2021-04-03T06:29:35.340+0000][5941][safepoint   ] Safepoint "Cleanup", Time since last: 1000206238 ns, Reaching safepoint: 171832 ns, At safepoint: 8799 ns, Total: 180631 ns
[2021-04-03T06:29:41.341+0000][5941][safepoint   ] Safepoint "Cleanup", Time since last: 6000990430 ns, Reaching safepoint: 337665 ns, At safepoint: 15321 ns, Total: 352986 ns
[2021-04-03T06:29:43.342+0000][5941][safepoint   ] Safepoint "Cleanup", Time since last: 2000371503 ns, Reaching safepoint: 292832 ns, At safepoint: 16959 ns, Total: 309791 ns
[2021-04-03T06:29:44.343+0000][5941][safepoint   ] Safepoint "Cleanup", Time since last: 1000176983 ns, Reaching safepoint: 287279 ns, At safepoint: 23093 ns, Total: 310372 ns
[2021-04-03T06:29:46.343+0000][5941][safepoint   ] Safepoint "Cleanup", Time since last: 2000404802 ns, Reaching safepoint: 303687 ns, At safepoint: 18969 ns, Total: 322656 ns
[2021-04-03T06:29:47.344+0000][5941][safepoint   ] Safepoint "Cleanup", Time since last: 1000220691 ns, Reaching safepoint: 161338 ns, At safepoint: 10562 ns, Total: 171900 ns
[2021-04-03T06:29:48.344+0000][5941][safepoint   ] Safepoint "Cleanup", Time since last: 1000221757 ns, Reaching safepoint: 300149 ns, At safepoint: 19500 ns, Total: 319649 ns
[2021-04-03T06:29:56.346+0000][5941][safepoint   ] Safepoint "Cleanup", Time since last: 8001467062 ns, Reaching safepoint: 312507 ns, At safepoint: 20673 ns, Total: 333180 ns
[2021-04-03T06:29:58.560+0000][5941][gc,start    ] GC(16) Pause Young (Normal) (G1 Evacuation Pause)
[2021-04-03T06:29:58.560+0000][5941][gc,task     ] GC(16) Using 4 workers of 4 for evacuation
[2021-04-03T06:29:58.560+0000][5941][gc,age      ] GC(16) Desired survivor size 127926272 bytes, new threshold 15 (max threshold 15)
[2021-04-03T06:29:58.604+0000][5941][gc,age      ] GC(16) Age table with threshold 15 (max threshold 15)
[2021-04-03T06:29:58.604+0000][5941][gc,age      ] GC(16) - age   1:    7099400 bytes,    7099400 total
[2021-04-03T06:29:58.604+0000][5941][gc,age      ] GC(16) - age   2:    8252912 bytes,   15352312 total
[2021-04-03T06:29:58.604+0000][5941][gc,age      ] GC(16) - age   3:   16958256 bytes,   32310568 total
[2021-04-03T06:29:58.604+0000][5941][gc,age      ] GC(16) - age   4:    4285136 bytes,   36595704 total
[2021-04-03T06:29:58.604+0000][5941][gc,age      ] GC(16) - age   5:    9580144 bytes,   46175848 total
[2021-04-03T06:29:58.604+0000][5941][gc,phases   ] GC(16)   Pre Evacuate Collection Set: 0.2ms
[2021-04-03T06:29:58.604+0000][5941][gc,phases   ] GC(16)   Merge Heap Roots: 0.1ms
[2021-04-03T06:29:58.604+0000][5941][gc,phases   ] GC(16)   Evacuate Collection Set: 41.8ms
[2021-04-03T06:29:58.604+0000][5941][gc,phases   ] GC(16)   Post Evacuate Collection Set: 2.1ms
[2021-04-03T06:29:58.604+0000][5941][gc,phases   ] GC(16)   Other: 0.3ms
[2021-04-03T06:29:58.604+0000][5941][gc,heap     ] GC(16) Eden regions: 477->0(579)
[2021-04-03T06:29:58.604+0000][5941][gc,heap     ] GC(16) Survivor regions: 11->12(61)
[2021-04-03T06:29:58.604+0000][5941][gc,heap     ] GC(16) Old regions: 14->14
[2021-04-03T06:29:58.604+0000][5941][gc,heap     ] GC(16) Archive regions: 2->2
[2021-04-03T06:29:58.604+0000][5941][gc,heap     ] GC(16) Humongous regions: 2->2
[2021-04-03T06:29:58.604+0000][5941][gc,metaspace] GC(16) Metaspace: 112081K(116296K)->112081K(116296K) NonClass: 97420K(100220K)->97420K(100220K) Class: 14660K(16076K)->14660K(16076K)
[2021-04-03T06:29:58.604+0000][5941][gc          ] GC(16) Pause Young (Normal) (G1 Evacuation Pause) 2019M->114M(3940M) 44.632ms
[2021-04-03T06:29:58.604+0000][5941][gc,cpu      ] GC(16) User=0.17s Sys=0.00s Real=0.05s
[2021-04-03T06:29:58.604+0000][5941][safepoint   ] Safepoint "G1CollectForAllocation", Time since last: 2213445518 ns, Reaching safepoint: 120801 ns, At safepoint: 44727135 ns, Total: 44847936 ns
[2021-04-03T06:29:59.605+0000][5941][safepoint   ] Safepoint "Cleanup", Time since last: 1000172689 ns, Reaching safepoint: 598583 ns, At safepoint: 31464 ns, Total: 630047 ns
[2021-04-03T06:30:08.607+0000][5941][safepoint   ] Safepoint "Cleanup", Time since last: 9001443297 ns, Reaching safepoint: 159972 ns, At safepoint: 8955 ns, Total: 168927 ns
[2021-04-03T06:30:09.607+0000][5941][safepoint   ] Safepoint "Cleanup", Time since last: 1000152079 ns, Reaching safepoint: 247772 ns, At safepoint: 20262 ns, Total: 268034 ns
[2021-04-03T06:30:10.608+0000][5941][safepoint   ] Safepoint "Cleanup", Time since last: 1000160555 ns, Reaching safepoint: 190794 ns, At safepoint: 6467 ns, Total: 197261 ns
[2021-04-03T06:30:11.608+0000][5941][safepoint   ] Safepoint "Cleanup", Time since last: 1000128229 ns, Reaching safepoint: 199527 ns, At safepoint: 15906 ns, Total: 215433 ns
[2021-04-03T06:30:18.609+0000][5941][safepoint   ] Safepoint "Cleanup", Time since last: 7001285578 ns, Reaching safepoint: 272380 ns, At safepoint: 14854 ns, Total: 287234 ns
[2021-04-03T06:30:19.610+0000][5941][safepoint   ] Safepoint "Cleanup", Time since last: 1000411561 ns, Reaching safepoint: 112074 ns, At safepoint: 6708 ns, Total: 118782 ns
[2021-04-03T06:30:20.610+0000][5941][safepoint   ] Safepoint "Cleanup", Time since last: 1000118725 ns, Reaching safepoint: 166656 ns, At safepoint: 10250 ns, Total: 176906 ns
[2021-04-03T06:30:22.681+0000][5941][safepoint   ] Safepoint "Cleanup", Time since last: 2070308670 ns, Reaching safepoint: 122103 ns, At safepoint: 11137 ns, Total: 133240 ns
[2021-04-03T06:30:23.681+0000][5941][safepoint   ] Safepoint "Cleanup", Time since last: 1000293426 ns, Reaching safepoint: 173793 ns, At safepoint: 7906 ns, Total: 181699 ns
[2021-04-03T06:30:24.682+0000][5941][safepoint   ] Safepoint "Cleanup", Time since last: 1000188989 ns, Reaching safepoint: 314406 ns, At safepoint: 21570 ns, Total: 335976 ns
[2021-04-03T06:30:27.682+0000][5941][safepoint   ] Safepoint "Cleanup", Time since last: 3000436104 ns, Reaching safepoint: 297592 ns, At safepoint: 22312 ns, Total: 319904 ns
[2021-04-03T06:30:30.683+0000][5941][safepoint   ] Safepoint "Cleanup", Time since last: 3000529189 ns, Reaching safepoint: 260770 ns, At safepoint: 14830 ns, Total: 275600 ns
[2021-04-03T06:30:31.684+0000][5941][safepoint   ] Safepoint "Cleanup", Time since last: 1000350590 ns, Reaching safepoint: 205124 ns, At safepoint: 15328 ns, Total: 220452 ns
[2021-04-03T06:30:34.684+0000][5941][safepoint   ] Safepoint "Cleanup", Time since last: 3000455225 ns, Reaching safepoint: 117184 ns, At safepoint: 7412 ns, Total: 124596 ns
[2021-04-03T06:30:35.685+0000][5941][safepoint   ] Safepoint "Cleanup", Time since last: 1000168389 ns, Reaching safepoint: 322275 ns, At safepoint: 20187 ns, Total: 342462 ns
[2021-04-03T06:30:37.686+0000][5941][safepoint   ] Safepoint "Cleanup", Time since last: 2000387690 ns, Reaching safepoint: 285234 ns, At safepoint: 19450 ns, Total: 304684 ns
[2021-04-03T06:30:40.687+0000][5941][safepoint   ] Safepoint "Cleanup", Time since last: 3000583865 ns, Reaching safepoint: 295643 ns, At safepoint: 20097 ns, Total: 315740 ns
[2021-04-03T06:30:43.687+0000][5941][safepoint   ] Safepoint "Cleanup", Time since last: 3000495202 ns, Reaching safepoint: 249968 ns, At safepoint: 15512 ns, Total: 265480 ns
[2021-04-03T06:30:45.688+0000][5941][safepoint   ] Safepoint "Cleanup", Time since last: 2000327470 ns, Reaching safepoint: 374515 ns, At safepoint: 19856 ns, Total: 394371 ns
[2021-04-03T06:30:46.689+0000][5941][safepoint   ] Safepoint "Cleanup", Time since last: 1000424029 ns, Reaching safepoint: 113553 ns, At safepoint: 5841 ns, Total: 119394 ns
[2021-04-03T06:30:47.689+0000][5941][safepoint   ] Safepoint "Cleanup", Time since last: 1000187550 ns, Reaching safepoint: 288707 ns, At safepoint: 20272 ns, Total: 308979 ns
[2021-04-03T06:30:48.690+0000][5941][safepoint   ] Safepoint "Cleanup", Time since last: 1000220427 ns, Reaching safepoint: 277870 ns, At safepoint: 17997 ns, Total: 295867 ns
[2021-04-03T06:30:53.690+0000][5941][safepoint   ] Safepoint "Cleanup", Time since last: 5000708479 ns, Reaching safepoint: 163413 ns, At safepoint: 10747 ns, Total: 174160 ns
[2021-04-03T06:30:58.691+0000][5941][safepoint   ] Safepoint "Cleanup", Time since last: 5000781862 ns, Reaching safepoint: 157449 ns, At safepoint: 16561 ns, Total: 174010 ns
[2021-04-03T06:30:59.692+0000][5941][safepoint   ] Safepoint "Cleanup", Time since last: 1000198700 ns, Reaching safepoint: 237477 ns, At safepoint: 20836 ns, Total: 258313 ns
[2021-04-03T06:31:07.693+0000][5941][safepoint   ] Safepoint "Cleanup", Time since last: 8000738124 ns, Reaching safepoint: 198305 ns, At safepoint: 11783 ns, Total: 210088 ns
[2021-04-03T06:31:08.693+0000][5941][safepoint   ] Safepoint "Cleanup", Time since last: 1000152075 ns, Reaching safepoint: 191945 ns, At safepoint: 15162 ns, Total: 207107 ns
[2021-04-03T06:31:14.694+0000][5941][safepoint   ] Safepoint "Cleanup", Time since last: 6000653384 ns, Reaching safepoint: 145028 ns, At safepoint: 8532 ns, Total: 153560 ns
[2021-04-03T06:31:15.694+0000][5941][safepoint   ] Safepoint "Cleanup", Time since last: 1000294665 ns, Reaching safepoint: 190449 ns, At safepoint: 9983 ns, Total: 200432 ns
[2021-04-03T06:31:16.695+0000][5941][safepoint   ] Safepoint "Cleanup", Time since last: 1000328844 ns, Reaching safepoint: 130144 ns, At safepoint: 7950 ns, Total: 138094 ns
[2021-04-03T06:31:17.627+0000][5941][gc,heap,exit] Heap
[2021-04-03T06:31:17.627+0000][5941][gc,heap,exit]  garbage-first heap   total 4034560K, used 482126K [0x0000000709c00000, 0x0000000800000000)
[2021-04-03T06:31:17.627+0000][5941][gc,heap,exit]   region size 4096K, 103 young (421888K), 12 survivors (49152K)
[2021-04-03T06:31:17.627+0000][5941][gc,heap,exit]  Metaspace       used 112414K, capacity 116161K, committed 116552K, reserved 1150976K
[2021-04-03T06:31:17.627+0000][5941][gc,heap,exit]   class space    used 14691K, capacity 15972K, committed 16076K, reserved 1048576K
