[2021-04-03T05:50:58.493+0000][2880][gc] Using G1
[2021-04-03T05:50:59.385+0000][2880][gc,init] Version: 15.0.1+9 (release)
[2021-04-03T05:50:59.385+0000][2880][gc,init] CPUs: 4 total, 4 available
[2021-04-03T05:50:59.385+0000][2880][gc,init] Memory: 7876M
[2021-04-03T05:50:59.385+0000][2880][gc,init] Large Page Support: Disabled
[2021-04-03T05:50:59.385+0000][2880][gc,init] NUMA Support: Disabled
[2021-04-03T05:50:59.385+0000][2880][gc,init] Compressed Oops: Enabled (Zero based)
[2021-04-03T05:50:59.385+0000][2880][gc,init] Heap Region Size: 4M
[2021-04-03T05:50:59.385+0000][2880][gc,init] Heap Min Capacity: 3940M
[2021-04-03T05:50:59.385+0000][2880][gc,init] Heap Initial Capacity: 3940M
[2021-04-03T05:50:59.385+0000][2880][gc,init] Heap Max Capacity: 3940M
[2021-04-03T05:50:59.385+0000][2880][gc,init] Pre-touch: Enabled
[2021-04-03T05:50:59.385+0000][2880][gc,init] Parallel Workers: 4
[2021-04-03T05:50:59.385+0000][2880][gc,init] Concurrent Workers: 1
[2021-04-03T05:50:59.385+0000][2880][gc,init] Concurrent Refinement Workers: 4
[2021-04-03T05:50:59.385+0000][2880][gc,init] Periodic GC: Disabled
[2021-04-03T05:50:59.385+0000][2880][gc,cds ] Mark closed archive regions in map: [0x00000007ffc00000, 0x00000007ffc7bff8]
[2021-04-03T05:50:59.385+0000][2880][gc,cds ] Mark open archive regions in map: [0x00000007ffb00000, 0x00000007ffb51ff8]
[2021-04-03T05:50:59.385+0000][2880][gc,metaspace] CDS archive(s) mapped at: [0x0000000800000000-0x0000000800b2a000-0x0000000800b2a000), size 11706368, SharedBaseAddress: 0x0000000800000000, ArchiveRelocationMode: 0.
[2021-04-03T05:50:59.385+0000][2880][gc,metaspace] Compressed class space mapped at: 0x0000000800b2c000-0x0000000840b2c000, size: 1073741824
[2021-04-03T05:50:59.385+0000][2880][gc,metaspace] Narrow klass base: 0x0000000800000000, Narrow klass shift: 3, Narrow klass range: 0x100000000
[2021-04-03T05:51:00.472+0000][2880][safepoint   ] Safepoint "ICBufferFull", Time since last: 983173824 ns, Reaching safepoint: 139329 ns, At safepoint: 6573 ns, Total: 145902 ns
[2021-04-03T05:51:01.634+0000][2880][safepoint   ] Safepoint "ICBufferFull", Time since last: 1162144948 ns, Reaching safepoint: 158541 ns, At safepoint: 14853 ns, Total: 173394 ns
[2021-04-03T05:51:03.309+0000][2880][safepoint   ] Safepoint "Cleanup", Time since last: 1674988610 ns, Reaching safepoint: 209014 ns, At safepoint: 16842 ns, Total: 225856 ns
[2021-04-03T05:51:04.395+0000][2880][safepoint   ] Safepoint "Cleanup", Time since last: 1085639050 ns, Reaching safepoint: 58918 ns, At safepoint: 4870 ns, Total: 63788 ns
[2021-04-03T05:51:05.395+0000][2880][safepoint   ] Safepoint "Cleanup", Time since last: 1000177783 ns, Reaching safepoint: 174632 ns, At safepoint: 9207 ns, Total: 183839 ns
[2021-04-03T05:51:06.233+0000][2880][safepoint   ] Safepoint "ICBufferFull", Time since last: 837976712 ns, Reaching safepoint: 171195 ns, At safepoint: 16764 ns, Total: 187959 ns
[2021-04-03T05:51:06.243+0000][2880][safepoint   ] Safepoint "ICBufferFull", Time since last: 9577453 ns, Reaching safepoint: 59030 ns, At safepoint: 10624 ns, Total: 69654 ns
[2021-04-03T05:51:06.248+0000][2880][safepoint   ] Safepoint "ICBufferFull", Time since last: 5164781 ns, Reaching safepoint: 57746 ns, At safepoint: 4699 ns, Total: 62445 ns
[2021-04-03T05:51:06.253+0000][2880][safepoint   ] Safepoint "ICBufferFull", Time since last: 4545390 ns, Reaching safepoint: 46373 ns, At safepoint: 4715 ns, Total: 51088 ns
[2021-04-03T05:51:06.267+0000][2880][safepoint   ] Safepoint "ICBufferFull", Time since last: 14341136 ns, Reaching safepoint: 46120 ns, At safepoint: 3651 ns, Total: 49771 ns
[2021-04-03T05:51:06.271+0000][2880][safepoint   ] Safepoint "ICBufferFull", Time since last: 3286348 ns, Reaching safepoint: 44763 ns, At safepoint: 4629 ns, Total: 49392 ns
[2021-04-03T05:51:06.279+0000][2880][safepoint   ] Safepoint "ICBufferFull", Time since last: 8791749 ns, Reaching safepoint: 47544 ns, At safepoint: 4489 ns, Total: 52033 ns
[2021-04-03T05:51:06.282+0000][2880][safepoint   ] Safepoint "ICBufferFull", Time since last: 2221155 ns, Reaching safepoint: 46441 ns, At safepoint: 4732 ns, Total: 51173 ns
[2021-04-03T05:51:06.285+0000][2880][safepoint   ] Safepoint "ICBufferFull", Time since last: 2835809 ns, Reaching safepoint: 42625 ns, At safepoint: 3891 ns, Total: 46516 ns
[2021-04-03T05:51:06.293+0000][2880][safepoint   ] Safepoint "ICBufferFull", Time since last: 8536580 ns, Reaching safepoint: 47509 ns, At safepoint: 3999 ns, Total: 51508 ns
[2021-04-03T05:51:06.298+0000][2880][safepoint   ] Safepoint "ICBufferFull", Time since last: 4352932 ns, Reaching safepoint: 46697 ns, At safepoint: 4069 ns, Total: 50766 ns
[2021-04-03T05:51:06.301+0000][2880][safepoint   ] Safepoint "ICBufferFull", Time since last: 2934620 ns, Reaching safepoint: 44297 ns, At safepoint: 3717 ns, Total: 48014 ns
[2021-04-03T05:51:06.304+0000][2880][safepoint   ] Safepoint "ICBufferFull", Time since last: 3099775 ns, Reaching safepoint: 42710 ns, At safepoint: 3524 ns, Total: 46234 ns
[2021-04-03T05:51:06.310+0000][2880][safepoint   ] Safepoint "ICBufferFull", Time since last: 5894205 ns, Reaching safepoint: 43750 ns, At safepoint: 4665 ns, Total: 48415 ns
[2021-04-03T05:51:06.312+0000][2880][safepoint   ] Safepoint "ICBufferFull", Time since last: 2759729 ns, Reaching safepoint: 37699 ns, At safepoint: 3834 ns, Total: 41533 ns
[2021-04-03T05:51:06.316+0000][2880][safepoint   ] Safepoint "ICBufferFull", Time since last: 3241692 ns, Reaching safepoint: 41403 ns, At safepoint: 4077 ns, Total: 45480 ns
[2021-04-03T05:51:06.318+0000][2880][safepoint   ] Safepoint "ICBufferFull", Time since last: 2566150 ns, Reaching safepoint: 56936 ns, At safepoint: 4082 ns, Total: 61018 ns
[2021-04-03T05:51:06.323+0000][2880][safepoint   ] Safepoint "ICBufferFull", Time since last: 4399433 ns, Reaching safepoint: 87980 ns, At safepoint: 9206 ns, Total: 97186 ns
[2021-04-03T05:51:06.328+0000][2880][safepoint   ] Safepoint "ICBufferFull", Time since last: 4823537 ns, Reaching safepoint: 122739 ns, At safepoint: 6052 ns, Total: 128791 ns
[2021-04-03T05:51:06.355+0000][2880][safepoint   ] Safepoint "ICBufferFull", Time since last: 26789917 ns, Reaching safepoint: 187064 ns, At safepoint: 19450 ns, Total: 206514 ns
[2021-04-03T05:51:06.356+0000][2880][safepoint   ] Safepoint "ICBufferFull", Time since last: 1012808 ns, Reaching safepoint: 90149 ns, At safepoint: 5536 ns, Total: 95685 ns
[2021-04-03T05:51:06.357+0000][2880][safepoint   ] Safepoint "ICBufferFull", Time since last: 967044 ns, Reaching safepoint: 104828 ns, At safepoint: 8087 ns, Total: 112915 ns
[2021-04-03T05:51:06.358+0000][2880][safepoint   ] Safepoint "ICBufferFull", Time since last: 968185 ns, Reaching safepoint: 35761 ns, At safepoint: 6576 ns, Total: 42337 ns
[2021-04-03T05:51:06.359+0000][2880][safepoint   ] Safepoint "ICBufferFull", Time since last: 867333 ns, Reaching safepoint: 74966 ns, At safepoint: 7886 ns, Total: 82852 ns
[2021-04-03T05:51:06.360+0000][2880][safepoint   ] Safepoint "ICBufferFull", Time since last: 1278520 ns, Reaching safepoint: 47757 ns, At safepoint: 6372 ns, Total: 54129 ns
[2021-04-03T05:51:06.361+0000][2880][safepoint   ] Safepoint "ICBufferFull", Time since last: 1057596 ns, Reaching safepoint: 72624 ns, At safepoint: 6764 ns, Total: 79388 ns
[2021-04-03T05:51:06.363+0000][2880][safepoint   ] Safepoint "ICBufferFull", Time since last: 1095324 ns, Reaching safepoint: 48394 ns, At safepoint: 5357 ns, Total: 53751 ns
[2021-04-03T05:51:06.364+0000][2880][safepoint   ] Safepoint "ICBufferFull", Time since last: 955616 ns, Reaching safepoint: 36737 ns, At safepoint: 6200 ns, Total: 42937 ns
[2021-04-03T05:51:06.364+0000][2880][safepoint   ] Safepoint "ICBufferFull", Time since last: 906507 ns, Reaching safepoint: 36271 ns, At safepoint: 6073 ns, Total: 42344 ns
[2021-04-03T05:51:06.366+0000][2880][safepoint   ] Safepoint "ICBufferFull", Time since last: 1055484 ns, Reaching safepoint: 52384 ns, At safepoint: 5810 ns, Total: 58194 ns
[2021-04-03T05:51:06.366+0000][2880][safepoint   ] Safepoint "ICBufferFull", Time since last: 866229 ns, Reaching safepoint: 45649 ns, At safepoint: 5612 ns, Total: 51261 ns
[2021-04-03T05:51:06.368+0000][2880][safepoint   ] Safepoint "ICBufferFull", Time since last: 1188605 ns, Reaching safepoint: 47173 ns, At safepoint: 8462 ns, Total: 55635 ns
[2021-04-03T05:51:06.369+0000][2880][safepoint   ] Safepoint "ICBufferFull", Time since last: 1220329 ns, Reaching safepoint: 91468 ns, At safepoint: 7467 ns, Total: 98935 ns
[2021-04-03T05:51:06.370+0000][2880][safepoint   ] Safepoint "ICBufferFull", Time since last: 897612 ns, Reaching safepoint: 33195 ns, At safepoint: 4851 ns, Total: 38046 ns
[2021-04-03T05:51:06.371+0000][2880][safepoint   ] Safepoint "ICBufferFull", Time since last: 849904 ns, Reaching safepoint: 29418 ns, At safepoint: 4233 ns, Total: 33651 ns
[2021-04-03T05:51:06.372+0000][2880][safepoint   ] Safepoint "ICBufferFull", Time since last: 932548 ns, Reaching safepoint: 36286 ns, At safepoint: 5599 ns, Total: 41885 ns
[2021-04-03T05:51:06.373+0000][2880][safepoint   ] Safepoint "ICBufferFull", Time since last: 1516341 ns, Reaching safepoint: 52266 ns, At safepoint: 5281 ns, Total: 57547 ns
[2021-04-03T05:51:06.404+0000][2880][safepoint   ] Safepoint "ICBufferFull", Time since last: 30894140 ns, Reaching safepoint: 86006 ns, At safepoint: 6261 ns, Total: 92267 ns
[2021-04-03T05:51:06.410+0000][2880][safepoint   ] Safepoint "ICBufferFull", Time since last: 5575576 ns, Reaching safepoint: 83864 ns, At safepoint: 5803 ns, Total: 89667 ns
[2021-04-03T05:51:06.412+0000][2880][safepoint   ] Safepoint "ICBufferFull", Time since last: 1524114 ns, Reaching safepoint: 133698 ns, At safepoint: 8282 ns, Total: 141980 ns
[2021-04-03T05:51:06.424+0000][2880][gc,start    ] GC(0) Pause Young (Normal) (G1 Evacuation Pause)
[2021-04-03T05:51:06.424+0000][2880][gc,task     ] GC(0) Using 4 workers of 4 for evacuation
[2021-04-03T05:51:06.424+0000][2880][gc,age      ] GC(0) Desired survivor size 14680064 bytes, new threshold 15 (max threshold 15)
[2021-04-03T05:51:06.437+0000][2880][gc,age      ] GC(0) Age table with threshold 15 (max threshold 15)
[2021-04-03T05:51:06.437+0000][2880][gc,age      ] GC(0) - age   1:    9351648 bytes,    9351648 total
[2021-04-03T05:51:06.437+0000][2880][gc,phases   ] GC(0)   Pre Evacuate Collection Set: 0.1ms
[2021-04-03T05:51:06.437+0000][2880][gc,phases   ] GC(0)   Merge Heap Roots: 0.0ms
[2021-04-03T05:51:06.437+0000][2880][gc,phases   ] GC(0)   Evacuate Collection Set: 11.1ms
[2021-04-03T05:51:06.437+0000][2880][gc,phases   ] GC(0)   Post Evacuate Collection Set: 0.8ms
[2021-04-03T05:51:06.437+0000][2880][gc,phases   ] GC(0)   Other: 0.3ms
[2021-04-03T05:51:06.437+0000][2880][gc,heap     ] GC(0) Eden regions: 49->0(46)
[2021-04-03T05:51:06.437+0000][2880][gc,heap     ] GC(0) Survivor regions: 0->3(7)
[2021-04-03T05:51:06.437+0000][2880][gc,heap     ] GC(0) Old regions: 0->0
[2021-04-03T05:51:06.437+0000][2880][gc,heap     ] GC(0) Archive regions: 2->2
[2021-04-03T05:51:06.437+0000][2880][gc,heap     ] GC(0) Humongous regions: 0->0
[2021-04-03T05:51:06.437+0000][2880][gc,metaspace] GC(0) Metaspace: 17023K(17536K)->17023K(17536K) NonClass: 15017K(15360K)->15017K(15360K) Class: 2005K(2176K)->2005K(2176K)
[2021-04-03T05:51:06.437+0000][2880][gc          ] GC(0) Pause Young (Normal) (G1 Evacuation Pause) 199M->12M(3940M) 12.538ms
[2021-04-03T05:51:06.437+0000][2880][gc,cpu      ] GC(0) User=0.04s Sys=0.00s Real=0.01s
[2021-04-03T05:51:06.437+0000][2880][safepoint   ] Safepoint "G1CollectForAllocation", Time since last: 12459008 ns, Reaching safepoint: 62097 ns, At safepoint: 12601221 ns, Total: 12663318 ns
[2021-04-03T05:51:06.511+0000][2880][safepoint   ] Safepoint "ICBufferFull", Time since last: 74490455 ns, Reaching safepoint: 65267 ns, At safepoint: 5390 ns, Total: 70657 ns
[2021-04-03T05:51:06.513+0000][2880][safepoint   ] Safepoint "ICBufferFull", Time since last: 1103447 ns, Reaching safepoint: 54970 ns, At safepoint: 8057 ns, Total: 63027 ns
[2021-04-03T05:51:06.514+0000][2880][safepoint   ] Safepoint "ICBufferFull", Time since last: 1569174 ns, Reaching safepoint: 65500 ns, At safepoint: 5475 ns, Total: 70975 ns
[2021-04-03T05:51:06.515+0000][2880][safepoint   ] Safepoint "ICBufferFull", Time since last: 1167208 ns, Reaching safepoint: 55521 ns, At safepoint: 5369 ns, Total: 60890 ns
[2021-04-03T05:51:06.516+0000][2880][safepoint   ] Safepoint "ICBufferFull", Time since last: 888071 ns, Reaching safepoint: 35287 ns, At safepoint: 3506 ns, Total: 38793 ns
[2021-04-03T05:51:06.517+0000][2880][safepoint   ] Safepoint "ICBufferFull", Time since last: 852803 ns, Reaching safepoint: 46104 ns, At safepoint: 3774 ns, Total: 49878 ns
[2021-04-03T05:51:06.518+0000][2880][safepoint   ] Safepoint "ICBufferFull", Time since last: 794190 ns, Reaching safepoint: 43105 ns, At safepoint: 3643 ns, Total: 46748 ns
[2021-04-03T05:51:06.519+0000][2880][safepoint   ] Safepoint "ICBufferFull", Time since last: 1006985 ns, Reaching safepoint: 41025 ns, At safepoint: 4085 ns, Total: 45110 ns
[2021-04-03T05:51:06.520+0000][2880][safepoint   ] Safepoint "ICBufferFull", Time since last: 853837 ns, Reaching safepoint: 31320 ns, At safepoint: 3424 ns, Total: 34744 ns
[2021-04-03T05:51:06.521+0000][2880][safepoint   ] Safepoint "ICBufferFull", Time since last: 883737 ns, Reaching safepoint: 37177 ns, At safepoint: 3429 ns, Total: 40606 ns
[2021-04-03T05:51:06.522+0000][2880][safepoint   ] Safepoint "ICBufferFull", Time since last: 821470 ns, Reaching safepoint: 33081 ns, At safepoint: 3377 ns, Total: 36458 ns
[2021-04-03T05:51:06.523+0000][2880][safepoint   ] Safepoint "ICBufferFull", Time since last: 836490 ns, Reaching safepoint: 31888 ns, At safepoint: 3719 ns, Total: 35607 ns
[2021-04-03T05:51:06.524+0000][2880][safepoint   ] Safepoint "ICBufferFull", Time since last: 890088 ns, Reaching safepoint: 34524 ns, At safepoint: 3695 ns, Total: 38219 ns
[2021-04-03T05:51:06.525+0000][2880][safepoint   ] Safepoint "ICBufferFull", Time since last: 859638 ns, Reaching safepoint: 34103 ns, At safepoint: 3265 ns, Total: 37368 ns
[2021-04-03T05:51:06.525+0000][2880][safepoint   ] Safepoint "ICBufferFull", Time since last: 823931 ns, Reaching safepoint: 30749 ns, At safepoint: 2848 ns, Total: 33597 ns
[2021-04-03T05:51:06.526+0000][2880][safepoint   ] Safepoint "ICBufferFull", Time since last: 794661 ns, Reaching safepoint: 32192 ns, At safepoint: 3766 ns, Total: 35958 ns
[2021-04-03T05:51:06.528+0000][2880][safepoint   ] Safepoint "ICBufferFull", Time since last: 1389113 ns, Reaching safepoint: 33133 ns, At safepoint: 3676 ns, Total: 36809 ns
[2021-04-03T05:51:06.530+0000][2880][safepoint   ] Safepoint "ICBufferFull", Time since last: 1950308 ns, Reaching safepoint: 48030 ns, At safepoint: 5109 ns, Total: 53139 ns
[2021-04-03T05:51:06.532+0000][2880][safepoint   ] Safepoint "ICBufferFull", Time since last: 2349798 ns, Reaching safepoint: 41439 ns, At safepoint: 5823 ns, Total: 47262 ns
[2021-04-03T05:51:06.905+0000][2880][safepoint   ] Safepoint "ICBufferFull", Time since last: 373345480 ns, Reaching safepoint: 66396 ns, At safepoint: 5299 ns, Total: 71695 ns
[2021-04-03T05:51:07.906+0000][2880][safepoint   ] Safepoint "Cleanup", Time since last: 1000100019 ns, Reaching safepoint: 86963 ns, At safepoint: 3461 ns, Total: 90424 ns
[2021-04-03T05:51:08.906+0000][2880][safepoint   ] Safepoint "Cleanup", Time since last: 1000103183 ns, Reaching safepoint: 137502 ns, At safepoint: 4814 ns, Total: 142316 ns
[2021-04-03T05:51:09.056+0000][2880][gc,start    ] GC(1) Pause Young (Normal) (G1 Evacuation Pause)
[2021-04-03T05:51:09.056+0000][2880][gc,task     ] GC(1) Using 4 workers of 4 for evacuation
[2021-04-03T05:51:09.056+0000][2880][gc,age      ] GC(1) Desired survivor size 14680064 bytes, new threshold 15 (max threshold 15)
[2021-04-03T05:51:09.065+0000][2880][gc,age      ] GC(1) Age table with threshold 15 (max threshold 15)
[2021-04-03T05:51:09.065+0000][2880][gc,age      ] GC(1) - age   1:    1841080 bytes,    1841080 total
[2021-04-03T05:51:09.065+0000][2880][gc,age      ] GC(1) - age   2:    9229800 bytes,   11070880 total
[2021-04-03T05:51:09.065+0000][2880][gc,phases   ] GC(1)   Pre Evacuate Collection Set: 0.1ms
[2021-04-03T05:51:09.065+0000][2880][gc,phases   ] GC(1)   Merge Heap Roots: 0.0ms
[2021-04-03T05:51:09.065+0000][2880][gc,phases   ] GC(1)   Evacuate Collection Set: 8.2ms
[2021-04-03T05:51:09.065+0000][2880][gc,phases   ] GC(1)   Post Evacuate Collection Set: 0.7ms
[2021-04-03T05:51:09.065+0000][2880][gc,phases   ] GC(1)   Other: 0.2ms
[2021-04-03T05:51:09.065+0000][2880][gc,heap     ] GC(1) Eden regions: 46->0(46)
[2021-04-03T05:51:09.065+0000][2880][gc,heap     ] GC(1) Survivor regions: 3->3(7)
[2021-04-03T05:51:09.065+0000][2880][gc,heap     ] GC(1) Old regions: 0->0
[2021-04-03T05:51:09.065+0000][2880][gc,heap     ] GC(1) Archive regions: 2->2
[2021-04-03T05:51:09.065+0000][2880][gc,heap     ] GC(1) Humongous regions: 0->0
[2021-04-03T05:51:09.065+0000][2880][gc,metaspace] GC(1) Metaspace: 18547K(19328K)->18547K(19328K) NonClass: 16363K(16896K)->16363K(16896K) Class: 2184K(2432K)->2184K(2432K)
[2021-04-03T05:51:09.065+0000][2880][gc          ] GC(1) Pause Young (Normal) (G1 Evacuation Pause) 196M->14M(3940M) 9.255ms
[2021-04-03T05:51:09.065+0000][2880][gc,cpu      ] GC(1) User=0.03s Sys=0.00s Real=0.01s
[2021-04-03T05:51:09.065+0000][2880][safepoint   ] Safepoint "G1CollectForAllocation", Time since last: 149878627 ns, Reaching safepoint: 63317 ns, At safepoint: 9321502 ns, Total: 9384819 ns
[2021-04-03T05:51:09.783+0000][2880][gc,start    ] GC(2) Pause Young (Normal) (G1 Evacuation Pause)
[2021-04-03T05:51:09.783+0000][2880][gc,task     ] GC(2) Using 4 workers of 4 for evacuation
[2021-04-03T05:51:09.783+0000][2880][gc,age      ] GC(2) Desired survivor size 14680064 bytes, new threshold 15 (max threshold 15)
[2021-04-03T05:51:09.796+0000][2880][gc,age      ] GC(2) Age table with threshold 15 (max threshold 15)
[2021-04-03T05:51:09.796+0000][2880][gc,age      ] GC(2) - age   1:    3674400 bytes,    3674400 total
[2021-04-03T05:51:09.796+0000][2880][gc,age      ] GC(2) - age   2:    1519584 bytes,    5193984 total
[2021-04-03T05:51:09.796+0000][2880][gc,age      ] GC(2) - age   3:    9229592 bytes,   14423576 total
[2021-04-03T05:51:09.796+0000][2880][gc,phases   ] GC(2)   Pre Evacuate Collection Set: 0.1ms
[2021-04-03T05:51:09.796+0000][2880][gc,phases   ] GC(2)   Merge Heap Roots: 0.1ms
[2021-04-03T05:51:09.796+0000][2880][gc,phases   ] GC(2)   Evacuate Collection Set: 12.1ms
[2021-04-03T05:51:09.796+0000][2880][gc,phases   ] GC(2)   Post Evacuate Collection Set: 0.6ms
[2021-04-03T05:51:09.796+0000][2880][gc,phases   ] GC(2)   Other: 0.2ms
[2021-04-03T05:51:09.796+0000][2880][gc,heap     ] GC(2) Eden regions: 46->0(50)
[2021-04-03T05:51:09.796+0000][2880][gc,heap     ] GC(2) Survivor regions: 3->4(7)
[2021-04-03T05:51:09.796+0000][2880][gc,heap     ] GC(2) Old regions: 0->0
[2021-04-03T05:51:09.796+0000][2880][gc,heap     ] GC(2) Archive regions: 2->2
[2021-04-03T05:51:09.796+0000][2880][gc,heap     ] GC(2) Humongous regions: 0->0
[2021-04-03T05:51:09.796+0000][2880][gc,metaspace] GC(2) Metaspace: 18974K(19584K)->18974K(19584K) NonClass: 16732K(17152K)->16732K(17152K) Class: 2242K(2432K)->2242K(2432K)
[2021-04-03T05:51:09.796+0000][2880][gc          ] GC(2) Pause Young (Normal) (G1 Evacuation Pause) 198M->18M(3940M) 13.233ms
[2021-04-03T05:51:09.796+0000][2880][gc,cpu      ] GC(2) User=0.05s Sys=0.00s Real=0.01s
[2021-04-03T05:51:09.796+0000][2880][safepoint   ] Safepoint "G1CollectForAllocation", Time since last: 717724782 ns, Reaching safepoint: 89414 ns, At safepoint: 13304082 ns, Total: 13393496 ns
[2021-04-03T05:51:10.917+0000][2880][gc,start    ] GC(3) Pause Young (Normal) (G1 Evacuation Pause)
[2021-04-03T05:51:10.917+0000][2880][gc,task     ] GC(3) Using 4 workers of 4 for evacuation
[2021-04-03T05:51:10.917+0000][2880][gc,age      ] GC(3) Desired survivor size 14680064 bytes, new threshold 15 (max threshold 15)
[2021-04-03T05:51:10.930+0000][2880][gc,age      ] GC(3) Age table with threshold 15 (max threshold 15)
[2021-04-03T05:51:10.930+0000][2880][gc,age      ] GC(3) - age   1:     924144 bytes,     924144 total
[2021-04-03T05:51:10.930+0000][2880][gc,age      ] GC(3) - age   2:    1782912 bytes,    2707056 total
[2021-04-03T05:51:10.930+0000][2880][gc,age      ] GC(3) - age   3:    1519272 bytes,    4226328 total
[2021-04-03T05:51:10.930+0000][2880][gc,age      ] GC(3) - age   4:    9229336 bytes,   13455664 total
[2021-04-03T05:51:10.930+0000][2880][gc,phases   ] GC(3)   Pre Evacuate Collection Set: 0.1ms
[2021-04-03T05:51:10.930+0000][2880][gc,phases   ] GC(3)   Merge Heap Roots: 0.0ms
[2021-04-03T05:51:10.930+0000][2880][gc,phases   ] GC(3)   Evacuate Collection Set: 12.0ms
[2021-04-03T05:51:10.930+0000][2880][gc,phases   ] GC(3)   Post Evacuate Collection Set: 0.7ms
[2021-04-03T05:51:10.930+0000][2880][gc,phases   ] GC(3)   Other: 0.2ms
[2021-04-03T05:51:10.930+0000][2880][gc,heap     ] GC(3) Eden regions: 50->0(141)
[2021-04-03T05:51:10.930+0000][2880][gc,heap     ] GC(3) Survivor regions: 4->4(7)
[2021-04-03T05:51:10.930+0000][2880][gc,heap     ] GC(3) Old regions: 0->0
[2021-04-03T05:51:10.930+0000][2880][gc,heap     ] GC(3) Archive regions: 2->2
[2021-04-03T05:51:10.930+0000][2880][gc,heap     ] GC(3) Humongous regions: 0->0
[2021-04-03T05:51:10.930+0000][2880][gc,metaspace] GC(3) Metaspace: 19411K(20224K)->19411K(20224K) NonClass: 17097K(17664K)->17097K(17664K) Class: 2314K(2560K)->2314K(2560K)
[2021-04-03T05:51:10.930+0000][2880][gc          ] GC(3) Pause Young (Normal) (G1 Evacuation Pause) 218M->18M(3940M) 13.082ms
[2021-04-03T05:51:10.930+0000][2880][gc,cpu      ] GC(3) User=0.04s Sys=0.00s Real=0.01s
[2021-04-03T05:51:10.930+0000][2880][safepoint   ] Safepoint "G1CollectForAllocation", Time since last: 1120881971 ns, Reaching safepoint: 129122 ns, At safepoint: 13147922 ns, Total: 13277044 ns
[2021-04-03T05:51:11.931+0000][2880][safepoint   ] Safepoint "Cleanup", Time since last: 1000082570 ns, Reaching safepoint: 74659 ns, At safepoint: 4153 ns, Total: 78812 ns
[2021-04-03T05:51:12.931+0000][2880][safepoint   ] Safepoint "Cleanup", Time since last: 1000115280 ns, Reaching safepoint: 148810 ns, At safepoint: 8275 ns, Total: 157085 ns
[2021-04-03T05:51:13.169+0000][2880][gc,start    ] GC(4) Pause Young (Normal) (G1 Evacuation Pause)
[2021-04-03T05:51:13.169+0000][2880][gc,task     ] GC(4) Using 4 workers of 4 for evacuation
[2021-04-03T05:51:13.169+0000][2880][gc,age      ] GC(4) Desired survivor size 39845888 bytes, new threshold 15 (max threshold 15)
[2021-04-03T05:51:13.183+0000][2880][gc,age      ] GC(4) Age table with threshold 15 (max threshold 15)
[2021-04-03T05:51:13.183+0000][2880][gc,age      ] GC(4) - age   1:    3390616 bytes,    3390616 total
[2021-04-03T05:51:13.183+0000][2880][gc,age      ] GC(4) - age   2:     881184 bytes,    4271800 total
[2021-04-03T05:51:13.183+0000][2880][gc,age      ] GC(4) - age   3:    1782912 bytes,    6054712 total
[2021-04-03T05:51:13.183+0000][2880][gc,age      ] GC(4) - age   4:    1514752 bytes,    7569464 total
[2021-04-03T05:51:13.183+0000][2880][gc,age      ] GC(4) - age   5:    9229072 bytes,   16798536 total
[2021-04-03T05:51:13.184+0000][2880][gc,phases   ] GC(4)   Pre Evacuate Collection Set: 0.2ms
[2021-04-03T05:51:13.184+0000][2880][gc,phases   ] GC(4)   Merge Heap Roots: 0.0ms
[2021-04-03T05:51:13.184+0000][2880][gc,phases   ] GC(4)   Evacuate Collection Set: 13.2ms
[2021-04-03T05:51:13.184+0000][2880][gc,phases   ] GC(4)   Post Evacuate Collection Set: 0.7ms
[2021-04-03T05:51:13.184+0000][2880][gc,phases   ] GC(4)   Other: 0.3ms
[2021-04-03T05:51:13.184+0000][2880][gc,heap     ] GC(4) Eden regions: 141->0(586)
[2021-04-03T05:51:13.184+0000][2880][gc,heap     ] GC(4) Survivor regions: 4->5(19)
[2021-04-03T05:51:13.184+0000][2880][gc,heap     ] GC(4) Old regions: 0->0
[2021-04-03T05:51:13.184+0000][2880][gc,heap     ] GC(4) Archive regions: 2->2
[2021-04-03T05:51:13.184+0000][2880][gc,heap     ] GC(4) Humongous regions: 0->0
[2021-04-03T05:51:13.184+0000][2880][gc,metaspace] GC(4) Metaspace: 19926K(21120K)->19926K(21120K) NonClass: 17544K(18432K)->17544K(18432K) Class: 2382K(2688K)->2382K(2688K)
[2021-04-03T05:51:13.184+0000][2880][gc          ] GC(4) Pause Young (Normal) (G1 Evacuation Pause) 582M->20M(3940M) 14.492ms
[2021-04-03T05:51:13.184+0000][2880][gc,cpu      ] GC(4) User=0.06s Sys=0.00s Real=0.02s
[2021-04-03T05:51:13.184+0000][2880][safepoint   ] Safepoint "G1CollectForAllocation", Time since last: 238111585 ns, Reaching safepoint: 100219 ns, At safepoint: 14567452 ns, Total: 14667671 ns
[2021-04-03T05:51:14.184+0000][2880][safepoint   ] Safepoint "Cleanup", Time since last: 1000105150 ns, Reaching safepoint: 131368 ns, At safepoint: 6678 ns, Total: 138046 ns
[2021-04-03T05:51:14.386+0000][2880][gc,start    ] GC(5) Pause Young (Concurrent Start) (Metadata GC Threshold)
[2021-04-03T05:51:14.386+0000][2880][gc,task     ] GC(5) Using 4 workers of 4 for evacuation
[2021-04-03T05:51:14.386+0000][2880][gc,age      ] GC(5) Desired survivor size 155189248 bytes, new threshold 15 (max threshold 15)
[2021-04-03T05:51:14.400+0000][2880][gc,age      ] GC(5) Age table with threshold 15 (max threshold 15)
[2021-04-03T05:51:14.400+0000][2880][gc,age      ] GC(5) - age   1:     473240 bytes,     473240 total
[2021-04-03T05:51:14.400+0000][2880][gc,age      ] GC(5) - age   2:    2445696 bytes,    2918936 total
[2021-04-03T05:51:14.400+0000][2880][gc,age      ] GC(5) - age   3:     880512 bytes,    3799448 total
[2021-04-03T05:51:14.400+0000][2880][gc,age      ] GC(5) - age   4:    1782912 bytes,    5582360 total
[2021-04-03T05:51:14.400+0000][2880][gc,age      ] GC(5) - age   5:    1514400 bytes,    7096760 total
[2021-04-03T05:51:14.400+0000][2880][gc,age      ] GC(5) - age   6:    9229072 bytes,   16325832 total
[2021-04-03T05:51:14.400+0000][2880][gc,phases   ] GC(5)   Pre Evacuate Collection Set: 0.2ms
[2021-04-03T05:51:14.400+0000][2880][gc,phases   ] GC(5)   Merge Heap Roots: 0.1ms
[2021-04-03T05:51:14.400+0000][2880][gc,phases   ] GC(5)   Evacuate Collection Set: 12.5ms
[2021-04-03T05:51:14.400+0000][2880][gc,phases   ] GC(5)   Post Evacuate Collection Set: 0.7ms
[2021-04-03T05:51:14.400+0000][2880][gc,phases   ] GC(5)   Other: 0.3ms
[2021-04-03T05:51:14.400+0000][2880][gc,heap     ] GC(5) Eden regions: 89->0(586)
[2021-04-03T05:51:14.400+0000][2880][gc,heap     ] GC(5) Survivor regions: 5->5(74)
[2021-04-03T05:51:14.400+0000][2880][gc,heap     ] GC(5) Old regions: 0->0
[2021-04-03T05:51:14.400+0000][2880][gc,heap     ] GC(5) Archive regions: 2->2
[2021-04-03T05:51:14.400+0000][2880][gc,heap     ] GC(5) Humongous regions: 0->0
[2021-04-03T05:51:14.400+0000][2880][gc,metaspace] GC(5) Metaspace: 20200K(21296K)->20200K(21296K) NonClass: 17766K(18608K)->17766K(18608K) Class: 2433K(2688K)->2433K(2688K)
[2021-04-03T05:51:14.400+0000][2880][gc          ] GC(5) Pause Young (Concurrent Start) (Metadata GC Threshold) 376M->21M(3940M) 13.776ms
[2021-04-03T05:51:14.400+0000][2880][gc,cpu      ] GC(5) User=0.04s Sys=0.00s Real=0.01s
[2021-04-03T05:51:14.400+0000][2880][gc          ] GC(6) Concurrent Cycle
[2021-04-03T05:51:14.400+0000][2880][gc,marking  ] GC(6) Concurrent Clear Claimed Marks
[2021-04-03T05:51:14.400+0000][2880][gc,marking  ] GC(6) Concurrent Clear Claimed Marks 0.023ms
[2021-04-03T05:51:14.400+0000][2880][gc,marking  ] GC(6) Concurrent Scan Root Regions
[2021-04-03T05:51:14.400+0000][2880][safepoint   ] Safepoint "CollectForMetadataAllocation", Time since last: 202324477 ns, Reaching safepoint: 58903 ns, At safepoint: 13997273 ns, Total: 14056176 ns
[2021-04-03T05:51:14.409+0000][2880][gc,marking  ] GC(6) Concurrent Scan Root Regions 9.102ms
[2021-04-03T05:51:14.409+0000][2880][gc,marking  ] GC(6) Concurrent Mark (15.942s)
[2021-04-03T05:51:14.409+0000][2880][gc,marking  ] GC(6) Concurrent Mark From Roots
[2021-04-03T05:51:14.409+0000][2880][gc,task     ] GC(6) Using 1 workers of 1 for marking
[2021-04-03T05:51:14.411+0000][2880][gc,marking  ] GC(6) Concurrent Mark From Roots 2.075ms
[2021-04-03T05:51:14.411+0000][2880][gc,marking  ] GC(6) Concurrent Preclean
[2021-04-03T05:51:14.412+0000][2880][gc,marking  ] GC(6) Concurrent Preclean 0.068ms
[2021-04-03T05:51:14.412+0000][2880][gc,marking  ] GC(6) Concurrent Mark (15.942s, 15.945s) 2.184ms
[2021-04-03T05:51:14.412+0000][2880][gc,start    ] GC(6) Pause Remark
[2021-04-03T05:51:14.415+0000][2880][gc          ] GC(6) Pause Remark 25M->25M(3940M) 3.240ms
[2021-04-03T05:51:14.415+0000][2880][gc,cpu      ] GC(6) User=0.01s Sys=0.00s Real=0.01s
[2021-04-03T05:51:14.415+0000][2880][safepoint   ] Safepoint "G1Concurrent", Time since last: 11300148 ns, Reaching safepoint: 58619 ns, At safepoint: 3314166 ns, Total: 3372785 ns
[2021-04-03T05:51:14.415+0000][2880][gc,marking  ] GC(6) Concurrent Rebuild Remembered Sets
[2021-04-03T05:51:14.416+0000][2880][gc,marking  ] GC(6) Concurrent Rebuild Remembered Sets 0.561ms
[2021-04-03T05:51:14.416+0000][2880][gc,start    ] GC(6) Pause Cleanup
[2021-04-03T05:51:14.416+0000][2880][gc          ] GC(6) Pause Cleanup 25M->25M(3940M) 0.152ms
[2021-04-03T05:51:14.416+0000][2880][gc,cpu      ] GC(6) User=0.00s Sys=0.00s Real=0.00s
[2021-04-03T05:51:14.416+0000][2880][safepoint   ] Safepoint "G1Concurrent", Time since last: 613743 ns, Reaching safepoint: 359385 ns, At safepoint: 187229 ns, Total: 546614 ns
[2021-04-03T05:51:14.416+0000][2880][gc,marking  ] GC(6) Concurrent Cleanup for Next Mark
[2021-04-03T05:51:14.422+0000][2880][gc,marking  ] GC(6) Concurrent Cleanup for Next Mark 5.495ms
[2021-04-03T05:51:14.422+0000][2880][gc          ] GC(6) Concurrent Cycle 21.510ms
[2021-04-03T05:51:15.416+0000][2880][safepoint   ] Safepoint "Cleanup", Time since last: 1000103652 ns, Reaching safepoint: 74889 ns, At safepoint: 3278 ns, Total: 78167 ns
[2021-04-03T05:51:17.417+0000][2880][safepoint   ] Safepoint "Cleanup", Time since last: 2000266862 ns, Reaching safepoint: 56263 ns, At safepoint: 5300 ns, Total: 61563 ns
[2021-04-03T05:51:18.417+0000][2880][safepoint   ] Safepoint "Cleanup", Time since last: 1000103599 ns, Reaching safepoint: 66200 ns, At safepoint: 3466 ns, Total: 69666 ns
[2021-04-03T05:51:19.417+0000][2880][safepoint   ] Safepoint "Cleanup", Time since last: 1000106031 ns, Reaching safepoint: 132947 ns, At safepoint: 4902 ns, Total: 137849 ns
[2021-04-03T05:51:20.417+0000][2880][safepoint   ] Safepoint "Cleanup", Time since last: 1000111432 ns, Reaching safepoint: 65758 ns, At safepoint: 3023 ns, Total: 68781 ns
[2021-04-03T05:51:21.418+0000][2880][safepoint   ] Safepoint "Cleanup", Time since last: 1000110953 ns, Reaching safepoint: 329250 ns, At safepoint: 8341 ns, Total: 337591 ns
[2021-04-03T05:51:22.418+0000][2880][safepoint   ] Safepoint "Cleanup", Time since last: 1000230524 ns, Reaching safepoint: 175262 ns, At safepoint: 8322 ns, Total: 183584 ns
[2021-04-03T05:51:23.492+0000][2880][safepoint   ] Safepoint "Cleanup", Time since last: 1073934662 ns, Reaching safepoint: 78012 ns, At safepoint: 4260 ns, Total: 82272 ns
[2021-04-03T05:51:24.647+0000][2880][safepoint   ] Safepoint "Cleanup", Time since last: 1154632348 ns, Reaching safepoint: 252900 ns, At safepoint: 7126 ns, Total: 260026 ns
[2021-04-03T05:51:25.647+0000][2880][safepoint   ] Safepoint "Cleanup", Time since last: 1000113567 ns, Reaching safepoint: 109927 ns, At safepoint: 4420 ns, Total: 114347 ns
[2021-04-03T05:51:26.647+0000][2880][safepoint   ] Safepoint "Cleanup", Time since last: 1000111368 ns, Reaching safepoint: 65261 ns, At safepoint: 4356 ns, Total: 69617 ns
[2021-04-03T05:51:27.543+0000][2880][gc,start    ] GC(7) Pause Young (Concurrent Start) (Metadata GC Threshold)
[2021-04-03T05:51:27.543+0000][2880][gc,task     ] GC(7) Using 4 workers of 4 for evacuation
[2021-04-03T05:51:27.543+0000][2880][gc,age      ] GC(7) Desired survivor size 155189248 bytes, new threshold 15 (max threshold 15)
[2021-04-03T05:51:27.604+0000][2880][gc,age      ] GC(7) Age table with threshold 15 (max threshold 15)
[2021-04-03T05:51:27.604+0000][2880][gc,age      ] GC(7) - age   1:   41469696 bytes,   41469696 total
[2021-04-03T05:51:27.604+0000][2880][gc,age      ] GC(7) - age   2:     438560 bytes,   41908256 total
[2021-04-03T05:51:27.604+0000][2880][gc,age      ] GC(7) - age   3:    2420768 bytes,   44329024 total
[2021-04-03T05:51:27.604+0000][2880][gc,age      ] GC(7) - age   4:     869344 bytes,   45198368 total
[2021-04-03T05:51:27.604+0000][2880][gc,age      ] GC(7) - age   5:    1772736 bytes,   46971104 total
[2021-04-03T05:51:27.604+0000][2880][gc,age      ] GC(7) - age   6:    1504416 bytes,   48475520 total
[2021-04-03T05:51:27.604+0000][2880][gc,age      ] GC(7) - age   7:    9115784 bytes,   57591304 total
[2021-04-03T05:51:27.604+0000][2880][gc,phases   ] GC(7)   Pre Evacuate Collection Set: 0.2ms
[2021-04-03T05:51:27.604+0000][2880][gc,phases   ] GC(7)   Merge Heap Roots: 0.0ms
[2021-04-03T05:51:27.604+0000][2880][gc,phases   ] GC(7)   Evacuate Collection Set: 58.9ms
[2021-04-03T05:51:27.604+0000][2880][gc,phases   ] GC(7)   Post Evacuate Collection Set: 1.6ms
[2021-04-03T05:51:27.604+0000][2880][gc,phases   ] GC(7)   Other: 0.3ms
[2021-04-03T05:51:27.604+0000][2880][gc,heap     ] GC(7) Eden regions: 341->0(528)
[2021-04-03T05:51:27.604+0000][2880][gc,heap     ] GC(7) Survivor regions: 5->15(74)
[2021-04-03T05:51:27.604+0000][2880][gc,heap     ] GC(7) Old regions: 0->0
[2021-04-03T05:51:27.604+0000][2880][gc,heap     ] GC(7) Archive regions: 2->2
[2021-04-03T05:51:27.604+0000][2880][gc,heap     ] GC(7) Humongous regions: 0->0
[2021-04-03T05:51:27.604+0000][2880][gc,metaspace] GC(7) Metaspace: 33600K(35888K)->33600K(35888K) NonClass: 29343K(30896K)->29343K(30896K) Class: 4257K(4992K)->4257K(4992K)
[2021-04-03T05:51:27.604+0000][2880][gc          ] GC(7) Pause Young (Concurrent Start) (Metadata GC Threshold) 1383M->61M(3940M) 61.135ms
[2021-04-03T05:51:27.604+0000][2880][gc,cpu      ] GC(7) User=0.23s Sys=0.01s Real=0.06s
[2021-04-03T05:51:27.604+0000][2880][gc          ] GC(8) Concurrent Cycle
[2021-04-03T05:51:27.604+0000][2880][gc,marking  ] GC(8) Concurrent Clear Claimed Marks
[2021-04-03T05:51:27.604+0000][2880][gc,marking  ] GC(8) Concurrent Clear Claimed Marks 0.056ms
[2021-04-03T05:51:27.604+0000][2880][gc,marking  ] GC(8) Concurrent Scan Root Regions
[2021-04-03T05:51:27.604+0000][2880][safepoint   ] Safepoint "CollectForMetadataAllocation", Time since last: 895000750 ns, Reaching safepoint: 188604 ns, At safepoint: 61347531 ns, Total: 61536135 ns
[2021-04-03T05:51:27.650+0000][2880][gc,marking  ] GC(8) Concurrent Scan Root Regions 45.679ms
[2021-04-03T05:51:27.650+0000][2880][gc,marking  ] GC(8) Concurrent Mark (29.183s)
[2021-04-03T05:51:27.650+0000][2880][gc,marking  ] GC(8) Concurrent Mark From Roots
[2021-04-03T05:51:27.650+0000][2880][gc,task     ] GC(8) Using 1 workers of 1 for marking
[2021-04-03T05:51:27.652+0000][2880][gc,marking  ] GC(8) Concurrent Mark From Roots 2.153ms
[2021-04-03T05:51:27.652+0000][2880][gc,marking  ] GC(8) Concurrent Preclean
[2021-04-03T05:51:27.652+0000][2880][gc,marking  ] GC(8) Concurrent Preclean 0.093ms
[2021-04-03T05:51:27.652+0000][2880][gc,marking  ] GC(8) Concurrent Mark (29.183s, 29.185s) 2.316ms
[2021-04-03T05:51:27.652+0000][2880][gc,start    ] GC(8) Pause Remark
[2021-04-03T05:51:27.656+0000][2880][gc          ] GC(8) Pause Remark 63M->63M(3940M) 4.131ms
[2021-04-03T05:51:27.656+0000][2880][gc,cpu      ] GC(8) User=0.01s Sys=0.00s Real=0.01s
[2021-04-03T05:51:27.656+0000][2880][safepoint   ] Safepoint "G1Concurrent", Time since last: 48031771 ns, Reaching safepoint: 71919 ns, At safepoint: 4195038 ns, Total: 4266957 ns
[2021-04-03T05:51:27.656+0000][2880][gc,marking  ] GC(8) Concurrent Rebuild Remembered Sets
[2021-04-03T05:51:27.657+0000][2880][gc,marking  ] GC(8) Concurrent Rebuild Remembered Sets 0.863ms
[2021-04-03T05:51:27.658+0000][2880][gc,start    ] GC(8) Pause Cleanup
[2021-04-03T05:51:27.658+0000][2880][gc          ] GC(8) Pause Cleanup 63M->63M(3940M) 0.149ms
[2021-04-03T05:51:27.658+0000][2880][gc,cpu      ] GC(8) User=0.00s Sys=0.00s Real=0.00s
[2021-04-03T05:51:27.659+0000][2880][safepoint   ] Safepoint "G1Concurrent", Time since last: 933447 ns, Reaching safepoint: 1128714 ns, At safepoint: 188440 ns, Total: 1317154 ns
[2021-04-03T05:51:27.659+0000][2880][gc,marking  ] GC(8) Concurrent Cleanup for Next Mark
[2021-04-03T05:51:27.665+0000][2880][gc,marking  ] GC(8) Concurrent Cleanup for Next Mark 6.544ms
[2021-04-03T05:51:27.665+0000][2880][gc          ] GC(8) Concurrent Cycle 61.337ms
[2021-04-03T05:51:28.974+0000][2880][safepoint   ] Safepoint "Cleanup", Time since last: 1315617162 ns, Reaching safepoint: 177274 ns, At safepoint: 5253 ns, Total: 182527 ns
[2021-04-03T05:51:30.016+0000][2880][safepoint   ] Safepoint "Cleanup", Time since last: 1041772195 ns, Reaching safepoint: 372936 ns, At safepoint: 8110 ns, Total: 381046 ns
[2021-04-03T05:51:31.410+0000][2880][safepoint   ] Safepoint "Cleanup", Time since last: 1393679184 ns, Reaching safepoint: 144877 ns, At safepoint: 6679 ns, Total: 151556 ns
[2021-04-03T05:51:32.722+0000][2880][safepoint   ] Safepoint "Cleanup", Time since last: 1311507400 ns, Reaching safepoint: 173130 ns, At safepoint: 9210 ns, Total: 182340 ns
[2021-04-03T05:51:33.722+0000][2880][safepoint   ] Safepoint "Cleanup", Time since last: 1000207753 ns, Reaching safepoint: 139804 ns, At safepoint: 8684 ns, Total: 148488 ns
[2021-04-03T05:51:34.741+0000][2880][safepoint   ] Safepoint "Cleanup", Time since last: 1000128849 ns, Reaching safepoint: 18118075 ns, At safepoint: 10428 ns, Total: 18128503 ns
[2021-04-03T05:51:35.771+0000][2880][safepoint   ] Safepoint "Cleanup", Time since last: 1000139676 ns, Reaching safepoint: 30280570 ns, At safepoint: 7642 ns, Total: 30288212 ns
[2021-04-03T05:51:36.711+0000][2880][gc,start    ] GC(9) Pause Young (Concurrent Start) (Metadata GC Threshold)
[2021-04-03T05:51:36.711+0000][2880][gc,task     ] GC(9) Using 4 workers of 4 for evacuation
[2021-04-03T05:51:36.711+0000][2880][gc,age      ] GC(9) Desired survivor size 155189248 bytes, new threshold 15 (max threshold 15)
[2021-04-03T05:51:36.783+0000][2880][gc,age      ] GC(9) Age table with threshold 15 (max threshold 15)
[2021-04-03T05:51:36.783+0000][2880][gc,age      ] GC(9) - age   1:    9085616 bytes,    9085616 total
[2021-04-03T05:51:36.783+0000][2880][gc,age      ] GC(9) - age   2:   41139696 bytes,   50225312 total
[2021-04-03T05:51:36.783+0000][2880][gc,age      ] GC(9) - age   3:     428472 bytes,   50653784 total
[2021-04-03T05:51:36.783+0000][2880][gc,age      ] GC(9) - age   4:    2415744 bytes,   53069528 total
[2021-04-03T05:51:36.783+0000][2880][gc,age      ] GC(9) - age   5:     858760 bytes,   53928288 total
[2021-04-03T05:51:36.783+0000][2880][gc,age      ] GC(9) - age   6:    1769016 bytes,   55697304 total
[2021-04-03T05:51:36.783+0000][2880][gc,age      ] GC(9) - age   7:    1501304 bytes,   57198608 total
[2021-04-03T05:51:36.783+0000][2880][gc,age      ] GC(9) - age   8:    9064552 bytes,   66263160 total
[2021-04-03T05:51:36.783+0000][2880][gc,phases   ] GC(9)   Pre Evacuate Collection Set: 0.1ms
[2021-04-03T05:51:36.783+0000][2880][gc,phases   ] GC(9)   Merge Heap Roots: 0.0ms
[2021-04-03T05:51:36.783+0000][2880][gc,phases   ] GC(9)   Evacuate Collection Set: 69.2ms
[2021-04-03T05:51:36.783+0000][2880][gc,phases   ] GC(9)   Post Evacuate Collection Set: 1.8ms
[2021-04-03T05:51:36.783+0000][2880][gc,phases   ] GC(9)   Other: 0.3ms
[2021-04-03T05:51:36.783+0000][2880][gc,heap     ] GC(9) Eden regions: 81->0(32)
[2021-04-03T05:51:36.783+0000][2880][gc,heap     ] GC(9) Survivor regions: 15->17(74)
[2021-04-03T05:51:36.783+0000][2880][gc,heap     ] GC(9) Old regions: 0->0
[2021-04-03T05:51:36.783+0000][2880][gc,heap     ] GC(9) Archive regions: 2->2
[2021-04-03T05:51:36.783+0000][2880][gc,heap     ] GC(9) Humongous regions: 0->0
[2021-04-03T05:51:36.783+0000][2880][gc,metaspace] GC(9) Metaspace: 57167K(60240K)->57167K(60240K) NonClass: 49638K(51792K)->49638K(51792K) Class: 7528K(8448K)->7528K(8448K)
[2021-04-03T05:51:36.783+0000][2880][gc          ] GC(9) Pause Young (Concurrent Start) (Metadata GC Threshold) 385M->71M(3940M) 71.517ms
[2021-04-03T05:51:36.783+0000][2880][gc,cpu      ] GC(9) User=0.27s Sys=0.00s Real=0.08s
[2021-04-03T05:51:36.783+0000][2880][gc          ] GC(10) Concurrent Cycle
[2021-04-03T05:51:36.783+0000][2880][gc,marking  ] GC(10) Concurrent Clear Claimed Marks
[2021-04-03T05:51:36.783+0000][2880][gc,marking  ] GC(10) Concurrent Clear Claimed Marks 0.063ms
[2021-04-03T05:51:36.783+0000][2880][gc,marking  ] GC(10) Concurrent Scan Root Regions
[2021-04-03T05:51:36.783+0000][2880][safepoint   ] Safepoint "CollectForMetadataAllocation", Time since last: 940219391 ns, Reaching safepoint: 173845 ns, At safepoint: 71742219 ns, Total: 71916064 ns
[2021-04-03T05:51:36.826+0000][2880][gc,marking  ] GC(10) Concurrent Scan Root Regions 42.788ms
[2021-04-03T05:51:36.826+0000][2880][gc,marking  ] GC(10) Concurrent Mark (38.359s)
[2021-04-03T05:51:36.826+0000][2880][gc,marking  ] GC(10) Concurrent Mark From Roots
[2021-04-03T05:51:36.826+0000][2880][gc,task     ] GC(10) Using 1 workers of 1 for marking
[2021-04-03T05:51:36.828+0000][2880][gc,marking  ] GC(10) Concurrent Mark From Roots 2.026ms
[2021-04-03T05:51:36.828+0000][2880][gc,marking  ] GC(10) Concurrent Preclean
[2021-04-03T05:51:36.828+0000][2880][gc,marking  ] GC(10) Concurrent Preclean 0.066ms
[2021-04-03T05:51:36.828+0000][2880][gc,marking  ] GC(10) Concurrent Mark (38.359s, 38.361s) 2.136ms
[2021-04-03T05:51:37.045+0000][2880][gc,start    ] GC(10) Pause Remark
[2021-04-03T05:51:37.053+0000][2880][gc          ] GC(10) Pause Remark 74M->74M(3940M) 8.504ms
[2021-04-03T05:51:37.053+0000][2880][gc,cpu      ] GC(10) User=0.03s Sys=0.00s Real=0.01s
[2021-04-03T05:51:37.053+0000][2880][safepoint   ] Safepoint "G1Concurrent", Time since last: 44948230 ns, Reaching safepoint: 216384614 ns, At safepoint: 8593283 ns, Total: 224977897 ns
[2021-04-03T05:51:37.053+0000][2880][gc,marking  ] GC(10) Concurrent Rebuild Remembered Sets
[2021-04-03T05:51:37.054+0000][2880][gc,marking  ] GC(10) Concurrent Rebuild Remembered Sets 0.969ms
[2021-04-03T05:51:37.147+0000][2880][gc,start    ] GC(10) Pause Cleanup
[2021-04-03T05:51:37.147+0000][2880][gc          ] GC(10) Pause Cleanup 74M->74M(3940M) 0.325ms
[2021-04-03T05:51:37.147+0000][2880][gc,cpu      ] GC(10) User=0.00s Sys=0.00s Real=0.00s
[2021-04-03T05:51:37.147+0000][2880][safepoint   ] Safepoint "G1Concurrent", Time since last: 1024631 ns, Reaching safepoint: 92768678 ns, At safepoint: 469587 ns, Total: 93238265 ns
[2021-04-03T05:51:37.147+0000][2880][gc,marking  ] GC(10) Concurrent Cleanup for Next Mark
[2021-04-03T05:51:37.158+0000][2880][gc,marking  ] GC(10) Concurrent Cleanup for Next Mark 11.047ms
[2021-04-03T05:51:37.158+0000][2880][gc          ] GC(10) Concurrent Cycle 375.486ms
[2021-04-03T05:51:38.148+0000][2880][safepoint   ] Safepoint "Cleanup", Time since last: 1000127651 ns, Reaching safepoint: 131662 ns, At safepoint: 6778 ns, Total: 138440 ns
[2021-04-03T05:51:39.148+0000][2880][safepoint   ] Safepoint "Cleanup", Time since last: 1000103815 ns, Reaching safepoint: 169201 ns, At safepoint: 6144 ns, Total: 175345 ns
[2021-04-03T05:51:40.151+0000][2880][safepoint   ] Safepoint "Cleanup", Time since last: 1000119069 ns, Reaching safepoint: 3369434 ns, At safepoint: 4032 ns, Total: 3373466 ns
[2021-04-03T05:51:41.638+0000][2880][safepoint   ] Safepoint "Cleanup", Time since last: 1486339087 ns, Reaching safepoint: 742508 ns, At safepoint: 19714 ns, Total: 762222 ns
[2021-04-03T05:51:42.343+0000][2880][gc,start    ] GC(11) Pause Young (Normal) (G1 Evacuation Pause)
[2021-04-03T05:51:42.343+0000][2880][gc,task     ] GC(11) Using 4 workers of 4 for evacuation
[2021-04-03T05:51:42.343+0000][2880][gc,age      ] GC(11) Desired survivor size 14680064 bytes, new threshold 2 (max threshold 15)
[2021-04-03T05:51:42.415+0000][2880][gc,age      ] GC(11) Age table with threshold 2 (max threshold 15)
[2021-04-03T05:51:42.415+0000][2880][gc,age      ] GC(11) - age   1:    4265088 bytes,    4265088 total
[2021-04-03T05:51:42.415+0000][2880][gc,age      ] GC(11) - age   2:    8862992 bytes,   13128080 total
[2021-04-03T05:51:42.415+0000][2880][gc,phases   ] GC(11)   Pre Evacuate Collection Set: 0.1ms
[2021-04-03T05:51:42.415+0000][2880][gc,phases   ] GC(11)   Merge Heap Roots: 0.1ms
[2021-04-03T05:51:42.415+0000][2880][gc,phases   ] GC(11)   Evacuate Collection Set: 70.6ms
[2021-04-03T05:51:42.415+0000][2880][gc,phases   ] GC(11)   Post Evacuate Collection Set: 1.3ms
[2021-04-03T05:51:42.415+0000][2880][gc,phases   ] GC(11)   Other: 0.2ms
[2021-04-03T05:51:42.415+0000][2880][gc,heap     ] GC(11) Eden regions: 32->0(368)
[2021-04-03T05:51:42.415+0000][2880][gc,heap     ] GC(11) Survivor regions: 17->4(7)
[2021-04-03T05:51:42.415+0000][2880][gc,heap     ] GC(11) Old regions: 0->14
[2021-04-03T05:51:42.415+0000][2880][gc,heap     ] GC(11) Archive regions: 2->2
[2021-04-03T05:51:42.415+0000][2880][gc,heap     ] GC(11) Humongous regions: 0->0
[2021-04-03T05:51:42.415+0000][2880][gc,metaspace] GC(11) Metaspace: 61760K(64976K)->61760K(64976K) NonClass: 53605K(55888K)->53605K(55888K) Class: 8155K(9088K)->8155K(9088K)
[2021-04-03T05:51:42.415+0000][2880][gc          ] GC(11) Pause Young (Normal) (G1 Evacuation Pause) 199M->75M(3940M) 72.346ms
[2021-04-03T05:51:42.415+0000][2880][gc,cpu      ] GC(11) User=0.27s Sys=0.00s Real=0.07s
[2021-04-03T05:51:42.415+0000][2880][safepoint   ] Safepoint "G1CollectForAllocation", Time since last: 704246710 ns, Reaching safepoint: 245038 ns, At safepoint: 72416192 ns, Total: 72661230 ns
[2021-04-03T05:51:43.416+0000][2880][safepoint   ] Safepoint "Cleanup", Time since last: 1000081655 ns, Reaching safepoint: 61005 ns, At safepoint: 5104 ns, Total: 66109 ns
[2021-04-03T05:51:44.416+0000][2880][safepoint   ] Safepoint "Cleanup", Time since last: 1000161937 ns, Reaching safepoint: 537959 ns, At safepoint: 4293 ns, Total: 542252 ns
[2021-04-03T05:51:45.920+0000][2880][safepoint   ] Safepoint "Cleanup", Time since last: 1504010886 ns, Reaching safepoint: 78690 ns, At safepoint: 4506 ns, Total: 83196 ns
[2021-04-03T05:51:47.388+0000][2880][safepoint   ] Safepoint "Cleanup", Time since last: 1466961857 ns, Reaching safepoint: 224040 ns, At safepoint: 5728 ns, Total: 229768 ns
[2021-04-03T05:51:48.388+0000][2880][safepoint   ] Safepoint "Cleanup", Time since last: 1000196746 ns, Reaching safepoint: 188054 ns, At safepoint: 7702 ns, Total: 195756 ns
[2021-04-03T05:51:49.535+0000][2880][safepoint   ] Safepoint "ICBufferFull", Time since last: 1146871632 ns, Reaching safepoint: 145502 ns, At safepoint: 5271 ns, Total: 150773 ns
[2021-04-03T05:51:49.871+0000][2880][safepoint   ] Safepoint "ICBufferFull", Time since last: 336100756 ns, Reaching safepoint: 274576 ns, At safepoint: 9974 ns, Total: 284550 ns
[2021-04-03T05:51:50.872+0000][2880][safepoint   ] Safepoint "Cleanup", Time since last: 1000204574 ns, Reaching safepoint: 164836 ns, At safepoint: 4575 ns, Total: 169411 ns
[2021-04-03T05:51:51.872+0000][2880][safepoint   ] Safepoint "Cleanup", Time since last: 1000329681 ns, Reaching safepoint: 273447 ns, At safepoint: 8363 ns, Total: 281810 ns
[2021-04-03T05:51:52.873+0000][2880][safepoint   ] Safepoint "Cleanup", Time since last: 1000253316 ns, Reaching safepoint: 142821 ns, At safepoint: 8779 ns, Total: 151600 ns
[2021-04-03T05:51:54.366+0000][2880][safepoint   ] Safepoint "Cleanup", Time since last: 1493388852 ns, Reaching safepoint: 210618 ns, At safepoint: 18446 ns, Total: 229064 ns
[2021-04-03T05:51:55.830+0000][2880][safepoint   ] Safepoint "Cleanup", Time since last: 1463663738 ns, Reaching safepoint: 158779 ns, At safepoint: 8419 ns, Total: 167198 ns
[2021-04-03T05:51:56.947+0000][2880][safepoint   ] Safepoint "Cleanup", Time since last: 1000183505 ns, Reaching safepoint: 116665312 ns, At safepoint: 22845 ns, Total: 116688157 ns
[2021-04-03T05:51:57.948+0000][2880][safepoint   ] Safepoint "Cleanup", Time since last: 1000878030 ns, Reaching safepoint: 188844 ns, At safepoint: 6283 ns, Total: 195127 ns
[2021-04-03T05:51:59.949+0000][2880][safepoint   ] Safepoint "Cleanup", Time since last: 2000365510 ns, Reaching safepoint: 400103 ns, At safepoint: 43454 ns, Total: 443557 ns
[2021-04-03T05:52:00.949+0000][2880][safepoint   ] Safepoint "Cleanup", Time since last: 1000115253 ns, Reaching safepoint: 120919 ns, At safepoint: 5386 ns, Total: 126305 ns
[2021-04-03T05:52:01.949+0000][2880][safepoint   ] Safepoint "Cleanup", Time since last: 1000182293 ns, Reaching safepoint: 95239 ns, At safepoint: 6568 ns, Total: 101807 ns
[2021-04-03T05:52:03.084+0000][2880][safepoint   ] Safepoint "Cleanup", Time since last: 1000119766 ns, Reaching safepoint: 133976699 ns, At safepoint: 101882 ns, Total: 134078581 ns
[2021-04-03T05:52:04.084+0000][2880][safepoint   ] Safepoint "Cleanup", Time since last: 1000169724 ns, Reaching safepoint: 238177 ns, At safepoint: 12902 ns, Total: 251079 ns
[2021-04-03T05:52:05.084+0000][2880][safepoint   ] Safepoint "Cleanup", Time since last: 1000137835 ns, Reaching safepoint: 83806 ns, At safepoint: 5404 ns, Total: 89210 ns
[2021-04-03T05:52:07.085+0000][2880][safepoint   ] Safepoint "Cleanup", Time since last: 2000354486 ns, Reaching safepoint: 181299 ns, At safepoint: 10895 ns, Total: 192194 ns
[2021-04-03T05:52:08.085+0000][2880][safepoint   ] Safepoint "Cleanup", Time since last: 1000170143 ns, Reaching safepoint: 207654 ns, At safepoint: 11130 ns, Total: 218784 ns
[2021-04-03T05:52:09.086+0000][2880][safepoint   ] Safepoint "Cleanup", Time since last: 1000190187 ns, Reaching safepoint: 289213 ns, At safepoint: 20358 ns, Total: 309571 ns
[2021-04-03T05:52:11.086+0000][2880][safepoint   ] Safepoint "Cleanup", Time since last: 2000313696 ns, Reaching safepoint: 234698 ns, At safepoint: 14705 ns, Total: 249403 ns
[2021-04-03T05:52:13.087+0000][2880][safepoint   ] Safepoint "Cleanup", Time since last: 2000280844 ns, Reaching safepoint: 193692 ns, At safepoint: 16406 ns, Total: 210098 ns
[2021-04-03T05:52:14.087+0000][2880][safepoint   ] Safepoint "Cleanup", Time since last: 1000152260 ns, Reaching safepoint: 108974 ns, At safepoint: 6179 ns, Total: 115153 ns
[2021-04-03T05:52:15.087+0000][2880][safepoint   ] Safepoint "Cleanup", Time since last: 1000102549 ns, Reaching safepoint: 97256 ns, At safepoint: 6340 ns, Total: 103596 ns
[2021-04-03T05:52:16.087+0000][2880][safepoint   ] Safepoint "Cleanup", Time since last: 1000102366 ns, Reaching safepoint: 109900 ns, At safepoint: 7740 ns, Total: 117640 ns
[2021-04-03T05:52:17.088+0000][2880][safepoint   ] Safepoint "Cleanup", Time since last: 1000120573 ns, Reaching safepoint: 248103 ns, At safepoint: 15170 ns, Total: 263273 ns
[2021-04-03T05:52:20.088+0000][2880][safepoint   ] Safepoint "Cleanup", Time since last: 3000344663 ns, Reaching safepoint: 106789 ns, At safepoint: 7211 ns, Total: 114000 ns
[2021-04-03T05:52:21.089+0000][2880][safepoint   ] Safepoint "Cleanup", Time since last: 1000106780 ns, Reaching safepoint: 88465 ns, At safepoint: 4649 ns, Total: 93114 ns
[2021-04-03T05:52:23.089+0000][2880][safepoint   ] Safepoint "Cleanup", Time since last: 2000190666 ns, Reaching safepoint: 166968 ns, At safepoint: 11330 ns, Total: 178298 ns
[2021-04-03T05:52:25.089+0000][2880][safepoint   ] Safepoint "Cleanup", Time since last: 2000224773 ns, Reaching safepoint: 118862 ns, At safepoint: 8888 ns, Total: 127750 ns
[2021-04-03T05:52:26.090+0000][2880][safepoint   ] Safepoint "Cleanup", Time since last: 1000122808 ns, Reaching safepoint: 147720 ns, At safepoint: 10692 ns, Total: 158412 ns
[2021-04-03T05:52:29.090+0000][2880][safepoint   ] Safepoint "Cleanup", Time since last: 3000455126 ns, Reaching safepoint: 159593 ns, At safepoint: 7942 ns, Total: 167535 ns
[2021-04-03T05:52:30.090+0000][2880][safepoint   ] Safepoint "Cleanup", Time since last: 1000135774 ns, Reaching safepoint: 155130 ns, At safepoint: 10230 ns, Total: 165360 ns
[2021-04-03T05:52:31.091+0000][2880][safepoint   ] Safepoint "Cleanup", Time since last: 1000232198 ns, Reaching safepoint: 108474 ns, At safepoint: 8281 ns, Total: 116755 ns
[2021-04-03T05:52:32.091+0000][2880][safepoint   ] Safepoint "Cleanup", Time since last: 1000129740 ns, Reaching safepoint: 160480 ns, At safepoint: 10387 ns, Total: 170867 ns
[2021-04-03T05:52:34.092+0000][2880][safepoint   ] Safepoint "Cleanup", Time since last: 2000278161 ns, Reaching safepoint: 296911 ns, At safepoint: 20819 ns, Total: 317730 ns
[2021-04-03T05:52:36.092+0000][2880][safepoint   ] Safepoint "Cleanup", Time since last: 2000237054 ns, Reaching safepoint: 189811 ns, At safepoint: 12773 ns, Total: 202584 ns
[2021-04-03T05:52:38.093+0000][2880][safepoint   ] Safepoint "Cleanup", Time since last: 2000248751 ns, Reaching safepoint: 143554 ns, At safepoint: 11715 ns, Total: 155269 ns
[2021-04-03T05:52:40.093+0000][2880][safepoint   ] Safepoint "Cleanup", Time since last: 2000224660 ns, Reaching safepoint: 184417 ns, At safepoint: 17916 ns, Total: 202333 ns
[2021-04-03T05:52:40.134+0000][2880][gc,start    ] GC(12) Pause Young (Concurrent Start) (Metadata GC Threshold)
[2021-04-03T05:52:40.134+0000][2880][gc,task     ] GC(12) Using 4 workers of 4 for evacuation
[2021-04-03T05:52:40.134+0000][2880][gc,age      ] GC(12) Desired survivor size 96468992 bytes, new threshold 15 (max threshold 15)
[2021-04-03T05:52:40.173+0000][2880][gc,age      ] GC(12) Age table with threshold 15 (max threshold 15)
[2021-04-03T05:52:40.173+0000][2880][gc,age      ] GC(12) - age   1:   17323944 bytes,   17323944 total
[2021-04-03T05:52:40.173+0000][2880][gc,age      ] GC(12) - age   2:    4102696 bytes,   21426640 total
[2021-04-03T05:52:40.173+0000][2880][gc,age      ] GC(12) - age   3:    8569392 bytes,   29996032 total
[2021-04-03T05:52:40.173+0000][2880][gc,phases   ] GC(12)   Pre Evacuate Collection Set: 0.2ms
[2021-04-03T05:52:40.173+0000][2880][gc,phases   ] GC(12)   Merge Heap Roots: 0.1ms
[2021-04-03T05:52:40.173+0000][2880][gc,phases   ] GC(12)   Evacuate Collection Set: 36.9ms
[2021-04-03T05:52:40.173+0000][2880][gc,phases   ] GC(12)   Post Evacuate Collection Set: 1.6ms
[2021-04-03T05:52:40.173+0000][2880][gc,phases   ] GC(12)   Other: 0.3ms
[2021-04-03T05:52:40.173+0000][2880][gc,heap     ] GC(12) Eden regions: 116->0(295)
[2021-04-03T05:52:40.173+0000][2880][gc,heap     ] GC(12) Survivor regions: 4->8(46)
[2021-04-03T05:52:40.173+0000][2880][gc,heap     ] GC(12) Old regions: 14->14
[2021-04-03T05:52:40.173+0000][2880][gc,heap     ] GC(12) Archive regions: 2->2
[2021-04-03T05:52:40.173+0000][2880][gc,heap     ] GC(12) Humongous regions: 2->2
[2021-04-03T05:52:40.173+0000][2880][gc,metaspace] GC(12) Metaspace: 96862K(100816K)->96862K(100816K) NonClass: 83718K(86352K)->83718K(86352K) Class: 13143K(14464K)->13143K(14464K)
[2021-04-03T05:52:40.173+0000][2880][gc          ] GC(12) Pause Young (Concurrent Start) (Metadata GC Threshold) 546M->99M(3940M) 39.184ms
[2021-04-03T05:52:40.173+0000][2880][gc,cpu      ] GC(12) User=0.14s Sys=0.00s Real=0.04s
[2021-04-03T05:52:40.173+0000][2880][gc          ] GC(13) Concurrent Cycle
[2021-04-03T05:52:40.173+0000][2880][gc,marking  ] GC(13) Concurrent Clear Claimed Marks
[2021-04-03T05:52:40.173+0000][2880][gc,marking  ] GC(13) Concurrent Clear Claimed Marks 0.078ms
[2021-04-03T05:52:40.173+0000][2880][gc,marking  ] GC(13) Concurrent Scan Root Regions
[2021-04-03T05:52:40.173+0000][2880][safepoint   ] Safepoint "CollectForMetadataAllocation", Time since last: 40698964 ns, Reaching safepoint: 98326 ns, At safepoint: 39466242 ns, Total: 39564568 ns
[2021-04-03T05:52:40.207+0000][2880][gc,marking  ] GC(13) Concurrent Scan Root Regions 33.428ms
[2021-04-03T05:52:40.207+0000][2880][gc,marking  ] GC(13) Concurrent Mark (101.740s)
[2021-04-03T05:52:40.207+0000][2880][gc,marking  ] GC(13) Concurrent Mark From Roots
[2021-04-03T05:52:40.207+0000][2880][gc,task     ] GC(13) Using 1 workers of 1 for marking
[2021-04-03T05:52:40.331+0000][2880][gc,marking  ] GC(13) Concurrent Mark From Roots 123.978ms
[2021-04-03T05:52:40.331+0000][2880][gc,marking  ] GC(13) Concurrent Preclean
[2021-04-03T05:52:40.331+0000][2880][gc,marking  ] GC(13) Concurrent Preclean 0.269ms
[2021-04-03T05:52:40.331+0000][2880][gc,marking  ] GC(13) Concurrent Mark (101.740s, 101.864s) 124.300ms
[2021-04-03T05:52:40.331+0000][2880][gc,start    ] GC(13) Pause Remark
[2021-04-03T05:52:40.338+0000][2880][gc          ] GC(13) Pause Remark 107M->107M(3940M) 7.131ms
[2021-04-03T05:52:40.338+0000][2880][gc,cpu      ] GC(13) User=0.02s Sys=0.00s Real=0.01s
[2021-04-03T05:52:40.338+0000][2880][safepoint   ] Safepoint "G1Concurrent", Time since last: 157710973 ns, Reaching safepoint: 108742 ns, At safepoint: 7229815 ns, Total: 7338557 ns
[2021-04-03T05:52:40.338+0000][2880][gc,marking  ] GC(13) Concurrent Rebuild Remembered Sets
[2021-04-03T05:52:40.422+0000][2880][gc,marking  ] GC(13) Concurrent Rebuild Remembered Sets 83.745ms
[2021-04-03T05:52:40.423+0000][2880][gc,start    ] GC(13) Pause Cleanup
[2021-04-03T05:52:40.423+0000][2880][gc          ] GC(13) Pause Cleanup 108M->108M(3940M) 0.137ms
[2021-04-03T05:52:40.423+0000][2880][gc,cpu      ] GC(13) User=0.00s Sys=0.00s Real=0.00s
[2021-04-03T05:52:40.423+0000][2880][safepoint   ] Safepoint "G1Concurrent", Time since last: 83860324 ns, Reaching safepoint: 353441 ns, At safepoint: 205385 ns, Total: 558826 ns
[2021-04-03T05:52:40.423+0000][2880][gc,marking  ] GC(13) Concurrent Cleanup for Next Mark
[2021-04-03T05:52:40.428+0000][2880][gc,marking  ] GC(13) Concurrent Cleanup for Next Mark 5.283ms
[2021-04-03T05:52:40.428+0000][2880][gc          ] GC(13) Concurrent Cycle 255.011ms
[2021-04-03T05:52:41.441+0000][2880][safepoint   ] Safepoint "Cleanup", Time since last: 1018097876 ns, Reaching safepoint: 376631 ns, At safepoint: 30724 ns, Total: 407355 ns
[2021-04-03T05:52:42.442+0000][2880][safepoint   ] Safepoint "Cleanup", Time since last: 1000170300 ns, Reaching safepoint: 121380 ns, At safepoint: 8014 ns, Total: 129394 ns
[2021-04-03T05:52:43.442+0000][2880][safepoint   ] Safepoint "Cleanup", Time since last: 1000136527 ns, Reaching safepoint: 163275 ns, At safepoint: 15037 ns, Total: 178312 ns
[2021-04-03T05:52:47.443+0000][2880][safepoint   ] Safepoint "Cleanup", Time since last: 4001036499 ns, Reaching safepoint: 181997 ns, At safepoint: 11357 ns, Total: 193354 ns
[2021-04-03T05:52:49.443+0000][2880][safepoint   ] Safepoint "Cleanup", Time since last: 2000232881 ns, Reaching safepoint: 110570 ns, At safepoint: 7733 ns, Total: 118303 ns
[2021-04-03T05:52:53.444+0000][2880][safepoint   ] Safepoint "Cleanup", Time since last: 4000452831 ns, Reaching safepoint: 275784 ns, At safepoint: 21580 ns, Total: 297364 ns
[2021-04-03T05:52:55.445+0000][2880][safepoint   ] Safepoint "Cleanup", Time since last: 2000261277 ns, Reaching safepoint: 102667 ns, At safepoint: 6141 ns, Total: 108808 ns
[2021-04-03T05:52:56.445+0000][2880][safepoint   ] Safepoint "Cleanup", Time since last: 1000130729 ns, Reaching safepoint: 127695 ns, At safepoint: 9010 ns, Total: 136705 ns
[2021-04-03T05:52:59.445+0000][2880][safepoint   ] Safepoint "Cleanup", Time since last: 3000336059 ns, Reaching safepoint: 285641 ns, At safepoint: 22387 ns, Total: 308028 ns
[2021-04-03T05:53:00.446+0000][2880][safepoint   ] Safepoint "Cleanup", Time since last: 1000212606 ns, Reaching safepoint: 126823 ns, At safepoint: 11397 ns, Total: 138220 ns
[2021-04-03T05:53:07.447+0000][2880][safepoint   ] Safepoint "Cleanup", Time since last: 7000960832 ns, Reaching safepoint: 259360 ns, At safepoint: 18326 ns, Total: 277686 ns
[2021-04-03T05:53:09.448+0000][2880][safepoint   ] Safepoint "Cleanup", Time since last: 2000543880 ns, Reaching safepoint: 102684 ns, At safepoint: 6650 ns, Total: 109334 ns
[2021-04-03T05:53:17.449+0000][2880][safepoint   ] Safepoint "Cleanup", Time since last: 8000929053 ns, Reaching safepoint: 202882 ns, At safepoint: 9723 ns, Total: 212605 ns
[2021-04-03T05:53:23.450+0000][2880][safepoint   ] Safepoint "Cleanup", Time since last: 6000665214 ns, Reaching safepoint: 107455 ns, At safepoint: 7944 ns, Total: 115399 ns
[2021-04-03T05:53:24.450+0000][2880][safepoint   ] Safepoint "Cleanup", Time since last: 1000118238 ns, Reaching safepoint: 189156 ns, At safepoint: 12841 ns, Total: 201997 ns
[2021-04-03T05:53:32.451+0000][2880][safepoint   ] Safepoint "Cleanup", Time since last: 8000938655 ns, Reaching safepoint: 176288 ns, At safepoint: 12033 ns, Total: 188321 ns
[2021-04-03T05:53:37.452+0000][2880][safepoint   ] Safepoint "Cleanup", Time since last: 5000537897 ns, Reaching safepoint: 158908 ns, At safepoint: 10464 ns, Total: 169372 ns
[2021-04-03T05:53:48.453+0000][2880][safepoint   ] Safepoint "Cleanup", Time since last: 11001050823 ns, Reaching safepoint: 132941 ns, At safepoint: 6380 ns, Total: 139321 ns
[2021-04-03T05:53:50.823+0000][2880][safepoint   ] Safepoint "Cleanup", Time since last: 2369846108 ns, Reaching safepoint: 110108 ns, At safepoint: 5822 ns, Total: 115930 ns
[2021-04-03T05:53:51.414+0000][2880][safepoint   ] Safepoint "ICBufferFull", Time since last: 590781320 ns, Reaching safepoint: 221219 ns, At safepoint: 12244 ns, Total: 233463 ns
[2021-04-03T05:53:52.218+0000][2880][safepoint   ] Safepoint "ICBufferFull", Time since last: 803139879 ns, Reaching safepoint: 475039 ns, At safepoint: 27426 ns, Total: 502465 ns
[2021-04-03T05:53:53.218+0000][2880][safepoint   ] Safepoint "Cleanup", Time since last: 1000414736 ns, Reaching safepoint: 194167 ns, At safepoint: 9699 ns, Total: 203866 ns
[2021-04-03T05:53:55.219+0000][2880][safepoint   ] Safepoint "Cleanup", Time since last: 2000357744 ns, Reaching safepoint: 122780 ns, At safepoint: 6263 ns, Total: 129043 ns
[2021-04-03T05:53:56.219+0000][2880][safepoint   ] Safepoint "Cleanup", Time since last: 1000136950 ns, Reaching safepoint: 174217 ns, At safepoint: 11448 ns, Total: 185665 ns
[2021-04-03T05:53:56.802+0000][2880][safepoint   ] Safepoint "ICBufferFull", Time since last: 583230241 ns, Reaching safepoint: 202842 ns, At safepoint: 5791 ns, Total: 208633 ns
[2021-04-03T05:53:58.320+0000][2880][safepoint   ] Safepoint "Cleanup", Time since last: 1517703636 ns, Reaching safepoint: 168495 ns, At safepoint: 10940 ns, Total: 179435 ns
[2021-04-03T05:53:59.321+0000][2880][safepoint   ] Safepoint "Cleanup", Time since last: 1000202383 ns, Reaching safepoint: 156746 ns, At safepoint: 9224 ns, Total: 165970 ns
[2021-04-03T05:53:59.877+0000][2880][safepoint   ] Safepoint "ICBufferFull", Time since last: 555976340 ns, Reaching safepoint: 400210 ns, At safepoint: 10882 ns, Total: 411092 ns
[2021-04-03T05:54:00.878+0000][2880][safepoint   ] Safepoint "Cleanup", Time since last: 1000681810 ns, Reaching safepoint: 432598 ns, At safepoint: 20807 ns, Total: 453405 ns
[2021-04-03T05:54:01.879+0000][2880][safepoint   ] Safepoint "Cleanup", Time since last: 1000418730 ns, Reaching safepoint: 206023 ns, At safepoint: 11814 ns, Total: 217837 ns
[2021-04-03T05:54:02.880+0000][2880][safepoint   ] Safepoint "Cleanup", Time since last: 1000366388 ns, Reaching safepoint: 283446 ns, At safepoint: 22186 ns, Total: 305632 ns
[2021-04-03T05:54:03.880+0000][2880][safepoint   ] Safepoint "Cleanup", Time since last: 1000153022 ns, Reaching safepoint: 111425 ns, At safepoint: 9248 ns, Total: 120673 ns
[2021-04-03T05:54:04.880+0000][2880][safepoint   ] Safepoint "Cleanup", Time since last: 1000216928 ns, Reaching safepoint: 321443 ns, At safepoint: 26199 ns, Total: 347642 ns
[2021-04-03T05:54:05.881+0000][2880][safepoint   ] Safepoint "Cleanup", Time since last: 1000233606 ns, Reaching safepoint: 300931 ns, At safepoint: 21103 ns, Total: 322034 ns
[2021-04-03T05:54:06.881+0000][2880][safepoint   ] Safepoint "Cleanup", Time since last: 1000231594 ns, Reaching safepoint: 212628 ns, At safepoint: 13701 ns, Total: 226329 ns
[2021-04-03T05:54:07.882+0000][2880][safepoint   ] Safepoint "Cleanup", Time since last: 1000218088 ns, Reaching safepoint: 277233 ns, At safepoint: 20822 ns, Total: 298055 ns
[2021-04-03T05:54:08.882+0000][2880][safepoint   ] Safepoint "Cleanup", Time since last: 1000230113 ns, Reaching safepoint: 311375 ns, At safepoint: 18713 ns, Total: 330088 ns
[2021-04-03T05:54:09.883+0000][2880][safepoint   ] Safepoint "Cleanup", Time since last: 1000241718 ns, Reaching safepoint: 289331 ns, At safepoint: 18416 ns, Total: 307747 ns
[2021-04-03T05:54:10.884+0000][2880][safepoint   ] Safepoint "Cleanup", Time since last: 1000236812 ns, Reaching safepoint: 274587 ns, At safepoint: 19153 ns, Total: 293740 ns
[2021-04-03T05:54:11.884+0000][2880][safepoint   ] Safepoint "Cleanup", Time since last: 1000223539 ns, Reaching safepoint: 435313 ns, At safepoint: 23067 ns, Total: 458380 ns
[2021-04-03T05:54:12.885+0000][2880][safepoint   ] Safepoint "Cleanup", Time since last: 1000220463 ns, Reaching safepoint: 315836 ns, At safepoint: 19850 ns, Total: 335686 ns
[2021-04-03T05:54:13.885+0000][2880][safepoint   ] Safepoint "Cleanup", Time since last: 1000228537 ns, Reaching safepoint: 169053 ns, At safepoint: 11569 ns, Total: 180622 ns
[2021-04-03T05:54:14.886+0000][2880][safepoint   ] Safepoint "Cleanup", Time since last: 1000201655 ns, Reaching safepoint: 346465 ns, At safepoint: 17645 ns, Total: 364110 ns
[2021-04-03T05:54:16.886+0000][2880][safepoint   ] Safepoint "Cleanup", Time since last: 2000429134 ns, Reaching safepoint: 183154 ns, At safepoint: 11501 ns, Total: 194655 ns
[2021-04-03T05:54:17.887+0000][2880][safepoint   ] Safepoint "Cleanup", Time since last: 1000221031 ns, Reaching safepoint: 262446 ns, At safepoint: 20947 ns, Total: 283393 ns
[2021-04-03T05:54:18.887+0000][2880][safepoint   ] Safepoint "Cleanup", Time since last: 1000219179 ns, Reaching safepoint: 260753 ns, At safepoint: 17560 ns, Total: 278313 ns
[2021-04-03T05:54:19.888+0000][2880][safepoint   ] Safepoint "Cleanup", Time since last: 1000218058 ns, Reaching safepoint: 286510 ns, At safepoint: 16751 ns, Total: 303261 ns
[2021-04-03T05:54:20.888+0000][2880][safepoint   ] Safepoint "Cleanup", Time since last: 1000252445 ns, Reaching safepoint: 336349 ns, At safepoint: 18216 ns, Total: 354565 ns
[2021-04-03T05:54:21.889+0000][2880][safepoint   ] Safepoint "Cleanup", Time since last: 1000246995 ns, Reaching safepoint: 222629 ns, At safepoint: 17741 ns, Total: 240370 ns
[2021-04-03T05:54:22.890+0000][2880][safepoint   ] Safepoint "Cleanup", Time since last: 1000240588 ns, Reaching safepoint: 277114 ns, At safepoint: 21434 ns, Total: 298548 ns
[2021-04-03T05:54:23.555+0000][2880][safepoint   ] Safepoint "ICBufferFull", Time since last: 635277969 ns, Reaching safepoint: 30338590 ns, At safepoint: 37692 ns, Total: 30376282 ns
[2021-04-03T05:54:24.556+0000][2880][safepoint   ] Safepoint "Cleanup", Time since last: 1000216346 ns, Reaching safepoint: 333643 ns, At safepoint: 19730 ns, Total: 353373 ns
[2021-04-03T05:54:25.556+0000][2880][safepoint   ] Safepoint "Cleanup", Time since last: 1000239544 ns, Reaching safepoint: 329028 ns, At safepoint: 19930 ns, Total: 348958 ns
[2021-04-03T05:54:26.557+0000][2880][safepoint   ] Safepoint "Cleanup", Time since last: 1000216282 ns, Reaching safepoint: 230917 ns, At safepoint: 16055 ns, Total: 246972 ns
[2021-04-03T05:54:27.557+0000][2880][safepoint   ] Safepoint "Cleanup", Time since last: 1000174774 ns, Reaching safepoint: 296754 ns, At safepoint: 22877 ns, Total: 319631 ns
[2021-04-03T05:54:29.558+0000][2880][safepoint   ] Safepoint "Cleanup", Time since last: 2000447415 ns, Reaching safepoint: 378806 ns, At safepoint: 28119 ns, Total: 406925 ns
[2021-04-03T05:54:30.559+0000][2880][safepoint   ] Safepoint "Cleanup", Time since last: 1000262831 ns, Reaching safepoint: 309814 ns, At safepoint: 18888 ns, Total: 328702 ns
[2021-04-03T05:54:32.559+0000][2880][safepoint   ] Safepoint "Cleanup", Time since last: 2000381009 ns, Reaching safepoint: 165184 ns, At safepoint: 12012 ns, Total: 177196 ns
[2021-04-03T05:54:34.560+0000][2880][safepoint   ] Safepoint "Cleanup", Time since last: 2000423744 ns, Reaching safepoint: 292300 ns, At safepoint: 23168 ns, Total: 315468 ns
[2021-04-03T05:54:35.560+0000][2880][safepoint   ] Safepoint "Cleanup", Time since last: 1000171751 ns, Reaching safepoint: 171138 ns, At safepoint: 8631 ns, Total: 179769 ns
[2021-04-03T05:54:36.561+0000][2880][safepoint   ] Safepoint "Cleanup", Time since last: 1000194444 ns, Reaching safepoint: 262453 ns, At safepoint: 20246 ns, Total: 282699 ns
[2021-04-03T05:54:37.562+0000][2880][safepoint   ] Safepoint "Cleanup", Time since last: 1000416485 ns, Reaching safepoint: 271197 ns, At safepoint: 21294 ns, Total: 292491 ns
[2021-04-03T05:54:38.562+0000][2880][safepoint   ] Safepoint "Cleanup", Time since last: 1000230398 ns, Reaching safepoint: 282869 ns, At safepoint: 22927 ns, Total: 305796 ns
[2021-04-03T05:54:39.563+0000][2880][safepoint   ] Safepoint "Cleanup", Time since last: 1000238586 ns, Reaching safepoint: 276815 ns, At safepoint: 15966 ns, Total: 292781 ns
[2021-04-03T05:54:41.563+0000][2880][safepoint   ] Safepoint "Cleanup", Time since last: 2000441060 ns, Reaching safepoint: 279261 ns, At safepoint: 22647 ns, Total: 301908 ns
[2021-04-03T05:54:44.564+0000][2880][safepoint   ] Safepoint "Cleanup", Time since last: 3000623167 ns, Reaching safepoint: 391763 ns, At safepoint: 19770 ns, Total: 411533 ns
[2021-04-03T05:54:47.565+0000][2880][safepoint   ] Safepoint "Cleanup", Time since last: 3000531680 ns, Reaching safepoint: 191928 ns, At safepoint: 10059 ns, Total: 201987 ns
[2021-04-03T05:54:48.566+0000][2880][safepoint   ] Safepoint "Cleanup", Time since last: 1000192101 ns, Reaching safepoint: 303557 ns, At safepoint: 17014 ns, Total: 320571 ns
[2021-04-03T05:54:49.566+0000][2880][safepoint   ] Safepoint "Cleanup", Time since last: 1000258722 ns, Reaching safepoint: 288452 ns, At safepoint: 20096 ns, Total: 308548 ns
[2021-04-03T05:54:50.567+0000][2880][safepoint   ] Safepoint "Cleanup", Time since last: 1000147687 ns, Reaching safepoint: 180239 ns, At safepoint: 9585 ns, Total: 189824 ns
[2021-04-03T05:54:51.567+0000][2880][safepoint   ] Safepoint "Cleanup", Time since last: 1000198140 ns, Reaching safepoint: 279888 ns, At safepoint: 20552 ns, Total: 300440 ns
[2021-04-03T05:54:53.568+0000][2880][safepoint   ] Safepoint "Cleanup", Time since last: 2000649138 ns, Reaching safepoint: 273468 ns, At safepoint: 20868 ns, Total: 294336 ns
[2021-04-03T05:54:54.569+0000][2880][safepoint   ] Safepoint "Cleanup", Time since last: 1000239370 ns, Reaching safepoint: 292252 ns, At safepoint: 19264 ns, Total: 311516 ns
[2021-04-03T05:54:55.569+0000][2880][safepoint   ] Safepoint "Cleanup", Time since last: 1000218021 ns, Reaching safepoint: 308483 ns, At safepoint: 26055 ns, Total: 334538 ns
[2021-04-03T05:54:56.570+0000][2880][safepoint   ] Safepoint "Cleanup", Time since last: 1000232092 ns, Reaching safepoint: 281489 ns, At safepoint: 16531 ns, Total: 298020 ns
[2021-04-03T05:54:57.570+0000][2880][safepoint   ] Safepoint "Cleanup", Time since last: 1000237416 ns, Reaching safepoint: 286203 ns, At safepoint: 18843 ns, Total: 305046 ns
[2021-04-03T05:54:59.571+0000][2880][safepoint   ] Safepoint "Cleanup", Time since last: 2000436180 ns, Reaching safepoint: 332510 ns, At safepoint: 20399 ns, Total: 352909 ns
[2021-04-03T05:55:00.572+0000][2880][safepoint   ] Safepoint "Cleanup", Time since last: 1000234391 ns, Reaching safepoint: 363805 ns, At safepoint: 22767 ns, Total: 386572 ns
[2021-04-03T05:55:01.572+0000][2880][safepoint   ] Safepoint "Cleanup", Time since last: 1000266022 ns, Reaching safepoint: 298471 ns, At safepoint: 51533 ns, Total: 350004 ns
[2021-04-03T05:55:02.573+0000][2880][safepoint   ] Safepoint "Cleanup", Time since last: 1000162115 ns, Reaching safepoint: 201891 ns, At safepoint: 18401 ns, Total: 220292 ns
[2021-04-03T05:55:03.573+0000][2880][safepoint   ] Safepoint "Cleanup", Time since last: 1000332005 ns, Reaching safepoint: 334092 ns, At safepoint: 21835 ns, Total: 355927 ns
[2021-04-03T05:55:04.574+0000][2880][safepoint   ] Safepoint "Cleanup", Time since last: 1000257939 ns, Reaching safepoint: 296512 ns, At safepoint: 21258 ns, Total: 317770 ns
[2021-04-03T05:55:05.574+0000][2880][safepoint   ] Safepoint "Cleanup", Time since last: 1000174510 ns, Reaching safepoint: 124928 ns, At safepoint: 8238 ns, Total: 133166 ns
[2021-04-03T05:55:06.575+0000][2880][safepoint   ] Safepoint "Cleanup", Time since last: 1000129592 ns, Reaching safepoint: 196780 ns, At safepoint: 13270 ns, Total: 210050 ns
[2021-04-03T05:55:08.575+0000][2880][safepoint   ] Safepoint "Cleanup", Time since last: 2000339847 ns, Reaching safepoint: 166311 ns, At safepoint: 12514 ns, Total: 178825 ns
[2021-04-03T05:55:09.575+0000][2880][safepoint   ] Safepoint "Cleanup", Time since last: 1000124830 ns, Reaching safepoint: 111647 ns, At safepoint: 8261 ns, Total: 119908 ns
[2021-04-03T05:55:10.576+0000][2880][safepoint   ] Safepoint "Cleanup", Time since last: 1000219328 ns, Reaching safepoint: 303358 ns, At safepoint: 22922 ns, Total: 326280 ns
[2021-04-03T05:55:11.576+0000][2880][safepoint   ] Safepoint "Cleanup", Time since last: 1000181788 ns, Reaching safepoint: 151235 ns, At safepoint: 5921 ns, Total: 157156 ns
[2021-04-03T05:55:12.577+0000][2880][safepoint   ] Safepoint "Cleanup", Time since last: 1000219984 ns, Reaching safepoint: 289606 ns, At safepoint: 18282 ns, Total: 307888 ns
[2021-04-03T05:55:14.577+0000][2880][safepoint   ] Safepoint "Cleanup", Time since last: 2000389522 ns, Reaching safepoint: 307847 ns, At safepoint: 18442 ns, Total: 326289 ns
[2021-04-03T05:55:16.578+0000][2880][safepoint   ] Safepoint "Cleanup", Time since last: 2000283373 ns, Reaching safepoint: 105945 ns, At safepoint: 6696 ns, Total: 112641 ns
[2021-04-03T05:55:17.579+0000][2880][safepoint   ] Safepoint "Cleanup", Time since last: 1000505218 ns, Reaching safepoint: 313396 ns, At safepoint: 20016 ns, Total: 333412 ns
[2021-04-03T05:55:19.579+0000][2880][safepoint   ] Safepoint "Cleanup", Time since last: 2000424324 ns, Reaching safepoint: 287021 ns, At safepoint: 19249 ns, Total: 306270 ns
[2021-04-03T05:55:20.580+0000][2880][safepoint   ] Safepoint "Cleanup", Time since last: 1000189750 ns, Reaching safepoint: 117561 ns, At safepoint: 8557 ns, Total: 126118 ns
[2021-04-03T05:55:21.580+0000][2880][safepoint   ] Safepoint "Cleanup", Time since last: 1000307914 ns, Reaching safepoint: 298242 ns, At safepoint: 16688 ns, Total: 314930 ns
[2021-04-03T05:55:23.581+0000][2880][safepoint   ] Safepoint "Cleanup", Time since last: 2000409359 ns, Reaching safepoint: 339460 ns, At safepoint: 22624 ns, Total: 362084 ns
[2021-04-03T05:55:24.582+0000][2880][safepoint   ] Safepoint "Cleanup", Time since last: 1000256417 ns, Reaching safepoint: 292755 ns, At safepoint: 19765 ns, Total: 312520 ns
[2021-04-03T05:55:25.582+0000][2880][safepoint   ] Safepoint "Cleanup", Time since last: 1000233034 ns, Reaching safepoint: 277699 ns, At safepoint: 17385 ns, Total: 295084 ns
[2021-04-03T05:55:26.583+0000][2880][safepoint   ] Safepoint "Cleanup", Time since last: 1000238740 ns, Reaching safepoint: 272413 ns, At safepoint: 19915 ns, Total: 292328 ns
[2021-04-03T05:55:27.583+0000][2880][safepoint   ] Safepoint "Cleanup", Time since last: 1000279672 ns, Reaching safepoint: 286380 ns, At safepoint: 22180 ns, Total: 308560 ns
[2021-04-03T05:55:29.584+0000][2880][safepoint   ] Safepoint "Cleanup", Time since last: 2000433306 ns, Reaching safepoint: 283398 ns, At safepoint: 23720 ns, Total: 307118 ns
[2021-04-03T05:55:30.585+0000][2880][safepoint   ] Safepoint "Cleanup", Time since last: 1000262236 ns, Reaching safepoint: 278447 ns, At safepoint: 22907 ns, Total: 301354 ns
[2021-04-03T05:55:31.585+0000][2880][safepoint   ] Safepoint "Cleanup", Time since last: 1000179861 ns, Reaching safepoint: 115181 ns, At safepoint: 7701 ns, Total: 122882 ns
[2021-04-03T05:55:32.585+0000][2880][safepoint   ] Safepoint "Cleanup", Time since last: 1000214185 ns, Reaching safepoint: 284230 ns, At safepoint: 19535 ns, Total: 303765 ns
[2021-04-03T05:55:35.586+0000][2880][safepoint   ] Safepoint "Cleanup", Time since last: 3000589158 ns, Reaching safepoint: 148524 ns, At safepoint: 8818 ns, Total: 157342 ns
[2021-04-03T05:55:36.587+0000][2880][safepoint   ] Safepoint "Cleanup", Time since last: 1000324263 ns, Reaching safepoint: 293767 ns, At safepoint: 20683 ns, Total: 314450 ns
[2021-04-03T05:55:38.588+0000][2880][safepoint   ] Safepoint "Cleanup", Time since last: 2000430889 ns, Reaching safepoint: 278256 ns, At safepoint: 21950 ns, Total: 300206 ns
[2021-04-03T05:55:41.588+0000][2880][safepoint   ] Safepoint "Cleanup", Time since last: 3000605255 ns, Reaching safepoint: 324668 ns, At safepoint: 21800 ns, Total: 346468 ns
[2021-04-03T05:55:44.589+0000][2880][safepoint   ] Safepoint "Cleanup", Time since last: 3000584785 ns, Reaching safepoint: 318920 ns, At safepoint: 17911 ns, Total: 336831 ns
[2021-04-03T05:55:46.590+0000][2880][safepoint   ] Safepoint "Cleanup", Time since last: 2000417505 ns, Reaching safepoint: 283173 ns, At safepoint: 16621 ns, Total: 299794 ns
[2021-04-03T05:55:47.591+0000][2880][safepoint   ] Safepoint "Cleanup", Time since last: 1000221225 ns, Reaching safepoint: 249839 ns, At safepoint: 14520 ns, Total: 264359 ns
[2021-04-03T05:55:48.591+0000][2880][safepoint   ] Safepoint "Cleanup", Time since last: 1000238091 ns, Reaching safepoint: 442323 ns, At safepoint: 23694 ns, Total: 466017 ns
[2021-04-03T05:55:49.592+0000][2880][safepoint   ] Safepoint "Cleanup", Time since last: 1000264428 ns, Reaching safepoint: 305183 ns, At safepoint: 19074 ns, Total: 324257 ns
[2021-04-03T05:55:50.592+0000][2880][safepoint   ] Safepoint "Cleanup", Time since last: 1000219611 ns, Reaching safepoint: 134929 ns, At safepoint: 8298 ns, Total: 143227 ns
[2021-04-03T05:55:51.593+0000][2880][safepoint   ] Safepoint "Cleanup", Time since last: 1000212231 ns, Reaching safepoint: 271020 ns, At safepoint: 22897 ns, Total: 293917 ns
[2021-04-03T05:55:52.593+0000][2880][safepoint   ] Safepoint "Cleanup", Time since last: 1000264249 ns, Reaching safepoint: 283689 ns, At safepoint: 23579 ns, Total: 307268 ns
[2021-04-03T05:55:53.594+0000][2880][safepoint   ] Safepoint "Cleanup", Time since last: 1000258560 ns, Reaching safepoint: 269492 ns, At safepoint: 20207 ns, Total: 289699 ns
[2021-04-03T05:55:54.594+0000][2880][safepoint   ] Safepoint "Cleanup", Time since last: 1000235196 ns, Reaching safepoint: 304226 ns, At safepoint: 21695 ns, Total: 325921 ns
[2021-04-03T05:55:55.595+0000][2880][safepoint   ] Safepoint "Cleanup", Time since last: 1000249119 ns, Reaching safepoint: 259439 ns, At safepoint: 19534 ns, Total: 278973 ns
[2021-04-03T05:55:56.596+0000][2880][safepoint   ] Safepoint "Cleanup", Time since last: 1000243673 ns, Reaching safepoint: 272609 ns, At safepoint: 16152 ns, Total: 288761 ns
[2021-04-03T05:55:57.596+0000][2880][safepoint   ] Safepoint "Cleanup", Time since last: 1000451667 ns, Reaching safepoint: 273095 ns, At safepoint: 19815 ns, Total: 292910 ns
[2021-04-03T05:55:59.597+0000][2880][safepoint   ] Safepoint "Cleanup", Time since last: 2000308362 ns, Reaching safepoint: 128824 ns, At safepoint: 7286 ns, Total: 136110 ns
[2021-04-03T05:56:00.597+0000][2880][safepoint   ] Safepoint "Cleanup", Time since last: 1000216332 ns, Reaching safepoint: 295993 ns, At safepoint: 20763 ns, Total: 316756 ns
[2021-04-03T05:56:01.598+0000][2880][safepoint   ] Safepoint "Cleanup", Time since last: 1000239289 ns, Reaching safepoint: 264320 ns, At safepoint: 18237 ns, Total: 282557 ns
[2021-04-03T05:56:02.598+0000][2880][safepoint   ] Safepoint "Cleanup", Time since last: 1000240030 ns, Reaching safepoint: 275005 ns, At safepoint: 20347 ns, Total: 295352 ns
[2021-04-03T05:56:03.599+0000][2880][safepoint   ] Safepoint "Cleanup", Time since last: 1000238623 ns, Reaching safepoint: 277957 ns, At safepoint: 20522 ns, Total: 298479 ns
[2021-04-03T05:56:05.599+0000][2880][safepoint   ] Safepoint "Cleanup", Time since last: 2000353645 ns, Reaching safepoint: 133870 ns, At safepoint: 9054 ns, Total: 142924 ns
[2021-04-03T05:56:06.600+0000][2880][safepoint   ] Safepoint "Cleanup", Time since last: 1000216092 ns, Reaching safepoint: 303054 ns, At safepoint: 23895 ns, Total: 326949 ns
[2021-04-03T05:56:08.601+0000][2880][safepoint   ] Safepoint "Cleanup", Time since last: 2000434429 ns, Reaching safepoint: 291352 ns, At safepoint: 18663 ns, Total: 310015 ns
[2021-04-03T05:56:11.601+0000][2880][safepoint   ] Safepoint "Cleanup", Time since last: 3000561515 ns, Reaching safepoint: 146776 ns, At safepoint: 7944 ns, Total: 154720 ns
[2021-04-03T05:56:12.602+0000][2880][safepoint   ] Safepoint "Cleanup", Time since last: 1000226785 ns, Reaching safepoint: 307450 ns, At safepoint: 22546 ns, Total: 329996 ns
[2021-04-03T05:56:14.603+0000][2880][safepoint   ] Safepoint "Cleanup", Time since last: 2000455438 ns, Reaching safepoint: 276669 ns, At safepoint: 19871 ns, Total: 296540 ns
[2021-04-03T05:56:16.603+0000][2880][safepoint   ] Safepoint "Cleanup", Time since last: 2000289018 ns, Reaching safepoint: 180077 ns, At safepoint: 12756 ns, Total: 192833 ns
[2021-04-03T05:56:17.603+0000][2880][safepoint   ] Safepoint "Cleanup", Time since last: 1000137002 ns, Reaching safepoint: 130846 ns, At safepoint: 7526 ns, Total: 138372 ns
[2021-04-03T05:56:19.604+0000][2880][safepoint   ] Safepoint "Cleanup", Time since last: 2000336098 ns, Reaching safepoint: 293658 ns, At safepoint: 28616 ns, Total: 322274 ns
[2021-04-03T05:56:20.604+0000][2880][safepoint   ] Safepoint "Cleanup", Time since last: 1000172774 ns, Reaching safepoint: 141743 ns, At safepoint: 10806 ns, Total: 152549 ns
[2021-04-03T05:56:23.605+0000][2880][safepoint   ] Safepoint "Cleanup", Time since last: 3000396205 ns, Reaching safepoint: 267106 ns, At safepoint: 19900 ns, Total: 287006 ns
[2021-04-03T05:56:24.606+0000][2880][safepoint   ] Safepoint "Cleanup", Time since last: 1000171018 ns, Reaching safepoint: 314005 ns, At safepoint: 20126 ns, Total: 334131 ns
[2021-04-03T05:56:26.606+0000][2880][safepoint   ] Safepoint "Cleanup", Time since last: 2000401410 ns, Reaching safepoint: 281460 ns, At safepoint: 20948 ns, Total: 302408 ns
[2021-04-03T05:56:27.607+0000][2880][safepoint   ] Safepoint "Cleanup", Time since last: 1000210476 ns, Reaching safepoint: 282086 ns, At safepoint: 21765 ns, Total: 303851 ns
[2021-04-03T05:56:29.607+0000][2880][safepoint   ] Safepoint "Cleanup", Time since last: 2000349904 ns, Reaching safepoint: 302143 ns, At safepoint: 18061 ns, Total: 320204 ns
[2021-04-03T05:56:31.608+0000][2880][safepoint   ] Safepoint "Cleanup", Time since last: 2000305308 ns, Reaching safepoint: 337449 ns, At safepoint: 20652 ns, Total: 358101 ns
[2021-04-03T05:56:32.609+0000][2880][safepoint   ] Safepoint "Cleanup", Time since last: 1000233088 ns, Reaching safepoint: 274976 ns, At safepoint: 23198 ns, Total: 298174 ns
[2021-04-03T05:56:33.609+0000][2880][safepoint   ] Safepoint "Cleanup", Time since last: 1000211890 ns, Reaching safepoint: 288787 ns, At safepoint: 20071 ns, Total: 308858 ns
[2021-04-03T05:56:35.610+0000][2880][safepoint   ] Safepoint "Cleanup", Time since last: 2000338846 ns, Reaching safepoint: 335988 ns, At safepoint: 18174 ns, Total: 354162 ns
[2021-04-03T05:56:36.610+0000][2880][safepoint   ] Safepoint "Cleanup", Time since last: 1000208047 ns, Reaching safepoint: 255433 ns, At safepoint: 16650 ns, Total: 272083 ns
[2021-04-03T05:56:39.611+0000][2880][safepoint   ] Safepoint "Cleanup", Time since last: 3000477542 ns, Reaching safepoint: 348524 ns, At safepoint: 23604 ns, Total: 372128 ns
[2021-04-03T05:56:41.612+0000][2880][safepoint   ] Safepoint "Cleanup", Time since last: 2000372771 ns, Reaching safepoint: 302043 ns, At safepoint: 19805 ns, Total: 321848 ns
[2021-04-03T05:56:44.613+0000][2880][safepoint   ] Safepoint "Cleanup", Time since last: 3000543596 ns, Reaching safepoint: 286867 ns, At safepoint: 21229 ns, Total: 308096 ns
[2021-04-03T05:56:46.613+0000][2880][safepoint   ] Safepoint "Cleanup", Time since last: 2000288155 ns, Reaching safepoint: 326077 ns, At safepoint: 19976 ns, Total: 346053 ns
[2021-04-03T05:56:47.614+0000][2880][safepoint   ] Safepoint "Cleanup", Time since last: 1000402735 ns, Reaching safepoint: 284192 ns, At safepoint: 16067 ns, Total: 300259 ns
[2021-04-03T05:56:48.615+0000][2880][safepoint   ] Safepoint "Cleanup", Time since last: 1000245991 ns, Reaching safepoint: 287134 ns, At safepoint: 18206 ns, Total: 305340 ns
[2021-04-03T05:56:49.615+0000][2880][safepoint   ] Safepoint "Cleanup", Time since last: 1000190690 ns, Reaching safepoint: 308863 ns, At safepoint: 22983 ns, Total: 331846 ns
[2021-04-03T05:56:50.616+0000][2880][safepoint   ] Safepoint "Cleanup", Time since last: 1000197613 ns, Reaching safepoint: 177920 ns, At safepoint: 12468 ns, Total: 190388 ns
[2021-04-03T05:56:51.616+0000][2880][safepoint   ] Safepoint "Cleanup", Time since last: 1000179285 ns, Reaching safepoint: 287384 ns, At safepoint: 16934 ns, Total: 304318 ns
[2021-04-03T05:56:53.617+0000][2880][safepoint   ] Safepoint "Cleanup", Time since last: 2000346024 ns, Reaching safepoint: 317829 ns, At safepoint: 19169 ns, Total: 336998 ns
[2021-04-03T05:56:54.617+0000][2880][safepoint   ] Safepoint "Cleanup", Time since last: 1000241817 ns, Reaching safepoint: 255511 ns, At safepoint: 11922 ns, Total: 267433 ns
[2021-04-03T05:56:56.618+0000][2880][safepoint   ] Safepoint "Cleanup", Time since last: 2000398612 ns, Reaching safepoint: 414620 ns, At safepoint: 23880 ns, Total: 438500 ns
[2021-04-03T05:56:57.619+0000][2880][safepoint   ] Safepoint "Cleanup", Time since last: 1000245747 ns, Reaching safepoint: 290471 ns, At safepoint: 20352 ns, Total: 310823 ns
[2021-04-03T05:56:59.619+0000][2880][safepoint   ] Safepoint "Cleanup", Time since last: 2000396653 ns, Reaching safepoint: 301782 ns, At safepoint: 21259 ns, Total: 323041 ns
[2021-04-03T05:57:00.620+0000][2880][safepoint   ] Safepoint "Cleanup", Time since last: 1000207585 ns, Reaching safepoint: 285078 ns, At safepoint: 19149 ns, Total: 304227 ns
[2021-04-03T05:57:01.620+0000][2880][safepoint   ] Safepoint "Cleanup", Time since last: 1000216973 ns, Reaching safepoint: 118472 ns, At safepoint: 7428 ns, Total: 125900 ns
[2021-04-03T05:57:04.621+0000][2880][safepoint   ] Safepoint "Cleanup", Time since last: 3000344256 ns, Reaching safepoint: 275261 ns, At safepoint: 23589 ns, Total: 298850 ns
[2021-04-03T05:57:05.621+0000][2880][safepoint   ] Safepoint "Cleanup", Time since last: 1000198786 ns, Reaching safepoint: 256408 ns, At safepoint: 20462 ns, Total: 276870 ns
[2021-04-03T05:57:06.622+0000][2880][safepoint   ] Safepoint "Cleanup", Time since last: 1000179705 ns, Reaching safepoint: 121276 ns, At safepoint: 5336 ns, Total: 126612 ns
[2021-04-03T05:57:08.622+0000][2880][safepoint   ] Safepoint "Cleanup", Time since last: 2000203550 ns, Reaching safepoint: 143934 ns, At safepoint: 7107 ns, Total: 151041 ns
[2021-04-03T05:57:09.624+0000][2880][safepoint   ] Safepoint "Cleanup", Time since last: 1001281617 ns, Reaching safepoint: 385089 ns, At safepoint: 35611 ns, Total: 420700 ns
[2021-04-03T05:57:11.624+0000][2880][safepoint   ] Safepoint "Cleanup", Time since last: 2000359705 ns, Reaching safepoint: 226529 ns, At safepoint: 12488 ns, Total: 239017 ns
[2021-04-03T05:57:12.625+0000][2880][safepoint   ] Safepoint "Cleanup", Time since last: 1000173607 ns, Reaching safepoint: 391472 ns, At safepoint: 22442 ns, Total: 413914 ns
[2021-04-03T05:57:13.625+0000][2880][safepoint   ] Safepoint "Cleanup", Time since last: 1000173257 ns, Reaching safepoint: 153676 ns, At safepoint: 11891 ns, Total: 165567 ns
[2021-04-03T05:57:14.626+0000][2880][safepoint   ] Safepoint "Cleanup", Time since last: 1000113105 ns, Reaching safepoint: 217034 ns, At safepoint: 15011 ns, Total: 232045 ns
[2021-04-03T05:57:16.626+0000][2880][safepoint   ] Safepoint "Cleanup", Time since last: 2000210159 ns, Reaching safepoint: 202456 ns, At safepoint: 24647 ns, Total: 227103 ns
[2021-04-03T05:57:17.626+0000][2880][safepoint   ] Safepoint "Cleanup", Time since last: 1000183997 ns, Reaching safepoint: 119040 ns, At safepoint: 7180 ns, Total: 126220 ns
[2021-04-03T05:57:18.627+0000][2880][safepoint   ] Safepoint "Cleanup", Time since last: 1000116947 ns, Reaching safepoint: 261548 ns, At safepoint: 17170 ns, Total: 278718 ns
[2021-04-03T05:57:19.735+0000][2880][safepoint   ] Safepoint "Cleanup", Time since last: 1108118461 ns, Reaching safepoint: 247357 ns, At safepoint: 20527 ns, Total: 267884 ns
[2021-04-03T05:57:20.736+0000][2880][safepoint   ] Safepoint "Cleanup", Time since last: 1000311398 ns, Reaching safepoint: 299201 ns, At safepoint: 23549 ns, Total: 322750 ns
[2021-04-03T05:57:21.736+0000][2880][safepoint   ] Safepoint "Cleanup", Time since last: 1000222517 ns, Reaching safepoint: 332798 ns, At safepoint: 23825 ns, Total: 356623 ns
[2021-04-03T05:57:22.737+0000][2880][safepoint   ] Safepoint "Cleanup", Time since last: 1000227447 ns, Reaching safepoint: 296660 ns, At safepoint: 25238 ns, Total: 321898 ns
[2021-04-03T05:57:23.737+0000][2880][safepoint   ] Safepoint "Cleanup", Time since last: 1000158092 ns, Reaching safepoint: 111391 ns, At safepoint: 7290 ns, Total: 118681 ns
[2021-04-03T05:57:24.738+0000][2880][safepoint   ] Safepoint "Cleanup", Time since last: 1000320120 ns, Reaching safepoint: 262457 ns, At safepoint: 26034 ns, Total: 288491 ns
[2021-04-03T05:57:25.738+0000][2880][safepoint   ] Safepoint "Cleanup", Time since last: 1000203223 ns, Reaching safepoint: 246761 ns, At safepoint: 21094 ns, Total: 267855 ns
[2021-04-03T05:57:26.739+0000][2880][safepoint   ] Safepoint "Cleanup", Time since last: 1000453938 ns, Reaching safepoint: 259214 ns, At safepoint: 21018 ns, Total: 280232 ns
[2021-04-03T05:57:29.740+0000][2880][safepoint   ] Safepoint "Cleanup", Time since last: 3000519149 ns, Reaching safepoint: 277897 ns, At safepoint: 18738 ns, Total: 296635 ns
[2021-04-03T05:57:31.740+0000][2880][safepoint   ] Safepoint "Cleanup", Time since last: 2000344105 ns, Reaching safepoint: 209640 ns, At safepoint: 13724 ns, Total: 223364 ns
[2021-04-03T05:57:32.741+0000][2880][safepoint   ] Safepoint "Cleanup", Time since last: 1000155796 ns, Reaching safepoint: 169737 ns, At safepoint: 12985 ns, Total: 182722 ns
[2021-04-03T05:57:34.741+0000][2880][safepoint   ] Safepoint "Cleanup", Time since last: 2000337737 ns, Reaching safepoint: 271137 ns, At safepoint: 17721 ns, Total: 288858 ns
[2021-04-03T05:57:35.742+0000][2880][safepoint   ] Safepoint "Cleanup", Time since last: 1000183583 ns, Reaching safepoint: 181259 ns, At safepoint: 11434 ns, Total: 192693 ns
[2021-04-03T05:57:36.742+0000][2880][safepoint   ] Safepoint "Cleanup", Time since last: 1000228369 ns, Reaching safepoint: 261184 ns, At safepoint: 18838 ns, Total: 280022 ns
[2021-04-03T05:57:38.743+0000][2880][safepoint   ] Safepoint "Cleanup", Time since last: 2000373332 ns, Reaching safepoint: 254920 ns, At safepoint: 22717 ns, Total: 277637 ns
[2021-04-03T05:57:39.743+0000][2880][safepoint   ] Safepoint "Cleanup", Time since last: 1000208201 ns, Reaching safepoint: 283485 ns, At safepoint: 19630 ns, Total: 303115 ns
[2021-04-03T05:57:41.744+0000][2880][safepoint   ] Safepoint "Cleanup", Time since last: 2000305095 ns, Reaching safepoint: 259726 ns, At safepoint: 17666 ns, Total: 277392 ns
[2021-04-03T05:57:44.745+0000][2880][safepoint   ] Safepoint "Cleanup", Time since last: 3000644104 ns, Reaching safepoint: 290346 ns, At safepoint: 20317 ns, Total: 310663 ns
[2021-04-03T05:57:47.746+0000][2880][safepoint   ] Safepoint "Cleanup", Time since last: 3000588312 ns, Reaching safepoint: 188855 ns, At safepoint: 13612 ns, Total: 202467 ns
[2021-04-03T05:57:48.746+0000][2880][safepoint   ] Safepoint "Cleanup", Time since last: 1000212389 ns, Reaching safepoint: 291652 ns, At safepoint: 19893 ns, Total: 311545 ns
[2021-04-03T05:57:50.747+0000][2880][safepoint   ] Safepoint "Cleanup", Time since last: 2000423970 ns, Reaching safepoint: 168625 ns, At safepoint: 9639 ns, Total: 178264 ns
[2021-04-03T05:57:53.748+0000][2880][safepoint   ] Safepoint "Cleanup", Time since last: 3000635002 ns, Reaching safepoint: 251155 ns, At safepoint: 24829 ns, Total: 275984 ns
[2021-04-03T05:57:54.748+0000][2880][safepoint   ] Safepoint "Cleanup", Time since last: 1000229995 ns, Reaching safepoint: 375161 ns, At safepoint: 28523 ns, Total: 403684 ns
[2021-04-03T05:57:55.749+0000][2880][safepoint   ] Safepoint "Cleanup", Time since last: 1000193644 ns, Reaching safepoint: 276631 ns, At safepoint: 16950 ns, Total: 293581 ns
[2021-04-03T05:57:56.749+0000][2880][safepoint   ] Safepoint "Cleanup", Time since last: 1000240006 ns, Reaching safepoint: 284083 ns, At safepoint: 19587 ns, Total: 303670 ns
[2021-04-03T05:57:57.750+0000][2880][safepoint   ] Safepoint "Cleanup", Time since last: 1000241707 ns, Reaching safepoint: 265539 ns, At safepoint: 18033 ns, Total: 283572 ns
[2021-04-03T05:57:59.750+0000][2880][safepoint   ] Safepoint "Cleanup", Time since last: 2000432395 ns, Reaching safepoint: 166976 ns, At safepoint: 10686 ns, Total: 177662 ns
[2021-04-03T05:58:00.751+0000][2880][safepoint   ] Safepoint "Cleanup", Time since last: 1000206128 ns, Reaching safepoint: 259669 ns, At safepoint: 19286 ns, Total: 278955 ns
[2021-04-03T05:58:01.751+0000][2880][safepoint   ] Safepoint "Cleanup", Time since last: 1000234983 ns, Reaching safepoint: 251905 ns, At safepoint: 16926 ns, Total: 268831 ns
[2021-04-03T05:58:04.752+0000][2880][safepoint   ] Safepoint "Cleanup", Time since last: 3000628759 ns, Reaching safepoint: 337710 ns, At safepoint: 17381 ns, Total: 355091 ns
[2021-04-03T05:58:05.753+0000][2880][safepoint   ] Safepoint "Cleanup", Time since last: 1000237972 ns, Reaching safepoint: 293138 ns, At safepoint: 23180 ns, Total: 316318 ns
[2021-04-03T05:58:07.013+0000][2880][gc,start    ] GC(14) Pause Young (Normal) (G1 Evacuation Pause)
[2021-04-03T05:58:07.013+0000][2880][gc,task     ] GC(14) Using 4 workers of 4 for evacuation
[2021-04-03T05:58:07.013+0000][2880][gc,age      ] GC(14) Desired survivor size 77594624 bytes, new threshold 15 (max threshold 15)
[2021-04-03T05:58:07.062+0000][2880][gc,age      ] GC(14) Age table with threshold 15 (max threshold 15)
[2021-04-03T05:58:07.062+0000][2880][gc,age      ] GC(14) - age   1:   15500112 bytes,   15500112 total
[2021-04-03T05:58:07.062+0000][2880][gc,age      ] GC(14) - age   2:   15166256 bytes,   30666368 total
[2021-04-03T05:58:07.062+0000][2880][gc,age      ] GC(14) - age   3:    4097784 bytes,   34764152 total
[2021-04-03T05:58:07.062+0000][2880][gc,age      ] GC(14) - age   4:    8466688 bytes,   43230840 total
[2021-04-03T05:58:07.062+0000][2880][gc,phases   ] GC(14)   Pre Evacuate Collection Set: 0.3ms
[2021-04-03T05:58:07.062+0000][2880][gc,phases   ] GC(14)   Merge Heap Roots: 0.3ms
[2021-04-03T05:58:07.062+0000][2880][gc,phases   ] GC(14)   Evacuate Collection Set: 46.0ms
[2021-04-03T05:58:07.062+0000][2880][gc,phases   ] GC(14)   Post Evacuate Collection Set: 1.8ms
[2021-04-03T05:58:07.062+0000][2880][gc,phases   ] GC(14)   Other: 0.4ms
[2021-04-03T05:58:07.062+0000][2880][gc,heap     ] GC(14) Eden regions: 283->0(300)
[2021-04-03T05:58:07.062+0000][2880][gc,heap     ] GC(14) Survivor regions: 8->11(37)
[2021-04-03T05:58:07.062+0000][2880][gc,heap     ] GC(14) Old regions: 14->14
[2021-04-03T05:58:07.062+0000][2880][gc,heap     ] GC(14) Archive regions: 2->2
[2021-04-03T05:58:07.062+0000][2880][gc,heap     ] GC(14) Humongous regions: 2->2
[2021-04-03T05:58:07.062+0000][2880][gc,metaspace] GC(14) Metaspace: 108382K(112592K)->108382K(112592K) NonClass: 93981K(96848K)->93981K(96848K) Class: 14400K(15744K)->14400K(15744K)
[2021-04-03T05:58:07.062+0000][2880][gc          ] GC(14) Pause Young (Normal) (G1 Evacuation Pause) 1231M->111M(3940M) 48.873ms
[2021-04-03T05:58:07.062+0000][2880][gc,cpu      ] GC(14) User=0.18s Sys=0.01s Real=0.05s
[2021-04-03T05:58:07.062+0000][2880][safepoint   ] Safepoint "G1CollectForAllocation", Time since last: 1259694603 ns, Reaching safepoint: 246657 ns, At safepoint: 48993973 ns, Total: 49240630 ns
[2021-04-03T05:58:12.063+0000][2880][safepoint   ] Safepoint "Cleanup", Time since last: 5000511193 ns, Reaching safepoint: 303086 ns, At safepoint: 14359 ns, Total: 317445 ns
[2021-04-03T05:58:13.063+0000][2880][safepoint   ] Safepoint "Cleanup", Time since last: 1000354004 ns, Reaching safepoint: 237821 ns, At safepoint: 16950 ns, Total: 254771 ns
[2021-04-03T05:58:15.064+0000][2880][safepoint   ] Safepoint "Cleanup", Time since last: 2000304847 ns, Reaching safepoint: 242892 ns, At safepoint: 18639 ns, Total: 261531 ns
[2021-04-03T05:58:17.064+0000][2880][safepoint   ] Safepoint "Cleanup", Time since last: 2000259553 ns, Reaching safepoint: 247793 ns, At safepoint: 16630 ns, Total: 264423 ns
[2021-04-03T05:58:18.065+0000][2880][safepoint   ] Safepoint "Cleanup", Time since last: 1000179135 ns, Reaching safepoint: 242095 ns, At safepoint: 22373 ns, Total: 264468 ns
[2021-04-03T05:58:19.065+0000][2880][safepoint   ] Safepoint "Cleanup", Time since last: 1000193614 ns, Reaching safepoint: 245192 ns, At safepoint: 20754 ns, Total: 265946 ns
[2021-04-03T05:58:21.066+0000][2880][safepoint   ] Safepoint "Cleanup", Time since last: 2000267323 ns, Reaching safepoint: 384898 ns, At safepoint: 17005 ns, Total: 401903 ns
[2021-04-03T05:58:22.067+0000][2880][safepoint   ] Safepoint "Cleanup", Time since last: 1000233837 ns, Reaching safepoint: 300498 ns, At safepoint: 18438 ns, Total: 318936 ns
[2021-04-03T05:58:23.067+0000][2880][safepoint   ] Safepoint "Cleanup", Time since last: 1000219627 ns, Reaching safepoint: 174324 ns, At safepoint: 9950 ns, Total: 184274 ns
[2021-04-03T05:58:24.068+0000][2880][safepoint   ] Safepoint "Cleanup", Time since last: 1000227531 ns, Reaching safepoint: 285112 ns, At safepoint: 17157 ns, Total: 302269 ns
[2021-04-03T05:58:25.068+0000][2880][safepoint   ] Safepoint "Cleanup", Time since last: 1000177309 ns, Reaching safepoint: 276070 ns, At safepoint: 19782 ns, Total: 295852 ns
[2021-04-03T05:58:26.069+0000][2880][safepoint   ] Safepoint "Cleanup", Time since last: 1000241505 ns, Reaching safepoint: 252985 ns, At safepoint: 24112 ns, Total: 277097 ns
[2021-04-03T05:58:27.069+0000][2880][safepoint   ] Safepoint "Cleanup", Time since last: 1000218710 ns, Reaching safepoint: 285883 ns, At safepoint: 20253 ns, Total: 306136 ns
[2021-04-03T05:58:28.070+0000][2880][safepoint   ] Safepoint "Cleanup", Time since last: 1000250838 ns, Reaching safepoint: 281321 ns, At safepoint: 18454 ns, Total: 299775 ns
[2021-04-03T05:58:30.070+0000][2880][safepoint   ] Safepoint "Cleanup", Time since last: 2000451688 ns, Reaching safepoint: 241096 ns, At safepoint: 14921 ns, Total: 256017 ns
[2021-04-03T05:58:32.071+0000][2880][safepoint   ] Safepoint "Cleanup", Time since last: 2000443333 ns, Reaching safepoint: 258913 ns, At safepoint: 21571 ns, Total: 280484 ns
[2021-04-03T05:58:33.072+0000][2880][safepoint   ] Safepoint "Cleanup", Time since last: 1000236389 ns, Reaching safepoint: 298657 ns, At safepoint: 19361 ns, Total: 318018 ns
[2021-04-03T05:58:34.072+0000][2880][safepoint   ] Safepoint "Cleanup", Time since last: 1000254823 ns, Reaching safepoint: 314595 ns, At safepoint: 44811 ns, Total: 359406 ns
[2021-04-03T05:58:35.073+0000][2880][safepoint   ] Safepoint "Cleanup", Time since last: 1000213214 ns, Reaching safepoint: 284758 ns, At safepoint: 25406 ns, Total: 310164 ns
[2021-04-03T05:58:36.073+0000][2880][safepoint   ] Safepoint "Cleanup", Time since last: 1000227799 ns, Reaching safepoint: 284257 ns, At safepoint: 22198 ns, Total: 306455 ns
[2021-04-03T05:58:37.074+0000][2880][safepoint   ] Safepoint "Cleanup", Time since last: 1000246492 ns, Reaching safepoint: 277040 ns, At safepoint: 14860 ns, Total: 291900 ns
[2021-04-03T05:58:40.075+0000][2880][safepoint   ] Safepoint "Cleanup", Time since last: 3000635253 ns, Reaching safepoint: 264911 ns, At safepoint: 17888 ns, Total: 282799 ns
[2021-04-03T05:58:43.076+0000][2880][safepoint   ] Safepoint "Cleanup", Time since last: 3000625868 ns, Reaching safepoint: 288437 ns, At safepoint: 23355 ns, Total: 311792 ns
[2021-04-03T05:58:45.076+0000][2880][safepoint   ] Safepoint "Cleanup", Time since last: 2000447931 ns, Reaching safepoint: 319163 ns, At safepoint: 18905 ns, Total: 338068 ns
[2021-04-03T05:58:47.077+0000][2880][safepoint   ] Safepoint "Cleanup", Time since last: 2000459068 ns, Reaching safepoint: 303968 ns, At safepoint: 17667 ns, Total: 321635 ns
[2021-04-03T05:58:48.078+0000][2880][safepoint   ] Safepoint "Cleanup", Time since last: 1000261869 ns, Reaching safepoint: 339466 ns, At safepoint: 21491 ns, Total: 360957 ns
[2021-04-03T05:58:49.078+0000][2880][safepoint   ] Safepoint "Cleanup", Time since last: 1000209425 ns, Reaching safepoint: 258535 ns, At safepoint: 19471 ns, Total: 278006 ns
[2021-04-03T05:58:50.079+0000][2880][safepoint   ] Safepoint "Cleanup", Time since last: 1000450721 ns, Reaching safepoint: 283414 ns, At safepoint: 23034 ns, Total: 306448 ns
[2021-04-03T05:58:51.080+0000][2880][safepoint   ] Safepoint "Cleanup", Time since last: 1000462212 ns, Reaching safepoint: 255352 ns, At safepoint: 15862 ns, Total: 271214 ns
[2021-04-03T05:58:52.081+0000][2880][safepoint   ] Safepoint "Cleanup", Time since last: 1000484455 ns, Reaching safepoint: 360796 ns, At safepoint: 19601 ns, Total: 380397 ns
[2021-04-03T05:58:53.081+0000][2880][safepoint   ] Safepoint "Cleanup", Time since last: 1000266315 ns, Reaching safepoint: 290806 ns, At safepoint: 17754 ns, Total: 308560 ns
[2021-04-03T05:58:54.082+0000][2880][safepoint   ] Safepoint "Cleanup", Time since last: 1000243869 ns, Reaching safepoint: 278422 ns, At safepoint: 19511 ns, Total: 297933 ns
[2021-04-03T05:58:56.050+0000][2880][safepoint   ] Safepoint "Cleanup", Time since last: 1967401055 ns, Reaching safepoint: 453684 ns, At safepoint: 27650 ns, Total: 481334 ns
[2021-04-03T05:58:56.571+0000][2880][safepoint   ] Safepoint "ICBufferFull", Time since last: 520985569 ns, Reaching safepoint: 237803 ns, At safepoint: 23305 ns, Total: 261108 ns
[2021-04-03T05:58:57.571+0000][2880][safepoint   ] Safepoint "Cleanup", Time since last: 1000203963 ns, Reaching safepoint: 306327 ns, At safepoint: 11705 ns, Total: 318032 ns
[2021-04-03T05:58:59.572+0000][2880][safepoint   ] Safepoint "Cleanup", Time since last: 2000451333 ns, Reaching safepoint: 150999 ns, At safepoint: 7649 ns, Total: 158648 ns
[2021-04-03T05:59:00.573+0000][2880][safepoint   ] Safepoint "Cleanup", Time since last: 1000215909 ns, Reaching safepoint: 282986 ns, At safepoint: 15963 ns, Total: 298949 ns
[2021-04-03T05:59:01.573+0000][2880][safepoint   ] Safepoint "Cleanup", Time since last: 1000185404 ns, Reaching safepoint: 283518 ns, At safepoint: 20428 ns, Total: 303946 ns
[2021-04-03T05:59:02.573+0000][2880][safepoint   ] Safepoint "Cleanup", Time since last: 1000183829 ns, Reaching safepoint: 173950 ns, At safepoint: 10919 ns, Total: 184869 ns
[2021-04-03T05:59:03.574+0000][2880][safepoint   ] Safepoint "Cleanup", Time since last: 1000219789 ns, Reaching safepoint: 296759 ns, At safepoint: 24237 ns, Total: 320996 ns
[2021-04-03T05:59:05.575+0000][2880][safepoint   ] Safepoint "Cleanup", Time since last: 2000423323 ns, Reaching safepoint: 319332 ns, At safepoint: 24372 ns, Total: 343704 ns
[2021-04-03T05:59:08.576+0000][2880][safepoint   ] Safepoint "Cleanup", Time since last: 3000607631 ns, Reaching safepoint: 326774 ns, At safepoint: 21866 ns, Total: 348640 ns
[2021-04-03T05:59:09.576+0000][2880][safepoint   ] Safepoint "Cleanup", Time since last: 1000258643 ns, Reaching safepoint: 271744 ns, At safepoint: 15983 ns, Total: 287727 ns
[2021-04-03T05:59:11.577+0000][2880][safepoint   ] Safepoint "Cleanup", Time since last: 2000375938 ns, Reaching safepoint: 285067 ns, At safepoint: 14514 ns, Total: 299581 ns
[2021-04-03T05:59:12.577+0000][2880][safepoint   ] Safepoint "Cleanup", Time since last: 1000253299 ns, Reaching safepoint: 262166 ns, At safepoint: 21495 ns, Total: 283661 ns
[2021-04-03T05:59:14.578+0000][2880][safepoint   ] Safepoint "Cleanup", Time since last: 2000300871 ns, Reaching safepoint: 125633 ns, At safepoint: 8425 ns, Total: 134058 ns
[2021-04-03T05:59:15.578+0000][2880][safepoint   ] Safepoint "Cleanup", Time since last: 1000208815 ns, Reaching safepoint: 258503 ns, At safepoint: 17801 ns, Total: 276304 ns
[2021-04-03T05:59:16.579+0000][2880][safepoint   ] Safepoint "Cleanup", Time since last: 1000206708 ns, Reaching safepoint: 176906 ns, At safepoint: 12103 ns, Total: 189009 ns
[2021-04-03T05:59:17.579+0000][2880][safepoint   ] Safepoint "Cleanup", Time since last: 1000207514 ns, Reaching safepoint: 246835 ns, At safepoint: 21305 ns, Total: 268140 ns
[2021-04-03T05:59:19.580+0000][2880][safepoint   ] Safepoint "Cleanup", Time since last: 2000409440 ns, Reaching safepoint: 295559 ns, At safepoint: 18994 ns, Total: 314553 ns
[2021-04-03T05:59:20.580+0000][2880][safepoint   ] Safepoint "Cleanup", Time since last: 1000159554 ns, Reaching safepoint: 189902 ns, At safepoint: 8634 ns, Total: 198536 ns
[2021-04-03T05:59:22.581+0000][2880][safepoint   ] Safepoint "Cleanup", Time since last: 2000205169 ns, Reaching safepoint: 298205 ns, At safepoint: 23741 ns, Total: 321946 ns
[2021-04-03T05:59:23.581+0000][2880][safepoint   ] Safepoint "Cleanup", Time since last: 1000160196 ns, Reaching safepoint: 111168 ns, At safepoint: 6401 ns, Total: 117569 ns
[2021-04-03T05:59:25.582+0000][2880][safepoint   ] Safepoint "Cleanup", Time since last: 2000255809 ns, Reaching safepoint: 291223 ns, At safepoint: 18839 ns, Total: 310062 ns
[2021-04-03T05:59:26.582+0000][2880][safepoint   ] Safepoint "Cleanup", Time since last: 1000447471 ns, Reaching safepoint: 230796 ns, At safepoint: 12158 ns, Total: 242954 ns
[2021-04-03T05:59:32.584+0000][2880][safepoint   ] Safepoint "Cleanup", Time since last: 6001020432 ns, Reaching safepoint: 200612 ns, At safepoint: 12732 ns, Total: 213344 ns
[2021-04-03T05:59:34.584+0000][2880][safepoint   ] Safepoint "Cleanup", Time since last: 2000426091 ns, Reaching safepoint: 327428 ns, At safepoint: 19245 ns, Total: 346673 ns
[2021-04-03T05:59:35.585+0000][2880][safepoint   ] Safepoint "Cleanup", Time since last: 1000239907 ns, Reaching safepoint: 230039 ns, At safepoint: 11701 ns, Total: 241740 ns
[2021-04-03T05:59:36.586+0000][2880][safepoint   ] Safepoint "Cleanup", Time since last: 1000389235 ns, Reaching safepoint: 262961 ns, At safepoint: 18323 ns, Total: 281284 ns
[2021-04-03T05:59:38.586+0000][2880][safepoint   ] Safepoint "Cleanup", Time since last: 2000422961 ns, Reaching safepoint: 268624 ns, At safepoint: 18909 ns, Total: 287533 ns
[2021-04-03T05:59:47.588+0000][2880][safepoint   ] Safepoint "Cleanup", Time since last: 9001493227 ns, Reaching safepoint: 281313 ns, At safepoint: 25009 ns, Total: 306322 ns
[2021-04-03T05:59:48.589+0000][2880][safepoint   ] Safepoint "Cleanup", Time since last: 1000541247 ns, Reaching safepoint: 230371 ns, At safepoint: 19037 ns, Total: 249408 ns
[2021-04-03T05:59:49.589+0000][2880][safepoint   ] Safepoint "Cleanup", Time since last: 1000257822 ns, Reaching safepoint: 333681 ns, At safepoint: 24226 ns, Total: 357907 ns
[2021-04-03T05:59:50.590+0000][2880][safepoint   ] Safepoint "Cleanup", Time since last: 1000201209 ns, Reaching safepoint: 150683 ns, At safepoint: 8092 ns, Total: 158775 ns
[2021-04-03T05:59:53.591+0000][2880][safepoint   ] Safepoint "Cleanup", Time since last: 3000599810 ns, Reaching safepoint: 285362 ns, At safepoint: 19631 ns, Total: 304993 ns
[2021-04-03T05:59:54.591+0000][2880][safepoint   ] Safepoint "Cleanup", Time since last: 1000244715 ns, Reaching safepoint: 300092 ns, At safepoint: 17741 ns, Total: 317833 ns
[2021-04-03T05:59:56.592+0000][2880][safepoint   ] Safepoint "Cleanup", Time since last: 2000446163 ns, Reaching safepoint: 286730 ns, At safepoint: 17605 ns, Total: 304335 ns
[2021-04-03T05:59:57.593+0000][2880][safepoint   ] Safepoint "Cleanup", Time since last: 1000227126 ns, Reaching safepoint: 256229 ns, At safepoint: 18438 ns, Total: 274667 ns
[2021-04-03T05:59:59.593+0000][2880][safepoint   ] Safepoint "Cleanup", Time since last: 2000258135 ns, Reaching safepoint: 299200 ns, At safepoint: 17771 ns, Total: 316971 ns
[2021-04-03T06:00:00.594+0000][2880][safepoint   ] Safepoint "Cleanup", Time since last: 1000373327 ns, Reaching safepoint: 126310 ns, At safepoint: 11076 ns, Total: 137386 ns
[2021-04-03T06:00:01.594+0000][2880][safepoint   ] Safepoint "Cleanup", Time since last: 1000190258 ns, Reaching safepoint: 310446 ns, At safepoint: 26822 ns, Total: 337268 ns
[2021-04-03T06:00:02.595+0000][2880][safepoint   ] Safepoint "Cleanup", Time since last: 1000207013 ns, Reaching safepoint: 301830 ns, At safepoint: 26271 ns, Total: 328101 ns
[2021-04-03T06:00:06.595+0000][2880][safepoint   ] Safepoint "Cleanup", Time since last: 4000466079 ns, Reaching safepoint: 188827 ns, At safepoint: 12126 ns, Total: 200953 ns
[2021-04-03T06:00:08.596+0000][2880][safepoint   ] Safepoint "Cleanup", Time since last: 2000289965 ns, Reaching safepoint: 280670 ns, At safepoint: 22257 ns, Total: 302927 ns
[2021-04-03T06:00:11.596+0000][2880][safepoint   ] Safepoint "Cleanup", Time since last: 3000374505 ns, Reaching safepoint: 143024 ns, At safepoint: 8254 ns, Total: 151278 ns
[2021-04-03T06:00:13.509+0000][2880][safepoint   ] Safepoint "Cleanup", Time since last: 1912730277 ns, Reaching safepoint: 133305 ns, At safepoint: 8409 ns, Total: 141714 ns
[2021-04-03T06:00:14.510+0000][2880][safepoint   ] Safepoint "Cleanup", Time since last: 1000131190 ns, Reaching safepoint: 112885 ns, At safepoint: 11135 ns, Total: 124020 ns
[2021-04-03T06:00:17.510+0000][2880][safepoint   ] Safepoint "Cleanup", Time since last: 3000375888 ns, Reaching safepoint: 117483 ns, At safepoint: 7122 ns, Total: 124605 ns
[2021-04-03T06:00:18.510+0000][2880][safepoint   ] Safepoint "Cleanup", Time since last: 1000115454 ns, Reaching safepoint: 103971 ns, At safepoint: 5269 ns, Total: 109240 ns
[2021-04-03T06:00:19.511+0000][2880][safepoint   ] Safepoint "Cleanup", Time since last: 1000193036 ns, Reaching safepoint: 106343 ns, At safepoint: 4800 ns, Total: 111143 ns
[2021-04-03T06:00:20.511+0000][2880][safepoint   ] Safepoint "Cleanup", Time since last: 1000103332 ns, Reaching safepoint: 111372 ns, At safepoint: 5736 ns, Total: 117108 ns
[2021-04-03T06:00:21.511+0000][2880][safepoint   ] Safepoint "Cleanup", Time since last: 1000111177 ns, Reaching safepoint: 132555 ns, At safepoint: 8725 ns, Total: 141280 ns
[2021-04-03T06:00:23.512+0000][2880][safepoint   ] Safepoint "Cleanup", Time since last: 2000228716 ns, Reaching safepoint: 184041 ns, At safepoint: 11030 ns, Total: 195071 ns
[2021-04-03T06:00:24.512+0000][2880][safepoint   ] Safepoint "Cleanup", Time since last: 1000199873 ns, Reaching safepoint: 190268 ns, At safepoint: 11691 ns, Total: 201959 ns
[2021-04-03T06:00:25.512+0000][2880][safepoint   ] Safepoint "Cleanup", Time since last: 1000213329 ns, Reaching safepoint: 281076 ns, At safepoint: 14468 ns, Total: 295544 ns
[2021-04-03T06:00:26.513+0000][2880][safepoint   ] Safepoint "Cleanup", Time since last: 1000333644 ns, Reaching safepoint: 131036 ns, At safepoint: 5878 ns, Total: 136914 ns
[2021-04-03T06:00:27.513+0000][2880][safepoint   ] Safepoint "Cleanup", Time since last: 1000202218 ns, Reaching safepoint: 259389 ns, At safepoint: 17236 ns, Total: 276625 ns
[2021-04-03T06:00:29.514+0000][2880][safepoint   ] Safepoint "Cleanup", Time since last: 2000400069 ns, Reaching safepoint: 168779 ns, At safepoint: 10118 ns, Total: 178897 ns
[2021-04-03T06:00:32.514+0000][2880][safepoint   ] Safepoint "Cleanup", Time since last: 3000347179 ns, Reaching safepoint: 134274 ns, At safepoint: 7058 ns, Total: 141332 ns
[2021-04-03T06:00:35.515+0000][2880][safepoint   ] Safepoint "Cleanup", Time since last: 3000311080 ns, Reaching safepoint: 131956 ns, At safepoint: 7937 ns, Total: 139893 ns
[2021-04-03T06:00:36.515+0000][2880][safepoint   ] Safepoint "Cleanup", Time since last: 1000145731 ns, Reaching safepoint: 112883 ns, At safepoint: 6870 ns, Total: 119753 ns
[2021-04-03T06:00:37.516+0000][2880][safepoint   ] Safepoint "Cleanup", Time since last: 1000226507 ns, Reaching safepoint: 149260 ns, At safepoint: 11396 ns, Total: 160656 ns
[2021-04-03T06:00:38.516+0000][2880][safepoint   ] Safepoint "Cleanup", Time since last: 1000146482 ns, Reaching safepoint: 137352 ns, At safepoint: 9490 ns, Total: 146842 ns
[2021-04-03T06:00:41.517+0000][2880][safepoint   ] Safepoint "Cleanup", Time since last: 3000369124 ns, Reaching safepoint: 279406 ns, At safepoint: 18663 ns, Total: 298069 ns
[2021-04-03T06:00:46.517+0000][2880][safepoint   ] Safepoint "Cleanup", Time since last: 5000823091 ns, Reaching safepoint: 137245 ns, At safepoint: 9456 ns, Total: 146701 ns
[2021-04-03T06:00:47.518+0000][2880][safepoint   ] Safepoint "Cleanup", Time since last: 1000138969 ns, Reaching safepoint: 165100 ns, At safepoint: 8682 ns, Total: 173782 ns
[2021-04-03T06:00:48.518+0000][2880][safepoint   ] Safepoint "Cleanup", Time since last: 1000197903 ns, Reaching safepoint: 276814 ns, At safepoint: 16573 ns, Total: 293387 ns
[2021-04-03T06:00:49.519+0000][2880][safepoint   ] Safepoint "Cleanup", Time since last: 1000238672 ns, Reaching safepoint: 293343 ns, At safepoint: 17716 ns, Total: 311059 ns
[2021-04-03T06:00:50.519+0000][2880][safepoint   ] Safepoint "Cleanup", Time since last: 1000221032 ns, Reaching safepoint: 223436 ns, At safepoint: 18612 ns, Total: 242048 ns
[2021-04-03T06:00:51.520+0000][2880][safepoint   ] Safepoint "Cleanup", Time since last: 1000232146 ns, Reaching safepoint: 305541 ns, At safepoint: 18553 ns, Total: 324094 ns
[2021-04-03T06:00:53.520+0000][2880][safepoint   ] Safepoint "Cleanup", Time since last: 2000352298 ns, Reaching safepoint: 261268 ns, At safepoint: 17130 ns, Total: 278398 ns
[2021-04-03T06:00:56.521+0000][2880][safepoint   ] Safepoint "Cleanup", Time since last: 3000535529 ns, Reaching safepoint: 190154 ns, At safepoint: 11523 ns, Total: 201677 ns
[2021-04-03T06:00:57.522+0000][2880][safepoint   ] Safepoint "Cleanup", Time since last: 1000212918 ns, Reaching safepoint: 317368 ns, At safepoint: 15722 ns, Total: 333090 ns
[2021-04-03T06:00:59.522+0000][2880][safepoint   ] Safepoint "Cleanup", Time since last: 2000363605 ns, Reaching safepoint: 215119 ns, At safepoint: 13184 ns, Total: 228303 ns
[2021-04-03T06:01:00.523+0000][2880][safepoint   ] Safepoint "Cleanup", Time since last: 1000354625 ns, Reaching safepoint: 287438 ns, At safepoint: 19140 ns, Total: 306578 ns
[2021-04-03T06:01:01.524+0000][2880][safepoint   ] Safepoint "Cleanup", Time since last: 1000238645 ns, Reaching safepoint: 251199 ns, At safepoint: 17511 ns, Total: 268710 ns
[2021-04-03T06:01:02.524+0000][2880][safepoint   ] Safepoint "Cleanup", Time since last: 1000248599 ns, Reaching safepoint: 287042 ns, At safepoint: 19796 ns, Total: 306838 ns
[2021-04-03T06:01:03.525+0000][2880][safepoint   ] Safepoint "Cleanup", Time since last: 1000225551 ns, Reaching safepoint: 309254 ns, At safepoint: 20924 ns, Total: 330178 ns
[2021-04-03T06:01:06.525+0000][2880][safepoint   ] Safepoint "Cleanup", Time since last: 3000563096 ns, Reaching safepoint: 161825 ns, At safepoint: 13637 ns, Total: 175462 ns
[2021-04-03T06:01:11.526+0000][2880][safepoint   ] Safepoint "Cleanup", Time since last: 5000779383 ns, Reaching safepoint: 129909 ns, At safepoint: 10793 ns, Total: 140702 ns
[2021-04-03T06:01:17.528+0000][2880][safepoint   ] Safepoint "Cleanup", Time since last: 6001055531 ns, Reaching safepoint: 246067 ns, At safepoint: 18853 ns, Total: 264920 ns
[2021-04-03T06:01:19.530+0000][2880][safepoint   ] Safepoint "Cleanup", Time since last: 2000363758 ns, Reaching safepoint: 1676008 ns, At safepoint: 28351 ns, Total: 1704359 ns
[2021-04-03T06:01:20.530+0000][2880][safepoint   ] Safepoint "Cleanup", Time since last: 1000156874 ns, Reaching safepoint: 210367 ns, At safepoint: 10365 ns, Total: 220732 ns
[2021-04-03T06:01:21.530+0000][2880][safepoint   ] Safepoint "Cleanup", Time since last: 1000142588 ns, Reaching safepoint: 199189 ns, At safepoint: 12148 ns, Total: 211337 ns
[2021-04-03T06:01:23.531+0000][2880][safepoint   ] Safepoint "Cleanup", Time since last: 2000275485 ns, Reaching safepoint: 178572 ns, At safepoint: 6311 ns, Total: 184883 ns
[2021-04-03T06:01:24.531+0000][2880][safepoint   ] Safepoint "Cleanup", Time since last: 1000129467 ns, Reaching safepoint: 158424 ns, At safepoint: 8911 ns, Total: 167335 ns
[2021-04-03T06:01:25.532+0000][2880][safepoint   ] Safepoint "Cleanup", Time since last: 1000272933 ns, Reaching safepoint: 154823 ns, At safepoint: 13004 ns, Total: 167827 ns
[2021-04-03T06:01:26.532+0000][2880][safepoint   ] Safepoint "Cleanup", Time since last: 1000152218 ns, Reaching safepoint: 186169 ns, At safepoint: 9832 ns, Total: 196001 ns
[2021-04-03T06:01:27.532+0000][2880][safepoint   ] Safepoint "Cleanup", Time since last: 1000172758 ns, Reaching safepoint: 252587 ns, At safepoint: 13414 ns, Total: 266001 ns
[2021-04-03T06:01:29.533+0000][2880][safepoint   ] Safepoint "Cleanup", Time since last: 2000320202 ns, Reaching safepoint: 281734 ns, At safepoint: 22997 ns, Total: 304731 ns
[2021-04-03T06:01:30.533+0000][2880][safepoint   ] Safepoint "Cleanup", Time since last: 1000183063 ns, Reaching safepoint: 256681 ns, At safepoint: 11697 ns, Total: 268378 ns
[2021-04-03T06:01:35.534+0000][2880][safepoint   ] Safepoint "Cleanup", Time since last: 5000758738 ns, Reaching safepoint: 211468 ns, At safepoint: 12938 ns, Total: 224406 ns
[2021-04-03T06:01:36.535+0000][2880][safepoint   ] Safepoint "Cleanup", Time since last: 1000213553 ns, Reaching safepoint: 206820 ns, At safepoint: 11981 ns, Total: 218801 ns
[2021-04-03T06:01:47.536+0000][2880][safepoint   ] Safepoint "Cleanup", Time since last: 11001449415 ns, Reaching safepoint: 134047 ns, At safepoint: 8733 ns, Total: 142780 ns
[2021-04-03T06:01:48.537+0000][2880][safepoint   ] Safepoint "Cleanup", Time since last: 1000147594 ns, Reaching safepoint: 149845 ns, At safepoint: 6922 ns, Total: 156767 ns
[2021-04-03T06:01:49.537+0000][2880][safepoint   ] Safepoint "Cleanup", Time since last: 1000161697 ns, Reaching safepoint: 211450 ns, At safepoint: 13096 ns, Total: 224546 ns
[2021-04-03T06:01:51.538+0000][2880][safepoint   ] Safepoint "Cleanup", Time since last: 2000347041 ns, Reaching safepoint: 175713 ns, At safepoint: 11639 ns, Total: 187352 ns
[2021-04-03T06:01:54.538+0000][2880][safepoint   ] Safepoint "Cleanup", Time since last: 3000457176 ns, Reaching safepoint: 317138 ns, At safepoint: 9820 ns, Total: 326958 ns
[2021-04-03T06:01:56.540+0000][2880][safepoint   ] Safepoint "Cleanup", Time since last: 2000706224 ns, Reaching safepoint: 285562 ns, At safepoint: 14593 ns, Total: 300155 ns
[2021-04-03T06:01:59.540+0000][2880][safepoint   ] Safepoint "Cleanup", Time since last: 3000442538 ns, Reaching safepoint: 187474 ns, At safepoint: 9343 ns, Total: 196817 ns
[2021-04-03T06:02:00.541+0000][2880][safepoint   ] Safepoint "Cleanup", Time since last: 1000167163 ns, Reaching safepoint: 258299 ns, At safepoint: 17179 ns, Total: 275478 ns
[2021-04-03T06:02:06.542+0000][2880][safepoint   ] Safepoint "Cleanup", Time since last: 6000725636 ns, Reaching safepoint: 247433 ns, At safepoint: 17729 ns, Total: 265162 ns
[2021-04-03T06:02:09.542+0000][2880][safepoint   ] Safepoint "Cleanup", Time since last: 3000427583 ns, Reaching safepoint: 182454 ns, At safepoint: 12451 ns, Total: 194905 ns
[2021-04-03T06:02:11.543+0000][2880][safepoint   ] Safepoint "Cleanup", Time since last: 2000210649 ns, Reaching safepoint: 132834 ns, At safepoint: 6198 ns, Total: 139032 ns
[2021-04-03T06:02:12.543+0000][2880][safepoint   ] Safepoint "Cleanup", Time since last: 1000222249 ns, Reaching safepoint: 203293 ns, At safepoint: 11919 ns, Total: 215212 ns
[2021-04-03T06:02:16.544+0000][2880][safepoint   ] Safepoint "Cleanup", Time since last: 4000445714 ns, Reaching safepoint: 103997 ns, At safepoint: 5063 ns, Total: 109060 ns
[2021-04-03T06:02:17.544+0000][2880][safepoint   ] Safepoint "Cleanup", Time since last: 1000137230 ns, Reaching safepoint: 124137 ns, At safepoint: 7467 ns, Total: 131604 ns
[2021-04-03T06:02:18.544+0000][2880][safepoint   ] Safepoint "Cleanup", Time since last: 1000207062 ns, Reaching safepoint: 323114 ns, At safepoint: 26346 ns, Total: 349460 ns
[2021-04-03T06:02:20.545+0000][2880][safepoint   ] Safepoint "Cleanup", Time since last: 2000341466 ns, Reaching safepoint: 315887 ns, At safepoint: 29022 ns, Total: 344909 ns
[2021-04-03T06:02:23.546+0000][2880][safepoint   ] Safepoint "Cleanup", Time since last: 3000482036 ns, Reaching safepoint: 238632 ns, At safepoint: 12521 ns, Total: 251153 ns
[2021-04-03T06:02:24.546+0000][2880][safepoint   ] Safepoint "Cleanup", Time since last: 1000218080 ns, Reaching safepoint: 278425 ns, At safepoint: 18714 ns, Total: 297139 ns
[2021-04-03T06:02:26.547+0000][2880][safepoint   ] Safepoint "Cleanup", Time since last: 2000306542 ns, Reaching safepoint: 246110 ns, At safepoint: 18052 ns, Total: 264162 ns
[2021-04-03T06:02:33.548+0000][2880][safepoint   ] Safepoint "Cleanup", Time since last: 7000942767 ns, Reaching safepoint: 265981 ns, At safepoint: 16233 ns, Total: 282214 ns
[2021-04-03T06:02:34.548+0000][2880][safepoint   ] Safepoint "Cleanup", Time since last: 1000189985 ns, Reaching safepoint: 96965 ns, At safepoint: 5598 ns, Total: 102563 ns
[2021-04-03T06:02:35.549+0000][2880][safepoint   ] Safepoint "Cleanup", Time since last: 1000130323 ns, Reaching safepoint: 122124 ns, At safepoint: 15969 ns, Total: 138093 ns
[2021-04-03T06:02:36.549+0000][2880][safepoint   ] Safepoint "Cleanup", Time since last: 1000128574 ns, Reaching safepoint: 206658 ns, At safepoint: 19189 ns, Total: 225847 ns
[2021-04-03T06:02:38.550+0000][2880][safepoint   ] Safepoint "Cleanup", Time since last: 2000258023 ns, Reaching safepoint: 242378 ns, At safepoint: 21920 ns, Total: 264298 ns
[2021-04-03T06:02:45.551+0000][2880][safepoint   ] Safepoint "Cleanup", Time since last: 7000819699 ns, Reaching safepoint: 433514 ns, At safepoint: 32921 ns, Total: 466435 ns
[2021-04-03T06:02:46.551+0000][2880][safepoint   ] Safepoint "Cleanup", Time since last: 1000186782 ns, Reaching safepoint: 112570 ns, At safepoint: 6911 ns, Total: 119481 ns
[2021-04-03T06:02:47.551+0000][2880][safepoint   ] Safepoint "Cleanup", Time since last: 1000156701 ns, Reaching safepoint: 117081 ns, At safepoint: 7925 ns, Total: 125006 ns
[2021-04-03T06:02:48.552+0000][2880][safepoint   ] Safepoint "Cleanup", Time since last: 1000203363 ns, Reaching safepoint: 270686 ns, At safepoint: 19019 ns, Total: 289705 ns
[2021-04-03T06:02:51.553+0000][2880][safepoint   ] Safepoint "Cleanup", Time since last: 3000409558 ns, Reaching safepoint: 262322 ns, At safepoint: 16198 ns, Total: 278520 ns
[2021-04-03T06:02:53.553+0000][2880][safepoint   ] Safepoint "Cleanup", Time since last: 2000363240 ns, Reaching safepoint: 282032 ns, At safepoint: 20382 ns, Total: 302414 ns
[2021-04-03T06:02:54.554+0000][2880][safepoint   ] Safepoint "Cleanup", Time since last: 1000227273 ns, Reaching safepoint: 270421 ns, At safepoint: 20748 ns, Total: 291169 ns
[2021-04-03T06:02:56.554+0000][2880][safepoint   ] Safepoint "Cleanup", Time since last: 2000319736 ns, Reaching safepoint: 238828 ns, At safepoint: 15455 ns, Total: 254283 ns
[2021-04-03T06:02:57.555+0000][2880][safepoint   ] Safepoint "Cleanup", Time since last: 1000164422 ns, Reaching safepoint: 94197 ns, At safepoint: 18798 ns, Total: 112995 ns
[2021-04-03T06:02:59.555+0000][2880][safepoint   ] Safepoint "Cleanup", Time since last: 2000203990 ns, Reaching safepoint: 158082 ns, At safepoint: 11887 ns, Total: 169969 ns
[2021-04-03T06:03:00.555+0000][2880][safepoint   ] Safepoint "Cleanup", Time since last: 1000133102 ns, Reaching safepoint: 236377 ns, At safepoint: 21239 ns, Total: 257616 ns
[2021-04-03T06:03:01.556+0000][2880][safepoint   ] Safepoint "Cleanup", Time since last: 1000180311 ns, Reaching safepoint: 266086 ns, At safepoint: 17746 ns, Total: 283832 ns
[2021-04-03T06:03:02.556+0000][2880][safepoint   ] Safepoint "Cleanup", Time since last: 1000167163 ns, Reaching safepoint: 182332 ns, At safepoint: 7981 ns, Total: 190313 ns
[2021-04-03T06:03:06.557+0000][2880][safepoint   ] Safepoint "Cleanup", Time since last: 4000546045 ns, Reaching safepoint: 176079 ns, At safepoint: 10815 ns, Total: 186894 ns
[2021-04-03T06:03:09.558+0000][2880][safepoint   ] Safepoint "Cleanup", Time since last: 3000555923 ns, Reaching safepoint: 288187 ns, At safepoint: 22317 ns, Total: 310504 ns
[2021-04-03T06:03:11.558+0000][2880][safepoint   ] Safepoint "Cleanup", Time since last: 2000318011 ns, Reaching safepoint: 99390 ns, At safepoint: 5394 ns, Total: 104784 ns
[2021-04-03T06:03:12.559+0000][2880][safepoint   ] Safepoint "Cleanup", Time since last: 1000176670 ns, Reaching safepoint: 285195 ns, At safepoint: 20858 ns, Total: 306053 ns
[2021-04-03T06:03:13.559+0000][2880][safepoint   ] Safepoint "Cleanup", Time since last: 1000218865 ns, Reaching safepoint: 294261 ns, At safepoint: 23594 ns, Total: 317855 ns
[2021-04-03T06:03:14.560+0000][2880][safepoint   ] Safepoint "Cleanup", Time since last: 1000235505 ns, Reaching safepoint: 293624 ns, At safepoint: 17265 ns, Total: 310889 ns
[2021-04-03T06:03:16.560+0000][2880][safepoint   ] Safepoint "Cleanup", Time since last: 2000316908 ns, Reaching safepoint: 349604 ns, At safepoint: 25243 ns, Total: 374847 ns
[2021-04-03T06:03:22.562+0000][2880][safepoint   ] Safepoint "Cleanup", Time since last: 6000843402 ns, Reaching safepoint: 294030 ns, At safepoint: 17199 ns, Total: 311229 ns
[2021-04-03T06:03:23.562+0000][2880][safepoint   ] Safepoint "Cleanup", Time since last: 1000201233 ns, Reaching safepoint: 202204 ns, At safepoint: 11905 ns, Total: 214109 ns
[2021-04-03T06:03:24.563+0000][2880][safepoint   ] Safepoint "Cleanup", Time since last: 1000217847 ns, Reaching safepoint: 294947 ns, At safepoint: 24402 ns, Total: 319349 ns
[2021-04-03T06:03:26.563+0000][2880][safepoint   ] Safepoint "Cleanup", Time since last: 2000325567 ns, Reaching safepoint: 113564 ns, At safepoint: 7326 ns, Total: 120890 ns
[2021-04-03T06:03:27.564+0000][2880][safepoint   ] Safepoint "Cleanup", Time since last: 1000203408 ns, Reaching safepoint: 330975 ns, At safepoint: 21685 ns, Total: 352660 ns
[2021-04-03T06:03:30.513+0000][2880][safepoint   ] Safepoint "Cleanup", Time since last: 2949066276 ns, Reaching safepoint: 389871 ns, At safepoint: 27103 ns, Total: 416974 ns
[2021-04-03T06:03:32.514+0000][2880][safepoint   ] Safepoint "Cleanup", Time since last: 2000307043 ns, Reaching safepoint: 246967 ns, At safepoint: 18940 ns, Total: 265907 ns
[2021-04-03T06:03:35.514+0000][2880][safepoint   ] Safepoint "Cleanup", Time since last: 3000292061 ns, Reaching safepoint: 121775 ns, At safepoint: 8634 ns, Total: 130409 ns
[2021-04-03T06:03:37.620+0000][2880][gc,start    ] GC(15) Pause Young (Normal) (G1 Evacuation Pause)
[2021-04-03T06:03:37.620+0000][2880][gc,task     ] GC(15) Using 4 workers of 4 for evacuation
[2021-04-03T06:03:37.620+0000][2880][gc,age      ] GC(15) Desired survivor size 81788928 bytes, new threshold 15 (max threshold 15)
[2021-04-03T06:03:37.667+0000][2880][gc,age      ] GC(15) Age table with threshold 15 (max threshold 15)
[2021-04-03T06:03:37.667+0000][2880][gc,age      ] GC(15) - age   1:    3434864 bytes,    3434864 total
[2021-04-03T06:03:37.667+0000][2880][gc,age      ] GC(15) - age   2:   13391104 bytes,   16825968 total
[2021-04-03T06:03:37.667+0000][2880][gc,age      ] GC(15) - age   3:   15129952 bytes,   31955920 total
[2021-04-03T06:03:37.667+0000][2880][gc,age      ] GC(15) - age   4:    4097688 bytes,   36053608 total
[2021-04-03T06:03:37.667+0000][2880][gc,age      ] GC(15) - age   5:    8462128 bytes,   44515736 total
[2021-04-03T06:03:37.667+0000][2880][gc,phases   ] GC(15)   Pre Evacuate Collection Set: 0.1ms
[2021-04-03T06:03:37.667+0000][2880][gc,phases   ] GC(15)   Merge Heap Roots: 0.1ms
[2021-04-03T06:03:37.667+0000][2880][gc,phases   ] GC(15)   Evacuate Collection Set: 44.2ms
[2021-04-03T06:03:37.667+0000][2880][gc,phases   ] GC(15)   Post Evacuate Collection Set: 2.1ms
[2021-04-03T06:03:37.667+0000][2880][gc,phases   ] GC(15)   Other: 0.3ms
[2021-04-03T06:03:37.667+0000][2880][gc,heap     ] GC(15) Eden regions: 300->0(340)
[2021-04-03T06:03:37.667+0000][2880][gc,heap     ] GC(15) Survivor regions: 11->12(39)
[2021-04-03T06:03:37.667+0000][2880][gc,heap     ] GC(15) Old regions: 14->14
[2021-04-03T06:03:37.667+0000][2880][gc,heap     ] GC(15) Archive regions: 2->2
[2021-04-03T06:03:37.667+0000][2880][gc,heap     ] GC(15) Humongous regions: 2->2
[2021-04-03T06:03:37.667+0000][2880][gc,metaspace] GC(15) Metaspace: 111543K(116048K)->111543K(116048K) NonClass: 96884K(99920K)->96884K(99920K) Class: 14659K(16128K)->14659K(16128K)
[2021-04-03T06:03:37.667+0000][2880][gc          ] GC(15) Pause Young (Normal) (G1 Evacuation Pause) 1311M->114M(3940M) 46.856ms
[2021-04-03T06:03:37.667+0000][2880][gc,cpu      ] GC(15) User=0.16s Sys=0.00s Real=0.05s
[2021-04-03T06:03:37.667+0000][2880][safepoint   ] Safepoint "G1CollectForAllocation", Time since last: 2105890902 ns, Reaching safepoint: 121426 ns, At safepoint: 46946686 ns, Total: 47068112 ns
[2021-04-03T06:03:42.668+0000][2880][safepoint   ] Safepoint "Cleanup", Time since last: 5000556508 ns, Reaching safepoint: 299026 ns, At safepoint: 24146 ns, Total: 323172 ns
[2021-04-03T06:03:43.669+0000][2880][safepoint   ] Safepoint "Cleanup", Time since last: 1000216562 ns, Reaching safepoint: 393910 ns, At safepoint: 22938 ns, Total: 416848 ns
[2021-04-03T06:03:47.669+0000][2880][safepoint   ] Safepoint "Cleanup", Time since last: 4000642997 ns, Reaching safepoint: 203582 ns, At safepoint: 11558 ns, Total: 215140 ns
[2021-04-03T06:03:48.670+0000][2880][safepoint   ] Safepoint "Cleanup", Time since last: 1000386535 ns, Reaching safepoint: 304328 ns, At safepoint: 19104 ns, Total: 323432 ns
[2021-04-03T06:03:53.671+0000][2880][safepoint   ] Safepoint "Cleanup", Time since last: 5000919558 ns, Reaching safepoint: 272700 ns, At safepoint: 24692 ns, Total: 297392 ns
[2021-04-03T06:03:54.672+0000][2880][safepoint   ] Safepoint "Cleanup", Time since last: 1000148134 ns, Reaching safepoint: 117311 ns, At safepoint: 5616 ns, Total: 122927 ns
[2021-04-03T06:03:55.672+0000][2880][safepoint   ] Safepoint "Cleanup", Time since last: 1000139901 ns, Reaching safepoint: 139373 ns, At safepoint: 9121 ns, Total: 148494 ns
[2021-04-03T06:03:56.673+0000][2880][safepoint   ] Safepoint "Cleanup", Time since last: 1000319885 ns, Reaching safepoint: 327171 ns, At safepoint: 21264 ns, Total: 348435 ns
[2021-04-03T06:03:57.673+0000][2880][safepoint   ] Safepoint "Cleanup", Time since last: 1000240755 ns, Reaching safepoint: 297417 ns, At safepoint: 21600 ns, Total: 319017 ns
[2021-04-03T06:03:59.674+0000][2880][safepoint   ] Safepoint "Cleanup", Time since last: 2000308903 ns, Reaching safepoint: 120782 ns, At safepoint: 8205 ns, Total: 128987 ns
[2021-04-03T06:04:00.674+0000][2880][safepoint   ] Safepoint "Cleanup", Time since last: 1000175004 ns, Reaching safepoint: 116777 ns, At safepoint: 7315 ns, Total: 124092 ns
[2021-04-03T06:04:05.675+0000][2880][safepoint   ] Safepoint "Cleanup", Time since last: 5000669306 ns, Reaching safepoint: 111525 ns, At safepoint: 16762 ns, Total: 128287 ns
[2021-04-03T06:04:06.675+0000][2880][safepoint   ] Safepoint "Cleanup", Time since last: 1000230473 ns, Reaching safepoint: 325946 ns, At safepoint: 15936 ns, Total: 341882 ns
[2021-04-03T06:04:08.676+0000][2880][safepoint   ] Safepoint "Cleanup", Time since last: 2000412565 ns, Reaching safepoint: 120437 ns, At safepoint: 9400 ns, Total: 129837 ns
[2021-04-03T06:04:11.676+0000][2880][safepoint   ] Safepoint "Cleanup", Time since last: 3000483751 ns, Reaching safepoint: 182126 ns, At safepoint: 11724 ns, Total: 193850 ns
[2021-04-03T06:04:12.677+0000][2880][safepoint   ] Safepoint "Cleanup", Time since last: 1000270846 ns, Reaching safepoint: 120403 ns, At safepoint: 8128 ns, Total: 128531 ns
[2021-04-03T06:04:14.677+0000][2880][safepoint   ] Safepoint "Cleanup", Time since last: 2000373990 ns, Reaching safepoint: 232242 ns, At safepoint: 14962 ns, Total: 247204 ns
[2021-04-03T06:04:20.679+0000][2880][safepoint   ] Safepoint "Cleanup", Time since last: 6001146338 ns, Reaching safepoint: 312724 ns, At safepoint: 18482 ns, Total: 331206 ns
[2021-04-03T06:04:21.679+0000][2880][safepoint   ] Safepoint "Cleanup", Time since last: 1000187470 ns, Reaching safepoint: 265574 ns, At safepoint: 16362 ns, Total: 281936 ns
[2021-04-03T06:04:23.680+0000][2880][safepoint   ] Safepoint "Cleanup", Time since last: 2000330437 ns, Reaching safepoint: 115553 ns, At safepoint: 7770 ns, Total: 123323 ns
[2021-04-03T06:04:26.681+0000][2880][safepoint   ] Safepoint "Cleanup", Time since last: 3000549168 ns, Reaching safepoint: 260888 ns, At safepoint: 15816 ns, Total: 276704 ns
[2021-04-03T06:04:27.681+0000][2880][safepoint   ] Safepoint "Cleanup", Time since last: 1000238784 ns, Reaching safepoint: 292290 ns, At safepoint: 19099 ns, Total: 311389 ns
[2021-04-03T06:04:30.682+0000][2880][safepoint   ] Safepoint "Cleanup", Time since last: 3000586569 ns, Reaching safepoint: 295984 ns, At safepoint: 22307 ns, Total: 318291 ns
[2021-04-03T06:04:32.683+0000][2880][safepoint   ] Safepoint "Cleanup", Time since last: 2000451529 ns, Reaching safepoint: 329937 ns, At safepoint: 20157 ns, Total: 350094 ns
[2021-04-03T06:04:35.684+0000][2880][safepoint   ] Safepoint "Cleanup", Time since last: 3000581742 ns, Reaching safepoint: 271857 ns, At safepoint: 17159 ns, Total: 289016 ns
[2021-04-03T06:04:36.685+0000][2880][safepoint   ] Safepoint "Cleanup", Time since last: 1000440139 ns, Reaching safepoint: 279200 ns, At safepoint: 15921 ns, Total: 295121 ns
[2021-04-03T06:04:38.685+0000][2880][safepoint   ] Safepoint "Cleanup", Time since last: 2000431501 ns, Reaching safepoint: 293704 ns, At safepoint: 22006 ns, Total: 315710 ns
[2021-04-03T06:04:47.687+0000][2880][safepoint   ] Safepoint "Cleanup", Time since last: 9001616618 ns, Reaching safepoint: 234223 ns, At safepoint: 12559 ns, Total: 246782 ns
[2021-04-03T06:04:48.688+0000][2880][safepoint   ] Safepoint "Cleanup", Time since last: 1000163812 ns, Reaching safepoint: 296182 ns, At safepoint: 21529 ns, Total: 317711 ns
[2021-04-03T06:04:49.688+0000][2880][safepoint   ] Safepoint "Cleanup", Time since last: 1000236532 ns, Reaching safepoint: 307330 ns, At safepoint: 16688 ns, Total: 324018 ns
[2021-04-03T06:04:53.689+0000][2880][safepoint   ] Safepoint "Cleanup", Time since last: 4000648613 ns, Reaching safepoint: 165502 ns, At safepoint: 13995 ns, Total: 179497 ns
[2021-04-03T06:04:56.690+0000][2880][safepoint   ] Safepoint "Cleanup", Time since last: 3000675707 ns, Reaching safepoint: 183590 ns, At safepoint: 12926 ns, Total: 196516 ns
[2021-04-03T06:04:59.691+0000][2880][safepoint   ] Safepoint "Cleanup", Time since last: 3000488102 ns, Reaching safepoint: 116904 ns, At safepoint: 8835 ns, Total: 125739 ns
[2021-04-03T06:05:06.692+0000][2880][safepoint   ] Safepoint "Cleanup", Time since last: 7001257714 ns, Reaching safepoint: 279706 ns, At safepoint: 18232 ns, Total: 297938 ns
[2021-04-03T06:05:11.693+0000][2880][safepoint   ] Safepoint "Cleanup", Time since last: 5000817370 ns, Reaching safepoint: 123339 ns, At safepoint: 7501 ns, Total: 130840 ns
[2021-04-03T06:05:12.694+0000][2880][safepoint   ] Safepoint "Cleanup", Time since last: 1000221744 ns, Reaching safepoint: 262702 ns, At safepoint: 19490 ns, Total: 282192 ns
[2021-04-03T06:05:14.694+0000][2880][safepoint   ] Safepoint "Cleanup", Time since last: 2000446443 ns, Reaching safepoint: 298916 ns, At safepoint: 17490 ns, Total: 316406 ns
[2021-04-03T06:05:18.695+0000][2880][safepoint   ] Safepoint "Cleanup", Time since last: 4000717316 ns, Reaching safepoint: 223781 ns, At safepoint: 12805 ns, Total: 236586 ns
[2021-04-03T06:05:20.696+0000][2880][safepoint   ] Safepoint "Cleanup", Time since last: 2000390423 ns, Reaching safepoint: 251612 ns, At safepoint: 18933 ns, Total: 270545 ns
[2021-04-03T06:05:24.697+0000][2880][safepoint   ] Safepoint "Cleanup", Time since last: 4000702330 ns, Reaching safepoint: 326649 ns, At safepoint: 24617 ns, Total: 351266 ns
[2021-04-03T06:05:26.698+0000][2880][safepoint   ] Safepoint "Cleanup", Time since last: 2000424419 ns, Reaching safepoint: 285413 ns, At safepoint: 20214 ns, Total: 305627 ns
[2021-04-03T06:05:29.699+0000][2880][safepoint   ] Safepoint "Cleanup", Time since last: 3000613705 ns, Reaching safepoint: 317438 ns, At safepoint: 21740 ns, Total: 339178 ns
[2021-04-03T06:05:32.700+0000][2880][safepoint   ] Safepoint "Cleanup", Time since last: 3000602800 ns, Reaching safepoint: 234307 ns, At safepoint: 16703 ns, Total: 251010 ns
[2021-04-03T06:05:33.700+0000][2880][safepoint   ] Safepoint "Cleanup", Time since last: 1000215989 ns, Reaching safepoint: 302218 ns, At safepoint: 20041 ns, Total: 322259 ns
[2021-04-03T06:05:42.408+0000][2880][safepoint   ] Safepoint "Cleanup", Time since last: 8707817196 ns, Reaching safepoint: 476325 ns, At safepoint: 26516 ns, Total: 502841 ns
[2021-04-03T06:05:45.409+0000][2880][safepoint   ] Safepoint "Cleanup", Time since last: 3000549703 ns, Reaching safepoint: 290851 ns, At safepoint: 20207 ns, Total: 311058 ns
[2021-04-03T06:05:47.410+0000][2880][safepoint   ] Safepoint "Cleanup", Time since last: 2000382203 ns, Reaching safepoint: 233611 ns, At safepoint: 6824 ns, Total: 240435 ns
[2021-04-03T06:05:48.410+0000][2880][safepoint   ] Safepoint "Cleanup", Time since last: 1000211019 ns, Reaching safepoint: 299251 ns, At safepoint: 23018 ns, Total: 322269 ns
[2021-04-03T06:05:51.411+0000][2880][safepoint   ] Safepoint "Cleanup", Time since last: 3000499881 ns, Reaching safepoint: 354342 ns, At safepoint: 19170 ns, Total: 373512 ns
[2021-04-03T06:05:56.304+0000][2880][safepoint   ] Safepoint "Cleanup", Time since last: 4892636113 ns, Reaching safepoint: 182294 ns, At safepoint: 7610 ns, Total: 189904 ns
[2021-04-03T06:05:57.305+0000][2880][safepoint   ] Safepoint "Cleanup", Time since last: 1000311932 ns, Reaching safepoint: 357650 ns, At safepoint: 20091 ns, Total: 377741 ns
[2021-04-03T06:05:58.305+0000][2880][safepoint   ] Safepoint "Cleanup", Time since last: 1000268108 ns, Reaching safepoint: 277786 ns, At safepoint: 17095 ns, Total: 294881 ns
[2021-04-03T06:06:00.306+0000][2880][safepoint   ] Safepoint "Cleanup", Time since last: 2000455142 ns, Reaching safepoint: 299090 ns, At safepoint: 17706 ns, Total: 316796 ns
[2021-04-03T06:06:01.307+0000][2880][safepoint   ] Safepoint "Cleanup", Time since last: 1000179317 ns, Reaching safepoint: 261073 ns, At safepoint: 17575 ns, Total: 278648 ns
[2021-04-03T06:06:04.308+0000][2880][safepoint   ] Safepoint "Cleanup", Time since last: 3001019345 ns, Reaching safepoint: 356939 ns, At safepoint: 18868 ns, Total: 375807 ns
[2021-04-03T06:06:12.310+0000][2880][safepoint   ] Safepoint "Cleanup", Time since last: 8001545399 ns, Reaching safepoint: 295878 ns, At safepoint: 19470 ns, Total: 315348 ns
[2021-04-03T06:06:13.310+0000][2880][safepoint   ] Safepoint "Cleanup", Time since last: 1000228829 ns, Reaching safepoint: 248405 ns, At safepoint: 17766 ns, Total: 266171 ns
[2021-04-03T06:06:23.312+0000][2880][safepoint   ] Safepoint "Cleanup", Time since last: 10001741802 ns, Reaching safepoint: 175682 ns, At safepoint: 7711 ns, Total: 183393 ns
[2021-04-03T06:06:24.313+0000][2880][safepoint   ] Safepoint "Cleanup", Time since last: 1000197420 ns, Reaching safepoint: 238195 ns, At safepoint: 16699 ns, Total: 254894 ns
[2021-04-03T06:06:25.313+0000][2880][safepoint   ] Safepoint "Cleanup", Time since last: 1000184453 ns, Reaching safepoint: 196836 ns, At safepoint: 14080 ns, Total: 210916 ns
[2021-04-03T06:06:30.314+0000][2880][safepoint   ] Safepoint "Cleanup", Time since last: 5000850764 ns, Reaching safepoint: 294024 ns, At safepoint: 15736 ns, Total: 309760 ns
[2021-04-03T06:06:36.315+0000][2880][safepoint   ] Safepoint "Cleanup", Time since last: 6000767047 ns, Reaching safepoint: 205663 ns, At safepoint: 12753 ns, Total: 218416 ns
[2021-04-03T06:06:37.316+0000][2880][safepoint   ] Safepoint "Cleanup", Time since last: 1000133582 ns, Reaching safepoint: 150656 ns, At safepoint: 11170 ns, Total: 161826 ns
[2021-04-03T06:06:39.316+0000][2880][safepoint   ] Safepoint "Cleanup", Time since last: 2000185615 ns, Reaching safepoint: 117108 ns, At safepoint: 5263 ns, Total: 122371 ns
[2021-04-03T06:06:42.316+0000][2880][safepoint   ] Safepoint "Cleanup", Time since last: 3000275791 ns, Reaching safepoint: 125544 ns, At safepoint: 9967 ns, Total: 135511 ns
[2021-04-03T06:06:44.317+0000][2880][safepoint   ] Safepoint "Cleanup", Time since last: 2000223907 ns, Reaching safepoint: 445366 ns, At safepoint: 11227 ns, Total: 456593 ns
[2021-04-03T06:06:45.317+0000][2880][safepoint   ] Safepoint "Cleanup", Time since last: 1000125348 ns, Reaching safepoint: 125995 ns, At safepoint: 8786 ns, Total: 134781 ns
[2021-04-03T06:06:48.318+0000][2880][safepoint   ] Safepoint "Cleanup", Time since last: 3000457961 ns, Reaching safepoint: 296349 ns, At safepoint: 23689 ns, Total: 320038 ns
[2021-04-03T06:06:49.319+0000][2880][safepoint   ] Safepoint "Cleanup", Time since last: 1000465425 ns, Reaching safepoint: 278229 ns, At safepoint: 19825 ns, Total: 298054 ns
[2021-04-03T06:06:51.319+0000][2880][safepoint   ] Safepoint "Cleanup", Time since last: 2000258104 ns, Reaching safepoint: 209463 ns, At safepoint: 12565 ns, Total: 222028 ns
[2021-04-03T06:06:54.320+0000][2880][safepoint   ] Safepoint "Cleanup", Time since last: 3000412740 ns, Reaching safepoint: 288040 ns, At safepoint: 22608 ns, Total: 310648 ns
[2021-04-03T06:06:56.320+0000][2880][safepoint   ] Safepoint "Cleanup", Time since last: 2000270361 ns, Reaching safepoint: 122680 ns, At safepoint: 5916 ns, Total: 128596 ns
[2021-04-03T06:06:58.321+0000][2880][safepoint   ] Safepoint "Cleanup", Time since last: 2000422387 ns, Reaching safepoint: 318136 ns, At safepoint: 23089 ns, Total: 341225 ns
[2021-04-03T06:07:00.322+0000][2880][safepoint   ] Safepoint "Cleanup", Time since last: 2000430326 ns, Reaching safepoint: 343415 ns, At safepoint: 22217 ns, Total: 365632 ns
[2021-04-03T06:07:01.322+0000][2880][safepoint   ] Safepoint "Cleanup", Time since last: 1000253330 ns, Reaching safepoint: 296178 ns, At safepoint: 18764 ns, Total: 314942 ns
[2021-04-03T06:07:07.324+0000][2880][safepoint   ] Safepoint "Cleanup", Time since last: 6000909792 ns, Reaching safepoint: 279920 ns, At safepoint: 22182 ns, Total: 302102 ns
[2021-04-03T06:07:09.324+0000][2880][safepoint   ] Safepoint "Cleanup", Time since last: 2000507438 ns, Reaching safepoint: 101643 ns, At safepoint: 6682 ns, Total: 108325 ns
[2021-04-03T06:07:12.325+0000][2880][safepoint   ] Safepoint "Cleanup", Time since last: 3000303627 ns, Reaching safepoint: 190749 ns, At safepoint: 13854 ns, Total: 204603 ns
[2021-04-03T06:07:21.326+0000][2880][safepoint   ] Safepoint "Cleanup", Time since last: 9001204350 ns, Reaching safepoint: 130278 ns, At safepoint: 14239 ns, Total: 144517 ns
[2021-04-03T06:07:24.327+0000][2880][safepoint   ] Safepoint "Cleanup", Time since last: 3000368476 ns, Reaching safepoint: 187895 ns, At safepoint: 9364 ns, Total: 197259 ns
[2021-04-03T06:07:25.327+0000][2880][safepoint   ] Safepoint "Cleanup", Time since last: 1000142537 ns, Reaching safepoint: 114698 ns, At safepoint: 7288 ns, Total: 121986 ns
[2021-04-03T06:07:28.328+0000][2880][safepoint   ] Safepoint "Cleanup", Time since last: 3000460525 ns, Reaching safepoint: 159133 ns, At safepoint: 8101 ns, Total: 167234 ns
[2021-04-03T06:07:33.328+0000][2880][safepoint   ] Safepoint "Cleanup", Time since last: 5000590111 ns, Reaching safepoint: 130179 ns, At safepoint: 5980 ns, Total: 136159 ns
[2021-04-03T06:07:36.329+0000][2880][safepoint   ] Safepoint "Cleanup", Time since last: 3000483869 ns, Reaching safepoint: 283478 ns, At safepoint: 20919 ns, Total: 304397 ns
[2021-04-03T06:07:37.330+0000][2880][safepoint   ] Safepoint "Cleanup", Time since last: 1000365296 ns, Reaching safepoint: 263707 ns, At safepoint: 20954 ns, Total: 284661 ns
[2021-04-03T06:07:39.330+0000][2880][safepoint   ] Safepoint "Cleanup", Time since last: 2000312114 ns, Reaching safepoint: 286455 ns, At safepoint: 22608 ns, Total: 309063 ns
[2021-04-03T06:07:42.331+0000][2880][safepoint   ] Safepoint "Cleanup", Time since last: 3000428020 ns, Reaching safepoint: 253337 ns, At safepoint: 23901 ns, Total: 277238 ns
[2021-04-03T06:07:47.332+0000][2880][safepoint   ] Safepoint "Cleanup", Time since last: 5000508036 ns, Reaching safepoint: 140043 ns, At safepoint: 8046 ns, Total: 148089 ns
[2021-04-03T06:07:48.332+0000][2880][safepoint   ] Safepoint "Cleanup", Time since last: 1000128163 ns, Reaching safepoint: 192187 ns, At safepoint: 9428 ns, Total: 201615 ns
[2021-04-03T06:07:49.332+0000][2880][safepoint   ] Safepoint "Cleanup", Time since last: 1000281181 ns, Reaching safepoint: 124706 ns, At safepoint: 5909 ns, Total: 130615 ns
[2021-04-03T06:07:53.333+0000][2880][safepoint   ] Safepoint "Cleanup", Time since last: 4000413205 ns, Reaching safepoint: 112051 ns, At safepoint: 7699 ns, Total: 119750 ns
[2021-04-03T06:07:54.333+0000][2880][safepoint   ] Safepoint "Cleanup", Time since last: 1000163749 ns, Reaching safepoint: 122384 ns, At safepoint: 7388 ns, Total: 129772 ns
[2021-04-03T06:07:56.334+0000][2880][safepoint   ] Safepoint "Cleanup", Time since last: 2000205674 ns, Reaching safepoint: 111693 ns, At safepoint: 5561 ns, Total: 117254 ns
[2021-04-03T06:08:00.334+0000][2880][safepoint   ] Safepoint "Cleanup", Time since last: 4000363139 ns, Reaching safepoint: 147395 ns, At safepoint: 7384 ns, Total: 154779 ns
[2021-04-03T06:08:03.335+0000][2880][safepoint   ] Safepoint "Cleanup", Time since last: 3000547529 ns, Reaching safepoint: 283412 ns, At safepoint: 19591 ns, Total: 303003 ns
[2021-04-03T06:08:13.336+0000][2880][safepoint   ] Safepoint "Cleanup", Time since last: 10001217507 ns, Reaching safepoint: 189592 ns, At safepoint: 16586 ns, Total: 206178 ns
[2021-04-03T06:08:20.345+0000][2880][safepoint   ] Safepoint "Cleanup", Time since last: 7008669720 ns, Reaching safepoint: 275242 ns, At safepoint: 21936 ns, Total: 297178 ns
[2021-04-03T06:08:21.346+0000][2880][safepoint   ] Safepoint "Cleanup", Time since last: 1000234550 ns, Reaching safepoint: 212602 ns, At safepoint: 14594 ns, Total: 227196 ns
[2021-04-03T06:08:22.346+0000][2880][safepoint   ] Safepoint "Cleanup", Time since last: 1000180441 ns, Reaching safepoint: 256739 ns, At safepoint: 20839 ns, Total: 277578 ns
[2021-04-03T06:08:23.347+0000][2880][safepoint   ] Safepoint "Cleanup", Time since last: 1000156036 ns, Reaching safepoint: 176767 ns, At safepoint: 11750 ns, Total: 188517 ns
[2021-04-03T06:08:24.347+0000][2880][safepoint   ] Safepoint "Cleanup", Time since last: 1000149438 ns, Reaching safepoint: 269144 ns, At safepoint: 16319 ns, Total: 285463 ns
[2021-04-03T06:08:25.347+0000][2880][safepoint   ] Safepoint "Cleanup", Time since last: 1000152110 ns, Reaching safepoint: 176868 ns, At safepoint: 14691 ns, Total: 191559 ns
[2021-04-03T06:08:30.348+0000][2880][safepoint   ] Safepoint "Cleanup", Time since last: 5000669882 ns, Reaching safepoint: 117602 ns, At safepoint: 5205 ns, Total: 122807 ns
[2021-04-03T06:08:36.349+0000][2880][safepoint   ] Safepoint "Cleanup", Time since last: 6000716018 ns, Reaching safepoint: 331183 ns, At safepoint: 18037 ns, Total: 349220 ns
[2021-04-03T06:08:37.727+0000][2880][safepoint   ] Safepoint "Cleanup", Time since last: 1377223091 ns, Reaching safepoint: 209331 ns, At safepoint: 12259 ns, Total: 221590 ns
[2021-04-03T06:08:40.728+0000][2880][safepoint   ] Safepoint "Cleanup", Time since last: 3000664497 ns, Reaching safepoint: 293485 ns, At safepoint: 21886 ns, Total: 315371 ns
[2021-04-03T06:08:41.728+0000][2880][safepoint   ] Safepoint "Cleanup", Time since last: 1000168011 ns, Reaching safepoint: 116347 ns, At safepoint: 8090 ns, Total: 124437 ns
[2021-04-03T06:08:47.729+0000][2880][safepoint   ] Safepoint "Cleanup", Time since last: 6000870708 ns, Reaching safepoint: 189331 ns, At safepoint: 22537 ns, Total: 211868 ns
[2021-04-03T06:08:48.730+0000][2880][safepoint   ] Safepoint "Cleanup", Time since last: 1000491505 ns, Reaching safepoint: 304495 ns, At safepoint: 20674 ns, Total: 325169 ns
[2021-04-03T06:08:53.731+0000][2880][safepoint   ] Safepoint "Cleanup", Time since last: 5000883173 ns, Reaching safepoint: 222066 ns, At safepoint: 16956 ns, Total: 239022 ns
[2021-04-03T06:08:54.732+0000][2880][safepoint   ] Safepoint "Cleanup", Time since last: 1000187247 ns, Reaching safepoint: 370659 ns, At safepoint: 27670 ns, Total: 398329 ns
[2021-04-03T06:08:55.732+0000][2880][safepoint   ] Safepoint "Cleanup", Time since last: 1000415052 ns, Reaching safepoint: 328271 ns, At safepoint: 18899 ns, Total: 347170 ns
[2021-04-03T06:08:56.733+0000][2880][safepoint   ] Safepoint "Cleanup", Time since last: 1000205391 ns, Reaching safepoint: 296075 ns, At safepoint: 17160 ns, Total: 313235 ns
[2021-04-03T06:08:59.734+0000][2880][safepoint   ] Safepoint "Cleanup", Time since last: 3000512831 ns, Reaching safepoint: 256367 ns, At safepoint: 16108 ns, Total: 272475 ns
[2021-04-03T06:09:00.734+0000][2880][safepoint   ] Safepoint "Cleanup", Time since last: 1000183543 ns, Reaching safepoint: 296280 ns, At safepoint: 21741 ns, Total: 318021 ns
[2021-04-03T06:09:07.736+0000][2880][safepoint   ] Safepoint "Cleanup", Time since last: 7001327556 ns, Reaching safepoint: 350086 ns, At safepoint: 23665 ns, Total: 373751 ns
[2021-04-03T06:09:08.736+0000][2880][safepoint   ] Safepoint "Cleanup", Time since last: 1000173012 ns, Reaching safepoint: 147115 ns, At safepoint: 9176 ns, Total: 156291 ns
[2021-04-03T06:09:11.737+0000][2880][safepoint   ] Safepoint "Cleanup", Time since last: 3000457526 ns, Reaching safepoint: 191117 ns, At safepoint: 12552 ns, Total: 203669 ns
[2021-04-03T06:09:15.738+0000][2880][safepoint   ] Safepoint "Cleanup", Time since last: 4000503841 ns, Reaching safepoint: 281711 ns, At safepoint: 19917 ns, Total: 301628 ns
[2021-04-03T06:09:20.739+0000][2880][safepoint   ] Safepoint "Cleanup", Time since last: 5000696524 ns, Reaching safepoint: 177992 ns, At safepoint: 14825 ns, Total: 192817 ns
[2021-04-03T06:09:23.739+0000][2880][safepoint   ] Safepoint "Cleanup", Time since last: 3000510847 ns, Reaching safepoint: 135915 ns, At safepoint: 10761 ns, Total: 146676 ns
[2021-04-03T06:09:24.740+0000][2880][safepoint   ] Safepoint "Cleanup", Time since last: 1000177632 ns, Reaching safepoint: 309085 ns, At safepoint: 22758 ns, Total: 331843 ns
[2021-04-03T06:09:35.742+0000][2880][safepoint   ] Safepoint "Cleanup", Time since last: 11001663229 ns, Reaching safepoint: 311301 ns, At safepoint: 18892 ns, Total: 330193 ns
[2021-04-03T06:09:39.743+0000][2880][safepoint   ] Safepoint "Cleanup", Time since last: 4000679698 ns, Reaching safepoint: 383227 ns, At safepoint: 23399 ns, Total: 406626 ns
[2021-04-03T06:09:41.744+0000][2880][safepoint   ] Safepoint "Cleanup", Time since last: 2000330591 ns, Reaching safepoint: 319028 ns, At safepoint: 22968 ns, Total: 341996 ns
[2021-04-03T06:09:44.744+0000][2880][safepoint   ] Safepoint "Cleanup", Time since last: 3000482316 ns, Reaching safepoint: 360168 ns, At safepoint: 22497 ns, Total: 382665 ns
[2021-04-03T06:09:47.745+0000][2880][safepoint   ] Safepoint "Cleanup", Time since last: 3000639646 ns, Reaching safepoint: 234834 ns, At safepoint: 9846 ns, Total: 244680 ns
[2021-04-03T06:09:48.746+0000][2880][safepoint   ] Safepoint "Cleanup", Time since last: 1000222356 ns, Reaching safepoint: 280415 ns, At safepoint: 22733 ns, Total: 303148 ns
[2021-04-03T06:09:50.746+0000][2880][safepoint   ] Safepoint "Cleanup", Time since last: 2000284395 ns, Reaching safepoint: 211109 ns, At safepoint: 11988 ns, Total: 223097 ns
[2021-04-03T06:09:51.747+0000][2880][safepoint   ] Safepoint "Cleanup", Time since last: 1000197302 ns, Reaching safepoint: 181574 ns, At safepoint: 10708 ns, Total: 192282 ns
[2021-04-03T06:09:52.747+0000][2880][safepoint   ] Safepoint "Cleanup", Time since last: 1000208321 ns, Reaching safepoint: 310292 ns, At safepoint: 23545 ns, Total: 333837 ns
[2021-04-03T06:09:53.748+0000][2880][safepoint   ] Safepoint "Cleanup", Time since last: 1000218788 ns, Reaching safepoint: 200255 ns, At safepoint: 15753 ns, Total: 216008 ns
[2021-04-03T06:09:54.748+0000][2880][safepoint   ] Safepoint "Cleanup", Time since last: 1000229991 ns, Reaching safepoint: 311691 ns, At safepoint: 22838 ns, Total: 334529 ns
[2021-04-03T06:09:56.749+0000][2880][safepoint   ] Safepoint "Cleanup", Time since last: 2000455182 ns, Reaching safepoint: 284943 ns, At safepoint: 20572 ns, Total: 305515 ns
[2021-04-03T06:09:57.749+0000][2880][safepoint   ] Safepoint "Cleanup", Time since last: 1000195098 ns, Reaching safepoint: 282026 ns, At safepoint: 20227 ns, Total: 302253 ns
[2021-04-03T06:09:59.750+0000][2880][safepoint   ] Safepoint "Cleanup", Time since last: 2000397418 ns, Reaching safepoint: 278543 ns, At safepoint: 19535 ns, Total: 298078 ns
[2021-04-03T06:10:00.751+0000][2880][safepoint   ] Safepoint "Cleanup", Time since last: 1000240349 ns, Reaching safepoint: 290526 ns, At safepoint: 23289 ns, Total: 313815 ns
[2021-04-03T06:10:11.514+0000][2880][gc,start    ] GC(16) Pause Young (Normal) (G1 Evacuation Pause)
[2021-04-03T06:10:11.514+0000][2880][gc,task     ] GC(16) Using 4 workers of 4 for evacuation
[2021-04-03T06:10:11.514+0000][2880][gc,age      ] GC(16) Desired survivor size 92274688 bytes, new threshold 15 (max threshold 15)
[2021-04-03T06:10:11.572+0000][2880][gc,age      ] GC(16) Age table with threshold 15 (max threshold 15)
[2021-04-03T06:10:11.572+0000][2880][gc,age      ] GC(16) - age   1:    2831312 bytes,    2831312 total
[2021-04-03T06:10:11.572+0000][2880][gc,age      ] GC(16) - age   2:    1215112 bytes,    4046424 total
[2021-04-03T06:10:11.572+0000][2880][gc,age      ] GC(16) - age   3:   13020608 bytes,   17067032 total
[2021-04-03T06:10:11.572+0000][2880][gc,age      ] GC(16) - age   4:   15087256 bytes,   32154288 total
[2021-04-03T06:10:11.572+0000][2880][gc,age      ] GC(16) - age   5:    4097688 bytes,   36251976 total
[2021-04-03T06:10:11.572+0000][2880][gc,age      ] GC(16) - age   6:    8462128 bytes,   44714104 total
[2021-04-03T06:10:11.572+0000][2880][gc,phases   ] GC(16)   Pre Evacuate Collection Set: 0.1ms
[2021-04-03T06:10:11.572+0000][2880][gc,phases   ] GC(16)   Merge Heap Roots: 0.1ms
[2021-04-03T06:10:11.572+0000][2880][gc,phases   ] GC(16)   Evacuate Collection Set: 56.0ms
[2021-04-03T06:10:11.572+0000][2880][gc,phases   ] GC(16)   Post Evacuate Collection Set: 2.2ms
[2021-04-03T06:10:11.572+0000][2880][gc,phases   ] GC(16)   Other: 0.3ms
[2021-04-03T06:10:11.572+0000][2880][gc,heap     ] GC(16) Eden regions: 340->0(401)
[2021-04-03T06:10:11.572+0000][2880][gc,heap     ] GC(16) Survivor regions: 12->12(44)
[2021-04-03T06:10:11.572+0000][2880][gc,heap     ] GC(16) Old regions: 14->14
[2021-04-03T06:10:11.572+0000][2880][gc,heap     ] GC(16) Archive regions: 2->2
[2021-04-03T06:10:11.572+0000][2880][gc,heap     ] GC(16) Humongous regions: 2->2
[2021-04-03T06:10:11.572+0000][2880][gc,metaspace] GC(16) Metaspace: 112745K(117072K)->112745K(117072K) NonClass: 98073K(100944K)->98073K(100944K) Class: 14672K(16128K)->14672K(16128K)
[2021-04-03T06:10:11.572+0000][2880][gc          ] GC(16) Pause Young (Normal) (G1 Evacuation Pause) 1474M->115M(3940M) 58.847ms
[2021-04-03T06:10:11.572+0000][2880][gc,cpu      ] GC(16) User=0.17s Sys=0.00s Real=0.06s
[2021-04-03T06:10:11.572+0000][2880][safepoint   ] Safepoint "G1CollectForAllocation", Time since last: 10762629503 ns, Reaching safepoint: 196435 ns, At safepoint: 58960094 ns, Total: 59156529 ns
[2021-04-03T06:10:12.573+0000][2880][safepoint   ] Safepoint "Cleanup", Time since last: 1000174269 ns, Reaching safepoint: 228096 ns, At safepoint: 11722 ns, Total: 239818 ns
[2021-04-03T06:10:23.574+0000][2880][safepoint   ] Safepoint "Cleanup", Time since last: 11001234747 ns, Reaching safepoint: 122282 ns, At safepoint: 6477 ns, Total: 128759 ns
[2021-04-03T06:10:24.575+0000][2880][safepoint   ] Safepoint "Cleanup", Time since last: 1000116529 ns, Reaching safepoint: 127520 ns, At safepoint: 8287 ns, Total: 135807 ns
[2021-04-03T06:10:26.575+0000][2880][safepoint   ] Safepoint "Cleanup", Time since last: 2000240983 ns, Reaching safepoint: 204451 ns, At safepoint: 17865 ns, Total: 222316 ns
[2021-04-03T06:10:27.575+0000][2880][safepoint   ] Safepoint "Cleanup", Time since last: 1000144364 ns, Reaching safepoint: 169303 ns, At safepoint: 15067 ns, Total: 184370 ns
[2021-04-03T06:10:35.577+0000][2880][safepoint   ] Safepoint "Cleanup", Time since last: 8001056546 ns, Reaching safepoint: 131303 ns, At safepoint: 9719 ns, Total: 141022 ns
[2021-04-03T06:10:36.577+0000][2880][safepoint   ] Safepoint "Cleanup", Time since last: 1000158349 ns, Reaching safepoint: 292781 ns, At safepoint: 22171 ns, Total: 314952 ns
[2021-04-03T06:10:38.578+0000][2880][safepoint   ] Safepoint "Cleanup", Time since last: 2000311982 ns, Reaching safepoint: 291057 ns, At safepoint: 16303 ns, Total: 307360 ns
[2021-04-03T06:10:41.578+0000][2880][safepoint   ] Safepoint "Cleanup", Time since last: 3000520795 ns, Reaching safepoint: 169093 ns, At safepoint: 10871 ns, Total: 179964 ns
[2021-04-03T06:10:43.579+0000][2880][safepoint   ] Safepoint "Cleanup", Time since last: 2000407781 ns, Reaching safepoint: 289874 ns, At safepoint: 18909 ns, Total: 308783 ns
[2021-04-03T06:10:47.580+0000][2880][safepoint   ] Safepoint "Cleanup", Time since last: 4000530146 ns, Reaching safepoint: 350224 ns, At safepoint: 20634 ns, Total: 370858 ns
[2021-04-03T06:10:48.581+0000][2880][safepoint   ] Safepoint "Cleanup", Time since last: 1000476091 ns, Reaching safepoint: 312311 ns, At safepoint: 15486 ns, Total: 327797 ns
[2021-04-03T06:10:49.581+0000][2880][safepoint   ] Safepoint "Cleanup", Time since last: 1000175118 ns, Reaching safepoint: 162483 ns, At safepoint: 9925 ns, Total: 172408 ns
[2021-04-03T06:10:50.581+0000][2880][safepoint   ] Safepoint "Cleanup", Time since last: 1000118143 ns, Reaching safepoint: 197196 ns, At safepoint: 11411 ns, Total: 208607 ns
[2021-04-03T06:10:53.582+0000][2880][safepoint   ] Safepoint "Cleanup", Time since last: 3000529597 ns, Reaching safepoint: 256326 ns, At safepoint: 25474 ns, Total: 281800 ns
[2021-04-03T06:10:56.583+0000][2880][safepoint   ] Safepoint "Cleanup", Time since last: 3000330773 ns, Reaching safepoint: 225716 ns, At safepoint: 12188 ns, Total: 237904 ns
[2021-04-03T06:10:59.583+0000][2880][safepoint   ] Safepoint "Cleanup", Time since last: 3000267067 ns, Reaching safepoint: 134871 ns, At safepoint: 11001 ns, Total: 145872 ns
[2021-04-03T06:11:00.583+0000][2880][safepoint   ] Safepoint "Cleanup", Time since last: 1000124197 ns, Reaching safepoint: 151212 ns, At safepoint: 5722 ns, Total: 156934 ns
[2021-04-03T06:11:01.584+0000][2880][safepoint   ] Safepoint "Cleanup", Time since last: 1000227023 ns, Reaching safepoint: 106525 ns, At safepoint: 9440 ns, Total: 115965 ns
[2021-04-03T06:11:11.585+0000][2880][safepoint   ] Safepoint "Cleanup", Time since last: 10001262337 ns, Reaching safepoint: 210417 ns, At safepoint: 12424 ns, Total: 222841 ns
[2021-04-03T06:11:20.587+0000][2880][safepoint   ] Safepoint "Cleanup", Time since last: 9001450654 ns, Reaching safepoint: 177302 ns, At safepoint: 8626 ns, Total: 185928 ns
[2021-04-03T06:11:23.588+0000][2880][safepoint   ] Safepoint "Cleanup", Time since last: 3000500763 ns, Reaching safepoint: 164932 ns, At safepoint: 11240 ns, Total: 176172 ns
[2021-04-03T06:11:24.588+0000][2880][safepoint   ] Safepoint "Cleanup", Time since last: 1000170293 ns, Reaching safepoint: 121799 ns, At safepoint: 8469 ns, Total: 130268 ns
[2021-04-03T06:11:25.589+0000][2880][safepoint   ] Safepoint "Cleanup", Time since last: 1000214987 ns, Reaching safepoint: 393879 ns, At safepoint: 21430 ns, Total: 415309 ns
[2021-04-03T06:11:29.590+0000][2880][safepoint   ] Safepoint "Cleanup", Time since last: 4000789233 ns, Reaching safepoint: 291683 ns, At safepoint: 24025 ns, Total: 315708 ns
[2021-04-03T06:11:35.591+0000][2880][safepoint   ] Safepoint "Cleanup", Time since last: 6001027415 ns, Reaching safepoint: 116968 ns, At safepoint: 5835 ns, Total: 122803 ns
[2021-04-03T06:11:36.591+0000][2880][safepoint   ] Safepoint "Cleanup", Time since last: 1000209910 ns, Reaching safepoint: 303058 ns, At safepoint: 19160 ns, Total: 322218 ns
[2021-04-03T06:11:43.593+0000][2880][safepoint   ] Safepoint "Cleanup", Time since last: 7001213592 ns, Reaching safepoint: 343738 ns, At safepoint: 22979 ns, Total: 366717 ns
[2021-04-03T06:11:44.593+0000][2880][safepoint   ] Safepoint "Cleanup", Time since last: 1000190396 ns, Reaching safepoint: 338776 ns, At safepoint: 21535 ns, Total: 360311 ns
[2021-04-03T06:11:45.594+0000][2880][safepoint   ] Safepoint "Cleanup", Time since last: 1000231586 ns, Reaching safepoint: 286961 ns, At safepoint: 19700 ns, Total: 306661 ns
[2021-04-03T06:11:48.595+0000][2880][safepoint   ] Safepoint "Cleanup", Time since last: 3000559751 ns, Reaching safepoint: 264067 ns, At safepoint: 19513 ns, Total: 283580 ns
[2021-04-03T06:11:50.595+0000][2880][safepoint   ] Safepoint "Cleanup", Time since last: 2000324971 ns, Reaching safepoint: 180944 ns, At safepoint: 9916 ns, Total: 190860 ns
[2021-04-03T06:11:51.596+0000][2880][safepoint   ] Safepoint "Cleanup", Time since last: 1000216873 ns, Reaching safepoint: 291171 ns, At safepoint: 24577 ns, Total: 315748 ns
[2021-04-03T06:11:53.597+0000][2880][safepoint   ] Safepoint "Cleanup", Time since last: 2000396000 ns, Reaching safepoint: 324748 ns, At safepoint: 27329 ns, Total: 352077 ns
[2021-04-03T06:11:54.597+0000][2880][safepoint   ] Safepoint "Cleanup", Time since last: 1000311904 ns, Reaching safepoint: 276897 ns, At safepoint: 19440 ns, Total: 296337 ns
[2021-04-03T06:11:56.598+0000][2880][safepoint   ] Safepoint "Cleanup", Time since last: 2000366915 ns, Reaching safepoint: 316821 ns, At safepoint: 19917 ns, Total: 336738 ns
[2021-04-03T06:11:59.599+0000][2880][safepoint   ] Safepoint "Cleanup", Time since last: 3000345529 ns, Reaching safepoint: 356768 ns, At safepoint: 24727 ns, Total: 381495 ns
[2021-04-03T06:12:19.602+0000][2880][safepoint   ] Safepoint "Cleanup", Time since last: 20003172840 ns, Reaching safepoint: 274386 ns, At safepoint: 18724 ns, Total: 293110 ns
[2021-04-03T06:12:23.603+0000][2880][safepoint   ] Safepoint "Cleanup", Time since last: 4000719638 ns, Reaching safepoint: 145030 ns, At safepoint: 6609 ns, Total: 151639 ns
[2021-04-03T06:12:24.603+0000][2880][safepoint   ] Safepoint "Cleanup", Time since last: 1000167419 ns, Reaching safepoint: 117567 ns, At safepoint: 6351 ns, Total: 123918 ns
[2021-04-03T06:12:25.604+0000][2880][safepoint   ] Safepoint "Cleanup", Time since last: 1000181969 ns, Reaching safepoint: 198920 ns, At safepoint: 8516 ns, Total: 207436 ns
[2021-04-03T06:12:26.604+0000][2880][safepoint   ] Safepoint "Cleanup", Time since last: 1000203863 ns, Reaching safepoint: 280776 ns, At safepoint: 19437 ns, Total: 300213 ns
[2021-04-03T06:12:30.605+0000][2880][safepoint   ] Safepoint "Cleanup", Time since last: 4000647845 ns, Reaching safepoint: 257057 ns, At safepoint: 14318 ns, Total: 271375 ns
[2021-04-03T06:12:35.606+0000][2880][safepoint   ] Safepoint "Cleanup", Time since last: 5000814105 ns, Reaching safepoint: 132326 ns, At safepoint: 8795 ns, Total: 141121 ns
[2021-04-03T06:12:36.607+0000][2880][safepoint   ] Safepoint "Cleanup", Time since last: 1000209058 ns, Reaching safepoint: 278436 ns, At safepoint: 16232 ns, Total: 294668 ns
[2021-04-03T06:12:42.608+0000][2880][safepoint   ] Safepoint "Cleanup", Time since last: 6001049256 ns, Reaching safepoint: 330055 ns, At safepoint: 17135 ns, Total: 347190 ns
[2021-04-03T06:12:47.609+0000][2880][safepoint   ] Safepoint "Cleanup", Time since last: 5001035012 ns, Reaching safepoint: 270407 ns, At safepoint: 21991 ns, Total: 292398 ns
[2021-04-03T06:12:53.611+0000][2880][safepoint   ] Safepoint "Cleanup", Time since last: 6001120291 ns, Reaching safepoint: 178472 ns, At safepoint: 10112 ns, Total: 188584 ns
[2021-04-03T06:12:55.611+0000][2880][safepoint   ] Safepoint "Cleanup", Time since last: 2000419250 ns, Reaching safepoint: 287517 ns, At safepoint: 20723 ns, Total: 308240 ns
[2021-04-03T06:12:56.612+0000][2880][safepoint   ] Safepoint "Cleanup", Time since last: 1000188813 ns, Reaching safepoint: 110679 ns, At safepoint: 6225 ns, Total: 116904 ns
[2021-04-03T06:12:59.612+0000][2880][safepoint   ] Safepoint "Cleanup", Time since last: 3000593833 ns, Reaching safepoint: 179393 ns, At safepoint: 12615 ns, Total: 192008 ns
[2021-04-03T06:13:00.613+0000][2880][safepoint   ] Safepoint "Cleanup", Time since last: 1000194824 ns, Reaching safepoint: 312094 ns, At safepoint: 22908 ns, Total: 335002 ns
[2021-04-03T06:13:11.615+0000][2880][safepoint   ] Safepoint "Cleanup", Time since last: 11002118036 ns, Reaching safepoint: 217694 ns, At safepoint: 10291 ns, Total: 227985 ns
[2021-04-03T06:13:12.616+0000][2880][safepoint   ] Safepoint "Cleanup", Time since last: 1000234548 ns, Reaching safepoint: 291336 ns, At safepoint: 24476 ns, Total: 315812 ns
[2021-04-03T06:13:17.617+0000][2880][safepoint   ] Safepoint "Cleanup", Time since last: 5000674238 ns, Reaching safepoint: 188384 ns, At safepoint: 15174 ns, Total: 203558 ns
[2021-04-03T06:13:23.618+0000][2880][safepoint   ] Safepoint "Cleanup", Time since last: 6000761244 ns, Reaching safepoint: 122137 ns, At safepoint: 8392 ns, Total: 130529 ns
[2021-04-03T06:13:24.618+0000][2880][safepoint   ] Safepoint "Cleanup", Time since last: 1000270159 ns, Reaching safepoint: 197442 ns, At safepoint: 14394 ns, Total: 211836 ns
[2021-04-03T06:13:26.619+0000][2880][safepoint   ] Safepoint "Cleanup", Time since last: 2000365805 ns, Reaching safepoint: 292778 ns, At safepoint: 22637 ns, Total: 315415 ns
[2021-04-03T06:13:35.621+0000][2880][safepoint   ] Safepoint "Cleanup", Time since last: 9001720299 ns, Reaching safepoint: 160612 ns, At safepoint: 12898 ns, Total: 173510 ns
[2021-04-03T06:13:38.622+0000][2880][safepoint   ] Safepoint "Cleanup", Time since last: 3000582457 ns, Reaching safepoint: 294657 ns, At safepoint: 21004 ns, Total: 315661 ns
[2021-04-03T06:13:47.624+0000][2880][safepoint   ] Safepoint "Cleanup", Time since last: 9001741624 ns, Reaching safepoint: 168617 ns, At safepoint: 7910 ns, Total: 176527 ns
[2021-04-03T06:13:48.624+0000][2880][safepoint   ] Safepoint "Cleanup", Time since last: 1000116566 ns, Reaching safepoint: 156878 ns, At safepoint: 10656 ns, Total: 167534 ns
[2021-04-03T06:13:54.625+0000][2880][safepoint   ] Safepoint "Cleanup", Time since last: 6000908147 ns, Reaching safepoint: 113547 ns, At safepoint: 9493 ns, Total: 123040 ns
[2021-04-03T06:13:55.625+0000][2880][safepoint   ] Safepoint "Cleanup", Time since last: 1000198124 ns, Reaching safepoint: 253026 ns, At safepoint: 14789 ns, Total: 267815 ns
[2021-04-03T06:13:56.626+0000][2880][safepoint   ] Safepoint "Cleanup", Time since last: 1000212443 ns, Reaching safepoint: 183359 ns, At safepoint: 10167 ns, Total: 193526 ns
[2021-04-03T06:13:57.626+0000][2880][safepoint   ] Safepoint "Cleanup", Time since last: 1000142410 ns, Reaching safepoint: 118072 ns, At safepoint: 7272 ns, Total: 125344 ns
[2021-04-03T06:13:59.627+0000][2880][safepoint   ] Safepoint "Cleanup", Time since last: 2000319964 ns, Reaching safepoint: 237154 ns, At safepoint: 12088 ns, Total: 249242 ns
[2021-04-03T06:14:02.627+0000][2880][safepoint   ] Safepoint "Cleanup", Time since last: 3000515311 ns, Reaching safepoint: 272323 ns, At safepoint: 14529 ns, Total: 286852 ns
[2021-04-03T06:14:03.628+0000][2880][safepoint   ] Safepoint "Cleanup", Time since last: 1000238672 ns, Reaching safepoint: 324812 ns, At safepoint: 22161 ns, Total: 346973 ns
[2021-04-03T06:14:08.629+0000][2880][safepoint   ] Safepoint "Cleanup", Time since last: 5000891818 ns, Reaching safepoint: 238492 ns, At safepoint: 19485 ns, Total: 257977 ns
[2021-04-03T06:14:09.630+0000][2880][safepoint   ] Safepoint "Cleanup", Time since last: 1000172204 ns, Reaching safepoint: 237738 ns, At safepoint: 18656 ns, Total: 256394 ns
[2021-04-03T06:14:11.630+0000][2880][safepoint   ] Safepoint "Cleanup", Time since last: 2000256727 ns, Reaching safepoint: 134322 ns, At safepoint: 4759 ns, Total: 139081 ns
[2021-04-03T06:14:12.630+0000][2880][safepoint   ] Safepoint "Cleanup", Time since last: 1000133787 ns, Reaching safepoint: 242116 ns, At safepoint: 14558 ns, Total: 256674 ns
[2021-04-03T06:14:24.633+0000][2880][safepoint   ] Safepoint "Cleanup", Time since last: 12001901597 ns, Reaching safepoint: 314077 ns, At safepoint: 18022 ns, Total: 332099 ns
[2021-04-03T06:14:32.634+0000][2880][safepoint   ] Safepoint "Cleanup", Time since last: 8001532961 ns, Reaching safepoint: 356761 ns, At safepoint: 24837 ns, Total: 381598 ns
[2021-04-03T06:14:35.635+0000][2880][safepoint   ] Safepoint "Cleanup", Time since last: 3000384213 ns, Reaching safepoint: 144462 ns, At safepoint: 5697 ns, Total: 150159 ns
[2021-04-03T06:14:36.635+0000][2880][safepoint   ] Safepoint "Cleanup", Time since last: 1000165372 ns, Reaching safepoint: 288333 ns, At safepoint: 19355 ns, Total: 307688 ns
[2021-04-03T06:14:45.637+0000][2880][safepoint   ] Safepoint "Cleanup", Time since last: 9001409551 ns, Reaching safepoint: 340568 ns, At safepoint: 22237 ns, Total: 362805 ns
[2021-04-03T06:14:47.638+0000][2880][safepoint   ] Safepoint "Cleanup", Time since last: 2000409163 ns, Reaching safepoint: 185814 ns, At safepoint: 12972 ns, Total: 198786 ns
[2021-04-03T06:14:48.638+0000][2880][safepoint   ] Safepoint "Cleanup", Time since last: 1000228503 ns, Reaching safepoint: 296186 ns, At safepoint: 21916 ns, Total: 318102 ns
[2021-04-03T06:14:50.639+0000][2880][safepoint   ] Safepoint "Cleanup", Time since last: 2000409031 ns, Reaching safepoint: 171543 ns, At safepoint: 11128 ns, Total: 182671 ns
[2021-04-03T06:14:56.640+0000][2880][safepoint   ] Safepoint "Cleanup", Time since last: 6001112173 ns, Reaching safepoint: 296081 ns, At safepoint: 23023 ns, Total: 319104 ns
[2021-04-03T06:14:59.641+0000][2880][safepoint   ] Safepoint "Cleanup", Time since last: 3000593140 ns, Reaching safepoint: 168932 ns, At safepoint: 12173 ns, Total: 181105 ns
[2021-04-03T06:15:06.643+0000][2880][safepoint   ] Safepoint "Cleanup", Time since last: 7001367025 ns, Reaching safepoint: 316437 ns, At safepoint: 22417 ns, Total: 338854 ns
[2021-04-03T06:15:11.644+0000][2880][safepoint   ] Safepoint "Cleanup", Time since last: 5001165342 ns, Reaching safepoint: 204682 ns, At safepoint: 11641 ns, Total: 216323 ns
[2021-04-03T06:15:16.645+0000][2880][safepoint   ] Safepoint "Cleanup", Time since last: 5000857448 ns, Reaching safepoint: 316408 ns, At safepoint: 21585 ns, Total: 337993 ns
[2021-04-03T06:15:23.647+0000][2880][safepoint   ] Safepoint "Cleanup", Time since last: 7001298305 ns, Reaching safepoint: 113627 ns, At safepoint: 9263 ns, Total: 122890 ns
[2021-04-03T06:15:26.648+0000][2880][safepoint   ] Safepoint "Cleanup", Time since last: 3000528711 ns, Reaching safepoint: 263349 ns, At safepoint: 15170 ns, Total: 278519 ns
[2021-04-03T06:15:35.649+0000][2880][safepoint   ] Safepoint "Cleanup", Time since last: 9001335720 ns, Reaching safepoint: 125043 ns, At safepoint: 6508 ns, Total: 131551 ns
[2021-04-03T06:15:47.652+0000][2880][safepoint   ] Safepoint "Cleanup", Time since last: 12002244396 ns, Reaching safepoint: 304059 ns, At safepoint: 18242 ns, Total: 322301 ns
[2021-04-03T06:15:48.653+0000][2880][safepoint   ] Safepoint "Cleanup", Time since last: 1000500470 ns, Reaching safepoint: 325754 ns, At safepoint: 26136 ns, Total: 351890 ns
[2021-04-03T06:15:51.653+0000][2880][safepoint   ] Safepoint "Cleanup", Time since last: 3000488220 ns, Reaching safepoint: 317048 ns, At safepoint: 20593 ns, Total: 337641 ns
[2021-04-03T06:15:56.654+0000][2880][safepoint   ] Safepoint "Cleanup", Time since last: 5000782878 ns, Reaching safepoint: 194605 ns, At safepoint: 11447 ns, Total: 206052 ns
[2021-04-03T06:15:59.655+0000][2880][safepoint   ] Safepoint "Cleanup", Time since last: 3000515937 ns, Reaching safepoint: 123713 ns, At safepoint: 6692 ns, Total: 130405 ns
[2021-04-03T06:16:02.656+0000][2880][safepoint   ] Safepoint "Cleanup", Time since last: 3000487909 ns, Reaching safepoint: 149747 ns, At safepoint: 8977 ns, Total: 158724 ns
[2021-04-03T06:16:03.656+0000][2880][safepoint   ] Safepoint "Cleanup", Time since last: 1000255401 ns, Reaching safepoint: 293990 ns, At safepoint: 17756 ns, Total: 311746 ns
[2021-04-03T06:16:11.658+0000][2880][safepoint   ] Safepoint "Cleanup", Time since last: 8001293218 ns, Reaching safepoint: 190192 ns, At safepoint: 10544 ns, Total: 200736 ns
[2021-04-03T06:16:12.658+0000][2880][safepoint   ] Safepoint "Cleanup", Time since last: 1000221121 ns, Reaching safepoint: 290607 ns, At safepoint: 14730 ns, Total: 305337 ns
[2021-04-03T06:16:23.660+0000][2880][safepoint   ] Safepoint "Cleanup", Time since last: 11001754298 ns, Reaching safepoint: 124617 ns, At safepoint: 6926 ns, Total: 131543 ns
[2021-04-03T06:16:24.661+0000][2880][safepoint   ] Safepoint "Cleanup", Time since last: 1000204872 ns, Reaching safepoint: 322220 ns, At safepoint: 22142 ns, Total: 344362 ns
[2021-04-03T06:16:26.661+0000][2880][safepoint   ] Safepoint "Cleanup", Time since last: 2000406762 ns, Reaching safepoint: 267830 ns, At safepoint: 18879 ns, Total: 286709 ns
[2021-04-03T06:16:38.664+0000][2880][safepoint   ] Safepoint "Cleanup", Time since last: 12002109009 ns, Reaching safepoint: 288367 ns, At safepoint: 23204 ns, Total: 311571 ns
[2021-04-03T06:16:39.665+0000][2880][safepoint   ] Safepoint "Cleanup", Time since last: 1000228115 ns, Reaching safepoint: 760835 ns, At safepoint: 43901 ns, Total: 804736 ns
[2021-04-03T06:16:40.683+0000][2880][safepoint   ] Safepoint "Cleanup", Time since last: 1000655692 ns, Reaching safepoint: 17452129 ns, At safepoint: 22179 ns, Total: 17474308 ns
[2021-04-03T06:16:40.700+0000][2880][gc,heap,exit] Heap
[2021-04-03T06:16:40.700+0000][2880][gc,heap,exit]  garbage-first heap   total 4034560K, used 1453111K [0x0000000709c00000, 0x0000000800000000)
[2021-04-03T06:16:40.700+0000][2880][gc,heap,exit]   region size 4096K, 340 young (1392640K), 12 survivors (49152K)
[2021-04-03T06:16:40.700+0000][2880][gc,heap,exit]  Metaspace       used 113424K, capacity 117296K, committed 117584K, reserved 1150976K
[2021-04-03T06:16:40.700+0000][2880][gc,heap,exit]   class space    used 14701K, capacity 16023K, committed 16128K, reserved 1048576K
