[2021-04-02T14:13:27.768+0000][4154][gc] Using G1
[2021-04-02T14:13:28.653+0000][4154][gc,init] Version: 15.0.1+9 (release)
[2021-04-02T14:13:28.653+0000][4154][gc,init] CPUs: 4 total, 4 available
[2021-04-02T14:13:28.653+0000][4154][gc,init] Memory: 7876M
[2021-04-02T14:13:28.653+0000][4154][gc,init] Large Page Support: Disabled
[2021-04-02T14:13:28.653+0000][4154][gc,init] NUMA Support: Disabled
[2021-04-02T14:13:28.653+0000][4154][gc,init] Compressed Oops: Enabled (Zero based)
[2021-04-02T14:13:28.653+0000][4154][gc,init] Heap Region Size: 4M
[2021-04-02T14:13:28.653+0000][4154][gc,init] Heap Min Capacity: 3940M
[2021-04-02T14:13:28.653+0000][4154][gc,init] Heap Initial Capacity: 3940M
[2021-04-02T14:13:28.653+0000][4154][gc,init] Heap Max Capacity: 3940M
[2021-04-02T14:13:28.653+0000][4154][gc,init] Pre-touch: Enabled
[2021-04-02T14:13:28.653+0000][4154][gc,init] Parallel Workers: 4
[2021-04-02T14:13:28.653+0000][4154][gc,init] Concurrent Workers: 1
[2021-04-02T14:13:28.653+0000][4154][gc,init] Concurrent Refinement Workers: 4
[2021-04-02T14:13:28.653+0000][4154][gc,init] Periodic GC: Disabled
[2021-04-02T14:13:28.654+0000][4154][gc,cds ] Mark closed archive regions in map: [0x00000007ffc00000, 0x00000007ffc7bff8]
[2021-04-02T14:13:28.654+0000][4154][gc,cds ] Mark open archive regions in map: [0x00000007ffb00000, 0x00000007ffb51ff8]
[2021-04-02T14:13:28.654+0000][4154][gc,metaspace] CDS archive(s) mapped at: [0x0000000800000000-0x0000000800b2a000-0x0000000800b2a000), size 11706368, SharedBaseAddress: 0x0000000800000000, ArchiveRelocationMode: 0.
[2021-04-02T14:13:28.654+0000][4154][gc,metaspace] Compressed class space mapped at: 0x0000000800b2c000-0x0000000840b2c000, size: 1073741824
[2021-04-02T14:13:28.654+0000][4154][gc,metaspace] Narrow klass base: 0x0000000800000000, Narrow klass shift: 3, Narrow klass range: 0x100000000
[2021-04-02T14:13:29.105+0000][4154][safepoint   ] Safepoint "ICBufferFull", Time since last: 443475052 ns, Reaching safepoint: 196081 ns, At safepoint: 6900 ns, Total: 202981 ns
[2021-04-02T14:13:29.625+0000][4154][safepoint   ] Safepoint "ICBufferFull", Time since last: 519328983 ns, Reaching safepoint: 129004 ns, At safepoint: 4347 ns, Total: 133351 ns
[2021-04-02T14:13:30.230+0000][4154][safepoint   ] Safepoint "ICBufferFull", Time since last: 605247486 ns, Reaching safepoint: 144662 ns, At safepoint: 8130 ns, Total: 152792 ns
[2021-04-02T14:13:31.054+0000][4154][safepoint   ] Safepoint "ICBufferFull", Time since last: 823393888 ns, Reaching safepoint: 112635 ns, At safepoint: 6181 ns, Total: 118816 ns
[2021-04-02T14:13:31.059+0000][4154][safepoint   ] Safepoint "ICBufferFull", Time since last: 4856204 ns, Reaching safepoint: 56014 ns, At safepoint: 5938 ns, Total: 61952 ns
[2021-04-02T14:13:31.061+0000][4154][safepoint   ] Safepoint "ICBufferFull", Time since last: 2479974 ns, Reaching safepoint: 56105 ns, At safepoint: 5927 ns, Total: 62032 ns
[2021-04-02T14:13:31.066+0000][4154][safepoint   ] Safepoint "ICBufferFull", Time since last: 4569128 ns, Reaching safepoint: 55984 ns, At safepoint: 4941 ns, Total: 60925 ns
[2021-04-02T14:13:31.070+0000][4154][safepoint   ] Safepoint "ICBufferFull", Time since last: 4536526 ns, Reaching safepoint: 51293 ns, At safepoint: 5509 ns, Total: 56802 ns
[2021-04-02T14:13:31.074+0000][4154][safepoint   ] Safepoint "ICBufferFull", Time since last: 3551064 ns, Reaching safepoint: 55738 ns, At safepoint: 4974 ns, Total: 60712 ns
[2021-04-02T14:13:31.077+0000][4154][safepoint   ] Safepoint "ICBufferFull", Time since last: 3306004 ns, Reaching safepoint: 51280 ns, At safepoint: 6494 ns, Total: 57774 ns
[2021-04-02T14:13:31.080+0000][4154][safepoint   ] Safepoint "ICBufferFull", Time since last: 2488305 ns, Reaching safepoint: 43345 ns, At safepoint: 3806 ns, Total: 47151 ns
[2021-04-02T14:13:31.083+0000][4154][safepoint   ] Safepoint "ICBufferFull", Time since last: 2694851 ns, Reaching safepoint: 40783 ns, At safepoint: 3370 ns, Total: 44153 ns
[2021-04-02T14:13:31.086+0000][4154][safepoint   ] Safepoint "ICBufferFull", Time since last: 3190431 ns, Reaching safepoint: 39729 ns, At safepoint: 3662 ns, Total: 43391 ns
[2021-04-02T14:13:31.089+0000][4154][safepoint   ] Safepoint "ICBufferFull", Time since last: 3675016 ns, Reaching safepoint: 38871 ns, At safepoint: 3438 ns, Total: 42309 ns
[2021-04-02T14:13:31.092+0000][4154][safepoint   ] Safepoint "ICBufferFull", Time since last: 2731781 ns, Reaching safepoint: 40765 ns, At safepoint: 3918 ns, Total: 44683 ns
[2021-04-02T14:13:31.096+0000][4154][safepoint   ] Safepoint "ICBufferFull", Time since last: 3691060 ns, Reaching safepoint: 43909 ns, At safepoint: 3659 ns, Total: 47568 ns
[2021-04-02T14:13:31.101+0000][4154][safepoint   ] Safepoint "ICBufferFull", Time since last: 4458188 ns, Reaching safepoint: 43275 ns, At safepoint: 3689 ns, Total: 46964 ns
[2021-04-02T14:13:31.104+0000][4154][safepoint   ] Safepoint "ICBufferFull", Time since last: 2994795 ns, Reaching safepoint: 42658 ns, At safepoint: 3636 ns, Total: 46294 ns
[2021-04-02T14:13:31.107+0000][4154][safepoint   ] Safepoint "ICBufferFull", Time since last: 3607593 ns, Reaching safepoint: 39469 ns, At safepoint: 3675 ns, Total: 43144 ns
[2021-04-02T14:13:31.110+0000][4154][safepoint   ] Safepoint "ICBufferFull", Time since last: 3111630 ns, Reaching safepoint: 45766 ns, At safepoint: 3734 ns, Total: 49500 ns
[2021-04-02T14:13:31.114+0000][4154][safepoint   ] Safepoint "ICBufferFull", Time since last: 3246447 ns, Reaching safepoint: 40073 ns, At safepoint: 3614 ns, Total: 43687 ns
[2021-04-02T14:13:31.119+0000][4154][safepoint   ] Safepoint "ICBufferFull", Time since last: 5590784 ns, Reaching safepoint: 44517 ns, At safepoint: 5653 ns, Total: 50170 ns
[2021-04-02T14:13:31.123+0000][4154][safepoint   ] Safepoint "ICBufferFull", Time since last: 3459849 ns, Reaching safepoint: 43211 ns, At safepoint: 3857 ns, Total: 47068 ns
[2021-04-02T14:13:31.124+0000][4154][safepoint   ] Safepoint "ICBufferFull", Time since last: 913903 ns, Reaching safepoint: 30519 ns, At safepoint: 6175 ns, Total: 36694 ns
[2021-04-02T14:13:31.125+0000][4154][safepoint   ] Safepoint "ICBufferFull", Time since last: 892793 ns, Reaching safepoint: 29226 ns, At safepoint: 4588 ns, Total: 33814 ns
[2021-04-02T14:13:31.126+0000][4154][safepoint   ] Safepoint "ICBufferFull", Time since last: 932506 ns, Reaching safepoint: 31773 ns, At safepoint: 3283 ns, Total: 35056 ns
[2021-04-02T14:13:31.127+0000][4154][safepoint   ] Safepoint "ICBufferFull", Time since last: 883873 ns, Reaching safepoint: 29153 ns, At safepoint: 2856 ns, Total: 32009 ns
[2021-04-02T14:13:31.127+0000][4154][safepoint   ] Safepoint "ICBufferFull", Time since last: 893928 ns, Reaching safepoint: 29994 ns, At safepoint: 3110 ns, Total: 33104 ns
[2021-04-02T14:13:31.129+0000][4154][safepoint   ] Safepoint "ICBufferFull", Time since last: 1011272 ns, Reaching safepoint: 36728 ns, At safepoint: 3407 ns, Total: 40135 ns
[2021-04-02T14:13:31.129+0000][4154][safepoint   ] Safepoint "ICBufferFull", Time since last: 887311 ns, Reaching safepoint: 34141 ns, At safepoint: 3312 ns, Total: 37453 ns
[2021-04-02T14:13:31.131+0000][4154][safepoint   ] Safepoint "ICBufferFull", Time since last: 1120448 ns, Reaching safepoint: 38175 ns, At safepoint: 4317 ns, Total: 42492 ns
[2021-04-02T14:13:31.132+0000][4154][safepoint   ] Safepoint "ICBufferFull", Time since last: 899662 ns, Reaching safepoint: 30431 ns, At safepoint: 3111 ns, Total: 33542 ns
[2021-04-02T14:13:31.133+0000][4154][safepoint   ] Safepoint "ICBufferFull", Time since last: 996180 ns, Reaching safepoint: 35303 ns, At safepoint: 4289 ns, Total: 39592 ns
[2021-04-02T14:13:31.134+0000][4154][safepoint   ] Safepoint "ICBufferFull", Time since last: 873756 ns, Reaching safepoint: 31757 ns, At safepoint: 6207 ns, Total: 37964 ns
[2021-04-02T14:13:31.135+0000][4154][safepoint   ] Safepoint "ICBufferFull", Time since last: 1094702 ns, Reaching safepoint: 36537 ns, At safepoint: 6353 ns, Total: 42890 ns
[2021-04-02T14:13:31.136+0000][4154][safepoint   ] Safepoint "ICBufferFull", Time since last: 1135843 ns, Reaching safepoint: 37766 ns, At safepoint: 3608 ns, Total: 41374 ns
[2021-04-02T14:13:31.137+0000][4154][safepoint   ] Safepoint "ICBufferFull", Time since last: 861405 ns, Reaching safepoint: 30231 ns, At safepoint: 2924 ns, Total: 33155 ns
[2021-04-02T14:13:31.138+0000][4154][safepoint   ] Safepoint "ICBufferFull", Time since last: 871622 ns, Reaching safepoint: 31975 ns, At safepoint: 2798 ns, Total: 34773 ns
[2021-04-02T14:13:31.139+0000][4154][safepoint   ] Safepoint "ICBufferFull", Time since last: 876290 ns, Reaching safepoint: 29875 ns, At safepoint: 3050 ns, Total: 32925 ns
[2021-04-02T14:13:31.139+0000][4154][safepoint   ] Safepoint "ICBufferFull", Time since last: 868288 ns, Reaching safepoint: 29391 ns, At safepoint: 3087 ns, Total: 32478 ns
[2021-04-02T14:13:31.146+0000][4154][safepoint   ] Safepoint "ICBufferFull", Time since last: 6897090 ns, Reaching safepoint: 46592 ns, At safepoint: 4388 ns, Total: 50980 ns
[2021-04-02T14:13:31.151+0000][4154][safepoint   ] Safepoint "ICBufferFull", Time since last: 5078093 ns, Reaching safepoint: 41046 ns, At safepoint: 3887 ns, Total: 44933 ns
[2021-04-02T14:13:31.153+0000][4154][safepoint   ] Safepoint "ICBufferFull", Time since last: 1305499 ns, Reaching safepoint: 45026 ns, At safepoint: 6691 ns, Total: 51717 ns
[2021-04-02T14:13:31.212+0000][4154][gc,start    ] GC(0) Pause Young (Normal) (G1 Evacuation Pause)
[2021-04-02T14:13:31.213+0000][4154][gc,task     ] GC(0) Using 4 workers of 4 for evacuation
[2021-04-02T14:13:31.213+0000][4154][gc,age      ] GC(0) Desired survivor size 14680064 bytes, new threshold 15 (max threshold 15)
[2021-04-02T14:13:31.226+0000][4154][gc,age      ] GC(0) Age table with threshold 15 (max threshold 15)
[2021-04-02T14:13:31.226+0000][4154][gc,age      ] GC(0) - age   1:   11391528 bytes,   11391528 total
[2021-04-02T14:13:31.226+0000][4154][gc,phases   ] GC(0)   Pre Evacuate Collection Set: 0.1ms
[2021-04-02T14:13:31.226+0000][4154][gc,phases   ] GC(0)   Merge Heap Roots: 0.0ms
[2021-04-02T14:13:31.226+0000][4154][gc,phases   ] GC(0)   Evacuate Collection Set: 12.5ms
[2021-04-02T14:13:31.226+0000][4154][gc,phases   ] GC(0)   Post Evacuate Collection Set: 0.8ms
[2021-04-02T14:13:31.226+0000][4154][gc,phases   ] GC(0)   Other: 0.3ms
[2021-04-02T14:13:31.226+0000][4154][gc,heap     ] GC(0) Eden regions: 49->0(46)
[2021-04-02T14:13:31.226+0000][4154][gc,heap     ] GC(0) Survivor regions: 0->3(7)
[2021-04-02T14:13:31.226+0000][4154][gc,heap     ] GC(0) Old regions: 0->0
[2021-04-02T14:13:31.226+0000][4154][gc,heap     ] GC(0) Archive regions: 2->2
[2021-04-02T14:13:31.226+0000][4154][gc,heap     ] GC(0) Humongous regions: 0->0
[2021-04-02T14:13:31.226+0000][4154][gc,metaspace] GC(0) Metaspace: 16933K(17536K)->16933K(17536K) NonClass: 14942K(15360K)->14942K(15360K) Class: 1990K(2176K)->1990K(2176K)
[2021-04-02T14:13:31.226+0000][4154][gc          ] GC(0) Pause Young (Normal) (G1 Evacuation Pause) 199M->15M(3940M) 13.884ms
[2021-04-02T14:13:31.226+0000][4154][gc,cpu      ] GC(0) User=0.06s Sys=0.00s Real=0.02s
[2021-04-02T14:13:31.226+0000][4154][safepoint   ] Safepoint "G1CollectForAllocation", Time since last: 59433726 ns, Reaching safepoint: 58318 ns, At safepoint: 13956437 ns, Total: 14014755 ns
[2021-04-02T14:13:31.236+0000][4154][safepoint   ] Safepoint "ICBufferFull", Time since last: 10047321 ns, Reaching safepoint: 58375 ns, At safepoint: 6461 ns, Total: 64836 ns
[2021-04-02T14:13:31.238+0000][4154][safepoint   ] Safepoint "ICBufferFull", Time since last: 1132579 ns, Reaching safepoint: 60554 ns, At safepoint: 7688 ns, Total: 68242 ns
[2021-04-02T14:13:31.239+0000][4154][safepoint   ] Safepoint "ICBufferFull", Time since last: 1466151 ns, Reaching safepoint: 51334 ns, At safepoint: 5298 ns, Total: 56632 ns
[2021-04-02T14:13:31.240+0000][4154][safepoint   ] Safepoint "ICBufferFull", Time since last: 893734 ns, Reaching safepoint: 41683 ns, At safepoint: 4712 ns, Total: 46395 ns
[2021-04-02T14:13:31.241+0000][4154][safepoint   ] Safepoint "ICBufferFull", Time since last: 859462 ns, Reaching safepoint: 36500 ns, At safepoint: 4058 ns, Total: 40558 ns
[2021-04-02T14:13:31.242+0000][4154][safepoint   ] Safepoint "ICBufferFull", Time since last: 1372331 ns, Reaching safepoint: 30525 ns, At safepoint: 3712 ns, Total: 34237 ns
[2021-04-02T14:13:31.244+0000][4154][safepoint   ] Safepoint "ICBufferFull", Time since last: 1232358 ns, Reaching safepoint: 45098 ns, At safepoint: 4291 ns, Total: 49389 ns
[2021-04-02T14:13:31.245+0000][4154][safepoint   ] Safepoint "ICBufferFull", Time since last: 1193665 ns, Reaching safepoint: 30068 ns, At safepoint: 2778 ns, Total: 32846 ns
[2021-04-02T14:13:31.246+0000][4154][safepoint   ] Safepoint "ICBufferFull", Time since last: 1286912 ns, Reaching safepoint: 37609 ns, At safepoint: 3661 ns, Total: 41270 ns
[2021-04-02T14:13:31.248+0000][4154][safepoint   ] Safepoint "ICBufferFull", Time since last: 1282508 ns, Reaching safepoint: 40014 ns, At safepoint: 4872 ns, Total: 44886 ns
[2021-04-02T14:13:31.249+0000][4154][safepoint   ] Safepoint "ICBufferFull", Time since last: 1272190 ns, Reaching safepoint: 44475 ns, At safepoint: 4590 ns, Total: 49065 ns
[2021-04-02T14:13:31.250+0000][4154][safepoint   ] Safepoint "ICBufferFull", Time since last: 930516 ns, Reaching safepoint: 82920 ns, At safepoint: 5303 ns, Total: 88223 ns
[2021-04-02T14:13:31.251+0000][4154][safepoint   ] Safepoint "ICBufferFull", Time since last: 893563 ns, Reaching safepoint: 34140 ns, At safepoint: 4095 ns, Total: 38235 ns
[2021-04-02T14:13:31.252+0000][4154][safepoint   ] Safepoint "ICBufferFull", Time since last: 832065 ns, Reaching safepoint: 35281 ns, At safepoint: 3986 ns, Total: 39267 ns
[2021-04-02T14:13:31.253+0000][4154][safepoint   ] Safepoint "ICBufferFull", Time since last: 1279019 ns, Reaching safepoint: 29567 ns, At safepoint: 4380 ns, Total: 33947 ns
[2021-04-02T14:13:31.254+0000][4154][safepoint   ] Safepoint "ICBufferFull", Time since last: 1228405 ns, Reaching safepoint: 26744 ns, At safepoint: 2761 ns, Total: 29505 ns
[2021-04-02T14:13:31.256+0000][4154][safepoint   ] Safepoint "ICBufferFull", Time since last: 1258591 ns, Reaching safepoint: 34520 ns, At safepoint: 3565 ns, Total: 38085 ns
[2021-04-02T14:13:31.257+0000][4154][safepoint   ] Safepoint "ICBufferFull", Time since last: 1247294 ns, Reaching safepoint: 40273 ns, At safepoint: 6550 ns, Total: 46823 ns
[2021-04-02T14:13:31.259+0000][4154][safepoint   ] Safepoint "ICBufferFull", Time since last: 1905484 ns, Reaching safepoint: 41810 ns, At safepoint: 3606 ns, Total: 45416 ns
[2021-04-02T14:13:31.317+0000][4154][safepoint   ] Safepoint "ICBufferFull", Time since last: 58408130 ns, Reaching safepoint: 126897 ns, At safepoint: 9216 ns, Total: 136113 ns
[2021-04-02T14:13:31.385+0000][4154][safepoint   ] Safepoint "ICBufferFull", Time since last: 67547804 ns, Reaching safepoint: 78066 ns, At safepoint: 5372 ns, Total: 83438 ns
[2021-04-02T14:13:31.386+0000][4154][safepoint   ] Safepoint "ICBufferFull", Time since last: 915515 ns, Reaching safepoint: 44752 ns, At safepoint: 4636 ns, Total: 49388 ns
[2021-04-02T14:13:31.387+0000][4154][safepoint   ] Safepoint "ICBufferFull", Time since last: 843482 ns, Reaching safepoint: 30258 ns, At safepoint: 7095 ns, Total: 37353 ns
[2021-04-02T14:13:31.388+0000][4154][safepoint   ] Safepoint "ICBufferFull", Time since last: 842899 ns, Reaching safepoint: 32091 ns, At safepoint: 8275 ns, Total: 40366 ns
[2021-04-02T14:13:31.389+0000][4154][safepoint   ] Safepoint "ICBufferFull", Time since last: 804319 ns, Reaching safepoint: 42767 ns, At safepoint: 6018 ns, Total: 48785 ns
[2021-04-02T14:13:31.389+0000][4154][safepoint   ] Safepoint "ICBufferFull", Time since last: 882635 ns, Reaching safepoint: 42604 ns, At safepoint: 3399 ns, Total: 46003 ns
[2021-04-02T14:13:31.390+0000][4154][safepoint   ] Safepoint "ICBufferFull", Time since last: 787145 ns, Reaching safepoint: 34870 ns, At safepoint: 6635 ns, Total: 41505 ns
[2021-04-02T14:13:31.391+0000][4154][safepoint   ] Safepoint "ICBufferFull", Time since last: 823313 ns, Reaching safepoint: 39346 ns, At safepoint: 4302 ns, Total: 43648 ns
[2021-04-02T14:13:31.393+0000][4154][safepoint   ] Safepoint "ICBufferFull", Time since last: 1292054 ns, Reaching safepoint: 35422 ns, At safepoint: 3182 ns, Total: 38604 ns
[2021-04-02T14:13:31.394+0000][4154][safepoint   ] Safepoint "ICBufferFull", Time since last: 1335745 ns, Reaching safepoint: 38307 ns, At safepoint: 4396 ns, Total: 42703 ns
[2021-04-02T14:13:31.395+0000][4154][safepoint   ] Safepoint "ICBufferFull", Time since last: 1240297 ns, Reaching safepoint: 40037 ns, At safepoint: 4551 ns, Total: 44588 ns
[2021-04-02T14:13:31.396+0000][4154][safepoint   ] Safepoint "ICBufferFull", Time since last: 1235429 ns, Reaching safepoint: 43900 ns, At safepoint: 4557 ns, Total: 48457 ns
[2021-04-02T14:13:31.398+0000][4154][safepoint   ] Safepoint "ICBufferFull", Time since last: 1306400 ns, Reaching safepoint: 39202 ns, At safepoint: 5228 ns, Total: 44430 ns
[2021-04-02T14:13:31.399+0000][4154][safepoint   ] Safepoint "ICBufferFull", Time since last: 1291610 ns, Reaching safepoint: 31397 ns, At safepoint: 3190 ns, Total: 34587 ns
[2021-04-02T14:13:31.400+0000][4154][safepoint   ] Safepoint "ICBufferFull", Time since last: 1187265 ns, Reaching safepoint: 38507 ns, At safepoint: 9011 ns, Total: 47518 ns
[2021-04-02T14:13:31.402+0000][4154][safepoint   ] Safepoint "ICBufferFull", Time since last: 1248306 ns, Reaching safepoint: 53929 ns, At safepoint: 4033 ns, Total: 57962 ns
[2021-04-02T14:13:31.403+0000][4154][safepoint   ] Safepoint "ICBufferFull", Time since last: 1303431 ns, Reaching safepoint: 56659 ns, At safepoint: 4997 ns, Total: 61656 ns
[2021-04-02T14:13:31.404+0000][4154][safepoint   ] Safepoint "ICBufferFull", Time since last: 1273619 ns, Reaching safepoint: 36645 ns, At safepoint: 3290 ns, Total: 39935 ns
[2021-04-02T14:13:31.407+0000][4154][safepoint   ] Safepoint "ICBufferFull", Time since last: 2474084 ns, Reaching safepoint: 50478 ns, At safepoint: 4576 ns, Total: 55054 ns
[2021-04-02T14:13:31.418+0000][4154][safepoint   ] Safepoint "ICBufferFull", Time since last: 10627768 ns, Reaching safepoint: 55189 ns, At safepoint: 6014 ns, Total: 61203 ns
[2021-04-02T14:13:31.789+0000][4154][gc,start    ] GC(1) Pause Young (Normal) (G1 Evacuation Pause)
[2021-04-02T14:13:31.789+0000][4154][gc,task     ] GC(1) Using 4 workers of 4 for evacuation
[2021-04-02T14:13:31.789+0000][4154][gc,age      ] GC(1) Desired survivor size 14680064 bytes, new threshold 15 (max threshold 15)
[2021-04-02T14:13:31.802+0000][4154][gc,age      ] GC(1) Age table with threshold 15 (max threshold 15)
[2021-04-02T14:13:31.802+0000][4154][gc,age      ] GC(1) - age   1:    4160080 bytes,    4160080 total
[2021-04-02T14:13:31.802+0000][4154][gc,age      ] GC(1) - age   2:    9217816 bytes,   13377896 total
[2021-04-02T14:13:31.802+0000][4154][gc,phases   ] GC(1)   Pre Evacuate Collection Set: 0.1ms
[2021-04-02T14:13:31.802+0000][4154][gc,phases   ] GC(1)   Merge Heap Roots: 0.0ms
[2021-04-02T14:13:31.802+0000][4154][gc,phases   ] GC(1)   Evacuate Collection Set: 12.4ms
[2021-04-02T14:13:31.802+0000][4154][gc,phases   ] GC(1)   Post Evacuate Collection Set: 0.6ms
[2021-04-02T14:13:31.802+0000][4154][gc,phases   ] GC(1)   Other: 0.2ms
[2021-04-02T14:13:31.802+0000][4154][gc,heap     ] GC(1) Eden regions: 46->0(45)
[2021-04-02T14:13:31.802+0000][4154][gc,heap     ] GC(1) Survivor regions: 3->4(7)
[2021-04-02T14:13:31.802+0000][4154][gc,heap     ] GC(1) Old regions: 0->0
[2021-04-02T14:13:31.802+0000][4154][gc,heap     ] GC(1) Archive regions: 2->2
[2021-04-02T14:13:31.802+0000][4154][gc,heap     ] GC(1) Humongous regions: 0->0
[2021-04-02T14:13:31.802+0000][4154][gc,metaspace] GC(1) Metaspace: 18807K(19584K)->18807K(19584K) NonClass: 16590K(17152K)->16590K(17152K) Class: 2217K(2432K)->2217K(2432K)
[2021-04-02T14:13:31.802+0000][4154][gc          ] GC(1) Pause Young (Normal) (G1 Evacuation Pause) 199M->17M(3940M) 13.388ms
[2021-04-02T14:13:31.802+0000][4154][gc,cpu      ] GC(1) User=0.05s Sys=0.00s Real=0.02s
[2021-04-02T14:13:31.802+0000][4154][safepoint   ] Safepoint "G1CollectForAllocation", Time since last: 371115307 ns, Reaching safepoint: 122116 ns, At safepoint: 13451824 ns, Total: 13573940 ns
[2021-04-02T14:13:32.085+0000][4154][gc,start    ] GC(2) Pause Young (Normal) (G1 Evacuation Pause)
[2021-04-02T14:13:32.085+0000][4154][gc,task     ] GC(2) Using 4 workers of 4 for evacuation
[2021-04-02T14:13:32.085+0000][4154][gc,age      ] GC(2) Desired survivor size 14680064 bytes, new threshold 15 (max threshold 15)
[2021-04-02T14:13:32.099+0000][4154][gc,age      ] GC(2) Age table with threshold 15 (max threshold 15)
[2021-04-02T14:13:32.099+0000][4154][gc,age      ] GC(2) - age   1:    1169184 bytes,    1169184 total
[2021-04-02T14:13:32.099+0000][4154][gc,age      ] GC(2) - age   2:    3049480 bytes,    4218664 total
[2021-04-02T14:13:32.099+0000][4154][gc,age      ] GC(2) - age   3:    9217592 bytes,   13436256 total
[2021-04-02T14:13:32.099+0000][4154][gc,phases   ] GC(2)   Pre Evacuate Collection Set: 0.1ms
[2021-04-02T14:13:32.099+0000][4154][gc,phases   ] GC(2)   Merge Heap Roots: 0.0ms
[2021-04-02T14:13:32.099+0000][4154][gc,phases   ] GC(2)   Evacuate Collection Set: 12.6ms
[2021-04-02T14:13:32.099+0000][4154][gc,phases   ] GC(2)   Post Evacuate Collection Set: 0.6ms
[2021-04-02T14:13:32.099+0000][4154][gc,phases   ] GC(2)   Other: 0.2ms
[2021-04-02T14:13:32.099+0000][4154][gc,heap     ] GC(2) Eden regions: 45->0(47)
[2021-04-02T14:13:32.099+0000][4154][gc,heap     ] GC(2) Survivor regions: 4->4(7)
[2021-04-02T14:13:32.099+0000][4154][gc,heap     ] GC(2) Old regions: 0->0
[2021-04-02T14:13:32.099+0000][4154][gc,heap     ] GC(2) Archive regions: 2->2
[2021-04-02T14:13:32.099+0000][4154][gc,heap     ] GC(2) Humongous regions: 0->0
[2021-04-02T14:13:32.099+0000][4154][gc,metaspace] GC(2) Metaspace: 19210K(20224K)->19210K(20224K) NonClass: 16920K(17664K)->16920K(17664K) Class: 2289K(2560K)->2289K(2560K)
[2021-04-02T14:13:32.099+0000][4154][gc          ] GC(2) Pause Young (Normal) (G1 Evacuation Pause) 197M->17M(3940M) 13.614ms
[2021-04-02T14:13:32.099+0000][4154][gc,cpu      ] GC(2) User=0.04s Sys=0.01s Real=0.01s
[2021-04-02T14:13:32.099+0000][4154][safepoint   ] Safepoint "G1CollectForAllocation", Time since last: 282881541 ns, Reaching safepoint: 59787 ns, At safepoint: 13677920 ns, Total: 13737707 ns
[2021-04-02T14:13:32.391+0000][4154][gc,start    ] GC(3) Pause Young (Normal) (G1 Evacuation Pause)
[2021-04-02T14:13:32.391+0000][4154][gc,task     ] GC(3) Using 4 workers of 4 for evacuation
[2021-04-02T14:13:32.391+0000][4154][gc,age      ] GC(3) Desired survivor size 14680064 bytes, new threshold 15 (max threshold 15)
[2021-04-02T14:13:32.405+0000][4154][gc,age      ] GC(3) Age table with threshold 15 (max threshold 15)
[2021-04-02T14:13:32.405+0000][4154][gc,age      ] GC(3) - age   1:    2344768 bytes,    2344768 total
[2021-04-02T14:13:32.405+0000][4154][gc,age      ] GC(3) - age   2:     680128 bytes,    3024896 total
[2021-04-02T14:13:32.405+0000][4154][gc,age      ] GC(3) - age   3:    3048952 bytes,    6073848 total
[2021-04-02T14:13:32.405+0000][4154][gc,age      ] GC(3) - age   4:    9217128 bytes,   15290976 total
[2021-04-02T14:13:32.405+0000][4154][gc,phases   ] GC(3)   Pre Evacuate Collection Set: 0.1ms
[2021-04-02T14:13:32.405+0000][4154][gc,phases   ] GC(3)   Merge Heap Roots: 0.0ms
[2021-04-02T14:13:32.405+0000][4154][gc,phases   ] GC(3)   Evacuate Collection Set: 12.7ms
[2021-04-02T14:13:32.405+0000][4154][gc,phases   ] GC(3)   Post Evacuate Collection Set: 0.6ms
[2021-04-02T14:13:32.405+0000][4154][gc,phases   ] GC(3)   Other: 0.2ms
[2021-04-02T14:13:32.405+0000][4154][gc,heap     ] GC(3) Eden regions: 47->0(55)
[2021-04-02T14:13:32.405+0000][4154][gc,heap     ] GC(3) Survivor regions: 4->4(7)
[2021-04-02T14:13:32.405+0000][4154][gc,heap     ] GC(3) Old regions: 0->0
[2021-04-02T14:13:32.405+0000][4154][gc,heap     ] GC(3) Archive regions: 2->2
[2021-04-02T14:13:32.405+0000][4154][gc,heap     ] GC(3) Humongous regions: 0->0
[2021-04-02T14:13:32.405+0000][4154][gc,metaspace] GC(3) Metaspace: 19515K(20224K)->19515K(20224K) NonClass: 17203K(17664K)->17203K(17664K) Class: 2312K(2560K)->2312K(2560K)
[2021-04-02T14:13:32.405+0000][4154][gc          ] GC(3) Pause Young (Normal) (G1 Evacuation Pause) 205M->19M(3940M) 13.697ms
[2021-04-02T14:13:32.405+0000][4154][gc,cpu      ] GC(3) User=0.05s Sys=0.00s Real=0.02s
[2021-04-02T14:13:32.405+0000][4154][safepoint   ] Safepoint "G1CollectForAllocation", Time since last: 292016294 ns, Reaching safepoint: 56953 ns, At safepoint: 13767100 ns, Total: 13824053 ns
[2021-04-02T14:13:32.906+0000][4154][gc,start    ] GC(4) Pause Young (Normal) (G1 Evacuation Pause)
[2021-04-02T14:13:32.906+0000][4154][gc,task     ] GC(4) Using 4 workers of 4 for evacuation
[2021-04-02T14:13:32.906+0000][4154][gc,age      ] GC(4) Desired survivor size 16777216 bytes, new threshold 15 (max threshold 15)
[2021-04-02T14:13:32.919+0000][4154][gc,age      ] GC(4) Age table with threshold 15 (max threshold 15)
[2021-04-02T14:13:32.919+0000][4154][gc,age      ] GC(4) - age   1:    2573040 bytes,    2573040 total
[2021-04-02T14:13:32.919+0000][4154][gc,age      ] GC(4) - age   2:     693224 bytes,    3266264 total
[2021-04-02T14:13:32.919+0000][4154][gc,age      ] GC(4) - age   3:     679232 bytes,    3945496 total
[2021-04-02T14:13:32.919+0000][4154][gc,age      ] GC(4) - age   4:    3044960 bytes,    6990456 total
[2021-04-02T14:13:32.919+0000][4154][gc,age      ] GC(4) - age   5:    9217128 bytes,   16207584 total
[2021-04-02T14:13:32.919+0000][4154][gc,phases   ] GC(4)   Pre Evacuate Collection Set: 0.1ms
[2021-04-02T14:13:32.919+0000][4154][gc,phases   ] GC(4)   Merge Heap Roots: 0.0ms
[2021-04-02T14:13:32.919+0000][4154][gc,phases   ] GC(4)   Evacuate Collection Set: 11.8ms
[2021-04-02T14:13:32.919+0000][4154][gc,phases   ] GC(4)   Post Evacuate Collection Set: 0.6ms
[2021-04-02T14:13:32.919+0000][4154][gc,phases   ] GC(4)   Other: 0.2ms
[2021-04-02T14:13:32.919+0000][4154][gc,heap     ] GC(4) Eden regions: 55->0(586)
[2021-04-02T14:13:32.919+0000][4154][gc,heap     ] GC(4) Survivor regions: 4->5(8)
[2021-04-02T14:13:32.919+0000][4154][gc,heap     ] GC(4) Old regions: 0->0
[2021-04-02T14:13:32.919+0000][4154][gc,heap     ] GC(4) Archive regions: 2->2
[2021-04-02T14:13:32.919+0000][4154][gc,heap     ] GC(4) Humongous regions: 0->0
[2021-04-02T14:13:32.919+0000][4154][gc,metaspace] GC(4) Metaspace: 19738K(20864K)->19738K(20864K) NonClass: 17391K(18176K)->17391K(18176K) Class: 2346K(2688K)->2346K(2688K)
[2021-04-02T14:13:32.919+0000][4154][gc          ] GC(4) Pause Young (Normal) (G1 Evacuation Pause) 239M->20M(3940M) 12.875ms
[2021-04-02T14:13:32.919+0000][4154][gc,cpu      ] GC(4) User=0.05s Sys=0.00s Real=0.01s
[2021-04-02T14:13:32.919+0000][4154][safepoint   ] Safepoint "G1CollectForAllocation", Time since last: 501089742 ns, Reaching safepoint: 59825 ns, At safepoint: 12946073 ns, Total: 13005898 ns
[2021-04-02T14:13:33.919+0000][4154][safepoint   ] Safepoint "Cleanup", Time since last: 1000090397 ns, Reaching safepoint: 151538 ns, At safepoint: 5921 ns, Total: 157459 ns
[2021-04-02T14:13:33.996+0000][4154][gc,start    ] GC(5) Pause Young (Concurrent Start) (Metadata GC Threshold)
[2021-04-02T14:13:33.996+0000][4154][gc,task     ] GC(5) Using 4 workers of 4 for evacuation
[2021-04-02T14:13:33.996+0000][4154][gc,age      ] GC(5) Desired survivor size 155189248 bytes, new threshold 15 (max threshold 15)
[2021-04-02T14:13:34.012+0000][4154][gc,age      ] GC(5) Age table with threshold 15 (max threshold 15)
[2021-04-02T14:13:34.012+0000][4154][gc,age      ] GC(5) - age   1:    2193896 bytes,    2193896 total
[2021-04-02T14:13:34.012+0000][4154][gc,age      ] GC(5) - age   2:    2096512 bytes,    4290408 total
[2021-04-02T14:13:34.012+0000][4154][gc,age      ] GC(5) - age   3:     691896 bytes,    4982304 total
[2021-04-02T14:13:34.012+0000][4154][gc,age      ] GC(5) - age   4:     678560 bytes,    5660864 total
[2021-04-02T14:13:34.012+0000][4154][gc,age      ] GC(5) - age   5:    3044576 bytes,    8705440 total
[2021-04-02T14:13:34.012+0000][4154][gc,age      ] GC(5) - age   6:    9216952 bytes,   17922392 total
[2021-04-02T14:13:34.013+0000][4154][gc,phases   ] GC(5)   Pre Evacuate Collection Set: 0.2ms
[2021-04-02T14:13:34.013+0000][4154][gc,phases   ] GC(5)   Merge Heap Roots: 0.0ms
[2021-04-02T14:13:34.013+0000][4154][gc,phases   ] GC(5)   Evacuate Collection Set: 14.8ms
[2021-04-02T14:13:34.013+0000][4154][gc,phases   ] GC(5)   Post Evacuate Collection Set: 0.8ms
[2021-04-02T14:13:34.013+0000][4154][gc,phases   ] GC(5)   Other: 0.3ms
[2021-04-02T14:13:34.013+0000][4154][gc,heap     ] GC(5) Eden regions: 143->0(586)
[2021-04-02T14:13:34.013+0000][4154][gc,heap     ] GC(5) Survivor regions: 5->5(74)
[2021-04-02T14:13:34.013+0000][4154][gc,heap     ] GC(5) Old regions: 0->0
[2021-04-02T14:13:34.013+0000][4154][gc,heap     ] GC(5) Archive regions: 2->2
[2021-04-02T14:13:34.013+0000][4154][gc,heap     ] GC(5) Humongous regions: 0->0
[2021-04-02T14:13:34.013+0000][4154][gc,metaspace] GC(5) Metaspace: 20185K(21296K)->20185K(21296K) NonClass: 17756K(18608K)->17756K(18608K) Class: 2429K(2688K)->2429K(2688K)
[2021-04-02T14:13:34.013+0000][4154][gc          ] GC(5) Pause Young (Concurrent Start) (Metadata GC Threshold) 592M->22M(3940M) 16.208ms
[2021-04-02T14:13:34.013+0000][4154][gc,cpu      ] GC(5) User=0.06s Sys=0.01s Real=0.01s
[2021-04-02T14:13:34.013+0000][4154][gc          ] GC(6) Concurrent Cycle
[2021-04-02T14:13:34.013+0000][4154][gc,marking  ] GC(6) Concurrent Clear Claimed Marks
[2021-04-02T14:13:34.013+0000][4154][gc,marking  ] GC(6) Concurrent Clear Claimed Marks 0.031ms
[2021-04-02T14:13:34.013+0000][4154][gc,marking  ] GC(6) Concurrent Scan Root Regions
[2021-04-02T14:13:34.013+0000][4154][safepoint   ] Safepoint "CollectForMetadataAllocation", Time since last: 77244827 ns, Reaching safepoint: 90712 ns, At safepoint: 16438787 ns, Total: 16529499 ns
[2021-04-02T14:13:34.024+0000][4154][gc,marking  ] GC(6) Concurrent Scan Root Regions 10.895ms
[2021-04-02T14:13:34.024+0000][4154][gc,marking  ] GC(6) Concurrent Mark (6.262s)
[2021-04-02T14:13:34.024+0000][4154][gc,marking  ] GC(6) Concurrent Mark From Roots
[2021-04-02T14:13:34.024+0000][4154][gc,task     ] GC(6) Using 1 workers of 1 for marking
[2021-04-02T14:13:34.027+0000][4154][gc,marking  ] GC(6) Concurrent Mark From Roots 3.022ms
[2021-04-02T14:13:34.027+0000][4154][gc,marking  ] GC(6) Concurrent Preclean
[2021-04-02T14:13:34.027+0000][4154][gc,marking  ] GC(6) Concurrent Preclean 0.093ms
[2021-04-02T14:13:34.027+0000][4154][gc,marking  ] GC(6) Concurrent Mark (6.262s, 6.265s) 3.179ms
[2021-04-02T14:13:34.027+0000][4154][gc,start    ] GC(6) Pause Remark
[2021-04-02T14:13:34.030+0000][4154][gc          ] GC(6) Pause Remark 24M->24M(3940M) 3.210ms
[2021-04-02T14:13:34.030+0000][4154][gc,cpu      ] GC(6) User=0.01s Sys=0.00s Real=0.00s
[2021-04-02T14:13:34.030+0000][4154][safepoint   ] Safepoint "G1Concurrent", Time since last: 14080655 ns, Reaching safepoint: 47706 ns, At safepoint: 3292114 ns, Total: 3339820 ns
[2021-04-02T14:13:34.030+0000][4154][gc,marking  ] GC(6) Concurrent Rebuild Remembered Sets
[2021-04-02T14:13:34.031+0000][4154][gc,marking  ] GC(6) Concurrent Rebuild Remembered Sets 0.939ms
[2021-04-02T14:13:34.032+0000][4154][gc,start    ] GC(6) Pause Cleanup
[2021-04-02T14:13:34.032+0000][4154][gc          ] GC(6) Pause Cleanup 24M->24M(3940M) 0.194ms
[2021-04-02T14:13:34.032+0000][4154][gc,cpu      ] GC(6) User=0.00s Sys=0.00s Real=0.00s
[2021-04-02T14:13:34.032+0000][4154][safepoint   ] Safepoint "G1Concurrent", Time since last: 1015491 ns, Reaching safepoint: 939844 ns, At safepoint: 257091 ns, Total: 1196935 ns
[2021-04-02T14:13:34.033+0000][4154][gc,marking  ] GC(6) Concurrent Cleanup for Next Mark
[2021-04-02T14:13:34.039+0000][4154][gc,marking  ] GC(6) Concurrent Cleanup for Next Mark 6.888ms
[2021-04-02T14:13:34.039+0000][4154][gc          ] GC(6) Concurrent Cycle 26.769ms
[2021-04-02T14:13:35.116+0000][4154][safepoint   ] Safepoint "ICBufferFull", Time since last: 1083743657 ns, Reaching safepoint: 213971 ns, At safepoint: 6475 ns, Total: 220446 ns
[2021-04-02T14:13:36.133+0000][4154][safepoint   ] Safepoint "ICBufferFull", Time since last: 1015977270 ns, Reaching safepoint: 169528 ns, At safepoint: 6533 ns, Total: 176061 ns
[2021-04-02T14:13:37.133+0000][4154][safepoint   ] Safepoint "Cleanup", Time since last: 1000121956 ns, Reaching safepoint: 205551 ns, At safepoint: 8104 ns, Total: 213655 ns
[2021-04-02T14:13:37.818+0000][4154][gc,start    ] GC(7) Pause Young (Concurrent Start) (Metadata GC Threshold)
[2021-04-02T14:13:37.818+0000][4154][gc,task     ] GC(7) Using 4 workers of 4 for evacuation
[2021-04-02T14:13:37.818+0000][4154][gc,age      ] GC(7) Desired survivor size 155189248 bytes, new threshold 15 (max threshold 15)
[2021-04-02T14:13:37.896+0000][4154][gc,age      ] GC(7) Age table with threshold 15 (max threshold 15)
[2021-04-02T14:13:37.896+0000][4154][gc,age      ] GC(7) - age   1:   40536816 bytes,   40536816 total
[2021-04-02T14:13:37.896+0000][4154][gc,age      ] GC(7) - age   2:    2041104 bytes,   42577920 total
[2021-04-02T14:13:37.896+0000][4154][gc,age      ] GC(7) - age   3:    2082216 bytes,   44660136 total
[2021-04-02T14:13:37.896+0000][4154][gc,age      ] GC(7) - age   4:     680680 bytes,   45340816 total
[2021-04-02T14:13:37.896+0000][4154][gc,age      ] GC(7) - age   5:     671136 bytes,   46011952 total
[2021-04-02T14:13:37.896+0000][4154][gc,age      ] GC(7) - age   6:    3026576 bytes,   49038528 total
[2021-04-02T14:13:37.896+0000][4154][gc,age      ] GC(7) - age   7:    9102584 bytes,   58141112 total
[2021-04-02T14:13:37.896+0000][4154][gc,phases   ] GC(7)   Pre Evacuate Collection Set: 0.2ms
[2021-04-02T14:13:37.896+0000][4154][gc,phases   ] GC(7)   Merge Heap Roots: 0.1ms
[2021-04-02T14:13:37.896+0000][4154][gc,phases   ] GC(7)   Evacuate Collection Set: 76.6ms
[2021-04-02T14:13:37.896+0000][4154][gc,phases   ] GC(7)   Post Evacuate Collection Set: 1.4ms
[2021-04-02T14:13:37.896+0000][4154][gc,phases   ] GC(7)   Other: 0.3ms
[2021-04-02T14:13:37.896+0000][4154][gc,heap     ] GC(7) Eden regions: 220->0(230)
[2021-04-02T14:13:37.896+0000][4154][gc,heap     ] GC(7) Survivor regions: 5->15(74)
[2021-04-02T14:13:37.896+0000][4154][gc,heap     ] GC(7) Old regions: 0->0
[2021-04-02T14:13:37.896+0000][4154][gc,heap     ] GC(7) Archive regions: 2->2
[2021-04-02T14:13:37.896+0000][4154][gc,heap     ] GC(7) Humongous regions: 0->0
[2021-04-02T14:13:37.896+0000][4154][gc,metaspace] GC(7) Metaspace: 33728K(35964K)->33728K(35964K) NonClass: 29376K(30896K)->29376K(30896K) Class: 4351K(5068K)->4351K(5068K)
[2021-04-02T14:13:37.896+0000][4154][gc          ] GC(7) Pause Young (Concurrent Start) (Metadata GC Threshold) 900M->60M(3940M) 78.551ms
[2021-04-02T14:13:37.896+0000][4154][gc,cpu      ] GC(7) User=0.31s Sys=0.00s Real=0.08s
[2021-04-02T14:13:37.897+0000][4154][gc          ] GC(8) Concurrent Cycle
[2021-04-02T14:13:37.897+0000][4154][gc,marking  ] GC(8) Concurrent Clear Claimed Marks
[2021-04-02T14:13:37.897+0000][4154][gc,marking  ] GC(8) Concurrent Clear Claimed Marks 0.050ms
[2021-04-02T14:13:37.897+0000][4154][gc,marking  ] GC(8) Concurrent Scan Root Regions
[2021-04-02T14:13:37.897+0000][4154][safepoint   ] Safepoint "CollectForMetadataAllocation", Time since last: 684852560 ns, Reaching safepoint: 100066 ns, At safepoint: 78741270 ns, Total: 78841336 ns
[2021-04-02T14:13:37.938+0000][4154][safepoint   ] Safepoint "CollectForMetadataAllocation", Time since last: 40713897 ns, Reaching safepoint: 56271 ns, At safepoint: 167337 ns, Total: 223608 ns
[2021-04-02T14:13:37.947+0000][4154][gc,marking  ] GC(8) Concurrent Scan Root Regions 50.136ms
[2021-04-02T14:13:37.947+0000][4154][gc,marking  ] GC(8) Concurrent Mark (10.185s)
[2021-04-02T14:13:37.947+0000][4154][gc,marking  ] GC(8) Concurrent Mark From Roots
[2021-04-02T14:13:37.947+0000][4154][gc,task     ] GC(8) Using 1 workers of 1 for marking
[2021-04-02T14:13:37.949+0000][4154][gc,marking  ] GC(8) Concurrent Mark From Roots 2.137ms
[2021-04-02T14:13:37.949+0000][4154][gc,marking  ] GC(8) Concurrent Preclean
[2021-04-02T14:13:37.949+0000][4154][gc,marking  ] GC(8) Concurrent Preclean 0.065ms
[2021-04-02T14:13:37.949+0000][4154][gc,marking  ] GC(8) Concurrent Mark (10.185s, 10.187s) 2.246ms
[2021-04-02T14:13:37.949+0000][4154][gc,start    ] GC(8) Pause Remark
[2021-04-02T14:13:37.953+0000][4154][gc          ] GC(8) Pause Remark 64M->64M(3940M) 4.016ms
[2021-04-02T14:13:37.953+0000][4154][gc,cpu      ] GC(8) User=0.02s Sys=0.00s Real=0.01s
[2021-04-02T14:13:37.953+0000][4154][safepoint   ] Safepoint "G1Concurrent", Time since last: 11472012 ns, Reaching safepoint: 250989 ns, At safepoint: 4076483 ns, Total: 4327472 ns
[2021-04-02T14:13:37.955+0000][4154][gc,marking  ] GC(8) Concurrent Rebuild Remembered Sets
[2021-04-02T14:13:37.956+0000][4154][gc,marking  ] GC(8) Concurrent Rebuild Remembered Sets 0.639ms
[2021-04-02T14:13:37.958+0000][4154][gc,start    ] GC(8) Pause Cleanup
[2021-04-02T14:13:37.958+0000][4154][gc          ] GC(8) Pause Cleanup 64M->64M(3940M) 0.163ms
[2021-04-02T14:13:37.958+0000][4154][gc,cpu      ] GC(8) User=0.00s Sys=0.00s Real=0.00s
[2021-04-02T14:13:37.958+0000][4154][safepoint   ] Safepoint "G1Concurrent", Time since last: 2550876 ns, Reaching safepoint: 2342375 ns, At safepoint: 206390 ns, Total: 2548765 ns
[2021-04-02T14:13:37.958+0000][4154][gc,marking  ] GC(8) Concurrent Cleanup for Next Mark
[2021-04-02T14:13:37.965+0000][4154][gc,marking  ] GC(8) Concurrent Cleanup for Next Mark 6.027ms
[2021-04-02T14:13:37.965+0000][4154][gc          ] GC(8) Concurrent Cycle 68.049ms
[2021-04-02T14:13:38.825+0000][4154][safepoint   ] Safepoint "ICBufferFull", Time since last: 866012749 ns, Reaching safepoint: 142722 ns, At safepoint: 8901 ns, Total: 151623 ns
[2021-04-02T14:13:39.875+0000][4154][safepoint   ] Safepoint "Cleanup", Time since last: 1050127614 ns, Reaching safepoint: 192074 ns, At safepoint: 4717 ns, Total: 196791 ns
[2021-04-02T14:13:40.875+0000][4154][safepoint   ] Safepoint "Cleanup", Time since last: 1000211234 ns, Reaching safepoint: 163036 ns, At safepoint: 5493 ns, Total: 168529 ns
[2021-04-02T14:13:41.876+0000][4154][safepoint   ] Safepoint "Cleanup", Time since last: 1000205782 ns, Reaching safepoint: 139993 ns, At safepoint: 6012 ns, Total: 146005 ns
[2021-04-02T14:13:42.460+0000][4154][gc,start    ] GC(9) Pause Young (Concurrent Start) (Metadata GC Threshold)
[2021-04-02T14:13:42.460+0000][4154][gc,task     ] GC(9) Using 4 workers of 4 for evacuation
[2021-04-02T14:13:42.461+0000][4154][gc,age      ] GC(9) Desired survivor size 69206016 bytes, new threshold 15 (max threshold 15)
[2021-04-02T14:13:42.549+0000][4154][gc,age      ] GC(9) Age table with threshold 15 (max threshold 15)
[2021-04-02T14:13:42.549+0000][4154][gc,age      ] GC(9) - age   1:   10193504 bytes,   10193504 total
[2021-04-02T14:13:42.549+0000][4154][gc,age      ] GC(9) - age   2:   40214920 bytes,   50408424 total
[2021-04-02T14:13:42.549+0000][4154][gc,age      ] GC(9) - age   3:    2023048 bytes,   52431472 total
[2021-04-02T14:13:42.549+0000][4154][gc,age      ] GC(9) - age   4:    2080368 bytes,   54511840 total
[2021-04-02T14:13:42.549+0000][4154][gc,age      ] GC(9) - age   5:     678072 bytes,   55189912 total
[2021-04-02T14:13:42.549+0000][4154][gc,age      ] GC(9) - age   6:     658576 bytes,   55848488 total
[2021-04-02T14:13:42.549+0000][4154][gc,age      ] GC(9) - age   7:    3022680 bytes,   58871168 total
[2021-04-02T14:13:42.549+0000][4154][gc,age      ] GC(9) - age   8:    9052104 bytes,   67923272 total
[2021-04-02T14:13:42.549+0000][4154][gc,phases   ] GC(9)   Pre Evacuate Collection Set: 0.2ms
[2021-04-02T14:13:42.549+0000][4154][gc,phases   ] GC(9)   Merge Heap Roots: 0.0ms
[2021-04-02T14:13:42.549+0000][4154][gc,phases   ] GC(9)   Evacuate Collection Set: 85.4ms
[2021-04-02T14:13:42.549+0000][4154][gc,phases   ] GC(9)   Post Evacuate Collection Set: 2.2ms
[2021-04-02T14:13:42.549+0000][4154][gc,phases   ] GC(9)   Other: 0.8ms
[2021-04-02T14:13:42.549+0000][4154][gc,heap     ] GC(9) Eden regions: 100->0(31)
[2021-04-02T14:13:42.549+0000][4154][gc,heap     ] GC(9) Survivor regions: 15->18(33)
[2021-04-02T14:13:42.549+0000][4154][gc,heap     ] GC(9) Old regions: 0->0
[2021-04-02T14:13:42.549+0000][4154][gc,heap     ] GC(9) Archive regions: 2->2
[2021-04-02T14:13:42.549+0000][4154][gc,heap     ] GC(9) Humongous regions: 0->0
[2021-04-02T14:13:42.549+0000][4154][gc,metaspace] GC(9) Metaspace: 57848K(60956K)->57848K(60956K) NonClass: 50216K(52304K)->50216K(52304K) Class: 7631K(8652K)->7631K(8652K)
[2021-04-02T14:13:42.549+0000][4154][gc          ] GC(9) Pause Young (Concurrent Start) (Metadata GC Threshold) 460M->73M(3940M) 88.731ms
[2021-04-02T14:13:42.549+0000][4154][gc,cpu      ] GC(9) User=0.36s Sys=0.00s Real=0.09s
[2021-04-02T14:13:42.549+0000][4154][gc          ] GC(10) Concurrent Cycle
[2021-04-02T14:13:42.549+0000][4154][gc,marking  ] GC(10) Concurrent Clear Claimed Marks
[2021-04-02T14:13:42.549+0000][4154][gc,marking  ] GC(10) Concurrent Clear Claimed Marks 0.057ms
[2021-04-02T14:13:42.549+0000][4154][gc,marking  ] GC(10) Concurrent Scan Root Regions
[2021-04-02T14:13:42.549+0000][4154][safepoint   ] Safepoint "CollectForMetadataAllocation", Time since last: 584301775 ns, Reaching safepoint: 75527 ns, At safepoint: 88937856 ns, Total: 89013383 ns
[2021-04-02T14:13:42.598+0000][4154][gc,marking  ] GC(10) Concurrent Scan Root Regions 48.640ms
[2021-04-02T14:13:42.598+0000][4154][gc,marking  ] GC(10) Concurrent Mark (14.835s)
[2021-04-02T14:13:42.598+0000][4154][gc,marking  ] GC(10) Concurrent Mark From Roots
[2021-04-02T14:13:42.598+0000][4154][gc,task     ] GC(10) Using 1 workers of 1 for marking
[2021-04-02T14:13:42.600+0000][4154][gc,marking  ] GC(10) Concurrent Mark From Roots 2.112ms
[2021-04-02T14:13:42.600+0000][4154][gc,marking  ] GC(10) Concurrent Preclean
[2021-04-02T14:13:42.600+0000][4154][gc,marking  ] GC(10) Concurrent Preclean 0.066ms
[2021-04-02T14:13:42.600+0000][4154][gc,marking  ] GC(10) Concurrent Mark (14.835s, 14.838s) 2.220ms
[2021-04-02T14:13:42.600+0000][4154][gc,start    ] GC(10) Pause Remark
[2021-04-02T14:13:42.604+0000][4154][gc          ] GC(10) Pause Remark 77M->77M(3940M) 4.114ms
[2021-04-02T14:13:42.604+0000][4154][gc,cpu      ] GC(10) User=0.01s Sys=0.00s Real=0.01s
[2021-04-02T14:13:42.604+0000][4154][safepoint   ] Safepoint "G1Concurrent", Time since last: 50893560 ns, Reaching safepoint: 147021 ns, At safepoint: 4196942 ns, Total: 4343963 ns
[2021-04-02T14:13:42.604+0000][4154][gc,marking  ] GC(10) Concurrent Rebuild Remembered Sets
[2021-04-02T14:13:42.605+0000][4154][gc,marking  ] GC(10) Concurrent Rebuild Remembered Sets 0.941ms
[2021-04-02T14:13:42.606+0000][4154][gc,start    ] GC(10) Pause Cleanup
[2021-04-02T14:13:42.606+0000][4154][gc          ] GC(10) Pause Cleanup 77M->77M(3940M) 0.189ms
[2021-04-02T14:13:42.606+0000][4154][gc,cpu      ] GC(10) User=0.00s Sys=0.00s Real=0.00s
[2021-04-02T14:13:42.606+0000][4154][safepoint   ] Safepoint "G1Concurrent", Time since last: 1011752 ns, Reaching safepoint: 686844 ns, At safepoint: 245810 ns, Total: 932654 ns
[2021-04-02T14:13:42.606+0000][4154][gc,marking  ] GC(10) Concurrent Cleanup for Next Mark
[2021-04-02T14:13:42.613+0000][4154][gc,marking  ] GC(10) Concurrent Cleanup for Next Mark 6.301ms
[2021-04-02T14:13:42.613+0000][4154][gc          ] GC(10) Concurrent Cycle 63.694ms
[2021-04-02T14:13:43.607+0000][4154][safepoint   ] Safepoint "Cleanup", Time since last: 1000141379 ns, Reaching safepoint: 792628 ns, At safepoint: 6271 ns, Total: 798899 ns
[2021-04-02T14:13:44.298+0000][4154][safepoint   ] Safepoint "ICBufferFull", Time since last: 690667011 ns, Reaching safepoint: 189875 ns, At safepoint: 6634 ns, Total: 196509 ns
[2021-04-02T14:13:44.405+0000][4154][gc,start    ] GC(11) Pause Young (Normal) (G1 Evacuation Pause)
[2021-04-02T14:13:44.405+0000][4154][gc,task     ] GC(11) Using 4 workers of 4 for evacuation
[2021-04-02T14:13:44.405+0000][4154][gc,age      ] GC(11) Desired survivor size 14680064 bytes, new threshold 2 (max threshold 15)
[2021-04-02T14:13:44.511+0000][4154][gc,age      ] GC(11) Age table with threshold 2 (max threshold 15)
[2021-04-02T14:13:44.511+0000][4154][gc,age      ] GC(11) - age   1:    8265768 bytes,    8265768 total
[2021-04-02T14:13:44.511+0000][4154][gc,age      ] GC(11) - age   2:    9927952 bytes,   18193720 total
[2021-04-02T14:13:44.511+0000][4154][gc,phases   ] GC(11)   Pre Evacuate Collection Set: 0.1ms
[2021-04-02T14:13:44.511+0000][4154][gc,phases   ] GC(11)   Merge Heap Roots: 0.0ms
[2021-04-02T14:13:44.512+0000][4154][gc,phases   ] GC(11)   Evacuate Collection Set: 104.2ms
[2021-04-02T14:13:44.512+0000][4154][gc,phases   ] GC(11)   Post Evacuate Collection Set: 2.1ms
[2021-04-02T14:13:44.512+0000][4154][gc,phases   ] GC(11)   Other: 0.2ms
[2021-04-02T14:13:44.512+0000][4154][gc,heap     ] GC(11) Eden regions: 31->0(130)
[2021-04-02T14:13:44.512+0000][4154][gc,heap     ] GC(11) Survivor regions: 18->5(7)
[2021-04-02T14:13:44.512+0000][4154][gc,heap     ] GC(11) Old regions: 0->14
[2021-04-02T14:13:44.512+0000][4154][gc,heap     ] GC(11) Archive regions: 2->2
[2021-04-02T14:13:44.512+0000][4154][gc,heap     ] GC(11) Humongous regions: 0->0
[2021-04-02T14:13:44.512+0000][4154][gc,metaspace] GC(11) Metaspace: 77034K(80592K)->77034K(80592K) NonClass: 66734K(69124K)->66734K(69124K) Class: 10300K(11468K)->10300K(11468K)
[2021-04-02T14:13:44.512+0000][4154][gc          ] GC(11) Pause Young (Normal) (G1 Evacuation Pause) 197M->79M(3940M) 106.698ms
[2021-04-02T14:13:44.512+0000][4154][gc,cpu      ] GC(11) User=0.41s Sys=0.01s Real=0.10s
[2021-04-02T14:13:44.512+0000][4154][safepoint   ] Safepoint "G1CollectForAllocation", Time since last: 106827434 ns, Reaching safepoint: 81717 ns, At safepoint: 106771390 ns, Total: 106853107 ns
[2021-04-02T14:13:45.175+0000][4154][safepoint   ] Safepoint "ICBufferFull", Time since last: 663493129 ns, Reaching safepoint: 172256 ns, At safepoint: 10489 ns, Total: 182745 ns
[2021-04-02T14:13:46.297+0000][4154][safepoint   ] Safepoint "Cleanup", Time since last: 1121011218 ns, Reaching safepoint: 439762 ns, At safepoint: 21170 ns, Total: 460932 ns
[2021-04-02T14:13:47.297+0000][4154][safepoint   ] Safepoint "Cleanup", Time since last: 1000434132 ns, Reaching safepoint: 188173 ns, At safepoint: 6455 ns, Total: 194628 ns
[2021-04-02T14:13:48.298+0000][4154][safepoint   ] Safepoint "Cleanup", Time since last: 1000215632 ns, Reaching safepoint: 202447 ns, At safepoint: 14870 ns, Total: 217317 ns
[2021-04-02T14:13:49.383+0000][4154][safepoint   ] Safepoint "ICBufferFull", Time since last: 1084573578 ns, Reaching safepoint: 169577 ns, At safepoint: 10307 ns, Total: 179884 ns
[2021-04-02T14:13:50.046+0000][4154][safepoint   ] Safepoint "ICBufferFull", Time since last: 663425118 ns, Reaching safepoint: 206251 ns, At safepoint: 12473 ns, Total: 218724 ns
[2021-04-02T14:13:50.501+0000][4154][safepoint   ] Safepoint "ICBufferFull", Time since last: 454607686 ns, Reaching safepoint: 235830 ns, At safepoint: 13663 ns, Total: 249493 ns
[2021-04-02T14:13:50.725+0000][4154][safepoint   ] Safepoint "ICBufferFull", Time since last: 223593751 ns, Reaching safepoint: 412496 ns, At safepoint: 10859 ns, Total: 423355 ns
[2021-04-02T14:13:51.543+0000][4154][safepoint   ] Safepoint "ICBufferFull", Time since last: 817850821 ns, Reaching safepoint: 173695 ns, At safepoint: 9538 ns, Total: 183233 ns
[2021-04-02T14:13:52.300+0000][4154][safepoint   ] Safepoint "ICBufferFull", Time since last: 756818807 ns, Reaching safepoint: 198971 ns, At safepoint: 21832 ns, Total: 220803 ns
[2021-04-02T14:13:53.301+0000][4154][safepoint   ] Safepoint "Cleanup", Time since last: 1000149444 ns, Reaching safepoint: 178261 ns, At safepoint: 11253 ns, Total: 189514 ns
[2021-04-02T14:13:54.301+0000][4154][safepoint   ] Safepoint "Cleanup", Time since last: 1000290169 ns, Reaching safepoint: 170260 ns, At safepoint: 5925 ns, Total: 176185 ns
[2021-04-02T14:13:55.301+0000][4154][safepoint   ] Safepoint "Cleanup", Time since last: 1000105790 ns, Reaching safepoint: 246262 ns, At safepoint: 11085 ns, Total: 257347 ns
[2021-04-02T14:13:56.302+0000][4154][safepoint   ] Safepoint "Cleanup", Time since last: 1000230490 ns, Reaching safepoint: 312250 ns, At safepoint: 18654 ns, Total: 330904 ns
[2021-04-02T14:14:07.304+0000][4154][safepoint   ] Safepoint "Cleanup", Time since last: 11002074215 ns, Reaching safepoint: 287551 ns, At safepoint: 16338 ns, Total: 303889 ns
[2021-04-02T14:14:10.305+0000][4154][safepoint   ] Safepoint "Cleanup", Time since last: 3000561030 ns, Reaching safepoint: 288357 ns, At safepoint: 16920 ns, Total: 305277 ns
[2021-04-02T14:14:15.306+0000][4154][safepoint   ] Safepoint "Cleanup", Time since last: 5000606991 ns, Reaching safepoint: 97272 ns, At safepoint: 7541 ns, Total: 104813 ns
[2021-04-02T14:14:16.306+0000][4154][safepoint   ] Safepoint "Cleanup", Time since last: 1000117251 ns, Reaching safepoint: 118403 ns, At safepoint: 9094 ns, Total: 127497 ns
[2021-04-02T14:14:19.307+0000][4154][safepoint   ] Safepoint "Cleanup", Time since last: 3000294786 ns, Reaching safepoint: 119972 ns, At safepoint: 7204 ns, Total: 127176 ns
[2021-04-02T14:14:22.307+0000][4154][safepoint   ] Safepoint "Cleanup", Time since last: 3000320037 ns, Reaching safepoint: 147433 ns, At safepoint: 11341 ns, Total: 158774 ns
[2021-04-02T14:14:25.308+0000][4154][safepoint   ] Safepoint "Cleanup", Time since last: 3000443943 ns, Reaching safepoint: 113767 ns, At safepoint: 8236 ns, Total: 122003 ns
[2021-04-02T14:14:29.308+0000][4154][safepoint   ] Safepoint "Cleanup", Time since last: 4000470484 ns, Reaching safepoint: 105104 ns, At safepoint: 8880 ns, Total: 113984 ns
[2021-04-02T14:14:30.309+0000][4154][safepoint   ] Safepoint "Cleanup", Time since last: 1000182457 ns, Reaching safepoint: 148373 ns, At safepoint: 13632 ns, Total: 162005 ns
[2021-04-02T14:14:31.309+0000][4154][safepoint   ] Safepoint "Cleanup", Time since last: 1000200733 ns, Reaching safepoint: 174148 ns, At safepoint: 13544 ns, Total: 187692 ns
[2021-04-02T14:14:32.309+0000][4154][safepoint   ] Safepoint "Cleanup", Time since last: 1000156905 ns, Reaching safepoint: 117354 ns, At safepoint: 7825 ns, Total: 125179 ns
[2021-04-02T14:14:41.310+0000][4154][safepoint   ] Safepoint "Cleanup", Time since last: 9000958632 ns, Reaching safepoint: 136193 ns, At safepoint: 7594 ns, Total: 143787 ns
[2021-04-02T14:14:43.311+0000][4154][safepoint   ] Safepoint "Cleanup", Time since last: 2000291014 ns, Reaching safepoint: 225841 ns, At safepoint: 9768 ns, Total: 235609 ns
[2021-04-02T14:14:44.311+0000][4154][safepoint   ] Safepoint "Cleanup", Time since last: 1000165471 ns, Reaching safepoint: 100615 ns, At safepoint: 6812 ns, Total: 107427 ns
[2021-04-02T14:14:45.311+0000][4154][safepoint   ] Safepoint "Cleanup", Time since last: 1000118767 ns, Reaching safepoint: 112108 ns, At safepoint: 7499 ns, Total: 119607 ns
[2021-04-02T14:14:49.312+0000][4154][safepoint   ] Safepoint "Cleanup", Time since last: 4000413115 ns, Reaching safepoint: 91586 ns, At safepoint: 7868 ns, Total: 99454 ns
[2021-04-02T14:15:10.314+0000][4154][safepoint   ] Safepoint "Cleanup", Time since last: 21002169637 ns, Reaching safepoint: 102811 ns, At safepoint: 5966 ns, Total: 108777 ns
[2021-04-02T14:15:11.476+0000][4154][safepoint   ] Safepoint "Cleanup", Time since last: 1161633435 ns, Reaching safepoint: 91322 ns, At safepoint: 6105 ns, Total: 97427 ns
[2021-04-02T14:15:11.827+0000][4154][safepoint   ] Safepoint "ICBufferFull", Time since last: 351338049 ns, Reaching safepoint: 199331 ns, At safepoint: 7416 ns, Total: 206747 ns
[2021-04-02T14:15:12.554+0000][4154][safepoint   ] Safepoint "ICBufferFull", Time since last: 725901614 ns, Reaching safepoint: 274131 ns, At safepoint: 12922 ns, Total: 287053 ns
[2021-04-02T14:15:13.595+0000][4154][safepoint   ] Safepoint "ICBufferFull", Time since last: 1041170926 ns, Reaching safepoint: 181354 ns, At safepoint: 8337 ns, Total: 189691 ns
[2021-04-02T14:15:14.595+0000][4154][safepoint   ] Safepoint "Cleanup", Time since last: 1000201641 ns, Reaching safepoint: 145594 ns, At safepoint: 5834 ns, Total: 151428 ns
[2021-04-02T14:15:15.596+0000][4154][safepoint   ] Safepoint "Cleanup", Time since last: 1000205912 ns, Reaching safepoint: 84470 ns, At safepoint: 8658 ns, Total: 93128 ns
[2021-04-02T14:15:16.830+0000][4154][safepoint   ] Safepoint "Cleanup", Time since last: 1234205167 ns, Reaching safepoint: 180712 ns, At safepoint: 9311 ns, Total: 190023 ns
[2021-04-02T14:15:16.953+0000][4154][gc,start    ] GC(12) Pause Young (Concurrent Start) (Metadata GC Threshold)
[2021-04-02T14:15:16.953+0000][4154][gc,task     ] GC(12) Using 4 workers of 4 for evacuation
[2021-04-02T14:15:16.953+0000][4154][gc,age      ] GC(12) Desired survivor size 35651584 bytes, new threshold 15 (max threshold 15)
[2021-04-02T14:15:16.996+0000][4154][gc,age      ] GC(12) Age table with threshold 15 (max threshold 15)
[2021-04-02T14:15:16.996+0000][4154][gc,age      ] GC(12) - age   1:   14564984 bytes,   14564984 total
[2021-04-02T14:15:16.996+0000][4154][gc,age      ] GC(12) - age   2:    7623432 bytes,   22188416 total
[2021-04-02T14:15:16.996+0000][4154][gc,age      ] GC(12) - age   3:    9734376 bytes,   31922792 total
[2021-04-02T14:15:16.996+0000][4154][gc,phases   ] GC(12)   Pre Evacuate Collection Set: 0.2ms
[2021-04-02T14:15:16.996+0000][4154][gc,phases   ] GC(12)   Merge Heap Roots: 0.1ms
[2021-04-02T14:15:16.996+0000][4154][gc,phases   ] GC(12)   Evacuate Collection Set: 40.3ms
[2021-04-02T14:15:16.996+0000][4154][gc,phases   ] GC(12)   Post Evacuate Collection Set: 2.3ms
[2021-04-02T14:15:16.997+0000][4154][gc,phases   ] GC(12)   Other: 0.3ms
[2021-04-02T14:15:16.997+0000][4154][gc,heap     ] GC(12) Eden regions: 115->0(111)
[2021-04-02T14:15:16.997+0000][4154][gc,heap     ] GC(12) Survivor regions: 5->9(17)
[2021-04-02T14:15:16.997+0000][4154][gc,heap     ] GC(12) Old regions: 14->14
[2021-04-02T14:15:16.997+0000][4154][gc,heap     ] GC(12) Archive regions: 2->2
[2021-04-02T14:15:16.997+0000][4154][gc,heap     ] GC(12) Humongous regions: 2->2
[2021-04-02T14:15:16.997+0000][4154][gc,metaspace] GC(12) Metaspace: 98090K(102320K)->98090K(102320K) NonClass: 84767K(87780K)->84767K(87780K) Class: 13322K(14540K)->13322K(14540K)
[2021-04-02T14:15:16.997+0000][4154][gc          ] GC(12) Pause Young (Concurrent Start) (Metadata GC Threshold) 547M->101M(3940M) 43.241ms
[2021-04-02T14:15:16.997+0000][4154][gc,cpu      ] GC(12) User=0.13s Sys=0.00s Real=0.04s
[2021-04-02T14:15:16.997+0000][4154][gc          ] GC(13) Concurrent Cycle
[2021-04-02T14:15:16.997+0000][4154][gc,marking  ] GC(13) Concurrent Clear Claimed Marks
[2021-04-02T14:15:16.997+0000][4154][safepoint   ] Safepoint "CollectForMetadataAllocation", Time since last: 123114498 ns, Reaching safepoint: 173493 ns, At safepoint: 43461459 ns, Total: 43634952 ns
[2021-04-02T14:15:16.997+0000][4154][gc,marking  ] GC(13) Concurrent Clear Claimed Marks 0.083ms
[2021-04-02T14:15:16.997+0000][4154][gc,marking  ] GC(13) Concurrent Scan Root Regions
[2021-04-02T14:15:17.030+0000][4154][gc,marking  ] GC(13) Concurrent Scan Root Regions 33.059ms
[2021-04-02T14:15:17.030+0000][4154][gc,marking  ] GC(13) Concurrent Mark (109.268s)
[2021-04-02T14:15:17.030+0000][4154][gc,marking  ] GC(13) Concurrent Mark From Roots
[2021-04-02T14:15:17.030+0000][4154][gc,task     ] GC(13) Using 1 workers of 1 for marking
[2021-04-02T14:15:17.157+0000][4154][gc,marking  ] GC(13) Concurrent Mark From Roots 127.425ms
[2021-04-02T14:15:17.157+0000][4154][gc,marking  ] GC(13) Concurrent Preclean
[2021-04-02T14:15:17.158+0000][4154][gc,marking  ] GC(13) Concurrent Preclean 0.307ms
[2021-04-02T14:15:17.158+0000][4154][gc,marking  ] GC(13) Concurrent Mark (109.268s, 109.396s) 127.821ms
[2021-04-02T14:15:17.158+0000][4154][gc,start    ] GC(13) Pause Remark
[2021-04-02T14:15:17.165+0000][4154][gc          ] GC(13) Pause Remark 106M->106M(3940M) 6.712ms
[2021-04-02T14:15:17.165+0000][4154][gc,cpu      ] GC(13) User=0.02s Sys=0.00s Real=0.01s
[2021-04-02T14:15:17.165+0000][4154][safepoint   ] Safepoint "G1Concurrent", Time since last: 161035383 ns, Reaching safepoint: 85024 ns, At safepoint: 6799488 ns, Total: 6884512 ns
[2021-04-02T14:15:17.165+0000][4154][gc,marking  ] GC(13) Concurrent Rebuild Remembered Sets
[2021-04-02T14:15:17.245+0000][4154][gc,marking  ] GC(13) Concurrent Rebuild Remembered Sets 80.502ms
[2021-04-02T14:15:17.246+0000][4154][gc,start    ] GC(13) Pause Cleanup
[2021-04-02T14:15:17.246+0000][4154][gc          ] GC(13) Pause Cleanup 106M->106M(3940M) 0.172ms
[2021-04-02T14:15:17.246+0000][4154][gc,cpu      ] GC(13) User=0.00s Sys=0.00s Real=0.00s
[2021-04-02T14:15:17.246+0000][4154][safepoint   ] Safepoint "G1Concurrent", Time since last: 80611313 ns, Reaching safepoint: 326782 ns, At safepoint: 224638 ns, Total: 551420 ns
[2021-04-02T14:15:17.246+0000][4154][gc,marking  ] GC(13) Concurrent Cleanup for Next Mark
[2021-04-02T14:15:17.252+0000][4154][gc,marking  ] GC(13) Concurrent Cleanup for Next Mark 5.763ms
[2021-04-02T14:15:17.252+0000][4154][gc          ] GC(13) Concurrent Cycle 255.003ms
[2021-04-02T14:15:18.246+0000][4154][safepoint   ] Safepoint "Cleanup", Time since last: 1000108807 ns, Reaching safepoint: 421939 ns, At safepoint: 11389 ns, Total: 433328 ns
[2021-04-02T14:15:19.883+0000][4154][safepoint   ] Safepoint "ICBufferFull", Time since last: 1560910238 ns, Reaching safepoint: 75995393 ns, At safepoint: 39051 ns, Total: 76034444 ns
[2021-04-02T14:15:20.884+0000][4154][safepoint   ] Safepoint "Cleanup", Time since last: 1000491297 ns, Reaching safepoint: 218599 ns, At safepoint: 7689 ns, Total: 226288 ns
[2021-04-02T14:15:21.885+0000][4154][safepoint   ] Safepoint "Cleanup", Time since last: 1000263513 ns, Reaching safepoint: 252568 ns, At safepoint: 13328 ns, Total: 265896 ns
[2021-04-02T14:15:22.554+0000][4154][safepoint   ] Safepoint "ICBufferFull", Time since last: 668733930 ns, Reaching safepoint: 237086 ns, At safepoint: 15211 ns, Total: 252297 ns
[2021-04-02T14:15:23.039+0000][4154][safepoint   ] Safepoint "ICBufferFull", Time since last: 484620264 ns, Reaching safepoint: 359861 ns, At safepoint: 19806 ns, Total: 379667 ns
[2021-04-02T14:15:24.040+0000][4154][safepoint   ] Safepoint "Cleanup", Time since last: 1001103468 ns, Reaching safepoint: 263945 ns, At safepoint: 7470 ns, Total: 271415 ns
[2021-04-02T14:15:25.040+0000][4154][safepoint   ] Safepoint "Cleanup", Time since last: 1000206772 ns, Reaching safepoint: 155695 ns, At safepoint: 22348 ns, Total: 178043 ns
[2021-04-02T14:15:26.041+0000][4154][safepoint   ] Safepoint "Cleanup", Time since last: 1000270379 ns, Reaching safepoint: 247360 ns, At safepoint: 16448 ns, Total: 263808 ns
[2021-04-02T14:15:26.946+0000][4154][safepoint   ] Safepoint "ICBufferFull", Time since last: 904827461 ns, Reaching safepoint: 184346 ns, At safepoint: 10428 ns, Total: 194774 ns
[2021-04-02T14:15:27.438+0000][4154][safepoint   ] Safepoint "ICBufferFull", Time since last: 491771224 ns, Reaching safepoint: 310800 ns, At safepoint: 11548 ns, Total: 322348 ns
[2021-04-02T14:15:28.020+0000][4154][safepoint   ] Safepoint "ICBufferFull", Time since last: 581689467 ns, Reaching safepoint: 240003 ns, At safepoint: 20876 ns, Total: 260879 ns
[2021-04-02T14:15:29.020+0000][4154][safepoint   ] Safepoint "Cleanup", Time since last: 1000257966 ns, Reaching safepoint: 237050 ns, At safepoint: 6737 ns, Total: 243787 ns
[2021-04-02T14:15:30.021+0000][4154][safepoint   ] Safepoint "Cleanup", Time since last: 1000159347 ns, Reaching safepoint: 341218 ns, At safepoint: 23490 ns, Total: 364708 ns
[2021-04-02T14:15:31.022+0000][4154][safepoint   ] Safepoint "Cleanup", Time since last: 1000483800 ns, Reaching safepoint: 290159 ns, At safepoint: 19370 ns, Total: 309529 ns
[2021-04-02T14:15:33.022+0000][4154][safepoint   ] Safepoint "Cleanup", Time since last: 2000350586 ns, Reaching safepoint: 164572 ns, At safepoint: 18993 ns, Total: 183565 ns
[2021-04-02T14:15:34.023+0000][4154][safepoint   ] Safepoint "Cleanup", Time since last: 1000309775 ns, Reaching safepoint: 279645 ns, At safepoint: 17370 ns, Total: 297015 ns
[2021-04-02T14:15:36.023+0000][4154][safepoint   ] Safepoint "Cleanup", Time since last: 2000311532 ns, Reaching safepoint: 155499 ns, At safepoint: 11034 ns, Total: 166533 ns
[2021-04-02T14:15:37.024+0000][4154][safepoint   ] Safepoint "Cleanup", Time since last: 1000197087 ns, Reaching safepoint: 256944 ns, At safepoint: 15953 ns, Total: 272897 ns
[2021-04-02T14:15:38.024+0000][4154][safepoint   ] Safepoint "Cleanup", Time since last: 1000201126 ns, Reaching safepoint: 144109 ns, At safepoint: 17940 ns, Total: 162049 ns
[2021-04-02T14:15:39.025+0000][4154][safepoint   ] Safepoint "Cleanup", Time since last: 1000204784 ns, Reaching safepoint: 401594 ns, At safepoint: 18742 ns, Total: 420336 ns
[2021-04-02T14:15:41.026+0000][4154][safepoint   ] Safepoint "Cleanup", Time since last: 2000583299 ns, Reaching safepoint: 262534 ns, At safepoint: 16438 ns, Total: 278972 ns
[2021-04-02T14:15:42.026+0000][4154][safepoint   ] Safepoint "Cleanup", Time since last: 1000148955 ns, Reaching safepoint: 118920 ns, At safepoint: 8529 ns, Total: 127449 ns
[2021-04-02T14:15:43.027+0000][4154][safepoint   ] Safepoint "Cleanup", Time since last: 1000277600 ns, Reaching safepoint: 277224 ns, At safepoint: 20918 ns, Total: 298142 ns
[2021-04-02T14:15:45.028+0000][4154][safepoint   ] Safepoint "Cleanup", Time since last: 2000645907 ns, Reaching safepoint: 328878 ns, At safepoint: 17446 ns, Total: 346324 ns
[2021-04-02T14:15:46.028+0000][4154][safepoint   ] Safepoint "Cleanup", Time since last: 1000229489 ns, Reaching safepoint: 262339 ns, At safepoint: 22843 ns, Total: 285182 ns
[2021-04-02T14:15:48.028+0000][4154][safepoint   ] Safepoint "Cleanup", Time since last: 2000272305 ns, Reaching safepoint: 115348 ns, At safepoint: 6496 ns, Total: 121844 ns
[2021-04-02T14:15:49.029+0000][4154][safepoint   ] Safepoint "Cleanup", Time since last: 1000216370 ns, Reaching safepoint: 254280 ns, At safepoint: 21540 ns, Total: 275820 ns
[2021-04-02T14:15:50.030+0000][4154][safepoint   ] Safepoint "Cleanup", Time since last: 1000218294 ns, Reaching safepoint: 339067 ns, At safepoint: 19580 ns, Total: 358647 ns
[2021-04-02T14:15:51.030+0000][4154][safepoint   ] Safepoint "Cleanup", Time since last: 1000179989 ns, Reaching safepoint: 343750 ns, At safepoint: 17224 ns, Total: 360974 ns
[2021-04-02T14:15:52.031+0000][4154][safepoint   ] Safepoint "Cleanup", Time since last: 1000214632 ns, Reaching safepoint: 273409 ns, At safepoint: 20442 ns, Total: 293851 ns
[2021-04-02T14:15:53.031+0000][4154][safepoint   ] Safepoint "Cleanup", Time since last: 1000467927 ns, Reaching safepoint: 250095 ns, At safepoint: 18458 ns, Total: 268553 ns
[2021-04-02T14:15:54.032+0000][4154][safepoint   ] Safepoint "Cleanup", Time since last: 1000460422 ns, Reaching safepoint: 327801 ns, At safepoint: 26827 ns, Total: 354628 ns
[2021-04-02T14:15:55.033+0000][4154][safepoint   ] Safepoint "Cleanup", Time since last: 1000226868 ns, Reaching safepoint: 303408 ns, At safepoint: 26512 ns, Total: 329920 ns
[2021-04-02T14:15:57.034+0000][4154][safepoint   ] Safepoint "Cleanup", Time since last: 2000524335 ns, Reaching safepoint: 312133 ns, At safepoint: 20117 ns, Total: 332250 ns
[2021-04-02T14:15:58.034+0000][4154][safepoint   ] Safepoint "Cleanup", Time since last: 1000187535 ns, Reaching safepoint: 127825 ns, At safepoint: 11400 ns, Total: 139225 ns
[2021-04-02T14:15:59.034+0000][4154][safepoint   ] Safepoint "Cleanup", Time since last: 1000143134 ns, Reaching safepoint: 101049 ns, At safepoint: 5890 ns, Total: 106939 ns
[2021-04-02T14:16:00.035+0000][4154][safepoint   ] Safepoint "Cleanup", Time since last: 1000244088 ns, Reaching safepoint: 249464 ns, At safepoint: 14844 ns, Total: 264308 ns
[2021-04-02T14:16:01.035+0000][4154][safepoint   ] Safepoint "Cleanup", Time since last: 1000159202 ns, Reaching safepoint: 96468 ns, At safepoint: 7511 ns, Total: 103979 ns
[2021-04-02T14:16:02.035+0000][4154][safepoint   ] Safepoint "Cleanup", Time since last: 1000121206 ns, Reaching safepoint: 121960 ns, At safepoint: 9436 ns, Total: 131396 ns
[2021-04-02T14:16:02.959+0000][4154][gc,start    ] GC(14) Pause Young (Normal) (G1 Evacuation Pause)
[2021-04-02T14:16:02.959+0000][4154][gc,task     ] GC(14) Using 4 workers of 4 for evacuation
[2021-04-02T14:16:02.959+0000][4154][gc,age      ] GC(14) Desired survivor size 31457280 bytes, new threshold 3 (max threshold 15)
[2021-04-02T14:16:02.999+0000][4154][gc,age      ] GC(14) Age table with threshold 3 (max threshold 15)
[2021-04-02T14:16:03.000+0000][4154][gc,age      ] GC(14) - age   1:   13253232 bytes,   13253232 total
[2021-04-02T14:16:03.000+0000][4154][gc,age      ] GC(14) - age   2:   13109296 bytes,   26362528 total
[2021-04-02T14:16:03.000+0000][4154][gc,age      ] GC(14) - age   3:    7607656 bytes,   33970184 total
[2021-04-02T14:16:03.000+0000][4154][gc,phases   ] GC(14)   Pre Evacuate Collection Set: 0.1ms
[2021-04-02T14:16:03.000+0000][4154][gc,phases   ] GC(14)   Merge Heap Roots: 0.1ms
[2021-04-02T14:16:03.000+0000][4154][gc,phases   ] GC(14)   Evacuate Collection Set: 38.1ms
[2021-04-02T14:16:03.000+0000][4154][gc,phases   ] GC(14)   Post Evacuate Collection Set: 1.7ms
[2021-04-02T14:16:03.000+0000][4154][gc,phases   ] GC(14)   Other: 0.2ms
[2021-04-02T14:16:03.000+0000][4154][gc,heap     ] GC(14) Eden regions: 107->0(198)
[2021-04-02T14:16:03.000+0000][4154][gc,heap     ] GC(14) Survivor regions: 9->9(15)
[2021-04-02T14:16:03.000+0000][4154][gc,heap     ] GC(14) Old regions: 14->17
[2021-04-02T14:16:03.000+0000][4154][gc,heap     ] GC(14) Archive regions: 2->2
[2021-04-02T14:16:03.000+0000][4154][gc,heap     ] GC(14) Humongous regions: 2->2
[2021-04-02T14:16:03.000+0000][4154][gc,metaspace] GC(14) Metaspace: 105964K(110128K)->105964K(110128K) NonClass: 91673K(94436K)->91673K(94436K) Class: 14290K(15692K)->14290K(15692K)
[2021-04-02T14:16:03.000+0000][4154][gc          ] GC(14) Pause Young (Normal) (G1 Evacuation Pause) 529M->113M(3940M) 40.327ms
[2021-04-02T14:16:03.000+0000][4154][gc,cpu      ] GC(14) User=0.16s Sys=0.00s Real=0.04s
[2021-04-02T14:16:03.000+0000][4154][safepoint   ] Safepoint "G1CollectForAllocation", Time since last: 923978830 ns, Reaching safepoint: 220994 ns, At safepoint: 40410796 ns, Total: 40631790 ns
[2021-04-02T14:16:04.537+0000][4154][safepoint   ] Safepoint "Cleanup", Time since last: 1536775856 ns, Reaching safepoint: 186509 ns, At safepoint: 8500 ns, Total: 195009 ns
[2021-04-02T14:16:05.537+0000][4154][safepoint   ] Safepoint "Cleanup", Time since last: 1000163689 ns, Reaching safepoint: 310809 ns, At safepoint: 7816 ns, Total: 318625 ns
[2021-04-02T14:16:06.538+0000][4154][safepoint   ] Safepoint "Cleanup", Time since last: 1000223307 ns, Reaching safepoint: 277237 ns, At safepoint: 18548 ns, Total: 295785 ns
[2021-04-02T14:16:08.538+0000][4154][safepoint   ] Safepoint "Cleanup", Time since last: 2000329519 ns, Reaching safepoint: 137728 ns, At safepoint: 7219 ns, Total: 144947 ns
[2021-04-02T14:16:09.539+0000][4154][safepoint   ] Safepoint "Cleanup", Time since last: 1000207250 ns, Reaching safepoint: 293149 ns, At safepoint: 19084 ns, Total: 312233 ns
[2021-04-02T14:16:11.539+0000][4154][safepoint   ] Safepoint "Cleanup", Time since last: 2000336573 ns, Reaching safepoint: 112914 ns, At safepoint: 11357 ns, Total: 124271 ns
[2021-04-02T14:16:12.540+0000][4154][safepoint   ] Safepoint "Cleanup", Time since last: 1000220312 ns, Reaching safepoint: 193011 ns, At safepoint: 20908 ns, Total: 213919 ns
[2021-04-02T14:16:15.049+0000][4154][safepoint   ] Safepoint "Cleanup", Time since last: 2508667828 ns, Reaching safepoint: 265399 ns, At safepoint: 24263 ns, Total: 289662 ns
[2021-04-02T14:16:16.049+0000][4154][safepoint   ] Safepoint "Cleanup", Time since last: 1000343150 ns, Reaching safepoint: 211633 ns, At safepoint: 11115 ns, Total: 222748 ns
[2021-04-02T14:16:18.050+0000][4154][safepoint   ] Safepoint "Cleanup", Time since last: 2000350388 ns, Reaching safepoint: 294016 ns, At safepoint: 20613 ns, Total: 314629 ns
[2021-04-02T14:16:19.050+0000][4154][safepoint   ] Safepoint "Cleanup", Time since last: 1000167801 ns, Reaching safepoint: 160317 ns, At safepoint: 12863 ns, Total: 173180 ns
[2021-04-02T14:16:20.050+0000][4154][safepoint   ] Safepoint "Cleanup", Time since last: 1000118401 ns, Reaching safepoint: 152299 ns, At safepoint: 15716 ns, Total: 168015 ns
[2021-04-02T14:16:21.670+0000][4154][safepoint   ] Safepoint "Cleanup", Time since last: 1619345456 ns, Reaching safepoint: 348630 ns, At safepoint: 14184 ns, Total: 362814 ns
[2021-04-02T14:16:22.671+0000][4154][safepoint   ] Safepoint "Cleanup", Time since last: 1000331940 ns, Reaching safepoint: 325153 ns, At safepoint: 18796 ns, Total: 343949 ns
[2021-04-02T14:16:23.671+0000][4154][safepoint   ] Safepoint "Cleanup", Time since last: 1000324290 ns, Reaching safepoint: 188033 ns, At safepoint: 14708 ns, Total: 202741 ns
[2021-04-02T14:16:25.672+0000][4154][safepoint   ] Safepoint "Cleanup", Time since last: 2000340323 ns, Reaching safepoint: 297549 ns, At safepoint: 18999 ns, Total: 316548 ns
[2021-04-02T14:16:26.672+0000][4154][safepoint   ] Safepoint "Cleanup", Time since last: 1000214995 ns, Reaching safepoint: 197884 ns, At safepoint: 12493 ns, Total: 210377 ns
[2021-04-02T14:16:27.673+0000][4154][safepoint   ] Safepoint "Cleanup", Time since last: 1000223865 ns, Reaching safepoint: 270381 ns, At safepoint: 15090 ns, Total: 285471 ns
[2021-04-02T14:16:28.673+0000][4154][safepoint   ] Safepoint "Cleanup", Time since last: 1000240759 ns, Reaching safepoint: 264477 ns, At safepoint: 16237 ns, Total: 280714 ns
[2021-04-02T14:16:29.674+0000][4154][safepoint   ] Safepoint "Cleanup", Time since last: 1000375938 ns, Reaching safepoint: 160672 ns, At safepoint: 10396 ns, Total: 171068 ns
[2021-04-02T14:16:30.674+0000][4154][safepoint   ] Safepoint "Cleanup", Time since last: 1000231555 ns, Reaching safepoint: 251602 ns, At safepoint: 18894 ns, Total: 270496 ns
[2021-04-02T14:16:31.675+0000][4154][safepoint   ] Safepoint "Cleanup", Time since last: 1000229770 ns, Reaching safepoint: 251512 ns, At safepoint: 20763 ns, Total: 272275 ns
[2021-04-02T14:16:32.676+0000][4154][safepoint   ] Safepoint "Cleanup", Time since last: 1000201584 ns, Reaching safepoint: 273862 ns, At safepoint: 22784 ns, Total: 296646 ns
[2021-04-02T14:16:34.676+0000][4154][safepoint   ] Safepoint "Cleanup", Time since last: 2000403743 ns, Reaching safepoint: 325703 ns, At safepoint: 20162 ns, Total: 345865 ns
[2021-04-02T14:16:35.677+0000][4154][safepoint   ] Safepoint "Cleanup", Time since last: 1000249237 ns, Reaching safepoint: 254303 ns, At safepoint: 13592 ns, Total: 267895 ns
[2021-04-02T14:16:38.678+0000][4154][safepoint   ] Safepoint "Cleanup", Time since last: 3000585059 ns, Reaching safepoint: 222480 ns, At safepoint: 14291 ns, Total: 236771 ns
[2021-04-02T14:16:39.678+0000][4154][safepoint   ] Safepoint "Cleanup", Time since last: 1000178462 ns, Reaching safepoint: 382159 ns, At safepoint: 25780 ns, Total: 407939 ns
[2021-04-02T14:16:40.679+0000][4154][safepoint   ] Safepoint "Cleanup", Time since last: 1000208987 ns, Reaching safepoint: 251762 ns, At safepoint: 20663 ns, Total: 272425 ns
[2021-04-02T14:16:41.679+0000][4154][safepoint   ] Safepoint "Cleanup", Time since last: 1000218003 ns, Reaching safepoint: 225605 ns, At safepoint: 15012 ns, Total: 240617 ns
[2021-04-02T14:16:42.680+0000][4154][safepoint   ] Safepoint "Cleanup", Time since last: 1000206897 ns, Reaching safepoint: 266847 ns, At safepoint: 17371 ns, Total: 284218 ns
[2021-04-02T14:16:44.680+0000][4154][safepoint   ] Safepoint "Cleanup", Time since last: 2000371760 ns, Reaching safepoint: 198345 ns, At safepoint: 18713 ns, Total: 217058 ns
[2021-04-02T14:16:45.681+0000][4154][safepoint   ] Safepoint "Cleanup", Time since last: 1000208598 ns, Reaching safepoint: 321910 ns, At safepoint: 21133 ns, Total: 343043 ns
[2021-04-02T14:16:47.681+0000][4154][safepoint   ] Safepoint "Cleanup", Time since last: 2000383998 ns, Reaching safepoint: 289465 ns, At safepoint: 14846 ns, Total: 304311 ns
[2021-04-02T14:16:48.682+0000][4154][safepoint   ] Safepoint "Cleanup", Time since last: 1000170149 ns, Reaching safepoint: 290106 ns, At safepoint: 22883 ns, Total: 312989 ns
[2021-04-02T14:16:49.682+0000][4154][safepoint   ] Safepoint "Cleanup", Time since last: 1000208980 ns, Reaching safepoint: 250559 ns, At safepoint: 24972 ns, Total: 275531 ns
[2021-04-02T14:16:50.683+0000][4154][safepoint   ] Safepoint "Cleanup", Time since last: 1000214772 ns, Reaching safepoint: 162896 ns, At safepoint: 10917 ns, Total: 173813 ns
[2021-04-02T14:16:51.683+0000][4154][safepoint   ] Safepoint "Cleanup", Time since last: 1000224798 ns, Reaching safepoint: 255520 ns, At safepoint: 17049 ns, Total: 272569 ns
[2021-04-02T14:16:52.684+0000][4154][safepoint   ] Safepoint "Cleanup", Time since last: 1000466600 ns, Reaching safepoint: 279080 ns, At safepoint: 19755 ns, Total: 298835 ns
[2021-04-02T14:16:53.685+0000][4154][safepoint   ] Safepoint "Cleanup", Time since last: 1000210208 ns, Reaching safepoint: 304792 ns, At safepoint: 19602 ns, Total: 324394 ns
[2021-04-02T14:16:56.685+0000][4154][safepoint   ] Safepoint "Cleanup", Time since last: 3000455312 ns, Reaching safepoint: 197791 ns, At safepoint: 16678 ns, Total: 214469 ns
[2021-04-02T14:16:57.686+0000][4154][safepoint   ] Safepoint "Cleanup", Time since last: 1000175127 ns, Reaching safepoint: 277887 ns, At safepoint: 19205 ns, Total: 297092 ns
[2021-04-02T14:16:59.686+0000][4154][safepoint   ] Safepoint "Cleanup", Time since last: 2000434548 ns, Reaching safepoint: 233467 ns, At safepoint: 16626 ns, Total: 250093 ns
[2021-04-02T14:17:01.687+0000][4154][safepoint   ] Safepoint "Cleanup", Time since last: 2000543700 ns, Reaching safepoint: 112567 ns, At safepoint: 5905 ns, Total: 118472 ns
[2021-04-02T14:17:02.688+0000][4154][safepoint   ] Safepoint "Cleanup", Time since last: 1000122563 ns, Reaching safepoint: 332603 ns, At safepoint: 24090 ns, Total: 356693 ns
[2021-04-02T14:17:03.688+0000][4154][safepoint   ] Safepoint "Cleanup", Time since last: 1000233721 ns, Reaching safepoint: 284261 ns, At safepoint: 18368 ns, Total: 302629 ns
[2021-04-02T14:17:05.689+0000][4154][safepoint   ] Safepoint "Cleanup", Time since last: 2000416704 ns, Reaching safepoint: 260316 ns, At safepoint: 18944 ns, Total: 279260 ns
[2021-04-02T14:17:07.690+0000][4154][safepoint   ] Safepoint "Cleanup", Time since last: 2000414474 ns, Reaching safepoint: 296595 ns, At safepoint: 19645 ns, Total: 316240 ns
[2021-04-02T14:17:08.690+0000][4154][safepoint   ] Safepoint "Cleanup", Time since last: 1000202572 ns, Reaching safepoint: 239794 ns, At safepoint: 18402 ns, Total: 258196 ns
[2021-04-02T14:17:10.691+0000][4154][safepoint   ] Safepoint "Cleanup", Time since last: 2000398009 ns, Reaching safepoint: 276834 ns, At safepoint: 23795 ns, Total: 300629 ns
[2021-04-02T14:17:11.691+0000][4154][safepoint   ] Safepoint "Cleanup", Time since last: 1000255041 ns, Reaching safepoint: 290826 ns, At safepoint: 17546 ns, Total: 308372 ns
[2021-04-02T14:17:12.692+0000][4154][safepoint   ] Safepoint "Cleanup", Time since last: 1000229222 ns, Reaching safepoint: 267146 ns, At safepoint: 17751 ns, Total: 284897 ns
[2021-04-02T14:17:14.692+0000][4154][safepoint   ] Safepoint "Cleanup", Time since last: 2000300490 ns, Reaching safepoint: 255345 ns, At safepoint: 12252 ns, Total: 267597 ns
[2021-04-02T14:17:15.693+0000][4154][safepoint   ] Safepoint "Cleanup", Time since last: 1000195070 ns, Reaching safepoint: 309615 ns, At safepoint: 16157 ns, Total: 325772 ns
[2021-04-02T14:17:16.694+0000][4154][safepoint   ] Safepoint "Cleanup", Time since last: 1000495025 ns, Reaching safepoint: 324344 ns, At safepoint: 14253 ns, Total: 338597 ns
[2021-04-02T14:17:17.694+0000][4154][safepoint   ] Safepoint "Cleanup", Time since last: 1000157220 ns, Reaching safepoint: 134454 ns, At safepoint: 9742 ns, Total: 144196 ns
[2021-04-02T14:17:18.694+0000][4154][safepoint   ] Safepoint "Cleanup", Time since last: 1000099777 ns, Reaching safepoint: 111112 ns, At safepoint: 8842 ns, Total: 119954 ns
[2021-04-02T14:17:20.590+0000][4154][safepoint   ] Safepoint "Cleanup", Time since last: 1895668982 ns, Reaching safepoint: 134391 ns, At safepoint: 32274 ns, Total: 166665 ns
[2021-04-02T14:17:21.590+0000][4154][safepoint   ] Safepoint "Cleanup", Time since last: 1000116959 ns, Reaching safepoint: 164647 ns, At safepoint: 7803 ns, Total: 172450 ns
[2021-04-02T14:17:22.591+0000][4154][safepoint   ] Safepoint "Cleanup", Time since last: 1000154194 ns, Reaching safepoint: 104983 ns, At safepoint: 4584 ns, Total: 109567 ns
[2021-04-02T14:17:23.563+0000][4154][gc,heap,exit] Heap
[2021-04-02T14:17:23.563+0000][4154][gc,heap,exit]  garbage-first heap   total 4034560K, used 391065K [0x0000000709c00000, 0x0000000800000000)
[2021-04-02T14:17:23.563+0000][4154][gc,heap,exit]   region size 4096K, 78 young (319488K), 9 survivors (36864K)
[2021-04-02T14:17:23.563+0000][4154][gc,heap,exit]  Metaspace       used 107850K, capacity 111640K, committed 112048K, reserved 1146880K
[2021-04-02T14:17:23.563+0000][4154][gc,heap,exit]   class space    used 14408K, capacity 15722K, committed 15820K, reserved 1048576K
