[2021-04-05T01:28:38.200+0000][3999][gc] Using G1
[2021-04-05T01:28:39.352+0000][3999][gc,init] Version: 15.0.1+9 (release)
[2021-04-05T01:28:39.352+0000][3999][gc,init] CPUs: 4 total, 4 available
[2021-04-05T01:28:39.352+0000][3999][gc,init] Memory: 7876M
[2021-04-05T01:28:39.352+0000][3999][gc,init] Large Page Support: Disabled
[2021-04-05T01:28:39.352+0000][3999][gc,init] NUMA Support: Disabled
[2021-04-05T01:28:39.352+0000][3999][gc,init] Compressed Oops: Enabled (Zero based)
[2021-04-05T01:28:39.352+0000][3999][gc,init] Heap Region Size: 4M
[2021-04-05T01:28:39.352+0000][3999][gc,init] Heap Min Capacity: 3940M
[2021-04-05T01:28:39.352+0000][3999][gc,init] Heap Initial Capacity: 3940M
[2021-04-05T01:28:39.352+0000][3999][gc,init] Heap Max Capacity: 3940M
[2021-04-05T01:28:39.352+0000][3999][gc,init] Pre-touch: Enabled
[2021-04-05T01:28:39.352+0000][3999][gc,init] Parallel Workers: 4
[2021-04-05T01:28:39.352+0000][3999][gc,init] Concurrent Workers: 1
[2021-04-05T01:28:39.352+0000][3999][gc,init] Concurrent Refinement Workers: 4
[2021-04-05T01:28:39.352+0000][3999][gc,init] Periodic GC: Disabled
[2021-04-05T01:28:39.353+0000][3999][gc,cds ] Mark closed archive regions in map: [0x00000007ffc00000, 0x00000007ffc7bff8]
[2021-04-05T01:28:39.353+0000][3999][gc,cds ] Mark open archive regions in map: [0x00000007ffb00000, 0x00000007ffb51ff8]
[2021-04-05T01:28:39.353+0000][3999][gc,metaspace] CDS archive(s) mapped at: [0x0000000800000000-0x0000000800b2a000-0x0000000800b2a000), size 11706368, SharedBaseAddress: 0x0000000800000000, ArchiveRelocationMode: 0.
[2021-04-05T01:28:39.353+0000][3999][gc,metaspace] Compressed class space mapped at: 0x0000000800b2c000-0x0000000840b2c000, size: 1073741824
[2021-04-05T01:28:39.353+0000][3999][gc,metaspace] Narrow klass base: 0x0000000800000000, Narrow klass shift: 3, Narrow klass range: 0x100000000
[2021-04-05T01:28:39.993+0000][3999][safepoint   ] Safepoint "ICBufferFull", Time since last: 593096798 ns, Reaching safepoint: 135192 ns, At safepoint: 8677 ns, Total: 143869 ns
[2021-04-05T01:28:40.927+0000][3999][safepoint   ] Safepoint "ICBufferFull", Time since last: 934032828 ns, Reaching safepoint: 131058 ns, At safepoint: 6017 ns, Total: 137075 ns
[2021-04-05T01:28:42.136+0000][3999][safepoint   ] Safepoint "ICBufferFull", Time since last: 1208386020 ns, Reaching safepoint: 132349 ns, At safepoint: 8986 ns, Total: 141335 ns
[2021-04-05T01:28:43.658+0000][3999][safepoint   ] Safepoint "ICBufferFull", Time since last: 1522414231 ns, Reaching safepoint: 133026 ns, At safepoint: 8135 ns, Total: 141161 ns
[2021-04-05T01:28:44.142+0000][3999][safepoint   ] Safepoint "ICBufferFull", Time since last: 483571940 ns, Reaching safepoint: 131086 ns, At safepoint: 5475 ns, Total: 136561 ns
[2021-04-05T01:28:44.146+0000][3999][safepoint   ] Safepoint "ICBufferFull", Time since last: 4303075 ns, Reaching safepoint: 52738 ns, At safepoint: 9452 ns, Total: 62190 ns
[2021-04-05T01:28:44.149+0000][3999][safepoint   ] Safepoint "ICBufferFull", Time since last: 2879942 ns, Reaching safepoint: 42357 ns, At safepoint: 4781 ns, Total: 47138 ns
[2021-04-05T01:28:44.153+0000][3999][safepoint   ] Safepoint "ICBufferFull", Time since last: 3824182 ns, Reaching safepoint: 45518 ns, At safepoint: 4286 ns, Total: 49804 ns
[2021-04-05T01:28:44.158+0000][3999][safepoint   ] Safepoint "ICBufferFull", Time since last: 4729039 ns, Reaching safepoint: 57034 ns, At safepoint: 11504 ns, Total: 68538 ns
[2021-04-05T01:28:44.162+0000][3999][safepoint   ] Safepoint "ICBufferFull", Time since last: 3981070 ns, Reaching safepoint: 52316 ns, At safepoint: 6997 ns, Total: 59313 ns
[2021-04-05T01:28:44.167+0000][3999][safepoint   ] Safepoint "ICBufferFull", Time since last: 4866848 ns, Reaching safepoint: 51948 ns, At safepoint: 8257 ns, Total: 60205 ns
[2021-04-05T01:28:44.170+0000][3999][safepoint   ] Safepoint "ICBufferFull", Time since last: 3159539 ns, Reaching safepoint: 53658 ns, At safepoint: 5393 ns, Total: 59051 ns
[2021-04-05T01:28:44.174+0000][3999][safepoint   ] Safepoint "ICBufferFull", Time since last: 3980525 ns, Reaching safepoint: 48710 ns, At safepoint: 5899 ns, Total: 54609 ns
[2021-04-05T01:28:44.178+0000][3999][safepoint   ] Safepoint "ICBufferFull", Time since last: 3945555 ns, Reaching safepoint: 49216 ns, At safepoint: 5628 ns, Total: 54844 ns
[2021-04-05T01:28:44.184+0000][3999][safepoint   ] Safepoint "ICBufferFull", Time since last: 5486270 ns, Reaching safepoint: 50204 ns, At safepoint: 4813 ns, Total: 55017 ns
[2021-04-05T01:28:44.188+0000][3999][safepoint   ] Safepoint "ICBufferFull", Time since last: 4351455 ns, Reaching safepoint: 51182 ns, At safepoint: 5239 ns, Total: 56421 ns
[2021-04-05T01:28:44.193+0000][3999][safepoint   ] Safepoint "ICBufferFull", Time since last: 4463200 ns, Reaching safepoint: 47644 ns, At safepoint: 5366 ns, Total: 53010 ns
[2021-04-05T01:28:44.200+0000][3999][safepoint   ] Safepoint "ICBufferFull", Time since last: 7160729 ns, Reaching safepoint: 50483 ns, At safepoint: 5355 ns, Total: 55838 ns
[2021-04-05T01:28:44.204+0000][3999][safepoint   ] Safepoint "ICBufferFull", Time since last: 3939643 ns, Reaching safepoint: 51721 ns, At safepoint: 5829 ns, Total: 57550 ns
[2021-04-05T01:28:44.207+0000][3999][safepoint   ] Safepoint "ICBufferFull", Time since last: 3452617 ns, Reaching safepoint: 46322 ns, At safepoint: 5251 ns, Total: 51573 ns
[2021-04-05T01:28:44.211+0000][3999][safepoint   ] Safepoint "ICBufferFull", Time since last: 3390220 ns, Reaching safepoint: 43874 ns, At safepoint: 5570 ns, Total: 49444 ns
[2021-04-05T01:28:44.216+0000][3999][safepoint   ] Safepoint "ICBufferFull", Time since last: 4754470 ns, Reaching safepoint: 49922 ns, At safepoint: 4764 ns, Total: 54686 ns
[2021-04-05T01:28:44.223+0000][3999][safepoint   ] Safepoint "ICBufferFull", Time since last: 7165003 ns, Reaching safepoint: 51109 ns, At safepoint: 4930 ns, Total: 56039 ns
[2021-04-05T01:28:44.227+0000][3999][safepoint   ] Safepoint "ICBufferFull", Time since last: 4387610 ns, Reaching safepoint: 50286 ns, At safepoint: 5763 ns, Total: 56049 ns
[2021-04-05T01:28:44.229+0000][3999][safepoint   ] Safepoint "ICBufferFull", Time since last: 1327406 ns, Reaching safepoint: 44775 ns, At safepoint: 6004 ns, Total: 50779 ns
[2021-04-05T01:28:44.230+0000][3999][safepoint   ] Safepoint "ICBufferFull", Time since last: 1233672 ns, Reaching safepoint: 43587 ns, At safepoint: 5941 ns, Total: 49528 ns
[2021-04-05T01:28:44.231+0000][3999][safepoint   ] Safepoint "ICBufferFull", Time since last: 1354993 ns, Reaching safepoint: 46954 ns, At safepoint: 5101 ns, Total: 52055 ns
[2021-04-05T01:28:44.233+0000][3999][safepoint   ] Safepoint "ICBufferFull", Time since last: 1303782 ns, Reaching safepoint: 44927 ns, At safepoint: 5077 ns, Total: 50004 ns
[2021-04-05T01:28:44.234+0000][3999][safepoint   ] Safepoint "ICBufferFull", Time since last: 1288472 ns, Reaching safepoint: 45446 ns, At safepoint: 5156 ns, Total: 50602 ns
[2021-04-05T01:28:44.235+0000][3999][safepoint   ] Safepoint "ICBufferFull", Time since last: 1342085 ns, Reaching safepoint: 46754 ns, At safepoint: 4951 ns, Total: 51705 ns
[2021-04-05T01:28:44.237+0000][3999][safepoint   ] Safepoint "ICBufferFull", Time since last: 1303805 ns, Reaching safepoint: 45081 ns, At safepoint: 5109 ns, Total: 50190 ns
[2021-04-05T01:28:44.238+0000][3999][safepoint   ] Safepoint "ICBufferFull", Time since last: 1282209 ns, Reaching safepoint: 42261 ns, At safepoint: 4444 ns, Total: 46705 ns
[2021-04-05T01:28:44.239+0000][3999][safepoint   ] Safepoint "ICBufferFull", Time since last: 1267936 ns, Reaching safepoint: 43085 ns, At safepoint: 4550 ns, Total: 47635 ns
[2021-04-05T01:28:44.241+0000][3999][safepoint   ] Safepoint "ICBufferFull", Time since last: 1347366 ns, Reaching safepoint: 40588 ns, At safepoint: 4232 ns, Total: 44820 ns
[2021-04-05T01:28:44.242+0000][3999][safepoint   ] Safepoint "ICBufferFull", Time since last: 1219410 ns, Reaching safepoint: 31851 ns, At safepoint: 3593 ns, Total: 35444 ns
[2021-04-05T01:28:44.244+0000][3999][safepoint   ] Safepoint "ICBufferFull", Time since last: 1404380 ns, Reaching safepoint: 75801 ns, At safepoint: 8258 ns, Total: 84059 ns
[2021-04-05T01:28:44.245+0000][3999][safepoint   ] Safepoint "ICBufferFull", Time since last: 1059712 ns, Reaching safepoint: 70246 ns, At safepoint: 4774 ns, Total: 75020 ns
[2021-04-05T01:28:44.246+0000][3999][safepoint   ] Safepoint "ICBufferFull", Time since last: 895705 ns, Reaching safepoint: 36979 ns, At safepoint: 3808 ns, Total: 40787 ns
[2021-04-05T01:28:44.247+0000][3999][safepoint   ] Safepoint "ICBufferFull", Time since last: 845847 ns, Reaching safepoint: 38851 ns, At safepoint: 3365 ns, Total: 42216 ns
[2021-04-05T01:28:44.247+0000][3999][safepoint   ] Safepoint "ICBufferFull", Time since last: 891345 ns, Reaching safepoint: 38328 ns, At safepoint: 3643 ns, Total: 41971 ns
[2021-04-05T01:28:44.249+0000][3999][safepoint   ] Safepoint "ICBufferFull", Time since last: 1318542 ns, Reaching safepoint: 42122 ns, At safepoint: 4108 ns, Total: 46230 ns
[2021-04-05T01:28:44.255+0000][3999][safepoint   ] Safepoint "ICBufferFull", Time since last: 5981411 ns, Reaching safepoint: 61125 ns, At safepoint: 4780 ns, Total: 65905 ns
[2021-04-05T01:28:44.266+0000][3999][gc,start    ] GC(0) Pause Young (Normal) (G1 Evacuation Pause)
[2021-04-05T01:28:44.266+0000][3999][gc,task     ] GC(0) Using 4 workers of 4 for evacuation
[2021-04-05T01:28:44.266+0000][3999][gc,age      ] GC(0) Desired survivor size 14680064 bytes, new threshold 15 (max threshold 15)
[2021-04-05T01:28:44.274+0000][3999][gc,age      ] GC(0) Age table with threshold 15 (max threshold 15)
[2021-04-05T01:28:44.274+0000][3999][gc,age      ] GC(0) - age   1:    9296688 bytes,    9296688 total
[2021-04-05T01:28:44.274+0000][3999][gc,phases   ] GC(0)   Pre Evacuate Collection Set: 0.1ms
[2021-04-05T01:28:44.274+0000][3999][gc,phases   ] GC(0)   Merge Heap Roots: 0.0ms
[2021-04-05T01:28:44.274+0000][3999][gc,phases   ] GC(0)   Evacuate Collection Set: 7.5ms
[2021-04-05T01:28:44.274+0000][3999][gc,phases   ] GC(0)   Post Evacuate Collection Set: 0.6ms
[2021-04-05T01:28:44.274+0000][3999][gc,phases   ] GC(0)   Other: 0.3ms
[2021-04-05T01:28:44.274+0000][3999][gc,heap     ] GC(0) Eden regions: 49->0(46)
[2021-04-05T01:28:44.274+0000][3999][gc,heap     ] GC(0) Survivor regions: 0->3(7)
[2021-04-05T01:28:44.274+0000][3999][gc,heap     ] GC(0) Old regions: 0->0
[2021-04-05T01:28:44.274+0000][3999][gc,heap     ] GC(0) Archive regions: 2->2
[2021-04-05T01:28:44.274+0000][3999][gc,heap     ] GC(0) Humongous regions: 0->0
[2021-04-05T01:28:44.274+0000][3999][gc,metaspace] GC(0) Metaspace: 16918K(17536K)->16918K(17536K) NonClass: 14924K(15360K)->14924K(15360K) Class: 1994K(2176K)->1994K(2176K)
[2021-04-05T01:28:44.274+0000][3999][gc          ] GC(0) Pause Young (Normal) (G1 Evacuation Pause) 199M->12M(3940M) 8.635ms
[2021-04-05T01:28:44.274+0000][3999][gc,cpu      ] GC(0) User=0.03s Sys=0.00s Real=0.01s
[2021-04-05T01:28:44.274+0000][3999][safepoint   ] Safepoint "G1CollectForAllocation", Time since last: 10676423 ns, Reaching safepoint: 56636 ns, At safepoint: 8691003 ns, Total: 8747639 ns
[2021-04-05T01:28:45.275+0000][3999][safepoint   ] Safepoint "Cleanup", Time since last: 1000088794 ns, Reaching safepoint: 174049 ns, At safepoint: 7918 ns, Total: 181967 ns
[2021-04-05T01:28:45.582+0000][3999][gc,start    ] GC(1) Pause Young (Normal) (G1 Evacuation Pause)
[2021-04-05T01:28:45.582+0000][3999][gc,task     ] GC(1) Using 4 workers of 4 for evacuation
[2021-04-05T01:28:45.582+0000][3999][gc,age      ] GC(1) Desired survivor size 14680064 bytes, new threshold 15 (max threshold 15)
[2021-04-05T01:28:45.596+0000][3999][gc,age      ] GC(1) Age table with threshold 15 (max threshold 15)
[2021-04-05T01:28:45.596+0000][3999][gc,age      ] GC(1) - age   1:    3762696 bytes,    3762696 total
[2021-04-05T01:28:45.596+0000][3999][gc,age      ] GC(1) - age   2:    9178240 bytes,   12940936 total
[2021-04-05T01:28:45.596+0000][3999][gc,phases   ] GC(1)   Pre Evacuate Collection Set: 0.2ms
[2021-04-05T01:28:45.596+0000][3999][gc,phases   ] GC(1)   Merge Heap Roots: 0.0ms
[2021-04-05T01:28:45.596+0000][3999][gc,phases   ] GC(1)   Evacuate Collection Set: 12.6ms
[2021-04-05T01:28:45.596+0000][3999][gc,phases   ] GC(1)   Post Evacuate Collection Set: 0.7ms
[2021-04-05T01:28:45.596+0000][3999][gc,phases   ] GC(1)   Other: 0.2ms
[2021-04-05T01:28:45.596+0000][3999][gc,heap     ] GC(1) Eden regions: 46->0(45)
[2021-04-05T01:28:45.596+0000][3999][gc,heap     ] GC(1) Survivor regions: 3->4(7)
[2021-04-05T01:28:45.596+0000][3999][gc,heap     ] GC(1) Old regions: 0->0
[2021-04-05T01:28:45.596+0000][3999][gc,heap     ] GC(1) Archive regions: 2->2
[2021-04-05T01:28:45.596+0000][3999][gc,heap     ] GC(1) Humongous regions: 0->0
[2021-04-05T01:28:45.596+0000][3999][gc,metaspace] GC(1) Metaspace: 18780K(19328K)->18780K(19328K) NonClass: 16559K(16896K)->16559K(16896K) Class: 2221K(2432K)->2221K(2432K)
[2021-04-05T01:28:45.596+0000][3999][gc          ] GC(1) Pause Young (Normal) (G1 Evacuation Pause) 196M->16M(3940M) 13.748ms
[2021-04-05T01:28:45.596+0000][3999][gc,cpu      ] GC(1) User=0.05s Sys=0.00s Real=0.01s
[2021-04-05T01:28:45.596+0000][3999][safepoint   ] Safepoint "G1CollectForAllocation", Time since last: 307397764 ns, Reaching safepoint: 99086 ns, At safepoint: 13820820 ns, Total: 13919906 ns
[2021-04-05T01:28:46.166+0000][3999][gc,start    ] GC(2) Pause Young (Normal) (G1 Evacuation Pause)
[2021-04-05T01:28:46.166+0000][3999][gc,task     ] GC(2) Using 4 workers of 4 for evacuation
[2021-04-05T01:28:46.166+0000][3999][gc,age      ] GC(2) Desired survivor size 14680064 bytes, new threshold 15 (max threshold 15)
[2021-04-05T01:28:46.177+0000][3999][gc,age      ] GC(2) Age table with threshold 15 (max threshold 15)
[2021-04-05T01:28:46.177+0000][3999][gc,age      ] GC(2) - age   1:    1688104 bytes,    1688104 total
[2021-04-05T01:28:46.177+0000][3999][gc,age      ] GC(2) - age   2:    3049608 bytes,    4737712 total
[2021-04-05T01:28:46.177+0000][3999][gc,age      ] GC(2) - age   3:    9178016 bytes,   13915728 total
[2021-04-05T01:28:46.177+0000][3999][gc,phases   ] GC(2)   Pre Evacuate Collection Set: 0.1ms
[2021-04-05T01:28:46.177+0000][3999][gc,phases   ] GC(2)   Merge Heap Roots: 0.0ms
[2021-04-05T01:28:46.177+0000][3999][gc,phases   ] GC(2)   Evacuate Collection Set: 10.3ms
[2021-04-05T01:28:46.177+0000][3999][gc,phases   ] GC(2)   Post Evacuate Collection Set: 0.5ms
[2021-04-05T01:28:46.177+0000][3999][gc,phases   ] GC(2)   Other: 0.2ms
[2021-04-05T01:28:46.177+0000][3999][gc,heap     ] GC(2) Eden regions: 45->0(47)
[2021-04-05T01:28:46.177+0000][3999][gc,heap     ] GC(2) Survivor regions: 4->4(7)
[2021-04-05T01:28:46.177+0000][3999][gc,heap     ] GC(2) Old regions: 0->0
[2021-04-05T01:28:46.177+0000][3999][gc,heap     ] GC(2) Archive regions: 2->2
[2021-04-05T01:28:46.177+0000][3999][gc,heap     ] GC(2) Humongous regions: 0->0
[2021-04-05T01:28:46.177+0000][3999][gc,metaspace] GC(2) Metaspace: 19183K(19968K)->19183K(19968K) NonClass: 16889K(17408K)->16889K(17408K) Class: 2293K(2560K)->2293K(2560K)
[2021-04-05T01:28:46.177+0000][3999][gc          ] GC(2) Pause Young (Normal) (G1 Evacuation Pause) 196M->18M(3940M) 11.209ms
[2021-04-05T01:28:46.177+0000][3999][gc,cpu      ] GC(2) User=0.04s Sys=0.00s Real=0.01s
[2021-04-05T01:28:46.177+0000][3999][safepoint   ] Safepoint "G1CollectForAllocation", Time since last: 570242524 ns, Reaching safepoint: 86857 ns, At safepoint: 11278694 ns, Total: 11365551 ns
[2021-04-05T01:28:47.227+0000][3999][gc,start    ] GC(3) Pause Young (Normal) (G1 Evacuation Pause)
[2021-04-05T01:28:47.227+0000][3999][gc,task     ] GC(3) Using 4 workers of 4 for evacuation
[2021-04-05T01:28:47.227+0000][3999][gc,age      ] GC(3) Desired survivor size 14680064 bytes, new threshold 15 (max threshold 15)
[2021-04-05T01:28:47.238+0000][3999][gc,age      ] GC(3) Age table with threshold 15 (max threshold 15)
[2021-04-05T01:28:47.238+0000][3999][gc,age      ] GC(3) - age   1:    1319592 bytes,    1319592 total
[2021-04-05T01:28:47.238+0000][3999][gc,age      ] GC(3) - age   2:     680160 bytes,    1999752 total
[2021-04-05T01:28:47.238+0000][3999][gc,age      ] GC(3) - age   3:    3049080 bytes,    5048832 total
[2021-04-05T01:28:47.238+0000][3999][gc,age      ] GC(3) - age   4:    9177552 bytes,   14226384 total
[2021-04-05T01:28:47.238+0000][3999][gc,phases   ] GC(3)   Pre Evacuate Collection Set: 0.1ms
[2021-04-05T01:28:47.238+0000][3999][gc,phases   ] GC(3)   Merge Heap Roots: 0.0ms
[2021-04-05T01:28:47.238+0000][3999][gc,phases   ] GC(3)   Evacuate Collection Set: 9.9ms
[2021-04-05T01:28:47.238+0000][3999][gc,phases   ] GC(3)   Post Evacuate Collection Set: 0.6ms
[2021-04-05T01:28:47.238+0000][3999][gc,phases   ] GC(3)   Other: 0.2ms
[2021-04-05T01:28:47.238+0000][3999][gc,heap     ] GC(3) Eden regions: 47->0(57)
[2021-04-05T01:28:47.238+0000][3999][gc,heap     ] GC(3) Survivor regions: 4->4(7)
[2021-04-05T01:28:47.238+0000][3999][gc,heap     ] GC(3) Old regions: 0->0
[2021-04-05T01:28:47.238+0000][3999][gc,heap     ] GC(3) Archive regions: 2->2
[2021-04-05T01:28:47.238+0000][3999][gc,heap     ] GC(3) Humongous regions: 0->0
[2021-04-05T01:28:47.238+0000][3999][gc,metaspace] GC(3) Metaspace: 19483K(20224K)->19483K(20224K) NonClass: 17167K(17664K)->17167K(17664K) Class: 2316K(2560K)->2316K(2560K)
[2021-04-05T01:28:47.238+0000][3999][gc          ] GC(3) Pause Young (Normal) (G1 Evacuation Pause) 206M->18M(3940M) 10.986ms
[2021-04-05T01:28:47.238+0000][3999][gc,cpu      ] GC(3) User=0.04s Sys=0.01s Real=0.01s
[2021-04-05T01:28:47.238+0000][3999][safepoint   ] Safepoint "G1CollectForAllocation", Time since last: 1049586433 ns, Reaching safepoint: 110755 ns, At safepoint: 11043411 ns, Total: 11154166 ns
[2021-04-05T01:28:47.899+0000][3999][gc,start    ] GC(4) Pause Young (Normal) (G1 Evacuation Pause)
[2021-04-05T01:28:47.899+0000][3999][gc,task     ] GC(4) Using 4 workers of 4 for evacuation
[2021-04-05T01:28:47.899+0000][3999][gc,age      ] GC(4) Desired survivor size 16777216 bytes, new threshold 15 (max threshold 15)
[2021-04-05T01:28:47.912+0000][3999][gc,age      ] GC(4) Age table with threshold 15 (max threshold 15)
[2021-04-05T01:28:47.912+0000][3999][gc,age      ] GC(4) - age   1:    4149680 bytes,    4149680 total
[2021-04-05T01:28:47.912+0000][3999][gc,age      ] GC(4) - age   2:     693288 bytes,    4842968 total
[2021-04-05T01:28:47.912+0000][3999][gc,age      ] GC(4) - age   3:     679264 bytes,    5522232 total
[2021-04-05T01:28:47.912+0000][3999][gc,age      ] GC(4) - age   4:    3045088 bytes,    8567320 total
[2021-04-05T01:28:47.912+0000][3999][gc,age      ] GC(4) - age   5:    9177552 bytes,   17744872 total
[2021-04-05T01:28:47.912+0000][3999][gc,phases   ] GC(4)   Pre Evacuate Collection Set: 0.1ms
[2021-04-05T01:28:47.912+0000][3999][gc,phases   ] GC(4)   Merge Heap Roots: 0.0ms
[2021-04-05T01:28:47.912+0000][3999][gc,phases   ] GC(4)   Evacuate Collection Set: 12.7ms
[2021-04-05T01:28:47.912+0000][3999][gc,phases   ] GC(4)   Post Evacuate Collection Set: 0.7ms
[2021-04-05T01:28:47.912+0000][3999][gc,phases   ] GC(4)   Other: 0.2ms
[2021-04-05T01:28:47.912+0000][3999][gc,heap     ] GC(4) Eden regions: 57->0(586)
[2021-04-05T01:28:47.912+0000][3999][gc,heap     ] GC(4) Survivor regions: 4->5(8)
[2021-04-05T01:28:47.912+0000][3999][gc,heap     ] GC(4) Old regions: 0->0
[2021-04-05T01:28:47.912+0000][3999][gc,heap     ] GC(4) Archive regions: 2->2
[2021-04-05T01:28:47.912+0000][3999][gc,heap     ] GC(4) Humongous regions: 0->0
[2021-04-05T01:28:47.912+0000][3999][gc,metaspace] GC(4) Metaspace: 19707K(20480K)->19707K(20480K) NonClass: 17358K(17920K)->17358K(17920K) Class: 2348K(2560K)->2348K(2560K)
[2021-04-05T01:28:47.912+0000][3999][gc          ] GC(4) Pause Young (Normal) (G1 Evacuation Pause) 246M->22M(3940M) 13.821ms
[2021-04-05T01:28:47.912+0000][3999][gc,cpu      ] GC(4) User=0.04s Sys=0.00s Real=0.02s
[2021-04-05T01:28:47.912+0000][3999][safepoint   ] Safepoint "G1CollectForAllocation", Time since last: 660282313 ns, Reaching safepoint: 93019 ns, At safepoint: 13876689 ns, Total: 13969708 ns
[2021-04-05T01:28:48.913+0000][3999][safepoint   ] Safepoint "Cleanup", Time since last: 1000114011 ns, Reaching safepoint: 71250 ns, At safepoint: 4497 ns, Total: 75747 ns
[2021-04-05T01:28:49.498+0000][3999][gc,start    ] GC(5) Pause Young (Concurrent Start) (Metadata GC Threshold)
[2021-04-05T01:28:49.498+0000][3999][gc,task     ] GC(5) Using 4 workers of 4 for evacuation
[2021-04-05T01:28:49.498+0000][3999][gc,age      ] GC(5) Desired survivor size 155189248 bytes, new threshold 15 (max threshold 15)
[2021-04-05T01:28:49.515+0000][3999][gc,age      ] GC(5) Age table with threshold 15 (max threshold 15)
[2021-04-05T01:28:49.515+0000][3999][gc,age      ] GC(5) - age   1:    2233952 bytes,    2233952 total
[2021-04-05T01:28:49.515+0000][3999][gc,age      ] GC(5) - age   2:    2058072 bytes,    4292024 total
[2021-04-05T01:28:49.515+0000][3999][gc,age      ] GC(5) - age   3:     691960 bytes,    4983984 total
[2021-04-05T01:28:49.515+0000][3999][gc,age      ] GC(5) - age   4:     678592 bytes,    5662576 total
[2021-04-05T01:28:49.515+0000][3999][gc,age      ] GC(5) - age   5:    3044704 bytes,    8707280 total
[2021-04-05T01:28:49.515+0000][3999][gc,age      ] GC(5) - age   6:    9177376 bytes,   17884656 total
[2021-04-05T01:28:49.515+0000][3999][gc,phases   ] GC(5)   Pre Evacuate Collection Set: 0.2ms
[2021-04-05T01:28:49.515+0000][3999][gc,phases   ] GC(5)   Merge Heap Roots: 0.0ms
[2021-04-05T01:28:49.515+0000][3999][gc,phases   ] GC(5)   Evacuate Collection Set: 15.2ms
[2021-04-05T01:28:49.515+0000][3999][gc,phases   ] GC(5)   Post Evacuate Collection Set: 0.8ms
[2021-04-05T01:28:49.515+0000][3999][gc,phases   ] GC(5)   Other: 0.3ms
[2021-04-05T01:28:49.515+0000][3999][gc,heap     ] GC(5) Eden regions: 145->0(332)
[2021-04-05T01:28:49.515+0000][3999][gc,heap     ] GC(5) Survivor regions: 5->5(74)
[2021-04-05T01:28:49.515+0000][3999][gc,heap     ] GC(5) Old regions: 0->0
[2021-04-05T01:28:49.515+0000][3999][gc,heap     ] GC(5) Archive regions: 2->2
[2021-04-05T01:28:49.515+0000][3999][gc,heap     ] GC(5) Humongous regions: 0->0
[2021-04-05T01:28:49.515+0000][3999][gc,metaspace] GC(5) Metaspace: 20159K(21296K)->20159K(21296K) NonClass: 17726K(18608K)->17726K(18608K) Class: 2432K(2688K)->2432K(2688K)
[2021-04-05T01:28:49.515+0000][3999][gc          ] GC(5) Pause Young (Concurrent Start) (Metadata GC Threshold) 602M->22M(3940M) 16.562ms
[2021-04-05T01:28:49.515+0000][3999][gc,cpu      ] GC(5) User=0.06s Sys=0.00s Real=0.02s
[2021-04-05T01:28:49.515+0000][3999][gc          ] GC(6) Concurrent Cycle
[2021-04-05T01:28:49.515+0000][3999][gc,marking  ] GC(6) Concurrent Clear Claimed Marks
[2021-04-05T01:28:49.515+0000][3999][gc,marking  ] GC(6) Concurrent Clear Claimed Marks 0.042ms
[2021-04-05T01:28:49.515+0000][3999][gc,marking  ] GC(6) Concurrent Scan Root Regions
[2021-04-05T01:28:49.515+0000][3999][safepoint   ] Safepoint "CollectForMetadataAllocation", Time since last: 585498487 ns, Reaching safepoint: 70763 ns, At safepoint: 16778202 ns, Total: 16848965 ns
[2021-04-05T01:28:49.523+0000][3999][gc,marking  ] GC(6) Concurrent Scan Root Regions 7.635ms
[2021-04-05T01:28:49.523+0000][3999][gc,marking  ] GC(6) Concurrent Mark (11.329s)
[2021-04-05T01:28:49.523+0000][3999][gc,marking  ] GC(6) Concurrent Mark From Roots
[2021-04-05T01:28:49.523+0000][3999][gc,task     ] GC(6) Using 1 workers of 1 for marking
[2021-04-05T01:28:49.525+0000][3999][gc,marking  ] GC(6) Concurrent Mark From Roots 2.104ms
[2021-04-05T01:28:49.525+0000][3999][gc,marking  ] GC(6) Concurrent Preclean
[2021-04-05T01:28:49.525+0000][3999][gc,marking  ] GC(6) Concurrent Preclean 0.085ms
[2021-04-05T01:28:49.525+0000][3999][gc,marking  ] GC(6) Concurrent Mark (11.329s, 11.332s) 2.265ms
[2021-04-05T01:28:49.525+0000][3999][gc,start    ] GC(6) Pause Remark
[2021-04-05T01:28:49.528+0000][3999][gc          ] GC(6) Pause Remark 24M->24M(3940M) 3.243ms
[2021-04-05T01:28:49.528+0000][3999][gc,cpu      ] GC(6) User=0.01s Sys=0.00s Real=0.00s
[2021-04-05T01:28:49.528+0000][3999][safepoint   ] Safepoint "G1Concurrent", Time since last: 9941043 ns, Reaching safepoint: 57762 ns, At safepoint: 3303488 ns, Total: 3361250 ns
[2021-04-05T01:28:49.528+0000][3999][gc,marking  ] GC(6) Concurrent Rebuild Remembered Sets
[2021-04-05T01:28:49.529+0000][3999][gc,marking  ] GC(6) Concurrent Rebuild Remembered Sets 0.851ms
[2021-04-05T01:28:49.530+0000][3999][gc,start    ] GC(6) Pause Cleanup
[2021-04-05T01:28:49.530+0000][3999][gc          ] GC(6) Pause Cleanup 24M->24M(3940M) 0.146ms
[2021-04-05T01:28:49.530+0000][3999][gc,cpu      ] GC(6) User=0.00s Sys=0.00s Real=0.00s
[2021-04-05T01:28:49.530+0000][3999][safepoint   ] Safepoint "G1Concurrent", Time since last: 894493 ns, Reaching safepoint: 293761 ns, At safepoint: 179392 ns, Total: 473153 ns
[2021-04-05T01:28:49.530+0000][3999][gc,marking  ] GC(6) Concurrent Cleanup for Next Mark
[2021-04-05T01:28:49.537+0000][3999][gc,marking  ] GC(6) Concurrent Cleanup for Next Mark 7.521ms
[2021-04-05T01:28:49.537+0000][3999][gc          ] GC(6) Concurrent Cycle 22.412ms
[2021-04-05T01:28:50.530+0000][3999][safepoint   ] Safepoint "Cleanup", Time since last: 1000087562 ns, Reaching safepoint: 143880 ns, At safepoint: 3741 ns, Total: 147621 ns
[2021-04-05T01:28:51.530+0000][3999][safepoint   ] Safepoint "Cleanup", Time since last: 1000115612 ns, Reaching safepoint: 106313 ns, At safepoint: 10053 ns, Total: 116366 ns
[2021-04-05T01:28:52.530+0000][3999][safepoint   ] Safepoint "Cleanup", Time since last: 1000126526 ns, Reaching safepoint: 150081 ns, At safepoint: 3194 ns, Total: 153275 ns
[2021-04-05T01:28:53.648+0000][3999][safepoint   ] Safepoint "ICBufferFull", Time since last: 1117606477 ns, Reaching safepoint: 238259 ns, At safepoint: 5842 ns, Total: 244101 ns
[2021-04-05T01:28:54.649+0000][3999][safepoint   ] Safepoint "Cleanup", Time since last: 1000130709 ns, Reaching safepoint: 208210 ns, At safepoint: 6780 ns, Total: 214990 ns
[2021-04-05T01:28:55.753+0000][3999][gc,start    ] GC(7) Pause Young (Concurrent Start) (Metadata GC Threshold)
[2021-04-05T01:28:55.753+0000][3999][gc,task     ] GC(7) Using 4 workers of 4 for evacuation
[2021-04-05T01:28:55.753+0000][3999][gc,age      ] GC(7) Desired survivor size 100663296 bytes, new threshold 15 (max threshold 15)
[2021-04-05T01:28:55.828+0000][3999][gc,age      ] GC(7) Age table with threshold 15 (max threshold 15)
[2021-04-05T01:28:55.828+0000][3999][gc,age      ] GC(7) - age   1:   40035840 bytes,   40035840 total
[2021-04-05T01:28:55.828+0000][3999][gc,age      ] GC(7) - age   2:    2079616 bytes,   42115456 total
[2021-04-05T01:28:55.828+0000][3999][gc,age      ] GC(7) - age   3:    2044784 bytes,   44160240 total
[2021-04-05T01:28:55.828+0000][3999][gc,age      ] GC(7) - age   4:     680664 bytes,   44840904 total
[2021-04-05T01:28:55.828+0000][3999][gc,age      ] GC(7) - age   5:     671232 bytes,   45512136 total
[2021-04-05T01:28:55.828+0000][3999][gc,age      ] GC(7) - age   6:    3027376 bytes,   48539512 total
[2021-04-05T01:28:55.828+0000][3999][gc,age      ] GC(7) - age   7:    9064088 bytes,   57603600 total
[2021-04-05T01:28:55.828+0000][3999][gc,phases   ] GC(7)   Pre Evacuate Collection Set: 0.2ms
[2021-04-05T01:28:55.828+0000][3999][gc,phases   ] GC(7)   Merge Heap Roots: 0.1ms
[2021-04-05T01:28:55.828+0000][3999][gc,phases   ] GC(7)   Evacuate Collection Set: 72.0ms
[2021-04-05T01:28:55.828+0000][3999][gc,phases   ] GC(7)   Post Evacuate Collection Set: 1.8ms
[2021-04-05T01:28:55.828+0000][3999][gc,phases   ] GC(7)   Other: 0.4ms
[2021-04-05T01:28:55.828+0000][3999][gc,heap     ] GC(7) Eden regions: 219->0(231)
[2021-04-05T01:28:55.828+0000][3999][gc,heap     ] GC(7) Survivor regions: 5->15(48)
[2021-04-05T01:28:55.828+0000][3999][gc,heap     ] GC(7) Old regions: 0->0
[2021-04-05T01:28:55.828+0000][3999][gc,heap     ] GC(7) Archive regions: 2->2
[2021-04-05T01:28:55.828+0000][3999][gc,heap     ] GC(7) Humongous regions: 0->0
[2021-04-05T01:28:55.828+0000][3999][gc,metaspace] GC(7) Metaspace: 33741K(35888K)->33741K(35888K) NonClass: 29445K(30896K)->29445K(30896K) Class: 4296K(4992K)->4296K(4992K)
[2021-04-05T01:28:55.828+0000][3999][gc          ] GC(7) Pause Young (Concurrent Start) (Metadata GC Threshold) 896M->60M(3940M) 74.555ms
[2021-04-05T01:28:55.828+0000][3999][gc,cpu      ] GC(7) User=0.27s Sys=0.00s Real=0.07s
[2021-04-05T01:28:55.828+0000][3999][safepoint   ] Safepoint "CollectForMetadataAllocation", Time since last: 1104659826 ns, Reaching safepoint: 106765 ns, At safepoint: 74827175 ns, Total: 74933940 ns
[2021-04-05T01:28:55.828+0000][3999][gc          ] GC(8) Concurrent Cycle
[2021-04-05T01:28:55.828+0000][3999][gc,marking  ] GC(8) Concurrent Clear Claimed Marks
[2021-04-05T01:28:55.829+0000][3999][gc,marking  ] GC(8) Concurrent Clear Claimed Marks 0.067ms
[2021-04-05T01:28:55.829+0000][3999][gc,marking  ] GC(8) Concurrent Scan Root Regions
[2021-04-05T01:28:55.875+0000][3999][safepoint   ] Safepoint "CollectForMetadataAllocation", Time since last: 46061912 ns, Reaching safepoint: 67114 ns, At safepoint: 170961 ns, Total: 238075 ns
[2021-04-05T01:28:55.896+0000][3999][gc,marking  ] GC(8) Concurrent Scan Root Regions 67.350ms
[2021-04-05T01:28:55.896+0000][3999][gc,marking  ] GC(8) Concurrent Mark (17.703s)
[2021-04-05T01:28:55.896+0000][3999][gc,marking  ] GC(8) Concurrent Mark From Roots
[2021-04-05T01:28:55.896+0000][3999][gc,task     ] GC(8) Using 1 workers of 1 for marking
[2021-04-05T01:28:55.899+0000][3999][safepoint   ] Safepoint "CollectForMetadataAllocation", Time since last: 23833239 ns, Reaching safepoint: 87662 ns, At safepoint: 169187 ns, Total: 256849 ns
[2021-04-05T01:28:55.899+0000][3999][gc,marking  ] GC(8) Concurrent Mark From Roots 3.186ms
[2021-04-05T01:28:55.899+0000][3999][gc,marking  ] GC(8) Concurrent Preclean
[2021-04-05T01:28:55.899+0000][3999][gc,marking  ] GC(8) Concurrent Preclean 0.084ms
[2021-04-05T01:28:55.899+0000][3999][gc,marking  ] GC(8) Concurrent Mark (17.703s, 17.706s) 3.326ms
[2021-04-05T01:28:55.899+0000][3999][gc,start    ] GC(8) Pause Remark
[2021-04-05T01:28:55.903+0000][3999][gc          ] GC(8) Pause Remark 64M->64M(3940M) 3.579ms
[2021-04-05T01:28:55.903+0000][3999][gc,cpu      ] GC(8) User=0.01s Sys=0.00s Real=0.00s
[2021-04-05T01:28:55.903+0000][3999][safepoint   ] Safepoint "G1Concurrent", Time since last: 689715 ns, Reaching safepoint: 46133 ns, At safepoint: 3647794 ns, Total: 3693927 ns
[2021-04-05T01:28:55.903+0000][3999][gc,marking  ] GC(8) Concurrent Rebuild Remembered Sets
[2021-04-05T01:28:55.904+0000][3999][gc,marking  ] GC(8) Concurrent Rebuild Remembered Sets 0.932ms
[2021-04-05T01:28:55.906+0000][3999][gc,start    ] GC(8) Pause Cleanup
[2021-04-05T01:28:55.907+0000][3999][gc          ] GC(8) Pause Cleanup 64M->64M(3940M) 0.171ms
[2021-04-05T01:28:55.907+0000][3999][gc,cpu      ] GC(8) User=0.00s Sys=0.00s Real=0.00s
[2021-04-05T01:28:55.907+0000][3999][safepoint   ] Safepoint "G1Concurrent", Time since last: 1017199 ns, Reaching safepoint: 2328460 ns, At safepoint: 221657 ns, Total: 2550117 ns
[2021-04-05T01:28:55.907+0000][3999][gc,marking  ] GC(8) Concurrent Cleanup for Next Mark
[2021-04-05T01:28:55.913+0000][3999][gc,marking  ] GC(8) Concurrent Cleanup for Next Mark 6.248ms
[2021-04-05T01:28:55.913+0000][3999][gc          ] GC(8) Concurrent Cycle 84.451ms
[2021-04-05T01:28:57.108+0000][3999][safepoint   ] Safepoint "ICBufferFull", Time since last: 1201098762 ns, Reaching safepoint: 170297 ns, At safepoint: 19633 ns, Total: 189930 ns
[2021-04-05T01:28:58.368+0000][3999][safepoint   ] Safepoint "Cleanup", Time since last: 1260154277 ns, Reaching safepoint: 183375 ns, At safepoint: 6836 ns, Total: 190211 ns
[2021-04-05T01:29:00.345+0000][3999][safepoint   ] Safepoint "Cleanup", Time since last: 1976863092 ns, Reaching safepoint: 273659 ns, At safepoint: 6242 ns, Total: 279901 ns
[2021-04-05T01:29:00.468+0000][3999][gc,start    ] GC(9) Pause Young (Concurrent Start) (Metadata GC Threshold)
[2021-04-05T01:29:00.468+0000][3999][gc,task     ] GC(9) Using 4 workers of 4 for evacuation
[2021-04-05T01:29:00.468+0000][3999][gc,age      ] GC(9) Desired survivor size 69206016 bytes, new threshold 15 (max threshold 15)
[2021-04-05T01:29:00.561+0000][3999][gc,age      ] GC(9) Age table with threshold 15 (max threshold 15)
[2021-04-05T01:29:00.561+0000][3999][gc,age      ] GC(9) - age   1:    9345784 bytes,    9345784 total
[2021-04-05T01:29:00.561+0000][3999][gc,age      ] GC(9) - age   2:   39713304 bytes,   49059088 total
[2021-04-05T01:29:00.561+0000][3999][gc,age      ] GC(9) - age   3:    2061376 bytes,   51120464 total
[2021-04-05T01:29:00.561+0000][3999][gc,age      ] GC(9) - age   4:    2043152 bytes,   53163616 total
[2021-04-05T01:29:00.561+0000][3999][gc,age      ] GC(9) - age   5:     678008 bytes,   53841624 total
[2021-04-05T01:29:00.561+0000][3999][gc,age      ] GC(9) - age   6:     658640 bytes,   54500264 total
[2021-04-05T01:29:00.561+0000][3999][gc,age      ] GC(9) - age   7:    3022840 bytes,   57523104 total
[2021-04-05T01:29:00.561+0000][3999][gc,age      ] GC(9) - age   8:    9013208 bytes,   66536312 total
[2021-04-05T01:29:00.561+0000][3999][gc,phases   ] GC(9)   Pre Evacuate Collection Set: 0.3ms
[2021-04-05T01:29:00.561+0000][3999][gc,phases   ] GC(9)   Merge Heap Roots: 0.1ms
[2021-04-05T01:29:00.561+0000][3999][gc,phases   ] GC(9)   Evacuate Collection Set: 90.6ms
[2021-04-05T01:29:00.561+0000][3999][gc,phases   ] GC(9)   Post Evacuate Collection Set: 2.0ms
[2021-04-05T01:29:00.561+0000][3999][gc,phases   ] GC(9)   Other: 0.4ms
[2021-04-05T01:29:00.561+0000][3999][gc,heap     ] GC(9) Eden regions: 84->0(32)
[2021-04-05T01:29:00.561+0000][3999][gc,heap     ] GC(9) Survivor regions: 15->17(33)
[2021-04-05T01:29:00.561+0000][3999][gc,heap     ] GC(9) Old regions: 0->0
[2021-04-05T01:29:00.561+0000][3999][gc,heap     ] GC(9) Archive regions: 2->2
[2021-04-05T01:29:00.561+0000][3999][gc,heap     ] GC(9) Humongous regions: 0->0
[2021-04-05T01:29:00.561+0000][3999][gc,metaspace] GC(9) Metaspace: 58039K(61232K)->58039K(61232K) NonClass: 50425K(52656K)->50425K(52656K) Class: 7613K(8576K)->7613K(8576K)
[2021-04-05T01:29:00.561+0000][3999][gc          ] GC(9) Pause Young (Concurrent Start) (Metadata GC Threshold) 396M->71M(3940M) 93.359ms
[2021-04-05T01:29:00.561+0000][3999][gc,cpu      ] GC(9) User=0.35s Sys=0.00s Real=0.10s
[2021-04-05T01:29:00.562+0000][3999][gc          ] GC(10) Concurrent Cycle
[2021-04-05T01:29:00.562+0000][3999][gc,marking  ] GC(10) Concurrent Clear Claimed Marks
[2021-04-05T01:29:00.562+0000][3999][gc,marking  ] GC(10) Concurrent Clear Claimed Marks 0.062ms
[2021-04-05T01:29:00.562+0000][3999][gc,marking  ] GC(10) Concurrent Scan Root Regions
[2021-04-05T01:29:00.562+0000][3999][safepoint   ] Safepoint "CollectForMetadataAllocation", Time since last: 122629263 ns, Reaching safepoint: 90938 ns, At safepoint: 93605966 ns, Total: 93696904 ns
[2021-04-05T01:29:00.624+0000][3999][gc,marking  ] GC(10) Concurrent Scan Root Regions 62.193ms
[2021-04-05T01:29:00.624+0000][3999][gc,marking  ] GC(10) Concurrent Mark (22.431s)
[2021-04-05T01:29:00.624+0000][3999][gc,marking  ] GC(10) Concurrent Mark From Roots
[2021-04-05T01:29:00.624+0000][3999][gc,task     ] GC(10) Using 1 workers of 1 for marking
[2021-04-05T01:29:00.627+0000][3999][gc,marking  ] GC(10) Concurrent Mark From Roots 2.812ms
[2021-04-05T01:29:00.627+0000][3999][gc,marking  ] GC(10) Concurrent Preclean
[2021-04-05T01:29:00.627+0000][3999][gc,marking  ] GC(10) Concurrent Preclean 0.086ms
[2021-04-05T01:29:00.627+0000][3999][gc,marking  ] GC(10) Concurrent Mark (22.431s, 22.434s) 2.955ms
[2021-04-05T01:29:00.627+0000][3999][gc,start    ] GC(10) Pause Remark
[2021-04-05T01:29:00.631+0000][3999][gc          ] GC(10) Pause Remark 74M->74M(3940M) 3.914ms
[2021-04-05T01:29:00.631+0000][3999][gc,cpu      ] GC(10) User=0.01s Sys=0.00s Real=0.01s
[2021-04-05T01:29:00.631+0000][3999][safepoint   ] Safepoint "G1Concurrent", Time since last: 65151727 ns, Reaching safepoint: 224963 ns, At safepoint: 3985108 ns, Total: 4210071 ns
[2021-04-05T01:29:00.631+0000][3999][gc,marking  ] GC(10) Concurrent Rebuild Remembered Sets
[2021-04-05T01:29:00.632+0000][3999][gc,marking  ] GC(10) Concurrent Rebuild Remembered Sets 0.614ms
[2021-04-05T01:29:00.632+0000][3999][gc,start    ] GC(10) Pause Cleanup
[2021-04-05T01:29:00.632+0000][3999][gc          ] GC(10) Pause Cleanup 74M->74M(3940M) 0.136ms
[2021-04-05T01:29:00.632+0000][3999][gc,cpu      ] GC(10) User=0.01s Sys=0.00s Real=0.00s
[2021-04-05T01:29:00.632+0000][3999][safepoint   ] Safepoint "G1Concurrent", Time since last: 675257 ns, Reaching safepoint: 453705 ns, At safepoint: 170556 ns, Total: 624261 ns
[2021-04-05T01:29:00.632+0000][3999][gc,marking  ] GC(10) Concurrent Cleanup for Next Mark
[2021-04-05T01:29:00.638+0000][3999][gc,marking  ] GC(10) Concurrent Cleanup for Next Mark 5.881ms
[2021-04-05T01:29:00.638+0000][3999][gc          ] GC(10) Concurrent Cycle 76.767ms
[2021-04-05T01:29:01.789+0000][3999][safepoint   ] Safepoint "Cleanup", Time since last: 1155536805 ns, Reaching safepoint: 807943 ns, At safepoint: 7594 ns, Total: 815537 ns
[2021-04-05T01:29:02.789+0000][3999][safepoint   ] Safepoint "Cleanup", Time since last: 1000191042 ns, Reaching safepoint: 89999 ns, At safepoint: 5280 ns, Total: 95279 ns
[2021-04-05T01:29:03.789+0000][3999][safepoint   ] Safepoint "Cleanup", Time since last: 1000179472 ns, Reaching safepoint: 173769 ns, At safepoint: 5499 ns, Total: 179268 ns
[2021-04-05T01:29:04.398+0000][3999][gc,start    ] GC(11) Pause Young (Normal) (G1 Evacuation Pause)
[2021-04-05T01:29:04.398+0000][3999][gc,task     ] GC(11) Using 4 workers of 4 for evacuation
[2021-04-05T01:29:04.398+0000][3999][gc,age      ] GC(11) Desired survivor size 14680064 bytes, new threshold 2 (max threshold 15)
[2021-04-05T01:29:04.471+0000][3999][gc,age      ] GC(11) Age table with threshold 2 (max threshold 15)
[2021-04-05T01:29:04.471+0000][3999][gc,age      ] GC(11) - age   1:    4376496 bytes,    4376496 total
[2021-04-05T01:29:04.471+0000][3999][gc,age      ] GC(11) - age   2:    9114976 bytes,   13491472 total
[2021-04-05T01:29:04.471+0000][3999][gc,phases   ] GC(11)   Pre Evacuate Collection Set: 0.1ms
[2021-04-05T01:29:04.471+0000][3999][gc,phases   ] GC(11)   Merge Heap Roots: 0.0ms
[2021-04-05T01:29:04.471+0000][3999][gc,phases   ] GC(11)   Evacuate Collection Set: 71.3ms
[2021-04-05T01:29:04.471+0000][3999][gc,phases   ] GC(11)   Post Evacuate Collection Set: 1.4ms
[2021-04-05T01:29:04.471+0000][3999][gc,phases   ] GC(11)   Other: 0.2ms
[2021-04-05T01:29:04.471+0000][3999][gc,heap     ] GC(11) Eden regions: 32->0(276)
[2021-04-05T01:29:04.471+0000][3999][gc,heap     ] GC(11) Survivor regions: 17->4(7)
[2021-04-05T01:29:04.471+0000][3999][gc,heap     ] GC(11) Old regions: 0->14
[2021-04-05T01:29:04.471+0000][3999][gc,heap     ] GC(11) Archive regions: 2->2
[2021-04-05T01:29:04.471+0000][3999][gc,heap     ] GC(11) Humongous regions: 0->0
[2021-04-05T01:29:04.471+0000][3999][gc,metaspace] GC(11) Metaspace: 63148K(66608K)->63148K(66608K) NonClass: 54730K(57264K)->54730K(57264K) Class: 8417K(9344K)->8417K(9344K)
[2021-04-05T01:29:04.471+0000][3999][gc          ] GC(11) Pause Young (Normal) (G1 Evacuation Pause) 199M->75M(3940M) 73.160ms
[2021-04-05T01:29:04.471+0000][3999][gc,cpu      ] GC(11) User=0.28s Sys=0.00s Real=0.08s
[2021-04-05T01:29:04.471+0000][3999][safepoint   ] Safepoint "G1CollectForAllocation", Time since last: 608593609 ns, Reaching safepoint: 82026 ns, At safepoint: 73232199 ns, Total: 73314225 ns
[2021-04-05T01:29:05.472+0000][3999][safepoint   ] Safepoint "Cleanup", Time since last: 1000150720 ns, Reaching safepoint: 411474 ns, At safepoint: 21201 ns, Total: 432675 ns
[2021-04-05T01:29:06.472+0000][3999][safepoint   ] Safepoint "Cleanup", Time since last: 1000223337 ns, Reaching safepoint: 153988 ns, At safepoint: 8568 ns, Total: 162556 ns
[2021-04-05T01:29:07.472+0000][3999][safepoint   ] Safepoint "Cleanup", Time since last: 1000125462 ns, Reaching safepoint: 111827 ns, At safepoint: 5612 ns, Total: 117439 ns
[2021-04-05T01:29:08.717+0000][3999][safepoint   ] Safepoint "Cleanup", Time since last: 1244837671 ns, Reaching safepoint: 123913 ns, At safepoint: 5187 ns, Total: 129100 ns
[2021-04-05T01:29:09.718+0000][3999][safepoint   ] Safepoint "Cleanup", Time since last: 1000165490 ns, Reaching safepoint: 119441 ns, At safepoint: 3391 ns, Total: 122832 ns
[2021-04-05T01:29:11.406+0000][3999][safepoint   ] Safepoint "ICBufferFull", Time since last: 1688066716 ns, Reaching safepoint: 139987 ns, At safepoint: 7666 ns, Total: 147653 ns
[2021-04-05T01:29:12.977+0000][3999][safepoint   ] Safepoint "Cleanup", Time since last: 1570447151 ns, Reaching safepoint: 158789 ns, At safepoint: 5475 ns, Total: 164264 ns
[2021-04-05T01:29:13.977+0000][3999][safepoint   ] Safepoint "Cleanup", Time since last: 1000126210 ns, Reaching safepoint: 63920 ns, At safepoint: 6381 ns, Total: 70301 ns
[2021-04-05T01:29:14.977+0000][3999][safepoint   ] Safepoint "Cleanup", Time since last: 1000119511 ns, Reaching safepoint: 73060 ns, At safepoint: 6251 ns, Total: 79311 ns
[2021-04-05T01:29:15.977+0000][3999][safepoint   ] Safepoint "Cleanup", Time since last: 1000104415 ns, Reaching safepoint: 65213 ns, At safepoint: 7583 ns, Total: 72796 ns
[2021-04-05T01:29:17.977+0000][3999][safepoint   ] Safepoint "Cleanup", Time since last: 2000200160 ns, Reaching safepoint: 126136 ns, At safepoint: 9978 ns, Total: 136114 ns
[2021-04-05T01:29:20.628+0000][3999][safepoint   ] Safepoint "Cleanup", Time since last: 2650366105 ns, Reaching safepoint: 178908 ns, At safepoint: 12710 ns, Total: 191618 ns
[2021-04-05T01:29:21.703+0000][3999][safepoint   ] Safepoint "Cleanup", Time since last: 1074715978 ns, Reaching safepoint: 140708 ns, At safepoint: 5500 ns, Total: 146208 ns
[2021-04-05T01:29:22.703+0000][3999][safepoint   ] Safepoint "Cleanup", Time since last: 1000231513 ns, Reaching safepoint: 87824 ns, At safepoint: 6536 ns, Total: 94360 ns
[2021-04-05T01:29:23.758+0000][3999][safepoint   ] Safepoint "Cleanup", Time since last: 1000192295 ns, Reaching safepoint: 54162218 ns, At safepoint: 9486 ns, Total: 54171704 ns
[2021-04-05T01:29:24.758+0000][3999][safepoint   ] Safepoint "Cleanup", Time since last: 1000255323 ns, Reaching safepoint: 121761 ns, At safepoint: 6973 ns, Total: 128734 ns
[2021-04-05T01:29:25.793+0000][3999][safepoint   ] Safepoint "Cleanup", Time since last: 1015969347 ns, Reaching safepoint: 19346107 ns, At safepoint: 34238 ns, Total: 19380345 ns
[2021-04-05T01:29:26.794+0000][3999][safepoint   ] Safepoint "Cleanup", Time since last: 1000236453 ns, Reaching safepoint: 124380 ns, At safepoint: 7015 ns, Total: 131395 ns
[2021-04-05T01:29:27.827+0000][3999][safepoint   ] Safepoint "Cleanup", Time since last: 1033042155 ns, Reaching safepoint: 139660 ns, At safepoint: 5374 ns, Total: 145034 ns
[2021-04-05T01:29:28.827+0000][3999][safepoint   ] Safepoint "Cleanup", Time since last: 1000114644 ns, Reaching safepoint: 136973 ns, At safepoint: 11388 ns, Total: 148361 ns
[2021-04-05T01:29:29.827+0000][3999][safepoint   ] Safepoint "Cleanup", Time since last: 1000208880 ns, Reaching safepoint: 105360 ns, At safepoint: 4805 ns, Total: 110165 ns
[2021-04-05T01:29:30.941+0000][3999][safepoint   ] Safepoint "Cleanup", Time since last: 1000177839 ns, Reaching safepoint: 113464026 ns, At safepoint: 24026 ns, Total: 113488052 ns
[2021-04-05T01:29:32.196+0000][3999][safepoint   ] Safepoint "Cleanup", Time since last: 1001006344 ns, Reaching safepoint: 253523115 ns, At safepoint: 59430 ns, Total: 253582545 ns
[2021-04-05T01:29:33.232+0000][3999][safepoint   ] Safepoint "Cleanup", Time since last: 1000524009 ns, Reaching safepoint: 35642562 ns, At safepoint: 20881 ns, Total: 35663443 ns
[2021-04-05T01:29:34.232+0000][3999][safepoint   ] Safepoint "Cleanup", Time since last: 1000313775 ns, Reaching safepoint: 232458 ns, At safepoint: 19909 ns, Total: 252367 ns
[2021-04-05T01:29:36.233+0000][3999][safepoint   ] Safepoint "Cleanup", Time since last: 2000276487 ns, Reaching safepoint: 147690 ns, At safepoint: 9511 ns, Total: 157201 ns
[2021-04-05T01:29:37.233+0000][3999][safepoint   ] Safepoint "Cleanup", Time since last: 1000136134 ns, Reaching safepoint: 284669 ns, At safepoint: 17025 ns, Total: 301694 ns
[2021-04-05T01:29:38.234+0000][3999][safepoint   ] Safepoint "Cleanup", Time since last: 1000126672 ns, Reaching safepoint: 173513 ns, At safepoint: 10604 ns, Total: 184117 ns
[2021-04-05T01:29:39.234+0000][3999][safepoint   ] Safepoint "Cleanup", Time since last: 1000220224 ns, Reaching safepoint: 118075 ns, At safepoint: 11249 ns, Total: 129324 ns
[2021-04-05T01:29:40.235+0000][3999][safepoint   ] Safepoint "Cleanup", Time since last: 1000325597 ns, Reaching safepoint: 274351 ns, At safepoint: 19823 ns, Total: 294174 ns
[2021-04-05T01:29:41.235+0000][3999][safepoint   ] Safepoint "Cleanup", Time since last: 1000160618 ns, Reaching safepoint: 97495 ns, At safepoint: 5489 ns, Total: 102984 ns
[2021-04-05T01:29:42.235+0000][3999][safepoint   ] Safepoint "Cleanup", Time since last: 1000158769 ns, Reaching safepoint: 224654 ns, At safepoint: 15500 ns, Total: 240154 ns
[2021-04-05T01:29:43.236+0000][3999][safepoint   ] Safepoint "Cleanup", Time since last: 1000154568 ns, Reaching safepoint: 193358 ns, At safepoint: 18516 ns, Total: 211874 ns
[2021-04-05T01:29:44.236+0000][3999][safepoint   ] Safepoint "Cleanup", Time since last: 1000196349 ns, Reaching safepoint: 115476 ns, At safepoint: 6354 ns, Total: 121830 ns
[2021-04-05T01:29:45.236+0000][3999][safepoint   ] Safepoint "Cleanup", Time since last: 1000165730 ns, Reaching safepoint: 258991 ns, At safepoint: 27724 ns, Total: 286715 ns
[2021-04-05T01:29:46.237+0000][3999][safepoint   ] Safepoint "Cleanup", Time since last: 1000233071 ns, Reaching safepoint: 261451 ns, At safepoint: 26697 ns, Total: 288148 ns
[2021-04-05T01:29:47.237+0000][3999][safepoint   ] Safepoint "Cleanup", Time since last: 1000195619 ns, Reaching safepoint: 118438 ns, At safepoint: 7823 ns, Total: 126261 ns
[2021-04-05T01:29:49.238+0000][3999][safepoint   ] Safepoint "Cleanup", Time since last: 2000362352 ns, Reaching safepoint: 296382 ns, At safepoint: 22629 ns, Total: 319011 ns
[2021-04-05T01:29:50.238+0000][3999][safepoint   ] Safepoint "Cleanup", Time since last: 1000187536 ns, Reaching safepoint: 146459 ns, At safepoint: 10116 ns, Total: 156575 ns
[2021-04-05T01:29:52.004+0000][3999][safepoint   ] Safepoint "Cleanup", Time since last: 1765260629 ns, Reaching safepoint: 104627 ns, At safepoint: 7569 ns, Total: 112196 ns
[2021-04-05T01:29:53.005+0000][3999][safepoint   ] Safepoint "Cleanup", Time since last: 1000492178 ns, Reaching safepoint: 449515 ns, At safepoint: 16866 ns, Total: 466381 ns
[2021-04-05T01:29:54.005+0000][3999][safepoint   ] Safepoint "Cleanup", Time since last: 1000406544 ns, Reaching safepoint: 229154 ns, At safepoint: 14822 ns, Total: 243976 ns
[2021-04-05T01:29:58.006+0000][3999][safepoint   ] Safepoint "Cleanup", Time since last: 4000550917 ns, Reaching safepoint: 341409 ns, At safepoint: 21276 ns, Total: 362685 ns
[2021-04-05T01:29:59.007+0000][3999][safepoint   ] Safepoint "Cleanup", Time since last: 1000448833 ns, Reaching safepoint: 302445 ns, At safepoint: 24473 ns, Total: 326918 ns
[2021-04-05T01:30:01.008+0000][3999][safepoint   ] Safepoint "Cleanup", Time since last: 2000306357 ns, Reaching safepoint: 254813 ns, At safepoint: 19747 ns, Total: 274560 ns
[2021-04-05T01:30:02.008+0000][3999][safepoint   ] Safepoint "Cleanup", Time since last: 1000171786 ns, Reaching safepoint: 252422 ns, At safepoint: 24734 ns, Total: 277156 ns
[2021-04-05T01:30:03.008+0000][3999][safepoint   ] Safepoint "Cleanup", Time since last: 1000200884 ns, Reaching safepoint: 297210 ns, At safepoint: 20600 ns, Total: 317810 ns
[2021-04-05T01:30:05.009+0000][3999][safepoint   ] Safepoint "Cleanup", Time since last: 2000266279 ns, Reaching safepoint: 237460 ns, At safepoint: 16391 ns, Total: 253851 ns
[2021-04-05T01:30:07.009+0000][3999][safepoint   ] Safepoint "Cleanup", Time since last: 2000235768 ns, Reaching safepoint: 110900 ns, At safepoint: 8892 ns, Total: 119792 ns
[2021-04-05T01:30:08.010+0000][3999][safepoint   ] Safepoint "Cleanup", Time since last: 1000138944 ns, Reaching safepoint: 212893 ns, At safepoint: 12909 ns, Total: 225802 ns
[2021-04-05T01:30:12.010+0000][3999][safepoint   ] Safepoint "Cleanup", Time since last: 4000590595 ns, Reaching safepoint: 121979 ns, At safepoint: 7152 ns, Total: 129131 ns
[2021-04-05T01:30:14.011+0000][3999][safepoint   ] Safepoint "Cleanup", Time since last: 2000287563 ns, Reaching safepoint: 124891 ns, At safepoint: 6551 ns, Total: 131442 ns
[2021-04-05T01:30:17.011+0000][3999][safepoint   ] Safepoint "Cleanup", Time since last: 3000256042 ns, Reaching safepoint: 122772 ns, At safepoint: 8171 ns, Total: 130943 ns
[2021-04-05T01:30:22.012+0000][3999][safepoint   ] Safepoint "Cleanup", Time since last: 5000486112 ns, Reaching safepoint: 119722 ns, At safepoint: 9741 ns, Total: 129463 ns
[2021-04-05T01:30:24.012+0000][3999][safepoint   ] Safepoint "Cleanup", Time since last: 2000207234 ns, Reaching safepoint: 114125 ns, At safepoint: 5899 ns, Total: 120024 ns
[2021-04-05T01:30:25.012+0000][3999][safepoint   ] Safepoint "Cleanup", Time since last: 1000129149 ns, Reaching safepoint: 110249 ns, At safepoint: 8858 ns, Total: 119107 ns
[2021-04-05T01:30:28.013+0000][3999][safepoint   ] Safepoint "Cleanup", Time since last: 3000241748 ns, Reaching safepoint: 96583 ns, At safepoint: 5148 ns, Total: 101731 ns
[2021-04-05T01:30:32.013+0000][3999][safepoint   ] Safepoint "Cleanup", Time since last: 4000499767 ns, Reaching safepoint: 111227 ns, At safepoint: 7061 ns, Total: 118288 ns
[2021-04-05T01:30:34.014+0000][3999][safepoint   ] Safepoint "Cleanup", Time since last: 2000202619 ns, Reaching safepoint: 107810 ns, At safepoint: 8933 ns, Total: 116743 ns
[2021-04-05T01:30:38.014+0000][3999][safepoint   ] Safepoint "Cleanup", Time since last: 4000312427 ns, Reaching safepoint: 93220 ns, At safepoint: 7204 ns, Total: 100424 ns
[2021-04-05T01:30:39.014+0000][3999][safepoint   ] Safepoint "Cleanup", Time since last: 1000217241 ns, Reaching safepoint: 137791 ns, At safepoint: 9031 ns, Total: 146822 ns
[2021-04-05T01:30:42.015+0000][3999][safepoint   ] Safepoint "Cleanup", Time since last: 3000479154 ns, Reaching safepoint: 129301 ns, At safepoint: 11342 ns, Total: 140643 ns
[2021-04-05T01:30:44.015+0000][3999][safepoint   ] Safepoint "Cleanup", Time since last: 2000218910 ns, Reaching safepoint: 121959 ns, At safepoint: 9627 ns, Total: 131586 ns
[2021-04-05T01:30:49.016+0000][3999][safepoint   ] Safepoint "Cleanup", Time since last: 5000417261 ns, Reaching safepoint: 95707 ns, At safepoint: 5348 ns, Total: 101055 ns
[2021-04-05T01:30:54.016+0000][3999][safepoint   ] Safepoint "Cleanup", Time since last: 5000387070 ns, Reaching safepoint: 104332 ns, At safepoint: 7855 ns, Total: 112187 ns
[2021-04-05T01:30:57.308+0000][3999][safepoint   ] Safepoint "Cleanup", Time since last: 3291253279 ns, Reaching safepoint: 121596 ns, At safepoint: 7917 ns, Total: 129513 ns
[2021-04-05T01:30:57.365+0000][3999][gc,start    ] GC(12) Pause Young (Concurrent Start) (Metadata GC Threshold)
[2021-04-05T01:30:57.365+0000][3999][gc,task     ] GC(12) Using 4 workers of 4 for evacuation
[2021-04-05T01:30:57.365+0000][3999][gc,age      ] GC(12) Desired survivor size 73400320 bytes, new threshold 15 (max threshold 15)
[2021-04-05T01:30:57.403+0000][3999][gc,age      ] GC(12) Age table with threshold 15 (max threshold 15)
[2021-04-05T01:30:57.403+0000][3999][gc,age      ] GC(12) - age   1:   23409336 bytes,   23409336 total
[2021-04-05T01:30:57.403+0000][3999][gc,age      ] GC(12) - age   2:    4202192 bytes,   27611528 total
[2021-04-05T01:30:57.403+0000][3999][gc,age      ] GC(12) - age   3:    8817888 bytes,   36429416 total
[2021-04-05T01:30:57.403+0000][3999][gc,phases   ] GC(12)   Pre Evacuate Collection Set: 0.2ms
[2021-04-05T01:30:57.403+0000][3999][gc,phases   ] GC(12)   Merge Heap Roots: 0.1ms
[2021-04-05T01:30:57.403+0000][3999][gc,phases   ] GC(12)   Evacuate Collection Set: 36.0ms
[2021-04-05T01:30:57.403+0000][3999][gc,phases   ] GC(12)   Post Evacuate Collection Set: 1.6ms
[2021-04-05T01:30:57.403+0000][3999][gc,phases   ] GC(12)   Other: 0.3ms
[2021-04-05T01:30:57.403+0000][3999][gc,heap     ] GC(12) Eden regions: 139->0(207)
[2021-04-05T01:30:57.403+0000][3999][gc,heap     ] GC(12) Survivor regions: 4->10(35)
[2021-04-05T01:30:57.403+0000][3999][gc,heap     ] GC(12) Old regions: 14->14
[2021-04-05T01:30:57.403+0000][3999][gc,heap     ] GC(12) Archive regions: 2->2
[2021-04-05T01:30:57.403+0000][3999][gc,heap     ] GC(12) Humongous regions: 2->2
[2021-04-05T01:30:57.403+0000][3999][gc,metaspace] GC(12) Metaspace: 98684K(102448K)->98684K(102448K) NonClass: 85306K(87728K)->85306K(87728K) Class: 13378K(14720K)->13378K(14720K)
[2021-04-05T01:30:57.403+0000][3999][gc          ] GC(12) Pause Young (Concurrent Start) (Metadata GC Threshold) 639M->105M(3940M) 38.244ms
[2021-04-05T01:30:57.403+0000][3999][gc,cpu      ] GC(12) User=0.15s Sys=0.00s Real=0.04s
[2021-04-05T01:30:57.403+0000][3999][gc          ] GC(13) Concurrent Cycle
[2021-04-05T01:30:57.403+0000][3999][gc,marking  ] GC(13) Concurrent Clear Claimed Marks
[2021-04-05T01:30:57.403+0000][3999][gc,marking  ] GC(13) Concurrent Clear Claimed Marks 0.066ms
[2021-04-05T01:30:57.403+0000][3999][gc,marking  ] GC(13) Concurrent Scan Root Regions
[2021-04-05T01:30:57.403+0000][3999][safepoint   ] Safepoint "CollectForMetadataAllocation", Time since last: 56629636 ns, Reaching safepoint: 98736 ns, At safepoint: 38479246 ns, Total: 38577982 ns
[2021-04-05T01:30:57.415+0000][3999][safepoint   ] Safepoint "CollectForMetadataAllocation", Time since last: 11708957 ns, Reaching safepoint: 275009 ns, At safepoint: 17486 ns, Total: 292495 ns
[2021-04-05T01:30:57.440+0000][3999][gc,marking  ] GC(13) Concurrent Scan Root Regions 36.972ms
[2021-04-05T01:30:57.440+0000][3999][gc,marking  ] GC(13) Concurrent Mark (139.247s)
[2021-04-05T01:30:57.440+0000][3999][gc,marking  ] GC(13) Concurrent Mark From Roots
[2021-04-05T01:30:57.440+0000][3999][gc,task     ] GC(13) Using 1 workers of 1 for marking
[2021-04-05T01:30:57.490+0000][3999][safepoint   ] Safepoint "CollectForMetadataAllocation", Time since last: 74644595 ns, Reaching safepoint: 125975 ns, At safepoint: 164419 ns, Total: 290394 ns
[2021-04-05T01:30:57.566+0000][3999][gc,marking  ] GC(13) Concurrent Mark From Roots 125.931ms
[2021-04-05T01:30:57.566+0000][3999][gc,marking  ] GC(13) Concurrent Preclean
[2021-04-05T01:30:57.566+0000][3999][gc,marking  ] GC(13) Concurrent Preclean 0.286ms
[2021-04-05T01:30:57.566+0000][3999][gc,marking  ] GC(13) Concurrent Mark (139.247s, 139.373s) 126.282ms
[2021-04-05T01:30:57.567+0000][3999][gc,start    ] GC(13) Pause Remark
[2021-04-05T01:30:57.572+0000][3999][gc          ] GC(13) Pause Remark 111M->111M(3940M) 5.437ms
[2021-04-05T01:30:57.572+0000][3999][gc,cpu      ] GC(13) User=0.02s Sys=0.00s Real=0.01s
[2021-04-05T01:30:57.572+0000][3999][safepoint   ] Safepoint "G1Concurrent", Time since last: 76350655 ns, Reaching safepoint: 178727 ns, At safepoint: 5528012 ns, Total: 5706739 ns
[2021-04-05T01:30:57.572+0000][3999][gc,marking  ] GC(13) Concurrent Rebuild Remembered Sets
[2021-04-05T01:30:57.700+0000][3999][gc,marking  ] GC(13) Concurrent Rebuild Remembered Sets 127.947ms
[2021-04-05T01:30:57.701+0000][3999][gc,start    ] GC(13) Pause Cleanup
[2021-04-05T01:30:57.701+0000][3999][gc          ] GC(13) Pause Cleanup 123M->123M(3940M) 0.190ms
[2021-04-05T01:30:57.701+0000][3999][gc,cpu      ] GC(13) User=0.00s Sys=0.00s Real=0.00s
[2021-04-05T01:30:57.701+0000][3999][safepoint   ] Safepoint "G1Concurrent", Time since last: 128047866 ns, Reaching safepoint: 504400 ns, At safepoint: 275321 ns, Total: 779721 ns
[2021-04-05T01:30:57.701+0000][3999][gc,marking  ] GC(13) Concurrent Cleanup for Next Mark
[2021-04-05T01:30:57.709+0000][3999][gc,marking  ] GC(13) Concurrent Cleanup for Next Mark 7.614ms
[2021-04-05T01:30:57.709+0000][3999][gc          ] GC(13) Concurrent Cycle 305.669ms
[2021-04-05T01:30:58.098+0000][3999][safepoint   ] Safepoint "ICBufferFull", Time since last: 396629241 ns, Reaching safepoint: 262345 ns, At safepoint: 8589 ns, Total: 270934 ns
[2021-04-05T01:30:59.098+0000][3999][safepoint   ] Safepoint "Cleanup", Time since last: 1000135156 ns, Reaching safepoint: 176292 ns, At safepoint: 7508 ns, Total: 183800 ns
[2021-04-05T01:31:01.098+0000][3999][safepoint   ] Safepoint "Cleanup", Time since last: 2000207779 ns, Reaching safepoint: 102450 ns, At safepoint: 5840 ns, Total: 108290 ns
[2021-04-05T01:31:02.099+0000][3999][safepoint   ] Safepoint "Cleanup", Time since last: 1000323496 ns, Reaching safepoint: 299993 ns, At safepoint: 9578 ns, Total: 309571 ns
[2021-04-05T01:31:03.100+0000][3999][safepoint   ] Safepoint "Cleanup", Time since last: 1000348050 ns, Reaching safepoint: 140774 ns, At safepoint: 7593 ns, Total: 148367 ns
[2021-04-05T01:31:04.100+0000][3999][safepoint   ] Safepoint "Cleanup", Time since last: 1000313841 ns, Reaching safepoint: 153732 ns, At safepoint: 12174 ns, Total: 165906 ns
[2021-04-05T01:31:04.939+0000][3999][safepoint   ] Safepoint "ICBufferFull", Time since last: 838480026 ns, Reaching safepoint: 197237 ns, At safepoint: 8331 ns, Total: 205568 ns
[2021-04-05T01:31:05.939+0000][3999][safepoint   ] Safepoint "Cleanup", Time since last: 1000139413 ns, Reaching safepoint: 243058 ns, At safepoint: 5764 ns, Total: 248822 ns
[2021-04-05T01:31:06.940+0000][3999][safepoint   ] Safepoint "Cleanup", Time since last: 1000304782 ns, Reaching safepoint: 241681 ns, At safepoint: 23878 ns, Total: 265559 ns
[2021-04-05T01:31:07.940+0000][3999][safepoint   ] Safepoint "Cleanup", Time since last: 1000187611 ns, Reaching safepoint: 186898 ns, At safepoint: 11543 ns, Total: 198441 ns
[2021-04-05T01:31:08.941+0000][3999][safepoint   ] Safepoint "Cleanup", Time since last: 1000351482 ns, Reaching safepoint: 242553 ns, At safepoint: 18286 ns, Total: 260839 ns
[2021-04-05T01:31:09.941+0000][3999][safepoint   ] Safepoint "Cleanup", Time since last: 1000455885 ns, Reaching safepoint: 240659 ns, At safepoint: 19063 ns, Total: 259722 ns
[2021-04-05T01:31:10.942+0000][3999][safepoint   ] Safepoint "Cleanup", Time since last: 1000194014 ns, Reaching safepoint: 128339 ns, At safepoint: 8433 ns, Total: 136772 ns
[2021-04-05T01:31:11.942+0000][3999][safepoint   ] Safepoint "Cleanup", Time since last: 1000184121 ns, Reaching safepoint: 204326 ns, At safepoint: 13210 ns, Total: 217536 ns
[2021-04-05T01:31:12.943+0000][3999][safepoint   ] Safepoint "Cleanup", Time since last: 1000220012 ns, Reaching safepoint: 283475 ns, At safepoint: 23052 ns, Total: 306527 ns
[2021-04-05T01:31:13.943+0000][3999][safepoint   ] Safepoint "Cleanup", Time since last: 1000176141 ns, Reaching safepoint: 211974 ns, At safepoint: 21282 ns, Total: 233256 ns
[2021-04-05T01:31:14.943+0000][3999][safepoint   ] Safepoint "Cleanup", Time since last: 1000146110 ns, Reaching safepoint: 229428 ns, At safepoint: 10684 ns, Total: 240112 ns
[2021-04-05T01:31:15.944+0000][3999][safepoint   ] Safepoint "Cleanup", Time since last: 1000188506 ns, Reaching safepoint: 112993 ns, At safepoint: 6786 ns, Total: 119779 ns
[2021-04-05T01:31:16.944+0000][3999][safepoint   ] Safepoint "Cleanup", Time since last: 1000110571 ns, Reaching safepoint: 249916 ns, At safepoint: 9611 ns, Total: 259527 ns
[2021-04-05T01:31:17.945+0000][3999][safepoint   ] Safepoint "Cleanup", Time since last: 1000293283 ns, Reaching safepoint: 119884 ns, At safepoint: 5441 ns, Total: 125325 ns
[2021-04-05T01:31:18.945+0000][3999][safepoint   ] Safepoint "Cleanup", Time since last: 1000155532 ns, Reaching safepoint: 180665 ns, At safepoint: 11823 ns, Total: 192488 ns
[2021-04-05T01:31:19.945+0000][3999][safepoint   ] Safepoint "Cleanup", Time since last: 1000149831 ns, Reaching safepoint: 128607 ns, At safepoint: 6345 ns, Total: 134952 ns
[2021-04-05T01:31:21.946+0000][3999][safepoint   ] Safepoint "Cleanup", Time since last: 2000307349 ns, Reaching safepoint: 181796 ns, At safepoint: 9063 ns, Total: 190859 ns
[2021-04-05T01:31:22.946+0000][3999][safepoint   ] Safepoint "Cleanup", Time since last: 1000164110 ns, Reaching safepoint: 263388 ns, At safepoint: 18832 ns, Total: 282220 ns
[2021-04-05T01:31:23.947+0000][3999][safepoint   ] Safepoint "Cleanup", Time since last: 1000201169 ns, Reaching safepoint: 308189 ns, At safepoint: 23042 ns, Total: 331231 ns
[2021-04-05T01:31:24.947+0000][3999][safepoint   ] Safepoint "Cleanup", Time since last: 1000234994 ns, Reaching safepoint: 282697 ns, At safepoint: 22526 ns, Total: 305223 ns
[2021-04-05T01:31:25.948+0000][3999][safepoint   ] Safepoint "Cleanup", Time since last: 1000227859 ns, Reaching safepoint: 234979 ns, At safepoint: 17379 ns, Total: 252358 ns
[2021-04-05T01:31:26.948+0000][3999][safepoint   ] Safepoint "Cleanup", Time since last: 1000213664 ns, Reaching safepoint: 246383 ns, At safepoint: 19415 ns, Total: 265798 ns
[2021-04-05T01:31:27.949+0000][3999][safepoint   ] Safepoint "Cleanup", Time since last: 1000233811 ns, Reaching safepoint: 256726 ns, At safepoint: 14004 ns, Total: 270730 ns
[2021-04-05T01:31:28.949+0000][3999][safepoint   ] Safepoint "Cleanup", Time since last: 1000290743 ns, Reaching safepoint: 154500 ns, At safepoint: 6927 ns, Total: 161427 ns
[2021-04-05T01:31:29.950+0000][3999][safepoint   ] Safepoint "Cleanup", Time since last: 1000267665 ns, Reaching safepoint: 164523 ns, At safepoint: 9285 ns, Total: 173808 ns
[2021-04-05T01:31:30.950+0000][3999][safepoint   ] Safepoint "Cleanup", Time since last: 1000160321 ns, Reaching safepoint: 148555 ns, At safepoint: 6121 ns, Total: 154676 ns
[2021-04-05T01:31:31.950+0000][3999][safepoint   ] Safepoint "Cleanup", Time since last: 1000128801 ns, Reaching safepoint: 122604 ns, At safepoint: 11162 ns, Total: 133766 ns
[2021-04-05T01:31:32.950+0000][3999][safepoint   ] Safepoint "Cleanup", Time since last: 1000109937 ns, Reaching safepoint: 120212 ns, At safepoint: 9117 ns, Total: 129329 ns
[2021-04-05T01:31:34.951+0000][3999][safepoint   ] Safepoint "Cleanup", Time since last: 2000267444 ns, Reaching safepoint: 115869 ns, At safepoint: 9456 ns, Total: 125325 ns
[2021-04-05T01:31:36.951+0000][3999][safepoint   ] Safepoint "Cleanup", Time since last: 2000295308 ns, Reaching safepoint: 282268 ns, At safepoint: 25648 ns, Total: 307916 ns
[2021-04-05T01:31:37.952+0000][3999][safepoint   ] Safepoint "Cleanup", Time since last: 1000226736 ns, Reaching safepoint: 253608 ns, At safepoint: 15851 ns, Total: 269459 ns
[2021-04-05T01:31:39.952+0000][3999][safepoint   ] Safepoint "Cleanup", Time since last: 2000329247 ns, Reaching safepoint: 256179 ns, At safepoint: 21464 ns, Total: 277643 ns
[2021-04-05T01:31:40.953+0000][3999][safepoint   ] Safepoint "Cleanup", Time since last: 1000324075 ns, Reaching safepoint: 413463 ns, At safepoint: 15102 ns, Total: 428565 ns
[2021-04-05T01:31:41.954+0000][3999][safepoint   ] Safepoint "Cleanup", Time since last: 1000317710 ns, Reaching safepoint: 134823 ns, At safepoint: 9412 ns, Total: 144235 ns
[2021-04-05T01:31:42.954+0000][3999][safepoint   ] Safepoint "Cleanup", Time since last: 1000211217 ns, Reaching safepoint: 249855 ns, At safepoint: 16803 ns, Total: 266658 ns
[2021-04-05T01:31:43.955+0000][3999][safepoint   ] Safepoint "Cleanup", Time since last: 1000186565 ns, Reaching safepoint: 292096 ns, At safepoint: 21339 ns, Total: 313435 ns
[2021-04-05T01:31:45.955+0000][3999][safepoint   ] Safepoint "Cleanup", Time since last: 2000398545 ns, Reaching safepoint: 269991 ns, At safepoint: 22261 ns, Total: 292252 ns
[2021-04-05T01:31:46.956+0000][3999][safepoint   ] Safepoint "Cleanup", Time since last: 1000230576 ns, Reaching safepoint: 349703 ns, At safepoint: 26329 ns, Total: 376032 ns
[2021-04-05T01:31:48.957+0000][3999][safepoint   ] Safepoint "Cleanup", Time since last: 2000349223 ns, Reaching safepoint: 302320 ns, At safepoint: 20031 ns, Total: 322351 ns
[2021-04-05T01:31:49.957+0000][3999][safepoint   ] Safepoint "Cleanup", Time since last: 1000222077 ns, Reaching safepoint: 281453 ns, At safepoint: 24982 ns, Total: 306435 ns
[2021-04-05T01:31:51.958+0000][3999][safepoint   ] Safepoint "Cleanup", Time since last: 2000326448 ns, Reaching safepoint: 248102 ns, At safepoint: 14963 ns, Total: 263065 ns
[2021-04-05T01:31:52.958+0000][3999][safepoint   ] Safepoint "Cleanup", Time since last: 1000236145 ns, Reaching safepoint: 417467 ns, At safepoint: 23854 ns, Total: 441321 ns
[2021-04-05T01:31:53.959+0000][3999][safepoint   ] Safepoint "Cleanup", Time since last: 1000234435 ns, Reaching safepoint: 264832 ns, At safepoint: 60071 ns, Total: 324903 ns
[2021-04-05T01:31:54.959+0000][3999][safepoint   ] Safepoint "Cleanup", Time since last: 1000205701 ns, Reaching safepoint: 275701 ns, At safepoint: 19499 ns, Total: 295200 ns
[2021-04-05T01:31:55.960+0000][3999][safepoint   ] Safepoint "Cleanup", Time since last: 1000155870 ns, Reaching safepoint: 94482 ns, At safepoint: 6278 ns, Total: 100760 ns
[2021-04-05T01:31:56.960+0000][3999][safepoint   ] Safepoint "Cleanup", Time since last: 1000190961 ns, Reaching safepoint: 425904 ns, At safepoint: 23965 ns, Total: 449869 ns
[2021-04-05T01:31:57.961+0000][3999][safepoint   ] Safepoint "Cleanup", Time since last: 1000212814 ns, Reaching safepoint: 93268 ns, At safepoint: 7863 ns, Total: 101131 ns
[2021-04-05T01:31:58.961+0000][3999][safepoint   ] Safepoint "Cleanup", Time since last: 1000124859 ns, Reaching safepoint: 115833 ns, At safepoint: 4385 ns, Total: 120218 ns
[2021-04-05T01:31:59.961+0000][3999][safepoint   ] Safepoint "Cleanup", Time since last: 1000133425 ns, Reaching safepoint: 131067 ns, At safepoint: 7091 ns, Total: 138158 ns
[2021-04-05T01:32:00.962+0000][3999][safepoint   ] Safepoint "Cleanup", Time since last: 1000226492 ns, Reaching safepoint: 141932 ns, At safepoint: 8282 ns, Total: 150214 ns
[2021-04-05T01:32:01.962+0000][3999][safepoint   ] Safepoint "Cleanup", Time since last: 1000245582 ns, Reaching safepoint: 335567 ns, At safepoint: 15528 ns, Total: 351095 ns
[2021-04-05T01:32:02.963+0000][3999][safepoint   ] Safepoint "Cleanup", Time since last: 1000186287 ns, Reaching safepoint: 290516 ns, At safepoint: 14193 ns, Total: 304709 ns
[2021-04-05T01:32:03.963+0000][3999][safepoint   ] Safepoint "Cleanup", Time since last: 1000161664 ns, Reaching safepoint: 194051 ns, At safepoint: 8665 ns, Total: 202716 ns
[2021-04-05T01:32:04.963+0000][3999][safepoint   ] Safepoint "Cleanup", Time since last: 1000154732 ns, Reaching safepoint: 257127 ns, At safepoint: 14657 ns, Total: 271784 ns
[2021-04-05T01:32:05.964+0000][3999][safepoint   ] Safepoint "Cleanup", Time since last: 1000154144 ns, Reaching safepoint: 237184 ns, At safepoint: 17435 ns, Total: 254619 ns
[2021-04-05T01:32:06.964+0000][3999][safepoint   ] Safepoint "Cleanup", Time since last: 1000191026 ns, Reaching safepoint: 179717 ns, At safepoint: 12318 ns, Total: 192035 ns
[2021-04-05T01:32:07.965+0000][3999][safepoint   ] Safepoint "Cleanup", Time since last: 1000133331 ns, Reaching safepoint: 173844 ns, At safepoint: 7027 ns, Total: 180871 ns
[2021-04-05T01:32:08.965+0000][3999][safepoint   ] Safepoint "Cleanup", Time since last: 1000199648 ns, Reaching safepoint: 254364 ns, At safepoint: 23373 ns, Total: 277737 ns
[2021-04-05T01:32:09.965+0000][3999][safepoint   ] Safepoint "Cleanup", Time since last: 1000160286 ns, Reaching safepoint: 113495 ns, At safepoint: 7406 ns, Total: 120901 ns
[2021-04-05T01:32:10.966+0000][3999][safepoint   ] Safepoint "Cleanup", Time since last: 1000113153 ns, Reaching safepoint: 187051 ns, At safepoint: 9789 ns, Total: 196840 ns
[2021-04-05T01:32:11.966+0000][3999][safepoint   ] Safepoint "Cleanup", Time since last: 1000336236 ns, Reaching safepoint: 153148 ns, At safepoint: 6891 ns, Total: 160039 ns
[2021-04-05T01:32:12.967+0000][3999][safepoint   ] Safepoint "Cleanup", Time since last: 1000145977 ns, Reaching safepoint: 221596 ns, At safepoint: 15639 ns, Total: 237235 ns
[2021-04-05T01:32:13.967+0000][3999][safepoint   ] Safepoint "Cleanup", Time since last: 1000212427 ns, Reaching safepoint: 262932 ns, At safepoint: 21092 ns, Total: 284024 ns
[2021-04-05T01:32:14.968+0000][3999][safepoint   ] Safepoint "Cleanup", Time since last: 1000212818 ns, Reaching safepoint: 295890 ns, At safepoint: 23468 ns, Total: 319358 ns
[2021-04-05T01:32:16.968+0000][3999][safepoint   ] Safepoint "Cleanup", Time since last: 2000291085 ns, Reaching safepoint: 233809 ns, At safepoint: 8700 ns, Total: 242509 ns
[2021-04-05T01:32:17.969+0000][3999][safepoint   ] Safepoint "Cleanup", Time since last: 1000308158 ns, Reaching safepoint: 180132 ns, At safepoint: 7032 ns, Total: 187164 ns
[2021-04-05T01:32:19.969+0000][3999][safepoint   ] Safepoint "Cleanup", Time since last: 2000425772 ns, Reaching safepoint: 145716 ns, At safepoint: 11470 ns, Total: 157186 ns
[2021-04-05T01:32:20.970+0000][3999][safepoint   ] Safepoint "Cleanup", Time since last: 1000129071 ns, Reaching safepoint: 207506 ns, At safepoint: 18251 ns, Total: 225757 ns
[2021-04-05T01:32:21.970+0000][3999][safepoint   ] Safepoint "Cleanup", Time since last: 1000158244 ns, Reaching safepoint: 171070 ns, At safepoint: 3788 ns, Total: 174858 ns
[2021-04-05T01:32:22.970+0000][3999][safepoint   ] Safepoint "Cleanup", Time since last: 1000246400 ns, Reaching safepoint: 238906 ns, At safepoint: 19214 ns, Total: 258120 ns
[2021-04-05T01:32:23.971+0000][3999][safepoint   ] Safepoint "Cleanup", Time since last: 1000208650 ns, Reaching safepoint: 144249 ns, At safepoint: 9220 ns, Total: 153469 ns
[2021-04-05T01:32:25.971+0000][3999][safepoint   ] Safepoint "Cleanup", Time since last: 2000311348 ns, Reaching safepoint: 359116 ns, At safepoint: 25463 ns, Total: 384579 ns
[2021-04-05T01:32:26.972+0000][3999][safepoint   ] Safepoint "Cleanup", Time since last: 1000166778 ns, Reaching safepoint: 109396 ns, At safepoint: 8650 ns, Total: 118046 ns
[2021-04-05T01:32:27.972+0000][3999][safepoint   ] Safepoint "Cleanup", Time since last: 1000163248 ns, Reaching safepoint: 217082 ns, At safepoint: 12554 ns, Total: 229636 ns
[2021-04-05T01:32:28.973+0000][3999][safepoint   ] Safepoint "Cleanup", Time since last: 1000410248 ns, Reaching safepoint: 274135 ns, At safepoint: 17171 ns, Total: 291306 ns
[2021-04-05T01:32:29.973+0000][3999][safepoint   ] Safepoint "Cleanup", Time since last: 1000248767 ns, Reaching safepoint: 336013 ns, At safepoint: 24211 ns, Total: 360224 ns
[2021-04-05T01:32:30.974+0000][3999][safepoint   ] Safepoint "Cleanup", Time since last: 1000254080 ns, Reaching safepoint: 262586 ns, At safepoint: 22857 ns, Total: 285443 ns
[2021-04-05T01:32:31.974+0000][3999][safepoint   ] Safepoint "Cleanup", Time since last: 1000185062 ns, Reaching safepoint: 210196 ns, At safepoint: 10236 ns, Total: 220432 ns
[2021-04-05T01:32:32.975+0000][3999][safepoint   ] Safepoint "Cleanup", Time since last: 1000234542 ns, Reaching safepoint: 317777 ns, At safepoint: 30630 ns, Total: 348407 ns
[2021-04-05T01:32:34.976+0000][3999][safepoint   ] Safepoint "Cleanup", Time since last: 2000463116 ns, Reaching safepoint: 331707 ns, At safepoint: 21418 ns, Total: 353125 ns
[2021-04-05T01:32:36.976+0000][3999][safepoint   ] Safepoint "Cleanup", Time since last: 2000260911 ns, Reaching safepoint: 341112 ns, At safepoint: 24370 ns, Total: 365482 ns
[2021-04-05T01:32:37.977+0000][3999][safepoint   ] Safepoint "Cleanup", Time since last: 1000175317 ns, Reaching safepoint: 121358 ns, At safepoint: 8009 ns, Total: 129367 ns
[2021-04-05T01:32:39.977+0000][3999][safepoint   ] Safepoint "Cleanup", Time since last: 2000285453 ns, Reaching safepoint: 299855 ns, At safepoint: 20311 ns, Total: 320166 ns
[2021-04-05T01:32:40.978+0000][3999][safepoint   ] Safepoint "Cleanup", Time since last: 1000153828 ns, Reaching safepoint: 208064 ns, At safepoint: 9165 ns, Total: 217229 ns
[2021-04-05T01:32:41.978+0000][3999][safepoint   ] Safepoint "Cleanup", Time since last: 1000190296 ns, Reaching safepoint: 252632 ns, At safepoint: 13421 ns, Total: 266053 ns
[2021-04-05T01:32:42.979+0000][3999][safepoint   ] Safepoint "Cleanup", Time since last: 1000223391 ns, Reaching safepoint: 326869 ns, At safepoint: 26496 ns, Total: 353365 ns
[2021-04-05T01:32:43.979+0000][3999][safepoint   ] Safepoint "Cleanup", Time since last: 1000199034 ns, Reaching safepoint: 385574 ns, At safepoint: 26501 ns, Total: 412075 ns
[2021-04-05T01:32:44.980+0000][3999][safepoint   ] Safepoint "Cleanup", Time since last: 1000261873 ns, Reaching safepoint: 397316 ns, At safepoint: 23429 ns, Total: 420745 ns
[2021-04-05T01:32:46.981+0000][3999][safepoint   ] Safepoint "Cleanup", Time since last: 2000418360 ns, Reaching safepoint: 381490 ns, At safepoint: 23814 ns, Total: 405304 ns
[2021-04-05T01:32:49.982+0000][3999][safepoint   ] Safepoint "Cleanup", Time since last: 3000660858 ns, Reaching safepoint: 361419 ns, At safepoint: 21349 ns, Total: 382768 ns
[2021-04-05T01:32:51.982+0000][3999][safepoint   ] Safepoint "Cleanup", Time since last: 2000305439 ns, Reaching safepoint: 286809 ns, At safepoint: 33036 ns, Total: 319845 ns
[2021-04-05T01:32:52.983+0000][3999][safepoint   ] Safepoint "Cleanup", Time since last: 1000210366 ns, Reaching safepoint: 211038 ns, At safepoint: 7937 ns, Total: 218975 ns
[2021-04-05T01:32:53.983+0000][3999][safepoint   ] Safepoint "Cleanup", Time since last: 1000205374 ns, Reaching safepoint: 322381 ns, At safepoint: 20310 ns, Total: 342691 ns
[2021-04-05T01:32:54.984+0000][3999][safepoint   ] Safepoint "Cleanup", Time since last: 1000216705 ns, Reaching safepoint: 409751 ns, At safepoint: 24256 ns, Total: 434007 ns
[2021-04-05T01:32:55.985+0000][3999][safepoint   ] Safepoint "Cleanup", Time since last: 1000246222 ns, Reaching safepoint: 420732 ns, At safepoint: 24200 ns, Total: 444932 ns
[2021-04-05T01:32:56.985+0000][3999][safepoint   ] Safepoint "Cleanup", Time since last: 1000235185 ns, Reaching safepoint: 317089 ns, At safepoint: 23103 ns, Total: 340192 ns
[2021-04-05T01:32:57.986+0000][3999][safepoint   ] Safepoint "Cleanup", Time since last: 1000178823 ns, Reaching safepoint: 187591 ns, At safepoint: 11844 ns, Total: 199435 ns
[2021-04-05T01:32:59.986+0000][3999][safepoint   ] Safepoint "Cleanup", Time since last: 2000315156 ns, Reaching safepoint: 229678 ns, At safepoint: 16654 ns, Total: 246332 ns
[2021-04-05T01:33:00.987+0000][3999][safepoint   ] Safepoint "Cleanup", Time since last: 1000125019 ns, Reaching safepoint: 229018 ns, At safepoint: 5155 ns, Total: 234173 ns
[2021-04-05T01:33:01.987+0000][3999][safepoint   ] Safepoint "Cleanup", Time since last: 1000228601 ns, Reaching safepoint: 335020 ns, At safepoint: 11858 ns, Total: 346878 ns
[2021-04-05T01:33:02.988+0000][3999][safepoint   ] Safepoint "Cleanup", Time since last: 1000273975 ns, Reaching safepoint: 127397 ns, At safepoint: 9680 ns, Total: 137077 ns
[2021-04-05T01:33:04.988+0000][3999][safepoint   ] Safepoint "Cleanup", Time since last: 2000273712 ns, Reaching safepoint: 296811 ns, At safepoint: 18592 ns, Total: 315403 ns
[2021-04-05T01:33:05.989+0000][3999][safepoint   ] Safepoint "Cleanup", Time since last: 1000186945 ns, Reaching safepoint: 445645 ns, At safepoint: 23414 ns, Total: 469059 ns
[2021-04-05T01:33:06.989+0000][3999][safepoint   ] Safepoint "Cleanup", Time since last: 1000179558 ns, Reaching safepoint: 331969 ns, At safepoint: 14754 ns, Total: 346723 ns
[2021-04-05T01:33:07.990+0000][3999][safepoint   ] Safepoint "Cleanup", Time since last: 1000197266 ns, Reaching safepoint: 175973 ns, At safepoint: 10218 ns, Total: 186191 ns
[2021-04-05T01:33:08.990+0000][3999][safepoint   ] Safepoint "Cleanup", Time since last: 1000142680 ns, Reaching safepoint: 165498 ns, At safepoint: 9837 ns, Total: 175335 ns
[2021-04-05T01:33:10.991+0000][3999][safepoint   ] Safepoint "Cleanup", Time since last: 2000432103 ns, Reaching safepoint: 431624 ns, At safepoint: 30500 ns, Total: 462124 ns
[2021-04-05T01:33:11.992+0000][3999][safepoint   ] Safepoint "Cleanup", Time since last: 1000217756 ns, Reaching safepoint: 267660 ns, At safepoint: 15750 ns, Total: 283410 ns
[2021-04-05T01:33:12.992+0000][3999][safepoint   ] Safepoint "Cleanup", Time since last: 1000249284 ns, Reaching safepoint: 245190 ns, At safepoint: 19254 ns, Total: 264444 ns
[2021-04-05T01:33:13.992+0000][3999][safepoint   ] Safepoint "Cleanup", Time since last: 1000179255 ns, Reaching safepoint: 117235 ns, At safepoint: 7251 ns, Total: 124486 ns
[2021-04-05T01:33:16.993+0000][3999][safepoint   ] Safepoint "Cleanup", Time since last: 3000608908 ns, Reaching safepoint: 275655 ns, At safepoint: 19878 ns, Total: 295533 ns
[2021-04-05T01:33:17.994+0000][3999][safepoint   ] Safepoint "Cleanup", Time since last: 1000219937 ns, Reaching safepoint: 258666 ns, At safepoint: 18863 ns, Total: 277529 ns
[2021-04-05T01:33:18.994+0000][3999][safepoint   ] Safepoint "Cleanup", Time since last: 1000217603 ns, Reaching safepoint: 259714 ns, At safepoint: 18092 ns, Total: 277806 ns
[2021-04-05T01:33:19.995+0000][3999][safepoint   ] Safepoint "Cleanup", Time since last: 1000198390 ns, Reaching safepoint: 304522 ns, At safepoint: 17736 ns, Total: 322258 ns
[2021-04-05T01:33:21.995+0000][3999][safepoint   ] Safepoint "Cleanup", Time since last: 2000417474 ns, Reaching safepoint: 229439 ns, At safepoint: 20072 ns, Total: 249511 ns
[2021-04-05T01:33:23.996+0000][3999][safepoint   ] Safepoint "Cleanup", Time since last: 2000355514 ns, Reaching safepoint: 209139 ns, At safepoint: 13130 ns, Total: 222269 ns
[2021-04-05T01:33:24.996+0000][3999][safepoint   ] Safepoint "Cleanup", Time since last: 1000254979 ns, Reaching safepoint: 203262 ns, At safepoint: 16586 ns, Total: 219848 ns
[2021-04-05T01:33:26.997+0000][3999][safepoint   ] Safepoint "Cleanup", Time since last: 2000444626 ns, Reaching safepoint: 215382 ns, At safepoint: 17550 ns, Total: 232932 ns
[2021-04-05T01:33:27.998+0000][3999][safepoint   ] Safepoint "Cleanup", Time since last: 1000218949 ns, Reaching safepoint: 172063 ns, At safepoint: 10508 ns, Total: 182571 ns
[2021-04-05T01:33:28.998+0000][3999][safepoint   ] Safepoint "Cleanup", Time since last: 1000362040 ns, Reaching safepoint: 216555 ns, At safepoint: 15326 ns, Total: 231881 ns
[2021-04-05T01:33:29.999+0000][3999][safepoint   ] Safepoint "Cleanup", Time since last: 1000352722 ns, Reaching safepoint: 89895 ns, At safepoint: 7648 ns, Total: 97543 ns
[2021-04-05T01:33:30.999+0000][3999][safepoint   ] Safepoint "Cleanup", Time since last: 1000226500 ns, Reaching safepoint: 325958 ns, At safepoint: 7943 ns, Total: 333901 ns
[2021-04-05T01:33:32.000+0000][3999][safepoint   ] Safepoint "Cleanup", Time since last: 1000353479 ns, Reaching safepoint: 373633 ns, At safepoint: 16378 ns, Total: 390011 ns
[2021-04-05T01:33:33.001+0000][3999][safepoint   ] Safepoint "Cleanup", Time since last: 1000451854 ns, Reaching safepoint: 193013 ns, At safepoint: 13699 ns, Total: 206712 ns
[2021-04-05T01:33:35.001+0000][3999][safepoint   ] Safepoint "Cleanup", Time since last: 2000443532 ns, Reaching safepoint: 223075 ns, At safepoint: 17280 ns, Total: 240355 ns
[2021-04-05T01:33:37.002+0000][3999][safepoint   ] Safepoint "Cleanup", Time since last: 2000440402 ns, Reaching safepoint: 263404 ns, At safepoint: 20703 ns, Total: 284107 ns
[2021-04-05T01:33:39.003+0000][3999][safepoint   ] Safepoint "Cleanup", Time since last: 2000337317 ns, Reaching safepoint: 260061 ns, At safepoint: 14038 ns, Total: 274099 ns
[2021-04-05T01:33:40.003+0000][3999][safepoint   ] Safepoint "Cleanup", Time since last: 1000194776 ns, Reaching safepoint: 287484 ns, At safepoint: 16764 ns, Total: 304248 ns
[2021-04-05T01:33:40.927+0000][3999][gc,start    ] GC(14) Pause Young (Concurrent Start) (G1 Evacuation Pause)
[2021-04-05T01:33:40.927+0000][3999][gc,task     ] GC(14) Using 4 workers of 4 for evacuation
[2021-04-05T01:33:40.927+0000][3999][gc,age      ] GC(14) Desired survivor size 54525952 bytes, new threshold 15 (max threshold 15)
[2021-04-05T01:33:40.974+0000][3999][gc,age      ] GC(14) Age table with threshold 15 (max threshold 15)
[2021-04-05T01:33:40.974+0000][3999][gc,age      ] GC(14) - age   1:   12745896 bytes,   12745896 total
[2021-04-05T01:33:40.974+0000][3999][gc,age      ] GC(14) - age   2:   21484192 bytes,   34230088 total
[2021-04-05T01:33:40.974+0000][3999][gc,age      ] GC(14) - age   3:    4197224 bytes,   38427312 total
[2021-04-05T01:33:40.974+0000][3999][gc,age      ] GC(14) - age   4:    8710128 bytes,   47137440 total
[2021-04-05T01:33:40.974+0000][3999][gc,phases   ] GC(14)   Pre Evacuate Collection Set: 0.2ms
[2021-04-05T01:33:40.974+0000][3999][gc,phases   ] GC(14)   Merge Heap Roots: 0.1ms
[2021-04-05T01:33:40.974+0000][3999][gc,phases   ] GC(14)   Evacuate Collection Set: 44.8ms
[2021-04-05T01:33:40.974+0000][3999][gc,phases   ] GC(14)   Post Evacuate Collection Set: 1.9ms
[2021-04-05T01:33:40.974+0000][3999][gc,phases   ] GC(14)   Other: 0.3ms
[2021-04-05T01:33:40.974+0000][3999][gc,heap     ] GC(14) Eden regions: 195->0(237)
[2021-04-05T01:33:40.974+0000][3999][gc,heap     ] GC(14) Survivor regions: 10->12(26)
[2021-04-05T01:33:40.974+0000][3999][gc,heap     ] GC(14) Old regions: 14->14
[2021-04-05T01:33:40.974+0000][3999][gc,heap     ] GC(14) Archive regions: 2->2
[2021-04-05T01:33:40.974+0000][3999][gc,heap     ] GC(14) Humongous regions: 2->2
[2021-04-05T01:33:40.974+0000][3999][gc,metaspace] GC(14) Metaspace: 109914K(114096K)->109914K(114096K) NonClass: 95242K(97968K)->95242K(97968K) Class: 14672K(16128K)->14672K(16128K)
[2021-04-05T01:33:40.974+0000][3999][gc          ] GC(14) Pause Young (Concurrent Start) (G1 Evacuation Pause) 885M->115M(3940M) 47.303ms
[2021-04-05T01:33:40.974+0000][3999][gc,cpu      ] GC(14) User=0.17s Sys=0.00s Real=0.05s
[2021-04-05T01:33:40.974+0000][3999][gc          ] GC(15) Concurrent Cycle
[2021-04-05T01:33:40.974+0000][3999][safepoint   ] Safepoint "G1CollectForAllocation", Time since last: 923311799 ns, Reaching safepoint: 107470 ns, At safepoint: 47399879 ns, Total: 47507349 ns
[2021-04-05T01:33:40.974+0000][3999][gc,marking  ] GC(15) Concurrent Clear Claimed Marks
[2021-04-05T01:33:40.974+0000][3999][gc,marking  ] GC(15) Concurrent Clear Claimed Marks 0.124ms
[2021-04-05T01:33:40.974+0000][3999][gc,marking  ] GC(15) Concurrent Scan Root Regions
[2021-04-05T01:33:41.031+0000][3999][gc,marking  ] GC(15) Concurrent Scan Root Regions 56.942ms
[2021-04-05T01:33:41.031+0000][3999][gc,marking  ] GC(15) Concurrent Mark (302.838s)
[2021-04-05T01:33:41.031+0000][3999][gc,marking  ] GC(15) Concurrent Mark From Roots
[2021-04-05T01:33:41.031+0000][3999][gc,task     ] GC(15) Using 1 workers of 1 for marking
[2021-04-05T01:33:41.160+0000][3999][gc,marking  ] GC(15) Concurrent Mark From Roots 128.507ms
[2021-04-05T01:33:41.160+0000][3999][gc,marking  ] GC(15) Concurrent Preclean
[2021-04-05T01:33:41.160+0000][3999][gc,marking  ] GC(15) Concurrent Preclean 0.264ms
[2021-04-05T01:33:41.160+0000][3999][gc,marking  ] GC(15) Concurrent Mark (302.838s, 302.967s) 128.827ms
[2021-04-05T01:33:41.160+0000][3999][gc,start    ] GC(15) Pause Remark
[2021-04-05T01:33:41.168+0000][3999][gc          ] GC(15) Pause Remark 132M->132M(3940M) 8.111ms
[2021-04-05T01:33:41.168+0000][3999][gc,cpu      ] GC(15) User=0.03s Sys=0.00s Real=0.00s
[2021-04-05T01:33:41.168+0000][3999][safepoint   ] Safepoint "G1Concurrent", Time since last: 185987663 ns, Reaching safepoint: 169954 ns, At safepoint: 8193022 ns, Total: 8362976 ns
[2021-04-05T01:33:41.168+0000][3999][gc,marking  ] GC(15) Concurrent Rebuild Remembered Sets
[2021-04-05T01:33:41.241+0000][3999][gc,marking  ] GC(15) Concurrent Rebuild Remembered Sets 73.206ms
[2021-04-05T01:33:41.242+0000][3999][gc,start    ] GC(15) Pause Cleanup
[2021-04-05T01:33:41.242+0000][3999][gc          ] GC(15) Pause Cleanup 132M->132M(3940M) 0.150ms
[2021-04-05T01:33:41.242+0000][3999][gc,cpu      ] GC(15) User=0.00s Sys=0.00s Real=0.00s
[2021-04-05T01:33:41.242+0000][3999][safepoint   ] Safepoint "G1Concurrent", Time since last: 73323899 ns, Reaching safepoint: 246655 ns, At safepoint: 212986 ns, Total: 459641 ns
[2021-04-05T01:33:41.242+0000][3999][gc,marking  ] GC(15) Concurrent Cleanup for Next Mark
[2021-04-05T01:33:41.247+0000][3999][gc,marking  ] GC(15) Concurrent Cleanup for Next Mark 5.246ms
[2021-04-05T01:33:41.247+0000][3999][gc          ] GC(15) Concurrent Cycle 273.467ms
[2021-04-05T01:33:42.242+0000][3999][safepoint   ] Safepoint "Cleanup", Time since last: 1000114810 ns, Reaching safepoint: 176397 ns, At safepoint: 13525 ns, Total: 189922 ns
[2021-04-05T01:33:43.243+0000][3999][safepoint   ] Safepoint "Cleanup", Time since last: 1000247426 ns, Reaching safepoint: 116216 ns, At safepoint: 6584 ns, Total: 122800 ns
[2021-04-05T01:33:44.243+0000][3999][safepoint   ] Safepoint "Cleanup", Time since last: 1000126713 ns, Reaching safepoint: 142509 ns, At safepoint: 10320 ns, Total: 152829 ns
[2021-04-05T01:33:47.243+0000][3999][safepoint   ] Safepoint "Cleanup", Time since last: 3000315043 ns, Reaching safepoint: 179099 ns, At safepoint: 12997 ns, Total: 192096 ns
[2021-04-05T01:33:50.244+0000][3999][safepoint   ] Safepoint "Cleanup", Time since last: 3000406122 ns, Reaching safepoint: 161270 ns, At safepoint: 13790 ns, Total: 175060 ns
[2021-04-05T01:33:52.244+0000][3999][safepoint   ] Safepoint "Cleanup", Time since last: 2000201176 ns, Reaching safepoint: 147312 ns, At safepoint: 9416 ns, Total: 156728 ns
[2021-04-05T01:33:53.245+0000][3999][safepoint   ] Safepoint "Cleanup", Time since last: 1000144908 ns, Reaching safepoint: 191309 ns, At safepoint: 14501 ns, Total: 205810 ns
[2021-04-05T01:33:54.245+0000][3999][safepoint   ] Safepoint "Cleanup", Time since last: 1000142792 ns, Reaching safepoint: 156388 ns, At safepoint: 11533 ns, Total: 167921 ns
[2021-04-05T01:33:56.245+0000][3999][safepoint   ] Safepoint "Cleanup", Time since last: 2000262977 ns, Reaching safepoint: 122170 ns, At safepoint: 8622 ns, Total: 130792 ns
[2021-04-05T01:33:57.246+0000][3999][safepoint   ] Safepoint "Cleanup", Time since last: 1000127713 ns, Reaching safepoint: 106714 ns, At safepoint: 7290 ns, Total: 114004 ns
[2021-04-05T01:33:58.246+0000][3999][safepoint   ] Safepoint "Cleanup", Time since last: 1000120651 ns, Reaching safepoint: 139558 ns, At safepoint: 10635 ns, Total: 150193 ns
[2021-04-05T01:33:59.246+0000][3999][safepoint   ] Safepoint "Cleanup", Time since last: 1000114147 ns, Reaching safepoint: 84051 ns, At safepoint: 5376 ns, Total: 89427 ns
[2021-04-05T01:34:02.247+0000][3999][safepoint   ] Safepoint "Cleanup", Time since last: 3000247117 ns, Reaching safepoint: 111314 ns, At safepoint: 5618 ns, Total: 116932 ns
[2021-04-05T01:34:05.247+0000][3999][safepoint   ] Safepoint "Cleanup", Time since last: 3000228939 ns, Reaching safepoint: 102096 ns, At safepoint: 7988 ns, Total: 110084 ns
[2021-04-05T01:34:06.247+0000][3999][safepoint   ] Safepoint "Cleanup", Time since last: 1000110018 ns, Reaching safepoint: 115404 ns, At safepoint: 9766 ns, Total: 125170 ns
[2021-04-05T01:34:07.247+0000][3999][safepoint   ] Safepoint "Cleanup", Time since last: 1000112783 ns, Reaching safepoint: 90307 ns, At safepoint: 6130 ns, Total: 96437 ns
[2021-04-05T01:34:08.248+0000][3999][safepoint   ] Safepoint "Cleanup", Time since last: 1000100691 ns, Reaching safepoint: 100509 ns, At safepoint: 8812 ns, Total: 109321 ns
[2021-04-05T01:34:09.248+0000][3999][safepoint   ] Safepoint "Cleanup", Time since last: 1000108141 ns, Reaching safepoint: 122203 ns, At safepoint: 9440 ns, Total: 131643 ns
[2021-04-05T01:34:10.248+0000][3999][safepoint   ] Safepoint "Cleanup", Time since last: 1000113752 ns, Reaching safepoint: 143975 ns, At safepoint: 9001 ns, Total: 152976 ns
[2021-04-05T01:34:11.249+0000][3999][safepoint   ] Safepoint "Cleanup", Time since last: 1000178038 ns, Reaching safepoint: 298702 ns, At safepoint: 26010 ns, Total: 324712 ns
[2021-04-05T01:34:12.249+0000][3999][safepoint   ] Safepoint "Cleanup", Time since last: 1000202547 ns, Reaching safepoint: 292097 ns, At safepoint: 12168 ns, Total: 304265 ns
[2021-04-05T01:34:14.250+0000][3999][safepoint   ] Safepoint "Cleanup", Time since last: 2000261423 ns, Reaching safepoint: 192944 ns, At safepoint: 18541 ns, Total: 211485 ns
[2021-04-05T01:34:15.250+0000][3999][safepoint   ] Safepoint "Cleanup", Time since last: 1000153488 ns, Reaching safepoint: 258735 ns, At safepoint: 19620 ns, Total: 278355 ns
[2021-04-05T01:34:17.250+0000][3999][safepoint   ] Safepoint "Cleanup", Time since last: 2000207681 ns, Reaching safepoint: 145532 ns, At safepoint: 10873 ns, Total: 156405 ns
[2021-04-05T01:34:18.251+0000][3999][safepoint   ] Safepoint "Cleanup", Time since last: 1000146056 ns, Reaching safepoint: 240487 ns, At safepoint: 18508 ns, Total: 258995 ns
[2021-04-05T01:34:20.252+0000][3999][safepoint   ] Safepoint "Cleanup", Time since last: 2000512729 ns, Reaching safepoint: 260660 ns, At safepoint: 32039 ns, Total: 292699 ns
[2021-04-05T01:34:24.252+0000][3999][safepoint   ] Safepoint "Cleanup", Time since last: 4000707539 ns, Reaching safepoint: 197375 ns, At safepoint: 12013 ns, Total: 209388 ns
[2021-04-05T01:34:26.253+0000][3999][safepoint   ] Safepoint "Cleanup", Time since last: 2000386605 ns, Reaching safepoint: 290404 ns, At safepoint: 21740 ns, Total: 312144 ns
[2021-04-05T01:34:27.254+0000][3999][safepoint   ] Safepoint "Cleanup", Time since last: 1000188806 ns, Reaching safepoint: 266529 ns, At safepoint: 17676 ns, Total: 284205 ns
[2021-04-05T01:34:29.254+0000][3999][safepoint   ] Safepoint "Cleanup", Time since last: 2000307800 ns, Reaching safepoint: 127634 ns, At safepoint: 6388 ns, Total: 134022 ns
[2021-04-05T01:34:30.254+0000][3999][safepoint   ] Safepoint "Cleanup", Time since last: 1000135240 ns, Reaching safepoint: 149146 ns, At safepoint: 6900 ns, Total: 156046 ns
[2021-04-05T01:34:32.255+0000][3999][safepoint   ] Safepoint "Cleanup", Time since last: 2000297361 ns, Reaching safepoint: 110185 ns, At safepoint: 6776 ns, Total: 116961 ns
[2021-04-05T01:34:37.256+0000][3999][safepoint   ] Safepoint "Cleanup", Time since last: 5000822115 ns, Reaching safepoint: 300493 ns, At safepoint: 23961 ns, Total: 324454 ns
[2021-04-05T01:34:39.257+0000][3999][safepoint   ] Safepoint "Cleanup", Time since last: 2000417962 ns, Reaching safepoint: 278156 ns, At safepoint: 21986 ns, Total: 300142 ns
[2021-04-05T01:34:41.257+0000][3999][safepoint   ] Safepoint "Cleanup", Time since last: 2000388463 ns, Reaching safepoint: 292975 ns, At safepoint: 20663 ns, Total: 313638 ns
[2021-04-05T01:34:42.258+0000][3999][safepoint   ] Safepoint "Cleanup", Time since last: 1000192293 ns, Reaching safepoint: 134875 ns, At safepoint: 9928 ns, Total: 144803 ns
[2021-04-05T01:34:44.258+0000][3999][safepoint   ] Safepoint "Cleanup", Time since last: 2000254708 ns, Reaching safepoint: 169647 ns, At safepoint: 13300 ns, Total: 182947 ns
[2021-04-05T01:34:47.259+0000][3999][safepoint   ] Safepoint "Cleanup", Time since last: 3000484676 ns, Reaching safepoint: 229970 ns, At safepoint: 16121 ns, Total: 246091 ns
[2021-04-05T01:34:50.260+0000][3999][safepoint   ] Safepoint "Cleanup", Time since last: 3000524109 ns, Reaching safepoint: 275165 ns, At safepoint: 18603 ns, Total: 293768 ns
[2021-04-05T01:34:52.260+0000][3999][safepoint   ] Safepoint "Cleanup", Time since last: 2000293034 ns, Reaching safepoint: 246706 ns, At safepoint: 16193 ns, Total: 262899 ns
[2021-04-05T01:34:53.261+0000][3999][safepoint   ] Safepoint "Cleanup", Time since last: 1000156657 ns, Reaching safepoint: 133226 ns, At safepoint: 7632 ns, Total: 140858 ns
[2021-04-05T01:34:54.261+0000][3999][safepoint   ] Safepoint "Cleanup", Time since last: 1000173161 ns, Reaching safepoint: 239557 ns, At safepoint: 15332 ns, Total: 254889 ns
[2021-04-05T01:34:55.262+0000][3999][safepoint   ] Safepoint "Cleanup", Time since last: 1000222949 ns, Reaching safepoint: 322680 ns, At safepoint: 17751 ns, Total: 340431 ns
[2021-04-05T01:34:57.262+0000][3999][safepoint   ] Safepoint "Cleanup", Time since last: 2000343707 ns, Reaching safepoint: 241337 ns, At safepoint: 16663 ns, Total: 258000 ns
[2021-04-05T01:34:58.262+0000][3999][safepoint   ] Safepoint "Cleanup", Time since last: 1000166366 ns, Reaching safepoint: 96592 ns, At safepoint: 7829 ns, Total: 104421 ns
[2021-04-05T01:34:59.263+0000][3999][safepoint   ] Safepoint "Cleanup", Time since last: 1000275858 ns, Reaching safepoint: 287233 ns, At safepoint: 20082 ns, Total: 307315 ns
[2021-04-05T01:35:02.264+0000][3999][safepoint   ] Safepoint "Cleanup", Time since last: 3000483252 ns, Reaching safepoint: 110391 ns, At safepoint: 6224 ns, Total: 116615 ns
[2021-04-05T01:35:03.264+0000][3999][safepoint   ] Safepoint "Cleanup", Time since last: 1000197350 ns, Reaching safepoint: 237763 ns, At safepoint: 22602 ns, Total: 260365 ns
[2021-04-05T01:35:05.265+0000][3999][safepoint   ] Safepoint "Cleanup", Time since last: 2000390548 ns, Reaching safepoint: 250002 ns, At safepoint: 19405 ns, Total: 269407 ns
[2021-04-05T01:35:06.265+0000][3999][safepoint   ] Safepoint "Cleanup", Time since last: 1000241220 ns, Reaching safepoint: 253089 ns, At safepoint: 21244 ns, Total: 274333 ns
[2021-04-05T01:35:07.266+0000][3999][safepoint   ] Safepoint "Cleanup", Time since last: 1000207926 ns, Reaching safepoint: 173800 ns, At safepoint: 13955 ns, Total: 187755 ns
[2021-04-05T01:35:08.266+0000][3999][safepoint   ] Safepoint "Cleanup", Time since last: 1000167967 ns, Reaching safepoint: 239485 ns, At safepoint: 15348 ns, Total: 254833 ns
[2021-04-05T01:35:12.267+0000][3999][safepoint   ] Safepoint "Cleanup", Time since last: 4000725105 ns, Reaching safepoint: 133855 ns, At safepoint: 6415 ns, Total: 140270 ns
[2021-04-05T01:35:14.267+0000][3999][safepoint   ] Safepoint "Cleanup", Time since last: 2000251564 ns, Reaching safepoint: 287795 ns, At safepoint: 17425 ns, Total: 305220 ns
[2021-04-05T01:35:16.268+0000][3999][safepoint   ] Safepoint "Cleanup", Time since last: 2000342591 ns, Reaching safepoint: 242184 ns, At safepoint: 20628 ns, Total: 262812 ns
[2021-04-05T01:35:17.268+0000][3999][safepoint   ] Safepoint "Cleanup", Time since last: 1000177005 ns, Reaching safepoint: 154341 ns, At safepoint: 10387 ns, Total: 164728 ns
[2021-04-05T01:35:18.269+0000][3999][safepoint   ] Safepoint "Cleanup", Time since last: 1000296453 ns, Reaching safepoint: 255164 ns, At safepoint: 21139 ns, Total: 276303 ns
[2021-04-05T01:35:20.270+0000][3999][safepoint   ] Safepoint "Cleanup", Time since last: 2000314969 ns, Reaching safepoint: 233975 ns, At safepoint: 21711 ns, Total: 255686 ns
[2021-04-05T01:35:22.270+0000][3999][safepoint   ] Safepoint "Cleanup", Time since last: 2000563376 ns, Reaching safepoint: 292161 ns, At safepoint: 8755 ns, Total: 300916 ns
[2021-04-05T01:35:23.271+0000][3999][safepoint   ] Safepoint "Cleanup", Time since last: 1000420726 ns, Reaching safepoint: 182362 ns, At safepoint: 11571 ns, Total: 193933 ns
[2021-04-05T01:35:24.271+0000][3999][safepoint   ] Safepoint "Cleanup", Time since last: 1000177818 ns, Reaching safepoint: 238920 ns, At safepoint: 16219 ns, Total: 255139 ns
[2021-04-05T01:35:26.272+0000][3999][safepoint   ] Safepoint "Cleanup", Time since last: 2000335160 ns, Reaching safepoint: 272690 ns, At safepoint: 19220 ns, Total: 291910 ns
[2021-04-05T01:35:27.273+0000][3999][safepoint   ] Safepoint "Cleanup", Time since last: 1000175670 ns, Reaching safepoint: 266322 ns, At safepoint: 15494 ns, Total: 281816 ns
[2021-04-05T01:35:28.273+0000][3999][safepoint   ] Safepoint "Cleanup", Time since last: 1000180779 ns, Reaching safepoint: 287700 ns, At safepoint: 21019 ns, Total: 308719 ns
[2021-04-05T01:35:29.274+0000][3999][safepoint   ] Safepoint "Cleanup", Time since last: 1000444953 ns, Reaching safepoint: 252391 ns, At safepoint: 11657 ns, Total: 264048 ns
[2021-04-05T01:35:30.274+0000][3999][safepoint   ] Safepoint "Cleanup", Time since last: 1000153586 ns, Reaching safepoint: 197874 ns, At safepoint: 11176 ns, Total: 209050 ns
[2021-04-05T01:35:31.275+0000][3999][safepoint   ] Safepoint "Cleanup", Time since last: 1000245310 ns, Reaching safepoint: 253355 ns, At safepoint: 20518 ns, Total: 273873 ns
[2021-04-05T01:35:32.275+0000][3999][safepoint   ] Safepoint "Cleanup", Time since last: 1000223129 ns, Reaching safepoint: 273407 ns, At safepoint: 23179 ns, Total: 296586 ns
[2021-04-05T01:35:33.276+0000][3999][safepoint   ] Safepoint "Cleanup", Time since last: 1000242402 ns, Reaching safepoint: 279483 ns, At safepoint: 16021 ns, Total: 295504 ns
[2021-04-05T01:35:39.277+0000][3999][safepoint   ] Safepoint "Cleanup", Time since last: 6000913055 ns, Reaching safepoint: 279366 ns, At safepoint: 20899 ns, Total: 300265 ns
[2021-04-05T01:35:41.278+0000][3999][safepoint   ] Safepoint "Cleanup", Time since last: 2000399046 ns, Reaching safepoint: 269418 ns, At safepoint: 19716 ns, Total: 289134 ns
[2021-04-05T01:35:42.278+0000][3999][safepoint   ] Safepoint "Cleanup", Time since last: 1000219439 ns, Reaching safepoint: 198812 ns, At safepoint: 11328 ns, Total: 210140 ns
[2021-04-05T01:35:51.280+0000][3999][safepoint   ] Safepoint "Cleanup", Time since last: 9001454629 ns, Reaching safepoint: 349916 ns, At safepoint: 19390 ns, Total: 369306 ns
[2021-04-05T01:35:52.280+0000][3999][safepoint   ] Safepoint "Cleanup", Time since last: 1000254894 ns, Reaching safepoint: 277417 ns, At safepoint: 21951 ns, Total: 299368 ns
[2021-04-05T01:35:53.281+0000][3999][safepoint   ] Safepoint "Cleanup", Time since last: 1000198089 ns, Reaching safepoint: 252228 ns, At safepoint: 20399 ns, Total: 272627 ns
[2021-04-05T01:35:54.850+0000][3999][safepoint   ] Safepoint "Cleanup", Time since last: 1568883446 ns, Reaching safepoint: 331548 ns, At safepoint: 19791 ns, Total: 351339 ns
[2021-04-05T01:35:55.851+0000][3999][safepoint   ] Safepoint "Cleanup", Time since last: 1000223920 ns, Reaching safepoint: 251452 ns, At safepoint: 17215 ns, Total: 268667 ns
[2021-04-05T01:35:56.851+0000][3999][safepoint   ] Safepoint "Cleanup", Time since last: 1000258480 ns, Reaching safepoint: 288954 ns, At safepoint: 11742 ns, Total: 300696 ns
[2021-04-05T01:35:58.765+0000][3999][safepoint   ] Safepoint "Cleanup", Time since last: 1913489408 ns, Reaching safepoint: 290065 ns, At safepoint: 17376 ns, Total: 307441 ns
[2021-04-05T01:35:59.766+0000][3999][safepoint   ] Safepoint "Cleanup", Time since last: 1000445693 ns, Reaching safepoint: 261114 ns, At safepoint: 22077 ns, Total: 283191 ns
[2021-04-05T01:36:00.766+0000][3999][safepoint   ] Safepoint "Cleanup", Time since last: 1000184800 ns, Reaching safepoint: 267303 ns, At safepoint: 17581 ns, Total: 284884 ns
[2021-04-05T01:36:01.768+0000][3999][safepoint   ] Safepoint "Cleanup", Time since last: 1001485479 ns, Reaching safepoint: 293135 ns, At safepoint: 15122 ns, Total: 308257 ns
[2021-04-05T01:36:02.774+0000][3999][safepoint   ] Safepoint "Cleanup", Time since last: 1005557026 ns, Reaching safepoint: 359543 ns, At safepoint: 18198 ns, Total: 377741 ns
[2021-04-05T01:36:03.775+0000][3999][safepoint   ] Safepoint "Cleanup", Time since last: 1000491132 ns, Reaching safepoint: 287561 ns, At safepoint: 18057 ns, Total: 305618 ns
[2021-04-05T01:36:04.775+0000][3999][safepoint   ] Safepoint "Cleanup", Time since last: 1000164648 ns, Reaching safepoint: 195315 ns, At safepoint: 21300 ns, Total: 216615 ns
[2021-04-05T01:36:05.776+0000][3999][safepoint   ] Safepoint "Cleanup", Time since last: 1000162006 ns, Reaching safepoint: 328171 ns, At safepoint: 23389 ns, Total: 351560 ns
[2021-04-05T01:36:06.776+0000][3999][safepoint   ] Safepoint "Cleanup", Time since last: 1000176843 ns, Reaching safepoint: 252033 ns, At safepoint: 15667 ns, Total: 267700 ns
[2021-04-05T01:36:07.776+0000][3999][safepoint   ] Safepoint "Cleanup", Time since last: 1000141872 ns, Reaching safepoint: 114136 ns, At safepoint: 7291 ns, Total: 121427 ns
[2021-04-05T01:36:08.777+0000][3999][safepoint   ] Safepoint "Cleanup", Time since last: 1000135145 ns, Reaching safepoint: 145540 ns, At safepoint: 11953 ns, Total: 157493 ns
[2021-04-05T01:36:10.777+0000][3999][safepoint   ] Safepoint "Cleanup", Time since last: 2000286562 ns, Reaching safepoint: 141437 ns, At safepoint: 7490 ns, Total: 148927 ns
[2021-04-05T01:36:12.777+0000][3999][safepoint   ] Safepoint "Cleanup", Time since last: 2000221762 ns, Reaching safepoint: 109056 ns, At safepoint: 9019 ns, Total: 118075 ns
[2021-04-05T01:36:13.778+0000][3999][safepoint   ] Safepoint "Cleanup", Time since last: 1000153659 ns, Reaching safepoint: 186713 ns, At safepoint: 12364 ns, Total: 199077 ns
[2021-04-05T01:36:16.778+0000][3999][safepoint   ] Safepoint "Cleanup", Time since last: 3000505357 ns, Reaching safepoint: 175296 ns, At safepoint: 10499 ns, Total: 185795 ns
[2021-04-05T01:36:17.779+0000][3999][safepoint   ] Safepoint "Cleanup", Time since last: 1000245669 ns, Reaching safepoint: 332686 ns, At safepoint: 19982 ns, Total: 352668 ns
[2021-04-05T01:36:19.779+0000][3999][safepoint   ] Safepoint "Cleanup", Time since last: 2000217293 ns, Reaching safepoint: 139990 ns, At safepoint: 6513 ns, Total: 146503 ns
[2021-04-05T01:36:20.780+0000][3999][safepoint   ] Safepoint "Cleanup", Time since last: 1000139297 ns, Reaching safepoint: 225270 ns, At safepoint: 15326 ns, Total: 240596 ns
[2021-04-05T01:36:22.780+0000][3999][safepoint   ] Safepoint "Cleanup", Time since last: 2000287471 ns, Reaching safepoint: 103127 ns, At safepoint: 8892 ns, Total: 112019 ns
[2021-04-05T01:36:23.781+0000][3999][safepoint   ] Safepoint "Cleanup", Time since last: 1000144752 ns, Reaching safepoint: 238362 ns, At safepoint: 19966 ns, Total: 258328 ns
[2021-04-05T01:36:25.781+0000][3999][safepoint   ] Safepoint "Cleanup", Time since last: 2000312841 ns, Reaching safepoint: 121934 ns, At safepoint: 7009 ns, Total: 128943 ns
[2021-04-05T01:36:27.781+0000][3999][safepoint   ] Safepoint "Cleanup", Time since last: 2000211435 ns, Reaching safepoint: 168075 ns, At safepoint: 16185 ns, Total: 184260 ns
[2021-04-05T01:36:28.782+0000][3999][safepoint   ] Safepoint "Cleanup", Time since last: 1000133916 ns, Reaching safepoint: 200177 ns, At safepoint: 22892 ns, Total: 223069 ns
[2021-04-05T01:36:29.955+0000][3999][safepoint   ] Safepoint "Cleanup", Time since last: 1172715852 ns, Reaching safepoint: 313637 ns, At safepoint: 27569 ns, Total: 341206 ns
[2021-04-05T01:36:30.955+0000][3999][safepoint   ] Safepoint "Cleanup", Time since last: 1000223858 ns, Reaching safepoint: 269990 ns, At safepoint: 20097 ns, Total: 290087 ns
[2021-04-05T01:36:31.956+0000][3999][safepoint   ] Safepoint "Cleanup", Time since last: 1000186979 ns, Reaching safepoint: 98792 ns, At safepoint: 3936 ns, Total: 102728 ns
[2021-04-05T01:36:32.956+0000][3999][safepoint   ] Safepoint "Cleanup", Time since last: 1000202966 ns, Reaching safepoint: 286263 ns, At safepoint: 19816 ns, Total: 306079 ns
[2021-04-05T01:36:37.957+0000][3999][safepoint   ] Safepoint "Cleanup", Time since last: 5000726561 ns, Reaching safepoint: 182881 ns, At safepoint: 16791 ns, Total: 199672 ns
[2021-04-05T01:36:40.957+0000][3999][safepoint   ] Safepoint "Cleanup", Time since last: 3000308531 ns, Reaching safepoint: 100859 ns, At safepoint: 8356 ns, Total: 109215 ns
[2021-04-05T01:36:41.958+0000][3999][safepoint   ] Safepoint "Cleanup", Time since last: 1000283209 ns, Reaching safepoint: 311023 ns, At safepoint: 15873 ns, Total: 326896 ns
[2021-04-05T01:36:49.960+0000][3999][safepoint   ] Safepoint "Cleanup", Time since last: 8001375987 ns, Reaching safepoint: 307323 ns, At safepoint: 18884 ns, Total: 326207 ns
[2021-04-05T01:36:52.961+0000][3999][safepoint   ] Safepoint "Cleanup", Time since last: 3000565024 ns, Reaching safepoint: 341295 ns, At safepoint: 18090 ns, Total: 359385 ns
[2021-04-05T01:36:53.961+0000][3999][safepoint   ] Safepoint "Cleanup", Time since last: 1000507215 ns, Reaching safepoint: 279948 ns, At safepoint: 22844 ns, Total: 302792 ns
[2021-04-05T01:36:55.962+0000][3999][safepoint   ] Safepoint "Cleanup", Time since last: 2000343438 ns, Reaching safepoint: 288800 ns, At safepoint: 22562 ns, Total: 311362 ns
[2021-04-05T01:36:57.963+0000][3999][safepoint   ] Safepoint "Cleanup", Time since last: 2000297877 ns, Reaching safepoint: 197749 ns, At safepoint: 12906 ns, Total: 210655 ns
[2021-04-05T01:37:01.964+0000][3999][safepoint   ] Safepoint "Cleanup", Time since last: 4000737645 ns, Reaching safepoint: 274779 ns, At safepoint: 14850 ns, Total: 289629 ns
[2021-04-05T01:37:04.964+0000][3999][safepoint   ] Safepoint "Cleanup", Time since last: 3000569560 ns, Reaching safepoint: 110704 ns, At safepoint: 5475 ns, Total: 116179 ns
[2021-04-05T01:37:05.965+0000][3999][safepoint   ] Safepoint "Cleanup", Time since last: 1000146117 ns, Reaching safepoint: 237415 ns, At safepoint: 14333 ns, Total: 251748 ns
[2021-04-05T01:37:13.966+0000][3999][safepoint   ] Safepoint "Cleanup", Time since last: 8001022436 ns, Reaching safepoint: 187275 ns, At safepoint: 8961 ns, Total: 196236 ns
[2021-04-05T01:37:14.966+0000][3999][safepoint   ] Safepoint "Cleanup", Time since last: 1000156543 ns, Reaching safepoint: 123986 ns, At safepoint: 7142 ns, Total: 131128 ns
[2021-04-05T01:37:16.967+0000][3999][safepoint   ] Safepoint "Cleanup", Time since last: 2000377682 ns, Reaching safepoint: 191860 ns, At safepoint: 11234 ns, Total: 203094 ns
[2021-04-05T01:37:17.967+0000][3999][safepoint   ] Safepoint "Cleanup", Time since last: 1000149396 ns, Reaching safepoint: 292469 ns, At safepoint: 17621 ns, Total: 310090 ns
[2021-04-05T01:37:18.968+0000][3999][safepoint   ] Safepoint "Cleanup", Time since last: 1000214101 ns, Reaching safepoint: 326397 ns, At safepoint: 17155 ns, Total: 343552 ns
[2021-04-05T01:37:22.969+0000][3999][safepoint   ] Safepoint "Cleanup", Time since last: 4000651428 ns, Reaching safepoint: 109419 ns, At safepoint: 7379 ns, Total: 116798 ns
[2021-04-05T01:37:23.969+0000][3999][safepoint   ] Safepoint "Cleanup", Time since last: 1000166680 ns, Reaching safepoint: 265325 ns, At safepoint: 16694 ns, Total: 282019 ns
[2021-04-05T01:37:25.970+0000][3999][safepoint   ] Safepoint "Cleanup", Time since last: 2000286714 ns, Reaching safepoint: 272753 ns, At safepoint: 16689 ns, Total: 289442 ns
[2021-04-05T01:37:26.970+0000][3999][safepoint   ] Safepoint "Cleanup", Time since last: 1000161151 ns, Reaching safepoint: 110731 ns, At safepoint: 7977 ns, Total: 118708 ns
[2021-04-05T01:37:28.970+0000][3999][safepoint   ] Safepoint "Cleanup", Time since last: 2000249192 ns, Reaching safepoint: 122752 ns, At safepoint: 6126 ns, Total: 128878 ns
[2021-04-05T01:37:29.971+0000][3999][safepoint   ] Safepoint "Cleanup", Time since last: 1000156196 ns, Reaching safepoint: 259942 ns, At safepoint: 16098 ns, Total: 276040 ns
[2021-04-05T01:37:31.971+0000][3999][safepoint   ] Safepoint "Cleanup", Time since last: 2000306611 ns, Reaching safepoint: 182841 ns, At safepoint: 22520 ns, Total: 205361 ns
[2021-04-05T01:37:37.972+0000][3999][safepoint   ] Safepoint "Cleanup", Time since last: 6000905255 ns, Reaching safepoint: 307794 ns, At safepoint: 20969 ns, Total: 328763 ns
[2021-04-05T01:37:40.973+0000][3999][safepoint   ] Safepoint "Cleanup", Time since last: 3000446721 ns, Reaching safepoint: 177672 ns, At safepoint: 10857 ns, Total: 188529 ns
[2021-04-05T01:37:49.975+0000][3999][safepoint   ] Safepoint "Cleanup", Time since last: 9001381292 ns, Reaching safepoint: 276587 ns, At safepoint: 19706 ns, Total: 296293 ns
[2021-04-05T01:37:51.975+0000][3999][safepoint   ] Safepoint "Cleanup", Time since last: 2000361331 ns, Reaching safepoint: 274406 ns, At safepoint: 21094 ns, Total: 295500 ns
[2021-04-05T01:37:52.783+0000][3999][gc,start    ] GC(16) Pause Young (Normal) (G1 Evacuation Pause)
[2021-04-05T01:37:52.783+0000][3999][gc,task     ] GC(16) Using 4 workers of 4 for evacuation
[2021-04-05T01:37:52.783+0000][3999][gc,age      ] GC(16) Desired survivor size 65011712 bytes, new threshold 15 (max threshold 15)
[2021-04-05T01:37:52.830+0000][3999][gc,age      ] GC(16) Age table with threshold 15 (max threshold 15)
[2021-04-05T01:37:52.830+0000][3999][gc,age      ] GC(16) - age   1:    4207888 bytes,    4207888 total
[2021-04-05T01:37:52.830+0000][3999][gc,age      ] GC(16) - age   2:    9501080 bytes,   13708968 total
[2021-04-05T01:37:52.830+0000][3999][gc,age      ] GC(16) - age   3:   21282680 bytes,   34991648 total
[2021-04-05T01:37:52.830+0000][3999][gc,age      ] GC(16) - age   4:    4196520 bytes,   39188168 total
[2021-04-05T01:37:52.830+0000][3999][gc,age      ] GC(16) - age   5:    8683432 bytes,   47871600 total
[2021-04-05T01:37:52.830+0000][3999][gc,phases   ] GC(16)   Pre Evacuate Collection Set: 0.2ms
[2021-04-05T01:37:52.830+0000][3999][gc,phases   ] GC(16)   Merge Heap Roots: 0.2ms
[2021-04-05T01:37:52.830+0000][3999][gc,phases   ] GC(16)   Evacuate Collection Set: 44.5ms
[2021-04-05T01:37:52.830+0000][3999][gc,phases   ] GC(16)   Post Evacuate Collection Set: 1.7ms
[2021-04-05T01:37:52.830+0000][3999][gc,phases   ] GC(16)   Other: 0.3ms
[2021-04-05T01:37:52.830+0000][3999][gc,heap     ] GC(16) Eden regions: 230->0(578)
[2021-04-05T01:37:52.830+0000][3999][gc,heap     ] GC(16) Survivor regions: 12->13(31)
[2021-04-05T01:37:52.830+0000][3999][gc,heap     ] GC(16) Old regions: 14->14
[2021-04-05T01:37:52.830+0000][3999][gc,heap     ] GC(16) Archive regions: 2->2
[2021-04-05T01:37:52.830+0000][3999][gc,heap     ] GC(16) Humongous regions: 2->2
[2021-04-05T01:37:52.830+0000][3999][gc,metaspace] GC(16) Metaspace: 111394K(115632K)->111394K(115632K) NonClass: 96713K(99504K)->96713K(99504K) Class: 14681K(16128K)->14681K(16128K)
[2021-04-05T01:37:52.830+0000][3999][gc          ] GC(16) Pause Young (Normal) (G1 Evacuation Pause) 1035M->118M(3940M) 46.905ms
[2021-04-05T01:37:52.830+0000][3999][gc,cpu      ] GC(16) User=0.19s Sys=0.00s Real=0.04s
[2021-04-05T01:37:52.830+0000][3999][safepoint   ] Safepoint "G1CollectForAllocation", Time since last: 807594161 ns, Reaching safepoint: 163144 ns, At safepoint: 47011654 ns, Total: 47174798 ns
[2021-04-05T01:37:53.831+0000][3999][safepoint   ] Safepoint "Cleanup", Time since last: 1000147786 ns, Reaching safepoint: 289607 ns, At safepoint: 24738 ns, Total: 314345 ns
[2021-04-05T01:37:54.831+0000][3999][safepoint   ] Safepoint "Cleanup", Time since last: 1000229443 ns, Reaching safepoint: 307369 ns, At safepoint: 24157 ns, Total: 331526 ns
[2021-04-05T01:37:55.832+0000][3999][safepoint   ] Safepoint "Cleanup", Time since last: 1000230850 ns, Reaching safepoint: 277354 ns, At safepoint: 21144 ns, Total: 298498 ns
[2021-04-05T01:37:58.832+0000][3999][safepoint   ] Safepoint "Cleanup", Time since last: 3000520372 ns, Reaching safepoint: 167985 ns, At safepoint: 8788 ns, Total: 176773 ns
[2021-04-05T01:38:01.833+0000][3999][safepoint   ] Safepoint "Cleanup", Time since last: 3000552801 ns, Reaching safepoint: 228024 ns, At safepoint: 13461 ns, Total: 241485 ns
[2021-04-05T01:38:02.834+0000][3999][safepoint   ] Safepoint "Cleanup", Time since last: 1000227957 ns, Reaching safepoint: 290479 ns, At safepoint: 22262 ns, Total: 312741 ns
[2021-04-05T01:38:03.834+0000][3999][safepoint   ] Safepoint "Cleanup", Time since last: 1000237150 ns, Reaching safepoint: 263254 ns, At safepoint: 21340 ns, Total: 284594 ns
[2021-04-05T01:38:04.835+0000][3999][safepoint   ] Safepoint "Cleanup", Time since last: 1000153841 ns, Reaching safepoint: 133546 ns, At safepoint: 6203 ns, Total: 139749 ns
[2021-04-05T01:38:05.835+0000][3999][safepoint   ] Safepoint "Cleanup", Time since last: 1000204707 ns, Reaching safepoint: 370419 ns, At safepoint: 22922 ns, Total: 393341 ns
[2021-04-05T01:38:06.836+0000][3999][safepoint   ] Safepoint "Cleanup", Time since last: 1000208708 ns, Reaching safepoint: 218009 ns, At safepoint: 12676 ns, Total: 230685 ns
[2021-04-05T01:38:07.836+0000][3999][safepoint   ] Safepoint "Cleanup", Time since last: 1000235545 ns, Reaching safepoint: 269257 ns, At safepoint: 19855 ns, Total: 289112 ns
[2021-04-05T01:38:09.837+0000][3999][safepoint   ] Safepoint "Cleanup", Time since last: 2000416424 ns, Reaching safepoint: 281174 ns, At safepoint: 19044 ns, Total: 300218 ns
[2021-04-05T01:38:16.838+0000][3999][safepoint   ] Safepoint "Cleanup", Time since last: 7000971334 ns, Reaching safepoint: 102101 ns, At safepoint: 7605 ns, Total: 109706 ns
[2021-04-05T01:38:17.838+0000][3999][safepoint   ] Safepoint "Cleanup", Time since last: 1000148422 ns, Reaching safepoint: 140037 ns, At safepoint: 10178 ns, Total: 150215 ns
[2021-04-05T01:38:23.840+0000][3999][safepoint   ] Safepoint "Cleanup", Time since last: 6001080222 ns, Reaching safepoint: 271429 ns, At safepoint: 18924 ns, Total: 290353 ns
[2021-04-05T01:38:25.840+0000][3999][safepoint   ] Safepoint "Cleanup", Time since last: 2000374561 ns, Reaching safepoint: 145014 ns, At safepoint: 21580 ns, Total: 166594 ns
[2021-04-05T01:38:26.841+0000][3999][safepoint   ] Safepoint "Cleanup", Time since last: 1000220185 ns, Reaching safepoint: 294175 ns, At safepoint: 19535 ns, Total: 313710 ns
[2021-04-05T01:38:27.841+0000][3999][safepoint   ] Safepoint "Cleanup", Time since last: 1000176674 ns, Reaching safepoint: 121694 ns, At safepoint: 7304 ns, Total: 128998 ns
[2021-04-05T01:38:28.841+0000][3999][safepoint   ] Safepoint "Cleanup", Time since last: 1000179085 ns, Reaching safepoint: 234109 ns, At safepoint: 12541 ns, Total: 246650 ns
[2021-04-05T01:38:29.842+0000][3999][safepoint   ] Safepoint "Cleanup", Time since last: 1000225972 ns, Reaching safepoint: 278148 ns, At safepoint: 22692 ns, Total: 300840 ns
[2021-04-05T01:38:31.843+0000][3999][safepoint   ] Safepoint "Cleanup", Time since last: 2000281494 ns, Reaching safepoint: 265043 ns, At safepoint: 25895 ns, Total: 290938 ns
[2021-04-05T01:38:34.843+0000][3999][safepoint   ] Safepoint "Cleanup", Time since last: 3000393091 ns, Reaching safepoint: 124491 ns, At safepoint: 8377 ns, Total: 132868 ns
[2021-04-05T01:38:40.844+0000][3999][safepoint   ] Safepoint "Cleanup", Time since last: 6000793163 ns, Reaching safepoint: 96955 ns, At safepoint: 9591 ns, Total: 106546 ns
[2021-04-05T01:38:41.844+0000][3999][safepoint   ] Safepoint "Cleanup", Time since last: 1000136502 ns, Reaching safepoint: 296105 ns, At safepoint: 25122 ns, Total: 321227 ns
[2021-04-05T01:38:43.845+0000][3999][safepoint   ] Safepoint "Cleanup", Time since last: 2000406188 ns, Reaching safepoint: 261109 ns, At safepoint: 17435 ns, Total: 278544 ns
[2021-04-05T01:38:49.846+0000][3999][safepoint   ] Safepoint "Cleanup", Time since last: 6001095197 ns, Reaching safepoint: 213143 ns, At safepoint: 13487 ns, Total: 226630 ns
[2021-04-05T01:38:50.847+0000][3999][safepoint   ] Safepoint "Cleanup", Time since last: 1000254524 ns, Reaching safepoint: 277663 ns, At safepoint: 25208 ns, Total: 302871 ns
[2021-04-05T01:38:52.848+0000][3999][safepoint   ] Safepoint "Cleanup", Time since last: 2000393042 ns, Reaching safepoint: 196575 ns, At safepoint: 15994 ns, Total: 212569 ns
[2021-04-05T01:38:53.848+0000][3999][safepoint   ] Safepoint "Cleanup", Time since last: 1000217646 ns, Reaching safepoint: 317554 ns, At safepoint: 22592 ns, Total: 340146 ns
[2021-04-05T01:38:55.849+0000][3999][safepoint   ] Safepoint "Cleanup", Time since last: 2000428906 ns, Reaching safepoint: 334128 ns, At safepoint: 22597 ns, Total: 356725 ns
[2021-04-05T01:38:57.850+0000][3999][safepoint   ] Safepoint "Cleanup", Time since last: 2000345595 ns, Reaching safepoint: 207387 ns, At safepoint: 10825 ns, Total: 218212 ns
[2021-04-05T01:38:58.850+0000][3999][safepoint   ] Safepoint "Cleanup", Time since last: 1000223474 ns, Reaching safepoint: 288373 ns, At safepoint: 20943 ns, Total: 309316 ns
[2021-04-05T01:39:00.851+0000][3999][safepoint   ] Safepoint "Cleanup", Time since last: 2000316521 ns, Reaching safepoint: 146117 ns, At safepoint: 9806 ns, Total: 155923 ns
[2021-04-05T01:39:01.851+0000][3999][safepoint   ] Safepoint "Cleanup", Time since last: 1000225030 ns, Reaching safepoint: 242886 ns, At safepoint: 13861 ns, Total: 256747 ns
[2021-04-05T01:39:02.852+0000][3999][safepoint   ] Safepoint "Cleanup", Time since last: 1000241169 ns, Reaching safepoint: 273680 ns, At safepoint: 20311 ns, Total: 293991 ns
[2021-04-05T01:39:04.852+0000][3999][safepoint   ] Safepoint "Cleanup", Time since last: 2000352313 ns, Reaching safepoint: 106194 ns, At safepoint: 4754 ns, Total: 110948 ns
[2021-04-05T01:39:05.853+0000][3999][safepoint   ] Safepoint "Cleanup", Time since last: 1000212994 ns, Reaching safepoint: 268062 ns, At safepoint: 23419 ns, Total: 291481 ns
[2021-04-05T01:39:07.853+0000][3999][safepoint   ] Safepoint "Cleanup", Time since last: 2000278316 ns, Reaching safepoint: 198514 ns, At safepoint: 16463 ns, Total: 214977 ns
[2021-04-05T01:39:10.854+0000][3999][safepoint   ] Safepoint "Cleanup", Time since last: 3000505837 ns, Reaching safepoint: 202652 ns, At safepoint: 14316 ns, Total: 216968 ns
[2021-04-05T01:39:12.854+0000][3999][safepoint   ] Safepoint "Cleanup", Time since last: 2000340210 ns, Reaching safepoint: 281303 ns, At safepoint: 22902 ns, Total: 304205 ns
[2021-04-05T01:39:13.855+0000][3999][safepoint   ] Safepoint "Cleanup", Time since last: 1000270882 ns, Reaching safepoint: 309953 ns, At safepoint: 19816 ns, Total: 329769 ns
[2021-04-05T01:39:14.855+0000][3999][safepoint   ] Safepoint "Cleanup", Time since last: 1000208504 ns, Reaching safepoint: 218102 ns, At safepoint: 19088 ns, Total: 237190 ns
[2021-04-05T01:39:16.856+0000][3999][safepoint   ] Safepoint "Cleanup", Time since last: 2000250630 ns, Reaching safepoint: 240508 ns, At safepoint: 14113 ns, Total: 254621 ns
[2021-04-05T01:39:17.856+0000][3999][safepoint   ] Safepoint "Cleanup", Time since last: 1000193012 ns, Reaching safepoint: 280546 ns, At safepoint: 16262 ns, Total: 296808 ns
[2021-04-05T01:39:19.857+0000][3999][safepoint   ] Safepoint "Cleanup", Time since last: 2000281549 ns, Reaching safepoint: 205073 ns, At safepoint: 11919 ns, Total: 216992 ns
[2021-04-05T01:39:20.857+0000][3999][safepoint   ] Safepoint "Cleanup", Time since last: 1000177888 ns, Reaching safepoint: 295034 ns, At safepoint: 16445 ns, Total: 311479 ns
[2021-04-05T01:39:21.859+0000][3999][safepoint   ] Safepoint "Cleanup", Time since last: 1000454306 ns, Reaching safepoint: 634712 ns, At safepoint: 28903 ns, Total: 663615 ns
[2021-04-05T01:39:22.859+0000][3999][safepoint   ] Safepoint "Cleanup", Time since last: 1000258816 ns, Reaching safepoint: 194102 ns, At safepoint: 15600 ns, Total: 209702 ns
[2021-04-05T01:39:25.860+0000][3999][safepoint   ] Safepoint "Cleanup", Time since last: 3000501075 ns, Reaching safepoint: 272859 ns, At safepoint: 19259 ns, Total: 292118 ns
[2021-04-05T01:39:26.860+0000][3999][safepoint   ] Safepoint "Cleanup", Time since last: 1000199227 ns, Reaching safepoint: 222790 ns, At safepoint: 20265 ns, Total: 243055 ns
[2021-04-05T01:39:28.861+0000][3999][safepoint   ] Safepoint "Cleanup", Time since last: 2000610263 ns, Reaching safepoint: 159208 ns, At safepoint: 12343 ns, Total: 171551 ns
[2021-04-05T01:39:29.862+0000][3999][safepoint   ] Safepoint "Cleanup", Time since last: 1000216431 ns, Reaching safepoint: 296994 ns, At safepoint: 18563 ns, Total: 315557 ns
[2021-04-05T01:39:30.862+0000][3999][safepoint   ] Safepoint "Cleanup", Time since last: 1000153958 ns, Reaching safepoint: 123476 ns, At safepoint: 7734 ns, Total: 131210 ns
[2021-04-05T01:39:31.862+0000][3999][safepoint   ] Safepoint "Cleanup", Time since last: 1000152860 ns, Reaching safepoint: 108754 ns, At safepoint: 6807 ns, Total: 115561 ns
[2021-04-05T01:39:32.863+0000][3999][safepoint   ] Safepoint "Cleanup", Time since last: 1000181259 ns, Reaching safepoint: 248407 ns, At safepoint: 17876 ns, Total: 266283 ns
[2021-04-05T01:39:33.863+0000][3999][safepoint   ] Safepoint "Cleanup", Time since last: 1000216134 ns, Reaching safepoint: 320714 ns, At safepoint: 20307 ns, Total: 341021 ns
[2021-04-05T01:39:34.864+0000][3999][safepoint   ] Safepoint "Cleanup", Time since last: 1000229969 ns, Reaching safepoint: 278176 ns, At safepoint: 17305 ns, Total: 295481 ns
[2021-04-05T01:39:37.864+0000][3999][safepoint   ] Safepoint "Cleanup", Time since last: 3000528585 ns, Reaching safepoint: 170072 ns, At safepoint: 15916 ns, Total: 185988 ns
[2021-04-05T01:39:40.865+0000][3999][safepoint   ] Safepoint "Cleanup", Time since last: 3000452340 ns, Reaching safepoint: 101151 ns, At safepoint: 9774 ns, Total: 110925 ns
[2021-04-05T01:39:41.865+0000][3999][safepoint   ] Safepoint "Cleanup", Time since last: 1000292193 ns, Reaching safepoint: 284210 ns, At safepoint: 18383 ns, Total: 302593 ns
[2021-04-05T01:39:44.866+0000][3999][safepoint   ] Safepoint "Cleanup", Time since last: 3000519610 ns, Reaching safepoint: 270263 ns, At safepoint: 19761 ns, Total: 290024 ns
[2021-04-05T01:39:46.867+0000][3999][safepoint   ] Safepoint "Cleanup", Time since last: 2000440486 ns, Reaching safepoint: 263612 ns, At safepoint: 12709 ns, Total: 276321 ns
[2021-04-05T01:39:52.868+0000][3999][safepoint   ] Safepoint "Cleanup", Time since last: 6000892485 ns, Reaching safepoint: 269638 ns, At safepoint: 20167 ns, Total: 289805 ns
[2021-04-05T01:39:53.869+0000][3999][safepoint   ] Safepoint "Cleanup", Time since last: 1000182941 ns, Reaching safepoint: 279649 ns, At safepoint: 20371 ns, Total: 300020 ns
[2021-04-05T01:39:55.869+0000][3999][safepoint   ] Safepoint "Cleanup", Time since last: 2000423451 ns, Reaching safepoint: 304672 ns, At safepoint: 21325 ns, Total: 325997 ns
[2021-04-05T01:40:01.871+0000][3999][safepoint   ] Safepoint "Cleanup", Time since last: 6001011466 ns, Reaching safepoint: 303650 ns, At safepoint: 20583 ns, Total: 324233 ns
[2021-04-05T01:40:02.871+0000][3999][safepoint   ] Safepoint "Cleanup", Time since last: 1000430133 ns, Reaching safepoint: 203571 ns, At safepoint: 9900 ns, Total: 213471 ns
[2021-04-05T01:40:04.872+0000][3999][safepoint   ] Safepoint "Cleanup", Time since last: 2000303444 ns, Reaching safepoint: 257489 ns, At safepoint: 23952 ns, Total: 281441 ns
[2021-04-05T01:40:05.873+0000][3999][safepoint   ] Safepoint "Cleanup", Time since last: 1000211911 ns, Reaching safepoint: 267227 ns, At safepoint: 19545 ns, Total: 286772 ns
[2021-04-05T01:40:10.873+0000][3999][safepoint   ] Safepoint "Cleanup", Time since last: 5000599537 ns, Reaching safepoint: 278247 ns, At safepoint: 18292 ns, Total: 296539 ns
[2021-04-05T01:40:11.874+0000][3999][safepoint   ] Safepoint "Cleanup", Time since last: 1000199077 ns, Reaching safepoint: 286637 ns, At safepoint: 24702 ns, Total: 311339 ns
[2021-04-05T01:40:12.874+0000][3999][safepoint   ] Safepoint "Cleanup", Time since last: 1000187915 ns, Reaching safepoint: 277850 ns, At safepoint: 18097 ns, Total: 295947 ns
[2021-04-05T01:40:14.875+0000][3999][safepoint   ] Safepoint "Cleanup", Time since last: 2000265925 ns, Reaching safepoint: 167306 ns, At safepoint: 11867 ns, Total: 179173 ns
[2021-04-05T01:40:16.876+0000][3999][safepoint   ] Safepoint "Cleanup", Time since last: 2000316577 ns, Reaching safepoint: 725467 ns, At safepoint: 46238 ns, Total: 771705 ns
[2021-04-05T01:40:17.877+0000][3999][safepoint   ] Safepoint "Cleanup", Time since last: 1000188178 ns, Reaching safepoint: 1165701 ns, At safepoint: 53994 ns, Total: 1219695 ns
[2021-04-05T01:40:21.879+0000][3999][safepoint   ] Safepoint "Cleanup", Time since last: 4001037105 ns, Reaching safepoint: 227099 ns, At safepoint: 14656 ns, Total: 241755 ns
[2021-04-05T01:40:23.879+0000][3999][safepoint   ] Safepoint "Cleanup", Time since last: 2000312079 ns, Reaching safepoint: 369068 ns, At safepoint: 20046 ns, Total: 389114 ns
[2021-04-05T01:40:26.880+0000][3999][safepoint   ] Safepoint "Cleanup", Time since last: 3000348347 ns, Reaching safepoint: 202471 ns, At safepoint: 14991 ns, Total: 217462 ns
[2021-04-05T01:40:27.880+0000][3999][safepoint   ] Safepoint "Cleanup", Time since last: 1000173452 ns, Reaching safepoint: 259539 ns, At safepoint: 14690 ns, Total: 274229 ns
[2021-04-05T01:40:28.881+0000][3999][safepoint   ] Safepoint "Cleanup", Time since last: 1000296106 ns, Reaching safepoint: 262306 ns, At safepoint: 18483 ns, Total: 280789 ns
[2021-04-05T01:40:29.881+0000][3999][safepoint   ] Safepoint "Cleanup", Time since last: 1000177529 ns, Reaching safepoint: 250078 ns, At safepoint: 24199 ns, Total: 274277 ns
[2021-04-05T01:40:31.882+0000][3999][safepoint   ] Safepoint "Cleanup", Time since last: 2000332133 ns, Reaching safepoint: 251360 ns, At safepoint: 17902 ns, Total: 269262 ns
[2021-04-05T01:40:32.882+0000][3999][safepoint   ] Safepoint "Cleanup", Time since last: 1000150289 ns, Reaching safepoint: 119525 ns, At safepoint: 6647 ns, Total: 126172 ns
[2021-04-05T01:40:37.883+0000][3999][safepoint   ] Safepoint "Cleanup", Time since last: 5000569999 ns, Reaching safepoint: 184940 ns, At safepoint: 12607 ns, Total: 197547 ns
[2021-04-05T01:40:40.884+0000][3999][safepoint   ] Safepoint "Cleanup", Time since last: 3000413872 ns, Reaching safepoint: 150010 ns, At safepoint: 13168 ns, Total: 163178 ns
[2021-04-05T01:40:41.884+0000][3999][safepoint   ] Safepoint "Cleanup", Time since last: 1000143290 ns, Reaching safepoint: 141040 ns, At safepoint: 10101 ns, Total: 151141 ns
[2021-04-05T01:40:52.885+0000][3999][safepoint   ] Safepoint "Cleanup", Time since last: 11001199614 ns, Reaching safepoint: 157696 ns, At safepoint: 8714 ns, Total: 166410 ns
[2021-04-05T01:40:57.886+0000][3999][safepoint   ] Safepoint "Cleanup", Time since last: 5000534784 ns, Reaching safepoint: 161837 ns, At safepoint: 11392 ns, Total: 173229 ns
[2021-04-05T01:40:58.886+0000][3999][safepoint   ] Safepoint "Cleanup", Time since last: 1000249305 ns, Reaching safepoint: 119467 ns, At safepoint: 10304 ns, Total: 129771 ns
[2021-04-05T01:41:00.069+0000][3999][safepoint   ] Safepoint "Cleanup", Time since last: 1182379469 ns, Reaching safepoint: 242553 ns, At safepoint: 11317 ns, Total: 253870 ns
[2021-04-05T01:41:01.070+0000][3999][safepoint   ] Safepoint "Cleanup", Time since last: 1000371959 ns, Reaching safepoint: 221893 ns, At safepoint: 13030 ns, Total: 234923 ns
[2021-04-05T01:41:02.070+0000][3999][safepoint   ] Safepoint "Cleanup", Time since last: 1000294215 ns, Reaching safepoint: 372091 ns, At safepoint: 20598 ns, Total: 392689 ns
[2021-04-05T01:41:05.071+0000][3999][safepoint   ] Safepoint "Cleanup", Time since last: 3000434849 ns, Reaching safepoint: 150720 ns, At safepoint: 8959 ns, Total: 159679 ns
[2021-04-05T01:41:06.071+0000][3999][safepoint   ] Safepoint "Cleanup", Time since last: 1000145299 ns, Reaching safepoint: 204839 ns, At safepoint: 8432 ns, Total: 213271 ns
[2021-04-05T01:41:07.072+0000][3999][safepoint   ] Safepoint "Cleanup", Time since last: 1000134165 ns, Reaching safepoint: 281938 ns, At safepoint: 15761 ns, Total: 297699 ns
[2021-04-05T01:41:08.072+0000][3999][safepoint   ] Safepoint "Cleanup", Time since last: 1000406481 ns, Reaching safepoint: 311992 ns, At safepoint: 22221 ns, Total: 334213 ns
[2021-04-05T01:41:09.073+0000][3999][safepoint   ] Safepoint "Cleanup", Time since last: 1000215816 ns, Reaching safepoint: 257672 ns, At safepoint: 22208 ns, Total: 279880 ns
[2021-04-05T01:41:10.073+0000][3999][safepoint   ] Safepoint "Cleanup", Time since last: 1000192777 ns, Reaching safepoint: 302149 ns, At safepoint: 30996 ns, Total: 333145 ns
[2021-04-05T01:41:11.074+0000][3999][safepoint   ] Safepoint "Cleanup", Time since last: 1000244186 ns, Reaching safepoint: 276865 ns, At safepoint: 14429 ns, Total: 291294 ns
[2021-04-05T01:41:12.074+0000][3999][safepoint   ] Safepoint "Cleanup", Time since last: 1000205867 ns, Reaching safepoint: 242052 ns, At safepoint: 15391 ns, Total: 257443 ns
[2021-04-05T01:41:14.075+0000][3999][safepoint   ] Safepoint "Cleanup", Time since last: 2000350007 ns, Reaching safepoint: 286783 ns, At safepoint: 19105 ns, Total: 305888 ns
[2021-04-05T01:41:17.076+0000][3999][safepoint   ] Safepoint "Cleanup", Time since last: 3000526408 ns, Reaching safepoint: 325212 ns, At safepoint: 23159 ns, Total: 348371 ns
[2021-04-05T01:41:18.076+0000][3999][safepoint   ] Safepoint "Cleanup", Time since last: 1000211146 ns, Reaching safepoint: 291078 ns, At safepoint: 23805 ns, Total: 314883 ns
[2021-04-05T01:41:22.077+0000][3999][safepoint   ] Safepoint "Cleanup", Time since last: 4000537390 ns, Reaching safepoint: 279627 ns, At safepoint: 37016 ns, Total: 316643 ns
[2021-04-05T01:41:28.079+0000][3999][safepoint   ] Safepoint "Cleanup", Time since last: 6000875332 ns, Reaching safepoint: 315741 ns, At safepoint: 20488 ns, Total: 336229 ns
[2021-04-05T01:41:29.079+0000][3999][safepoint   ] Safepoint "Cleanup", Time since last: 1000535662 ns, Reaching safepoint: 202948 ns, At safepoint: 16807 ns, Total: 219755 ns
[2021-04-05T01:41:32.080+0000][3999][safepoint   ] Safepoint "Cleanup", Time since last: 3000481246 ns, Reaching safepoint: 289852 ns, At safepoint: 17400 ns, Total: 307252 ns
[2021-04-05T01:41:35.081+0000][3999][safepoint   ] Safepoint "Cleanup", Time since last: 3000446223 ns, Reaching safepoint: 114710 ns, At safepoint: 8211 ns, Total: 122921 ns
[2021-04-05T01:41:36.081+0000][3999][safepoint   ] Safepoint "Cleanup", Time since last: 1000143122 ns, Reaching safepoint: 308038 ns, At safepoint: 22111 ns, Total: 330149 ns
[2021-04-05T01:41:38.082+0000][3999][safepoint   ] Safepoint "Cleanup", Time since last: 2000293090 ns, Reaching safepoint: 359072 ns, At safepoint: 15806 ns, Total: 374878 ns
[2021-04-05T01:41:41.083+0000][3999][safepoint   ] Safepoint "Cleanup", Time since last: 3000598856 ns, Reaching safepoint: 213950 ns, At safepoint: 12953 ns, Total: 226903 ns
[2021-04-05T01:41:42.083+0000][3999][safepoint   ] Safepoint "Cleanup", Time since last: 1000135851 ns, Reaching safepoint: 100661 ns, At safepoint: 4475 ns, Total: 105136 ns
[2021-04-05T01:41:45.083+0000][3999][safepoint   ] Safepoint "Cleanup", Time since last: 3000325374 ns, Reaching safepoint: 95659 ns, At safepoint: 3953 ns, Total: 99612 ns
[2021-04-05T01:41:46.084+0000][3999][safepoint   ] Safepoint "Cleanup", Time since last: 1000136923 ns, Reaching safepoint: 118571 ns, At safepoint: 8425 ns, Total: 126996 ns
[2021-04-05T01:41:47.084+0000][3999][safepoint   ] Safepoint "Cleanup", Time since last: 1000348777 ns, Reaching safepoint: 257537 ns, At safepoint: 16403 ns, Total: 273940 ns
[2021-04-05T01:41:53.085+0000][3999][safepoint   ] Safepoint "Cleanup", Time since last: 6001024529 ns, Reaching safepoint: 184713 ns, At safepoint: 12455 ns, Total: 197168 ns
[2021-04-05T01:41:54.086+0000][3999][safepoint   ] Safepoint "Cleanup", Time since last: 1000137378 ns, Reaching safepoint: 165103 ns, At safepoint: 14466 ns, Total: 179569 ns
[2021-04-05T01:42:02.087+0000][3999][safepoint   ] Safepoint "Cleanup", Time since last: 8000997373 ns, Reaching safepoint: 113936 ns, At safepoint: 8139 ns, Total: 122075 ns
[2021-04-05T01:42:05.087+0000][3999][safepoint   ] Safepoint "Cleanup", Time since last: 3000508823 ns, Reaching safepoint: 169692 ns, At safepoint: 10792 ns, Total: 180484 ns
[2021-04-05T01:42:06.088+0000][3999][safepoint   ] Safepoint "Cleanup", Time since last: 1000189361 ns, Reaching safepoint: 258836 ns, At safepoint: 21404 ns, Total: 280240 ns
[2021-04-05T01:42:16.090+0000][3999][safepoint   ] Safepoint "Cleanup", Time since last: 10001441900 ns, Reaching safepoint: 242091 ns, At safepoint: 34225 ns, Total: 276316 ns
[2021-04-05T01:42:17.090+0000][3999][safepoint   ] Safepoint "Cleanup", Time since last: 1000306349 ns, Reaching safepoint: 310542 ns, At safepoint: 22857 ns, Total: 333399 ns
[2021-04-05T01:42:18.091+0000][3999][safepoint   ] Safepoint "Cleanup", Time since last: 1000227236 ns, Reaching safepoint: 319110 ns, At safepoint: 22051 ns, Total: 341161 ns
[2021-04-05T01:42:20.091+0000][3999][safepoint   ] Safepoint "Cleanup", Time since last: 2000333370 ns, Reaching safepoint: 245294 ns, At safepoint: 11682 ns, Total: 256976 ns
[2021-04-05T01:42:22.092+0000][3999][safepoint   ] Safepoint "Cleanup", Time since last: 2000322375 ns, Reaching safepoint: 115548 ns, At safepoint: 9269 ns, Total: 124817 ns
[2021-04-05T01:42:23.092+0000][3999][safepoint   ] Safepoint "Cleanup", Time since last: 1000185842 ns, Reaching safepoint: 223231 ns, At safepoint: 14860 ns, Total: 238091 ns
[2021-04-05T01:42:28.093+0000][3999][safepoint   ] Safepoint "Cleanup", Time since last: 5000708687 ns, Reaching safepoint: 302100 ns, At safepoint: 19546 ns, Total: 321646 ns
[2021-04-05T01:42:29.094+0000][3999][safepoint   ] Safepoint "Cleanup", Time since last: 1000192961 ns, Reaching safepoint: 287123 ns, At safepoint: 17745 ns, Total: 304868 ns
[2021-04-05T01:42:30.094+0000][3999][safepoint   ] Safepoint "Cleanup", Time since last: 1000231731 ns, Reaching safepoint: 247053 ns, At safepoint: 16731 ns, Total: 263784 ns
[2021-04-05T01:42:32.095+0000][3999][safepoint   ] Safepoint "Cleanup", Time since last: 2000406323 ns, Reaching safepoint: 231929 ns, At safepoint: 16770 ns, Total: 248699 ns
[2021-04-05T01:42:34.096+0000][3999][safepoint   ] Safepoint "Cleanup", Time since last: 2000324655 ns, Reaching safepoint: 313643 ns, At safepoint: 19201 ns, Total: 332844 ns
[2021-04-05T01:42:35.096+0000][3999][safepoint   ] Safepoint "Cleanup", Time since last: 1000226222 ns, Reaching safepoint: 262835 ns, At safepoint: 23535 ns, Total: 286370 ns
[2021-04-05T01:42:38.097+0000][3999][safepoint   ] Safepoint "Cleanup", Time since last: 3000472918 ns, Reaching safepoint: 124997 ns, At safepoint: 7221 ns, Total: 132218 ns
[2021-04-05T01:42:39.097+0000][3999][safepoint   ] Safepoint "Cleanup", Time since last: 1000110026 ns, Reaching safepoint: 138204 ns, At safepoint: 7655 ns, Total: 145859 ns
[2021-04-05T01:42:41.098+0000][3999][safepoint   ] Safepoint "Cleanup", Time since last: 2000372181 ns, Reaching safepoint: 219961 ns, At safepoint: 14811 ns, Total: 234772 ns
[2021-04-05T01:42:42.098+0000][3999][safepoint   ] Safepoint "Cleanup", Time since last: 1000225370 ns, Reaching safepoint: 239657 ns, At safepoint: 15744 ns, Total: 255401 ns
[2021-04-05T01:42:44.099+0000][3999][safepoint   ] Safepoint "Cleanup", Time since last: 2000281901 ns, Reaching safepoint: 215587 ns, At safepoint: 11099 ns, Total: 226686 ns
[2021-04-05T01:42:45.428+0000][3999][safepoint   ] Safepoint "Cleanup", Time since last: 1329036496 ns, Reaching safepoint: 345788 ns, At safepoint: 23124 ns, Total: 368912 ns
[2021-04-05T01:42:46.429+0000][3999][safepoint   ] Safepoint "Cleanup", Time since last: 1000243756 ns, Reaching safepoint: 303475 ns, At safepoint: 20477 ns, Total: 323952 ns
[2021-04-05T01:42:47.429+0000][3999][safepoint   ] Safepoint "Cleanup", Time since last: 1000245236 ns, Reaching safepoint: 298683 ns, At safepoint: 21992 ns, Total: 320675 ns
[2021-04-05T01:42:50.430+0000][3999][safepoint   ] Safepoint "Cleanup", Time since last: 3000478321 ns, Reaching safepoint: 178482 ns, At safepoint: 12633 ns, Total: 191115 ns
[2021-04-05T01:42:53.431+0000][3999][safepoint   ] Safepoint "Cleanup", Time since last: 3000600690 ns, Reaching safepoint: 280025 ns, At safepoint: 19585 ns, Total: 299610 ns
[2021-04-05T01:42:56.432+0000][3999][safepoint   ] Safepoint "Cleanup", Time since last: 3000450264 ns, Reaching safepoint: 282911 ns, At safepoint: 21595 ns, Total: 304506 ns
[2021-04-05T01:43:02.433+0000][3999][safepoint   ] Safepoint "Cleanup", Time since last: 6001183438 ns, Reaching safepoint: 329430 ns, At safepoint: 17781 ns, Total: 347211 ns
[2021-04-05T01:43:05.434+0000][3999][safepoint   ] Safepoint "Cleanup", Time since last: 3000553146 ns, Reaching safepoint: 283007 ns, At safepoint: 21480 ns, Total: 304487 ns
[2021-04-05T01:43:07.435+0000][3999][safepoint   ] Safepoint "Cleanup", Time since last: 2000427651 ns, Reaching safepoint: 266569 ns, At safepoint: 20368 ns, Total: 286937 ns
[2021-04-05T01:43:08.435+0000][3999][safepoint   ] Safepoint "Cleanup", Time since last: 1000231237 ns, Reaching safepoint: 320409 ns, At safepoint: 20929 ns, Total: 341338 ns
[2021-04-05T01:43:12.436+0000][3999][safepoint   ] Safepoint "Cleanup", Time since last: 4000761718 ns, Reaching safepoint: 260044 ns, At safepoint: 24361 ns, Total: 284405 ns
[2021-04-05T01:43:17.438+0000][3999][safepoint   ] Safepoint "Cleanup", Time since last: 5000980635 ns, Reaching safepoint: 368506 ns, At safepoint: 20497 ns, Total: 389003 ns
[2021-04-05T01:43:18.901+0000][3999][safepoint   ] Safepoint "Cleanup", Time since last: 1462625043 ns, Reaching safepoint: 333625 ns, At safepoint: 25188 ns, Total: 358813 ns
[2021-04-05T01:43:22.786+0000][3999][safepoint   ] Safepoint "Cleanup", Time since last: 3885286388 ns, Reaching safepoint: 195564 ns, At safepoint: 6752 ns, Total: 202316 ns
[2021-04-05T01:43:23.787+0000][3999][safepoint   ] Safepoint "Cleanup", Time since last: 1000276714 ns, Reaching safepoint: 285438 ns, At safepoint: 16734 ns, Total: 302172 ns
[2021-04-05T01:43:24.787+0000][3999][safepoint   ] Safepoint "Cleanup", Time since last: 1000237070 ns, Reaching safepoint: 317693 ns, At safepoint: 19846 ns, Total: 337539 ns
[2021-04-05T01:43:25.788+0000][3999][safepoint   ] Safepoint "Cleanup", Time since last: 1000234596 ns, Reaching safepoint: 244514 ns, At safepoint: 13515 ns, Total: 258029 ns
[2021-04-05T01:43:27.788+0000][3999][safepoint   ] Safepoint "Cleanup", Time since last: 2000397696 ns, Reaching safepoint: 208461 ns, At safepoint: 13097 ns, Total: 221558 ns
[2021-04-05T01:43:29.789+0000][3999][safepoint   ] Safepoint "Cleanup", Time since last: 2000292586 ns, Reaching safepoint: 319758 ns, At safepoint: 20397 ns, Total: 340155 ns
[2021-04-05T01:43:30.790+0000][3999][safepoint   ] Safepoint "Cleanup", Time since last: 1000249554 ns, Reaching safepoint: 282893 ns, At safepoint: 21079 ns, Total: 303972 ns
[2021-04-05T01:43:31.790+0000][3999][safepoint   ] Safepoint "Cleanup", Time since last: 1000193496 ns, Reaching safepoint: 180305 ns, At safepoint: 10437 ns, Total: 190742 ns
[2021-04-05T01:43:34.791+0000][3999][safepoint   ] Safepoint "Cleanup", Time since last: 3000566264 ns, Reaching safepoint: 160629 ns, At safepoint: 11306 ns, Total: 171935 ns
[2021-04-05T01:43:40.792+0000][3999][safepoint   ] Safepoint "Cleanup", Time since last: 6001051048 ns, Reaching safepoint: 154916 ns, At safepoint: 10183 ns, Total: 165099 ns
[2021-04-05T01:43:41.792+0000][3999][safepoint   ] Safepoint "Cleanup", Time since last: 1000127268 ns, Reaching safepoint: 109697 ns, At safepoint: 6773 ns, Total: 116470 ns
[2021-04-05T01:43:43.793+0000][3999][safepoint   ] Safepoint "Cleanup", Time since last: 2000236661 ns, Reaching safepoint: 242710 ns, At safepoint: 14090 ns, Total: 256800 ns
[2021-04-05T01:43:46.793+0000][3999][safepoint   ] Safepoint "Cleanup", Time since last: 3000547674 ns, Reaching safepoint: 162705 ns, At safepoint: 12288 ns, Total: 174993 ns
[2021-04-05T01:43:49.794+0000][3999][safepoint   ] Safepoint "Cleanup", Time since last: 3000613083 ns, Reaching safepoint: 308528 ns, At safepoint: 23093 ns, Total: 331621 ns
[2021-04-05T01:43:52.795+0000][3999][safepoint   ] Safepoint "Cleanup", Time since last: 3000423443 ns, Reaching safepoint: 191697 ns, At safepoint: 10662 ns, Total: 202359 ns
[2021-04-05T01:43:53.795+0000][3999][safepoint   ] Safepoint "Cleanup", Time since last: 1000193050 ns, Reaching safepoint: 193217 ns, At safepoint: 12220 ns, Total: 205437 ns
[2021-04-05T01:43:54.796+0000][3999][safepoint   ] Safepoint "Cleanup", Time since last: 1000167144 ns, Reaching safepoint: 290114 ns, At safepoint: 21265 ns, Total: 311379 ns
[2021-04-05T01:43:56.796+0000][3999][safepoint   ] Safepoint "Cleanup", Time since last: 2000310339 ns, Reaching safepoint: 160793 ns, At safepoint: 10647 ns, Total: 171440 ns
[2021-04-05T01:43:57.797+0000][3999][safepoint   ] Safepoint "Cleanup", Time since last: 1000152901 ns, Reaching safepoint: 184238 ns, At safepoint: 13747 ns, Total: 197985 ns
[2021-04-05T01:44:01.797+0000][3999][safepoint   ] Safepoint "Cleanup", Time since last: 4000556110 ns, Reaching safepoint: 200318 ns, At safepoint: 11563 ns, Total: 211881 ns
[2021-04-05T01:44:04.798+0000][3999][safepoint   ] Safepoint "Cleanup", Time since last: 3000529758 ns, Reaching safepoint: 107383 ns, At safepoint: 7368 ns, Total: 114751 ns
[2021-04-05T01:44:05.799+0000][3999][safepoint   ] Safepoint "Cleanup", Time since last: 1000196267 ns, Reaching safepoint: 252441 ns, At safepoint: 18198 ns, Total: 270639 ns
[2021-04-05T01:44:07.799+0000][3999][safepoint   ] Safepoint "Cleanup", Time since last: 2000381237 ns, Reaching safepoint: 256728 ns, At safepoint: 16218 ns, Total: 272946 ns
[2021-04-05T01:44:08.800+0000][3999][safepoint   ] Safepoint "Cleanup", Time since last: 1000243457 ns, Reaching safepoint: 272418 ns, At safepoint: 19651 ns, Total: 292069 ns
[2021-04-05T01:44:10.800+0000][3999][safepoint   ] Safepoint "Cleanup", Time since last: 2000403377 ns, Reaching safepoint: 156529 ns, At safepoint: 11467 ns, Total: 167996 ns
[2021-04-05T01:44:17.802+0000][3999][safepoint   ] Safepoint "Cleanup", Time since last: 7001275685 ns, Reaching safepoint: 275871 ns, At safepoint: 18899 ns, Total: 294770 ns
[2021-04-05T01:44:27.804+0000][3999][safepoint   ] Safepoint "Cleanup", Time since last: 10001516056 ns, Reaching safepoint: 178888 ns, At safepoint: 11031 ns, Total: 189919 ns
[2021-04-05T01:44:28.804+0000][3999][safepoint   ] Safepoint "Cleanup", Time since last: 1000292854 ns, Reaching safepoint: 132806 ns, At safepoint: 10489 ns, Total: 143295 ns
[2021-04-05T01:44:29.804+0000][3999][safepoint   ] Safepoint "Cleanup", Time since last: 1000147187 ns, Reaching safepoint: 285915 ns, At safepoint: 17586 ns, Total: 303501 ns
[2021-04-05T01:44:34.805+0000][3999][safepoint   ] Safepoint "Cleanup", Time since last: 5000661280 ns, Reaching safepoint: 212777 ns, At safepoint: 9369 ns, Total: 222146 ns
[2021-04-05T01:44:39.806+0000][3999][safepoint   ] Safepoint "Cleanup", Time since last: 5000951547 ns, Reaching safepoint: 223779 ns, At safepoint: 16657 ns, Total: 240436 ns
[2021-04-05T01:44:41.807+0000][3999][safepoint   ] Safepoint "Cleanup", Time since last: 2000294612 ns, Reaching safepoint: 202696 ns, At safepoint: 9545 ns, Total: 212241 ns
[2021-04-05T01:44:42.808+0000][3999][safepoint   ] Safepoint "Cleanup", Time since last: 1000223133 ns, Reaching safepoint: 277184 ns, At safepoint: 21165 ns, Total: 298349 ns
[2021-04-05T01:44:44.808+0000][3999][safepoint   ] Safepoint "Cleanup", Time since last: 2000405791 ns, Reaching safepoint: 281825 ns, At safepoint: 21911 ns, Total: 303736 ns
[2021-04-05T01:44:52.810+0000][3999][safepoint   ] Safepoint "Cleanup", Time since last: 8001240485 ns, Reaching safepoint: 176598 ns, At safepoint: 13618 ns, Total: 190216 ns
[2021-04-05T01:44:53.810+0000][3999][safepoint   ] Safepoint "Cleanup", Time since last: 1000196839 ns, Reaching safepoint: 247387 ns, At safepoint: 13810 ns, Total: 261197 ns
[2021-04-05T01:44:54.811+0000][3999][safepoint   ] Safepoint "Cleanup", Time since last: 1000156961 ns, Reaching safepoint: 256472 ns, At safepoint: 20202 ns, Total: 276674 ns
[2021-04-05T01:44:56.638+0000][3999][safepoint   ] Safepoint "Cleanup", Time since last: 1827652977 ns, Reaching safepoint: 91136 ns, At safepoint: 6374 ns, Total: 97510 ns
[2021-04-05T01:44:57.639+0000][3999][safepoint   ] Safepoint "Cleanup", Time since last: 1000505159 ns, Reaching safepoint: 368187 ns, At safepoint: 22167 ns, Total: 390354 ns
[2021-04-05T01:44:58.640+0000][3999][safepoint   ] Safepoint "Cleanup", Time since last: 1000491929 ns, Reaching safepoint: 274810 ns, At safepoint: 20292 ns, Total: 295102 ns
[2021-04-05T01:45:01.641+0000][3999][safepoint   ] Safepoint "Cleanup", Time since last: 3000765664 ns, Reaching safepoint: 290125 ns, At safepoint: 19499 ns, Total: 309624 ns
[2021-04-05T01:45:05.642+0000][3999][safepoint   ] Safepoint "Cleanup", Time since last: 4000822551 ns, Reaching safepoint: 310292 ns, At safepoint: 19551 ns, Total: 329843 ns
[2021-04-05T01:45:06.643+0000][3999][safepoint   ] Safepoint "Cleanup", Time since last: 1000166730 ns, Reaching safepoint: 118505 ns, At safepoint: 7218 ns, Total: 125723 ns
[2021-04-05T01:45:08.643+0000][3999][safepoint   ] Safepoint "Cleanup", Time since last: 2000261680 ns, Reaching safepoint: 143097 ns, At safepoint: 9666 ns, Total: 152763 ns
[2021-04-05T01:45:17.645+0000][3999][safepoint   ] Safepoint "Cleanup", Time since last: 9001464123 ns, Reaching safepoint: 335501 ns, At safepoint: 24181 ns, Total: 359682 ns
[2021-04-05T01:45:22.646+0000][3999][safepoint   ] Safepoint "Cleanup", Time since last: 5000946064 ns, Reaching safepoint: 301377 ns, At safepoint: 22622 ns, Total: 323999 ns
[2021-04-05T01:45:28.647+0000][3999][safepoint   ] Safepoint "Cleanup", Time since last: 6001097050 ns, Reaching safepoint: 304268 ns, At safepoint: 21245 ns, Total: 325513 ns
[2021-04-05T01:45:29.648+0000][3999][safepoint   ] Safepoint "Cleanup", Time since last: 1000245021 ns, Reaching safepoint: 228171 ns, At safepoint: 17605 ns, Total: 245776 ns
[2021-04-05T01:45:33.649+0000][3999][safepoint   ] Safepoint "Cleanup", Time since last: 4000695792 ns, Reaching safepoint: 219932 ns, At safepoint: 19839 ns, Total: 239771 ns
[2021-04-05T01:45:34.650+0000][3999][safepoint   ] Safepoint "Cleanup", Time since last: 1000436604 ns, Reaching safepoint: 337491 ns, At safepoint: 20703 ns, Total: 358194 ns
[2021-04-05T01:45:35.650+0000][3999][safepoint   ] Safepoint "Cleanup", Time since last: 1000477313 ns, Reaching safepoint: 272284 ns, At safepoint: 20202 ns, Total: 292486 ns
[2021-04-05T01:45:38.651+0000][3999][safepoint   ] Safepoint "Cleanup", Time since last: 3000559175 ns, Reaching safepoint: 117568 ns, At safepoint: 5262 ns, Total: 122830 ns
[2021-04-05T01:45:41.652+0000][3999][safepoint   ] Safepoint "Cleanup", Time since last: 3000515738 ns, Reaching safepoint: 393776 ns, At safepoint: 20528 ns, Total: 414304 ns
[2021-04-05T01:45:43.652+0000][3999][safepoint   ] Safepoint "Cleanup", Time since last: 2000287335 ns, Reaching safepoint: 125166 ns, At safepoint: 6650 ns, Total: 131816 ns
[2021-04-05T01:45:44.653+0000][3999][safepoint   ] Safepoint "Cleanup", Time since last: 1000201221 ns, Reaching safepoint: 272841 ns, At safepoint: 17004 ns, Total: 289845 ns
[2021-04-05T01:45:47.654+0000][3999][safepoint   ] Safepoint "Cleanup", Time since last: 3000516181 ns, Reaching safepoint: 299201 ns, At safepoint: 16065 ns, Total: 315266 ns
[2021-04-05T01:45:50.655+0000][3999][safepoint   ] Safepoint "Cleanup", Time since last: 3000676787 ns, Reaching safepoint: 278669 ns, At safepoint: 21414 ns, Total: 300083 ns
[2021-04-05T01:45:53.655+0000][3999][safepoint   ] Safepoint "Cleanup", Time since last: 3000462309 ns, Reaching safepoint: 191251 ns, At safepoint: 15038 ns, Total: 206289 ns
[2021-04-05T01:45:54.656+0000][3999][safepoint   ] Safepoint "Cleanup", Time since last: 1000133982 ns, Reaching safepoint: 270984 ns, At safepoint: 7843 ns, Total: 278827 ns
[2021-04-05T01:45:56.657+0000][3999][safepoint   ] Safepoint "Cleanup", Time since last: 2000408728 ns, Reaching safepoint: 322085 ns, At safepoint: 20247 ns, Total: 342332 ns
[2021-04-05T01:46:00.658+0000][3999][safepoint   ] Safepoint "Cleanup", Time since last: 4000757436 ns, Reaching safepoint: 224904 ns, At safepoint: 12369 ns, Total: 237273 ns
[2021-04-05T01:46:01.658+0000][3999][safepoint   ] Safepoint "Cleanup", Time since last: 1000413908 ns, Reaching safepoint: 101919 ns, At safepoint: 6339 ns, Total: 108258 ns
[2021-04-05T01:46:05.659+0000][3999][safepoint   ] Safepoint "Cleanup", Time since last: 4000630174 ns, Reaching safepoint: 305858 ns, At safepoint: 24382 ns, Total: 330240 ns
[2021-04-05T01:46:14.661+0000][3999][safepoint   ] Safepoint "Cleanup", Time since last: 9001561154 ns, Reaching safepoint: 242666 ns, At safepoint: 22081 ns, Total: 264747 ns
[2021-04-05T01:46:17.662+0000][3999][safepoint   ] Safepoint "Cleanup", Time since last: 3000654134 ns, Reaching safepoint: 278193 ns, At safepoint: 21711 ns, Total: 299904 ns
[2021-04-05T01:46:27.664+0000][3999][safepoint   ] Safepoint "Cleanup", Time since last: 10001906497 ns, Reaching safepoint: 203053 ns, At safepoint: 16925 ns, Total: 219978 ns
[2021-04-05T01:46:29.665+0000][3999][safepoint   ] Safepoint "Cleanup", Time since last: 2000430067 ns, Reaching safepoint: 249446 ns, At safepoint: 18753 ns, Total: 268199 ns
[2021-04-05T01:46:35.666+0000][3999][safepoint   ] Safepoint "Cleanup", Time since last: 6001047616 ns, Reaching safepoint: 140912 ns, At safepoint: 10443 ns, Total: 151355 ns
[2021-04-05T01:46:38.667+0000][3999][safepoint   ] Safepoint "Cleanup", Time since last: 3000594172 ns, Reaching safepoint: 225124 ns, At safepoint: 16594 ns, Total: 241718 ns
[2021-04-05T01:46:41.667+0000][3999][safepoint   ] Safepoint "Cleanup", Time since last: 3000556648 ns, Reaching safepoint: 153839 ns, At safepoint: 12241 ns, Total: 166080 ns
[2021-04-05T01:46:49.669+0000][3999][safepoint   ] Safepoint "Cleanup", Time since last: 8001494641 ns, Reaching safepoint: 260727 ns, At safepoint: 24658 ns, Total: 285385 ns
[2021-04-05T01:46:50.669+0000][3999][safepoint   ] Safepoint "Cleanup", Time since last: 1000185569 ns, Reaching safepoint: 97969 ns, At safepoint: 4247 ns, Total: 102216 ns
[2021-04-05T01:46:53.670+0000][3999][safepoint   ] Safepoint "Cleanup", Time since last: 3000525204 ns, Reaching safepoint: 243983 ns, At safepoint: 19656 ns, Total: 263639 ns
[2021-04-05T01:46:59.672+0000][3999][safepoint   ] Safepoint "Cleanup", Time since last: 6001310528 ns, Reaching safepoint: 281255 ns, At safepoint: 17651 ns, Total: 298906 ns
[2021-04-05T01:47:01.673+0000][3999][safepoint   ] Safepoint "Cleanup", Time since last: 2000591934 ns, Reaching safepoint: 114629 ns, At safepoint: 9138 ns, Total: 123767 ns
[2021-04-05T01:47:04.673+0000][3999][safepoint   ] Safepoint "Cleanup", Time since last: 3000564093 ns, Reaching safepoint: 279778 ns, At safepoint: 17576 ns, Total: 297354 ns
[2021-04-05T01:47:05.674+0000][3999][safepoint   ] Safepoint "Cleanup", Time since last: 1000441304 ns, Reaching safepoint: 272921 ns, At safepoint: 19470 ns, Total: 292391 ns
[2021-04-05T01:47:06.674+0000][3999][safepoint   ] Safepoint "Cleanup", Time since last: 1000172137 ns, Reaching safepoint: 107371 ns, At safepoint: 8453 ns, Total: 115824 ns
[2021-04-05T01:47:09.675+0000][3999][safepoint   ] Safepoint "Cleanup", Time since last: 3000413306 ns, Reaching safepoint: 223381 ns, At safepoint: 18306 ns, Total: 241687 ns
[2021-04-05T01:47:10.676+0000][3999][safepoint   ] Safepoint "Cleanup", Time since last: 1000388579 ns, Reaching safepoint: 193596 ns, At safepoint: 15476 ns, Total: 209072 ns
[2021-04-05T01:47:11.676+0000][3999][safepoint   ] Safepoint "Cleanup", Time since last: 1000254447 ns, Reaching safepoint: 281697 ns, At safepoint: 27484 ns, Total: 309181 ns
[2021-04-05T01:47:14.677+0000][3999][safepoint   ] Safepoint "Cleanup", Time since last: 3000569496 ns, Reaching safepoint: 151201 ns, At safepoint: 9548 ns, Total: 160749 ns
[2021-04-05T01:47:17.678+0000][3999][safepoint   ] Safepoint "Cleanup", Time since last: 3000948084 ns, Reaching safepoint: 263053 ns, At safepoint: 18869 ns, Total: 281922 ns
[2021-04-05T01:47:18.679+0000][3999][safepoint   ] Safepoint "Cleanup", Time since last: 1000191761 ns, Reaching safepoint: 156286 ns, At safepoint: 14831 ns, Total: 171117 ns
[2021-04-05T01:47:22.680+0000][3999][safepoint   ] Safepoint "Cleanup", Time since last: 4000769840 ns, Reaching safepoint: 255967 ns, At safepoint: 18022 ns, Total: 273989 ns
[2021-04-05T01:47:27.681+0000][3999][safepoint   ] Safepoint "Cleanup", Time since last: 5000744792 ns, Reaching safepoint: 198554 ns, At safepoint: 18054 ns, Total: 216608 ns
[2021-04-05T01:47:29.478+0000][3999][gc,start    ] GC(17) Pause Young (Normal) (G1 Evacuation Pause)
[2021-04-05T01:47:29.478+0000][3999][gc,task     ] GC(17) Using 4 workers of 4 for evacuation
[2021-04-05T01:47:29.478+0000][3999][gc,age      ] GC(17) Desired survivor size 155189248 bytes, new threshold 15 (max threshold 15)
[2021-04-05T01:47:29.525+0000][3999][gc,age      ] GC(17) Age table with threshold 15 (max threshold 15)
[2021-04-05T01:47:29.525+0000][3999][gc,age      ] GC(17) - age   1:    5044584 bytes,    5044584 total
[2021-04-05T01:47:29.525+0000][3999][gc,age      ] GC(17) - age   2:     851456 bytes,    5896040 total
[2021-04-05T01:47:29.525+0000][3999][gc,age      ] GC(17) - age   3:    9219280 bytes,   15115320 total
[2021-04-05T01:47:29.525+0000][3999][gc,age      ] GC(17) - age   4:   21278544 bytes,   36393864 total
[2021-04-05T01:47:29.525+0000][3999][gc,age      ] GC(17) - age   5:    4196520 bytes,   40590384 total
[2021-04-05T01:47:29.525+0000][3999][gc,age      ] GC(17) - age   6:    8683216 bytes,   49273600 total
[2021-04-05T01:47:29.525+0000][3999][gc,phases   ] GC(17)   Pre Evacuate Collection Set: 0.2ms
[2021-04-05T01:47:29.525+0000][3999][gc,phases   ] GC(17)   Merge Heap Roots: 0.1ms
[2021-04-05T01:47:29.525+0000][3999][gc,phases   ] GC(17)   Evacuate Collection Set: 43.7ms
[2021-04-05T01:47:29.525+0000][3999][gc,phases   ] GC(17)   Post Evacuate Collection Set: 2.5ms
[2021-04-05T01:47:29.525+0000][3999][gc,phases   ] GC(17)   Other: 0.4ms
[2021-04-05T01:47:29.525+0000][3999][gc,heap     ] GC(17) Eden regions: 578->0(578)
[2021-04-05T01:47:29.525+0000][3999][gc,heap     ] GC(17) Survivor regions: 13->13(74)
[2021-04-05T01:47:29.525+0000][3999][gc,heap     ] GC(17) Old regions: 14->14
[2021-04-05T01:47:29.525+0000][3999][gc,heap     ] GC(17) Archive regions: 2->2
[2021-04-05T01:47:29.525+0000][3999][gc,heap     ] GC(17) Humongous regions: 2->2
[2021-04-05T01:47:29.525+0000][3999][gc,metaspace] GC(17) Metaspace: 114132K(118320K)->114132K(118320K) NonClass: 99345K(102064K)->99345K(102064K) Class: 14786K(16256K)->14786K(16256K)
[2021-04-05T01:47:29.525+0000][3999][gc          ] GC(17) Pause Young (Normal) (G1 Evacuation Pause) 2430M->119M(3940M) 46.956ms
[2021-04-05T01:47:29.525+0000][3999][gc,cpu      ] GC(17) User=0.18s Sys=0.01s Real=0.05s
[2021-04-05T01:47:29.525+0000][3999][safepoint   ] Safepoint "G1CollectForAllocation", Time since last: 1797416671 ns, Reaching safepoint: 117327 ns, At safepoint: 47040182 ns, Total: 47157509 ns
[2021-04-05T01:47:30.526+0000][3999][safepoint   ] Safepoint "Cleanup", Time since last: 1000180437 ns, Reaching safepoint: 181698 ns, At safepoint: 10945 ns, Total: 192643 ns
[2021-04-05T01:47:32.526+0000][3999][safepoint   ] Safepoint "Cleanup", Time since last: 2000429927 ns, Reaching safepoint: 170365 ns, At safepoint: 10978 ns, Total: 181343 ns
[2021-04-05T01:47:34.527+0000][3999][safepoint   ] Safepoint "Cleanup", Time since last: 2000209280 ns, Reaching safepoint: 149997 ns, At safepoint: 12765 ns, Total: 162762 ns
[2021-04-05T01:47:41.527+0000][3999][safepoint   ] Safepoint "Cleanup", Time since last: 7000654472 ns, Reaching safepoint: 155394 ns, At safepoint: 12037 ns, Total: 167431 ns
[2021-04-05T01:47:42.528+0000][3999][safepoint   ] Safepoint "Cleanup", Time since last: 1000140563 ns, Reaching safepoint: 157829 ns, At safepoint: 9235 ns, Total: 167064 ns
[2021-04-05T01:47:50.529+0000][3999][safepoint   ] Safepoint "Cleanup", Time since last: 8000779772 ns, Reaching safepoint: 170338 ns, At safepoint: 11483 ns, Total: 181821 ns
[2021-04-05T01:47:53.529+0000][3999][safepoint   ] Safepoint "Cleanup", Time since last: 3000280138 ns, Reaching safepoint: 113964 ns, At safepoint: 7201 ns, Total: 121165 ns
[2021-04-05T01:47:54.529+0000][3999][safepoint   ] Safepoint "Cleanup", Time since last: 1000134137 ns, Reaching safepoint: 198356 ns, At safepoint: 9021 ns, Total: 207377 ns
[2021-04-05T01:47:55.530+0000][3999][safepoint   ] Safepoint "Cleanup", Time since last: 1000228358 ns, Reaching safepoint: 149700 ns, At safepoint: 10294 ns, Total: 159994 ns
[2021-04-05T01:48:02.530+0000][3999][safepoint   ] Safepoint "Cleanup", Time since last: 7000590732 ns, Reaching safepoint: 104774 ns, At safepoint: 8432 ns, Total: 113206 ns
[2021-04-05T01:48:05.531+0000][3999][safepoint   ] Safepoint "Cleanup", Time since last: 3000239331 ns, Reaching safepoint: 84304 ns, At safepoint: 6986 ns, Total: 91290 ns
[2021-04-05T01:48:14.532+0000][3999][safepoint   ] Safepoint "Cleanup", Time since last: 9000697209 ns, Reaching safepoint: 340419 ns, At safepoint: 31694 ns, Total: 372113 ns
[2021-04-05T01:48:17.533+0000][3999][safepoint   ] Safepoint "Cleanup", Time since last: 3000391209 ns, Reaching safepoint: 280142 ns, At safepoint: 23294 ns, Total: 303436 ns
[2021-04-05T01:48:23.534+0000][3999][safepoint   ] Safepoint "Cleanup", Time since last: 6000961962 ns, Reaching safepoint: 227666 ns, At safepoint: 21370 ns, Total: 249036 ns
[2021-04-05T01:48:29.535+0000][3999][safepoint   ] Safepoint "Cleanup", Time since last: 6001209020 ns, Reaching safepoint: 460013 ns, At safepoint: 15341 ns, Total: 475354 ns
[2021-04-05T01:48:30.536+0000][3999][safepoint   ] Safepoint "Cleanup", Time since last: 1000191117 ns, Reaching safepoint: 116712 ns, At safepoint: 10530 ns, Total: 127242 ns
[2021-04-05T01:48:34.537+0000][3999][safepoint   ] Safepoint "Cleanup", Time since last: 4000813780 ns, Reaching safepoint: 190228 ns, At safepoint: 12923 ns, Total: 203151 ns
[2021-04-05T01:48:35.537+0000][3999][safepoint   ] Safepoint "Cleanup", Time since last: 1000223359 ns, Reaching safepoint: 267017 ns, At safepoint: 12585 ns, Total: 279602 ns
[2021-04-05T01:48:37.538+0000][3999][safepoint   ] Safepoint "Cleanup", Time since last: 2000692061 ns, Reaching safepoint: 271959 ns, At safepoint: 21796 ns, Total: 293755 ns
[2021-04-05T01:48:38.539+0000][3999][safepoint   ] Safepoint "Cleanup", Time since last: 1000186526 ns, Reaching safepoint: 121599 ns, At safepoint: 3991 ns, Total: 125590 ns
[2021-04-05T01:48:39.539+0000][3999][safepoint   ] Safepoint "Cleanup", Time since last: 1000126630 ns, Reaching safepoint: 298757 ns, At safepoint: 19631 ns, Total: 318388 ns
[2021-04-05T01:48:42.540+0000][3999][safepoint   ] Safepoint "Cleanup", Time since last: 3000504834 ns, Reaching safepoint: 144695 ns, At safepoint: 11194 ns, Total: 155889 ns
[2021-04-05T01:48:43.540+0000][3999][safepoint   ] Safepoint "Cleanup", Time since last: 1000128206 ns, Reaching safepoint: 138582 ns, At safepoint: 6471 ns, Total: 145053 ns
[2021-04-05T01:48:53.542+0000][3999][safepoint   ] Safepoint "Cleanup", Time since last: 10001250908 ns, Reaching safepoint: 274696 ns, At safepoint: 16348 ns, Total: 291044 ns
[2021-04-05T01:48:54.542+0000][3999][safepoint   ] Safepoint "Cleanup", Time since last: 1000228902 ns, Reaching safepoint: 263750 ns, At safepoint: 28156 ns, Total: 291906 ns
[2021-04-05T01:48:56.542+0000][3999][safepoint   ] Safepoint "Cleanup", Time since last: 2000286972 ns, Reaching safepoint: 104706 ns, At safepoint: 5979 ns, Total: 110685 ns
[2021-04-05T01:48:57.543+0000][3999][safepoint   ] Safepoint "Cleanup", Time since last: 1000177147 ns, Reaching safepoint: 160163 ns, At safepoint: 13273 ns, Total: 173436 ns
[2021-04-05T01:48:59.543+0000][3999][safepoint   ] Safepoint "Cleanup", Time since last: 2000334255 ns, Reaching safepoint: 101644 ns, At safepoint: 6948 ns, Total: 108592 ns
[2021-04-05T01:49:02.544+0000][3999][safepoint   ] Safepoint "Cleanup", Time since last: 3000337926 ns, Reaching safepoint: 197626 ns, At safepoint: 15011 ns, Total: 212637 ns
[2021-04-05T01:49:05.544+0000][3999][safepoint   ] Safepoint "Cleanup", Time since last: 3000286786 ns, Reaching safepoint: 125711 ns, At safepoint: 8230 ns, Total: 133941 ns
[2021-04-05T01:49:06.544+0000][3999][safepoint   ] Safepoint "Cleanup", Time since last: 1000105679 ns, Reaching safepoint: 110921 ns, At safepoint: 5956 ns, Total: 116877 ns
[2021-04-05T01:49:07.545+0000][3999][safepoint   ] Safepoint "Cleanup", Time since last: 1000100717 ns, Reaching safepoint: 95546 ns, At safepoint: 7110 ns, Total: 102656 ns
[2021-04-05T01:49:11.546+0000][3999][safepoint   ] Safepoint "Cleanup", Time since last: 4000751729 ns, Reaching safepoint: 98803 ns, At safepoint: 5605 ns, Total: 104408 ns
[2021-04-05T01:49:17.547+0000][3999][safepoint   ] Safepoint "Cleanup", Time since last: 6001090632 ns, Reaching safepoint: 229771 ns, At safepoint: 17040 ns, Total: 246811 ns
[2021-04-05T01:49:18.547+0000][3999][safepoint   ] Safepoint "Cleanup", Time since last: 1000215112 ns, Reaching safepoint: 275283 ns, At safepoint: 21179 ns, Total: 296462 ns
[2021-04-05T01:49:19.548+0000][3999][safepoint   ] Safepoint "Cleanup", Time since last: 1000186874 ns, Reaching safepoint: 283893 ns, At safepoint: 25539 ns, Total: 309432 ns
[2021-04-05T01:49:20.548+0000][3999][safepoint   ] Safepoint "Cleanup", Time since last: 1000198911 ns, Reaching safepoint: 236822 ns, At safepoint: 20172 ns, Total: 256994 ns
[2021-04-05T01:49:26.550+0000][3999][safepoint   ] Safepoint "Cleanup", Time since last: 6001154322 ns, Reaching safepoint: 249432 ns, At safepoint: 18047 ns, Total: 267479 ns
[2021-04-05T01:49:27.550+0000][3999][safepoint   ] Safepoint "Cleanup", Time since last: 1000218345 ns, Reaching safepoint: 272030 ns, At safepoint: 21555 ns, Total: 293585 ns
[2021-04-05T01:49:29.551+0000][3999][safepoint   ] Safepoint "Cleanup", Time since last: 2000423636 ns, Reaching safepoint: 339421 ns, At safepoint: 26628 ns, Total: 366049 ns
[2021-04-05T01:49:32.552+0000][3999][safepoint   ] Safepoint "Cleanup", Time since last: 3000366381 ns, Reaching safepoint: 291194 ns, At safepoint: 22162 ns, Total: 313356 ns
[2021-04-05T01:49:33.552+0000][3999][safepoint   ] Safepoint "Cleanup", Time since last: 1000184220 ns, Reaching safepoint: 285100 ns, At safepoint: 24437 ns, Total: 309537 ns
[2021-04-05T01:49:34.553+0000][3999][safepoint   ] Safepoint "Cleanup", Time since last: 1000196377 ns, Reaching safepoint: 177019 ns, At safepoint: 11432 ns, Total: 188451 ns
[2021-04-05T01:49:35.553+0000][3999][safepoint   ] Safepoint "Cleanup", Time since last: 1000238153 ns, Reaching safepoint: 217567 ns, At safepoint: 18203 ns, Total: 235770 ns
[2021-04-05T01:49:41.554+0000][3999][safepoint   ] Safepoint "Cleanup", Time since last: 6000926674 ns, Reaching safepoint: 249718 ns, At safepoint: 22277 ns, Total: 271995 ns
[2021-04-05T01:49:50.556+0000][3999][safepoint   ] Safepoint "Cleanup", Time since last: 9001663032 ns, Reaching safepoint: 234297 ns, At safepoint: 18974 ns, Total: 253271 ns
[2021-04-05T01:49:52.557+0000][3999][safepoint   ] Safepoint "Cleanup", Time since last: 2000445564 ns, Reaching safepoint: 233008 ns, At safepoint: 20734 ns, Total: 253742 ns
[2021-04-05T01:49:53.557+0000][3999][safepoint   ] Safepoint "Cleanup", Time since last: 1000234247 ns, Reaching safepoint: 259145 ns, At safepoint: 16619 ns, Total: 275764 ns
[2021-04-05T01:49:54.558+0000][3999][safepoint   ] Safepoint "Cleanup", Time since last: 1000227118 ns, Reaching safepoint: 245458 ns, At safepoint: 19210 ns, Total: 264668 ns
[2021-04-05T01:49:59.559+0000][3999][safepoint   ] Safepoint "Cleanup", Time since last: 5000960028 ns, Reaching safepoint: 294863 ns, At safepoint: 23650 ns, Total: 318513 ns
[2021-04-05T01:50:00.560+0000][3999][safepoint   ] Safepoint "Cleanup", Time since last: 1000215162 ns, Reaching safepoint: 343998 ns, At safepoint: 19481 ns, Total: 363479 ns
[2021-04-05T01:50:02.560+0000][3999][safepoint   ] Safepoint "Cleanup", Time since last: 2000441944 ns, Reaching safepoint: 229405 ns, At safepoint: 16158 ns, Total: 245563 ns
[2021-04-05T01:50:05.561+0000][3999][safepoint   ] Safepoint "Cleanup", Time since last: 3000600292 ns, Reaching safepoint: 244630 ns, At safepoint: 20704 ns, Total: 265334 ns
[2021-04-05T01:50:07.562+0000][3999][safepoint   ] Safepoint "Cleanup", Time since last: 2000660523 ns, Reaching safepoint: 323014 ns, At safepoint: 17506 ns, Total: 340520 ns
[2021-04-05T01:50:09.563+0000][3999][safepoint   ] Safepoint "Cleanup", Time since last: 2000384868 ns, Reaching safepoint: 285982 ns, At safepoint: 26377 ns, Total: 312359 ns
[2021-04-05T01:50:11.564+0000][3999][safepoint   ] Safepoint "Cleanup", Time since last: 2000420655 ns, Reaching safepoint: 275348 ns, At safepoint: 17751 ns, Total: 293099 ns
[2021-04-05T01:50:17.565+0000][3999][safepoint   ] Safepoint "Cleanup", Time since last: 6001091856 ns, Reaching safepoint: 253752 ns, At safepoint: 17436 ns, Total: 271188 ns
[2021-04-05T01:50:18.566+0000][3999][safepoint   ] Safepoint "Cleanup", Time since last: 1000363078 ns, Reaching safepoint: 121489 ns, At safepoint: 8210 ns, Total: 129699 ns
[2021-04-05T01:50:19.566+0000][3999][safepoint   ] Safepoint "Cleanup", Time since last: 1000274709 ns, Reaching safepoint: 231801 ns, At safepoint: 18287 ns, Total: 250088 ns
[2021-04-05T01:50:24.567+0000][3999][safepoint   ] Safepoint "Cleanup", Time since last: 5000989896 ns, Reaching safepoint: 243709 ns, At safepoint: 21555 ns, Total: 265264 ns
[2021-04-05T01:50:28.568+0000][3999][safepoint   ] Safepoint "Cleanup", Time since last: 4000882317 ns, Reaching safepoint: 241132 ns, At safepoint: 20463 ns, Total: 261595 ns
[2021-04-05T01:50:29.569+0000][3999][safepoint   ] Safepoint "Cleanup", Time since last: 1000234475 ns, Reaching safepoint: 250239 ns, At safepoint: 17712 ns, Total: 267951 ns
[2021-04-05T01:50:33.570+0000][3999][safepoint   ] Safepoint "Cleanup", Time since last: 4000870817 ns, Reaching safepoint: 277227 ns, At safepoint: 28501 ns, Total: 305728 ns
[2021-04-05T01:50:38.571+0000][3999][safepoint   ] Safepoint "Cleanup", Time since last: 5000536339 ns, Reaching safepoint: 127045 ns, At safepoint: 4328 ns, Total: 131373 ns
[2021-04-05T01:50:41.572+0000][3999][safepoint   ] Safepoint "Cleanup", Time since last: 3000388588 ns, Reaching safepoint: 323279 ns, At safepoint: 13928 ns, Total: 337207 ns
[2021-04-05T01:50:42.572+0000][3999][safepoint   ] Safepoint "Cleanup", Time since last: 1000387354 ns, Reaching safepoint: 94559 ns, At safepoint: 8321 ns, Total: 102880 ns
[2021-04-05T01:50:47.573+0000][3999][safepoint   ] Safepoint "Cleanup", Time since last: 5000903346 ns, Reaching safepoint: 246461 ns, At safepoint: 24006 ns, Total: 270467 ns
[2021-04-05T01:50:49.574+0000][3999][safepoint   ] Safepoint "Cleanup", Time since last: 2000343292 ns, Reaching safepoint: 97166 ns, At safepoint: 9688 ns, Total: 106854 ns
[2021-04-05T01:50:53.575+0000][3999][safepoint   ] Safepoint "Cleanup", Time since last: 4000704122 ns, Reaching safepoint: 220404 ns, At safepoint: 23671 ns, Total: 244075 ns
[2021-04-05T01:50:54.575+0000][3999][safepoint   ] Safepoint "Cleanup", Time since last: 1000208745 ns, Reaching safepoint: 305909 ns, At safepoint: 20844 ns, Total: 326753 ns
[2021-04-05T01:51:00.576+0000][3999][safepoint   ] Safepoint "Cleanup", Time since last: 6000949254 ns, Reaching safepoint: 265625 ns, At safepoint: 17270 ns, Total: 282895 ns
[2021-04-05T01:51:02.577+0000][3999][safepoint   ] Safepoint "Cleanup", Time since last: 2000447612 ns, Reaching safepoint: 251487 ns, At safepoint: 23124 ns, Total: 274611 ns
[2021-04-05T01:51:05.578+0000][3999][safepoint   ] Safepoint "Cleanup", Time since last: 3000599407 ns, Reaching safepoint: 219979 ns, At safepoint: 23234 ns, Total: 243213 ns
[2021-04-05T01:51:08.579+0000][3999][safepoint   ] Safepoint "Cleanup", Time since last: 3000428836 ns, Reaching safepoint: 250018 ns, At safepoint: 25971 ns, Total: 275989 ns
[2021-04-05T01:51:14.580+0000][3999][safepoint   ] Safepoint "Cleanup", Time since last: 6001121438 ns, Reaching safepoint: 240657 ns, At safepoint: 18823 ns, Total: 259480 ns
[2021-04-05T01:51:17.581+0000][3999][safepoint   ] Safepoint "Cleanup", Time since last: 3000503792 ns, Reaching safepoint: 230668 ns, At safepoint: 17165 ns, Total: 247833 ns
[2021-04-05T01:51:18.581+0000][3999][safepoint   ] Safepoint "Cleanup", Time since last: 1000241421 ns, Reaching safepoint: 283372 ns, At safepoint: 22021 ns, Total: 305393 ns
[2021-04-05T01:51:19.582+0000][3999][safepoint   ] Safepoint "Cleanup", Time since last: 1000242838 ns, Reaching safepoint: 281592 ns, At safepoint: 22152 ns, Total: 303744 ns
[2021-04-05T01:51:24.583+0000][3999][safepoint   ] Safepoint "Cleanup", Time since last: 5001104726 ns, Reaching safepoint: 250164 ns, At safepoint: 21781 ns, Total: 271945 ns
[2021-04-05T01:51:29.584+0000][3999][safepoint   ] Safepoint "Cleanup", Time since last: 5000906561 ns, Reaching safepoint: 248475 ns, At safepoint: 21926 ns, Total: 270401 ns
[2021-04-05T01:51:37.586+0000][3999][safepoint   ] Safepoint "Cleanup", Time since last: 8001651488 ns, Reaching safepoint: 247668 ns, At safepoint: 23575 ns, Total: 271243 ns
[2021-04-05T01:51:38.587+0000][3999][safepoint   ] Safepoint "Cleanup", Time since last: 1000246816 ns, Reaching safepoint: 216911 ns, At safepoint: 19661 ns, Total: 236572 ns
[2021-04-05T01:51:41.588+0000][3999][safepoint   ] Safepoint "Cleanup", Time since last: 3000651625 ns, Reaching safepoint: 214797 ns, At safepoint: 17661 ns, Total: 232458 ns
[2021-04-05T01:51:44.589+0000][3999][safepoint   ] Safepoint "Cleanup", Time since last: 3000447285 ns, Reaching safepoint: 531932 ns, At safepoint: 43156 ns, Total: 575088 ns
[2021-04-05T01:51:53.590+0000][3999][safepoint   ] Safepoint "Cleanup", Time since last: 9001285055 ns, Reaching safepoint: 309954 ns, At safepoint: 32140 ns, Total: 342094 ns
[2021-04-05T01:51:54.591+0000][3999][safepoint   ] Safepoint "Cleanup", Time since last: 1000194802 ns, Reaching safepoint: 129417 ns, At safepoint: 13186 ns, Total: 142603 ns
[2021-04-05T01:52:01.849+0000][3999][safepoint   ] Safepoint "Cleanup", Time since last: 7258034440 ns, Reaching safepoint: 95095 ns, At safepoint: 5363 ns, Total: 100458 ns
[2021-04-05T01:52:02.849+0000][3999][safepoint   ] Safepoint "Cleanup", Time since last: 1000242765 ns, Reaching safepoint: 120661 ns, At safepoint: 10886 ns, Total: 131547 ns
[2021-04-05T01:52:05.850+0000][3999][safepoint   ] Safepoint "Cleanup", Time since last: 3000321636 ns, Reaching safepoint: 101773 ns, At safepoint: 5368 ns, Total: 107141 ns
[2021-04-05T01:52:16.852+0000][3999][safepoint   ] Safepoint "Cleanup", Time since last: 11001768233 ns, Reaching safepoint: 114529 ns, At safepoint: 9588 ns, Total: 124117 ns
[2021-04-05T01:52:17.852+0000][3999][safepoint   ] Safepoint "Cleanup", Time since last: 1000149321 ns, Reaching safepoint: 237881 ns, At safepoint: 16548 ns, Total: 254429 ns
[2021-04-05T01:52:18.853+0000][3999][safepoint   ] Safepoint "Cleanup", Time since last: 1000404539 ns, Reaching safepoint: 242527 ns, At safepoint: 17405 ns, Total: 259932 ns
[2021-04-05T01:52:22.854+0000][3999][safepoint   ] Safepoint "Cleanup", Time since last: 4000779258 ns, Reaching safepoint: 151941 ns, At safepoint: 13245 ns, Total: 165186 ns
[2021-04-05T01:52:28.855+0000][3999][safepoint   ] Safepoint "Cleanup", Time since last: 6000967216 ns, Reaching safepoint: 167043 ns, At safepoint: 9534 ns, Total: 176577 ns
[2021-04-05T01:52:29.855+0000][3999][safepoint   ] Safepoint "Cleanup", Time since last: 1000260721 ns, Reaching safepoint: 286379 ns, At safepoint: 21299 ns, Total: 307678 ns
[2021-04-05T01:52:41.857+0000][3999][safepoint   ] Safepoint "Cleanup", Time since last: 12001916503 ns, Reaching safepoint: 264759 ns, At safepoint: 15406 ns, Total: 280165 ns
[2021-04-05T01:53:01.860+0000][3999][safepoint   ] Safepoint "Cleanup", Time since last: 20002630265 ns, Reaching safepoint: 156018 ns, At safepoint: 11209 ns, Total: 167227 ns
[2021-04-05T01:53:04.861+0000][3999][safepoint   ] Safepoint "Cleanup", Time since last: 3000310147 ns, Reaching safepoint: 133689 ns, At safepoint: 5613 ns, Total: 139302 ns
[2021-04-05T01:53:06.861+0000][3999][safepoint   ] Safepoint "Cleanup", Time since last: 2000252880 ns, Reaching safepoint: 194586 ns, At safepoint: 8634 ns, Total: 203220 ns
[2021-04-05T01:53:07.862+0000][3999][safepoint   ] Safepoint "Cleanup", Time since last: 1000360528 ns, Reaching safepoint: 149891 ns, At safepoint: 11315 ns, Total: 161206 ns
[2021-04-05T01:53:08.862+0000][3999][safepoint   ] Safepoint "Cleanup", Time since last: 1000332054 ns, Reaching safepoint: 264804 ns, At safepoint: 26206 ns, Total: 291010 ns
[2021-04-05T01:53:16.863+0000][3999][safepoint   ] Safepoint "Cleanup", Time since last: 8000808765 ns, Reaching safepoint: 155494 ns, At safepoint: 13325 ns, Total: 168819 ns
[2021-04-05T01:53:17.864+0000][3999][safepoint   ] Safepoint "Cleanup", Time since last: 1000222001 ns, Reaching safepoint: 238491 ns, At safepoint: 23310 ns, Total: 261801 ns
[2021-04-05T01:53:19.864+0000][3999][safepoint   ] Safepoint "Cleanup", Time since last: 2000355039 ns, Reaching safepoint: 201134 ns, At safepoint: 19389 ns, Total: 220523 ns
[2021-04-05T01:53:23.865+0000][3999][safepoint   ] Safepoint "Cleanup", Time since last: 4000421971 ns, Reaching safepoint: 248077 ns, At safepoint: 10727 ns, Total: 258804 ns
[2021-04-05T01:53:26.866+0000][3999][safepoint   ] Safepoint "Cleanup", Time since last: 3000333415 ns, Reaching safepoint: 546222 ns, At safepoint: 15949 ns, Total: 562171 ns
[2021-04-05T01:53:29.867+0000][3999][safepoint   ] Safepoint "Cleanup", Time since last: 3000467316 ns, Reaching safepoint: 242356 ns, At safepoint: 23475 ns, Total: 265831 ns
[2021-04-05T01:53:31.867+0000][3999][safepoint   ] Safepoint "Cleanup", Time since last: 2000556855 ns, Reaching safepoint: 225041 ns, At safepoint: 16483 ns, Total: 241524 ns
[2021-04-05T01:53:35.869+0000][3999][safepoint   ] Safepoint "Cleanup", Time since last: 4000801526 ns, Reaching safepoint: 231205 ns, At safepoint: 15311 ns, Total: 246516 ns
[2021-04-05T01:53:39.870+0000][3999][safepoint   ] Safepoint "Cleanup", Time since last: 4000774582 ns, Reaching safepoint: 229942 ns, At safepoint: 21305 ns, Total: 251247 ns
[2021-04-05T01:53:40.870+0000][3999][safepoint   ] Safepoint "Cleanup", Time since last: 1000197392 ns, Reaching safepoint: 145556 ns, At safepoint: 10703 ns, Total: 156259 ns
[2021-04-05T01:53:49.871+0000][3999][safepoint   ] Safepoint "Cleanup", Time since last: 9001196077 ns, Reaching safepoint: 208523 ns, At safepoint: 14955 ns, Total: 223478 ns
[2021-04-05T01:53:52.872+0000][3999][safepoint   ] Safepoint "Cleanup", Time since last: 3000521911 ns, Reaching safepoint: 159061 ns, At safepoint: 8101 ns, Total: 167162 ns
[2021-04-05T01:53:53.872+0000][3999][safepoint   ] Safepoint "Cleanup", Time since last: 1000216383 ns, Reaching safepoint: 235069 ns, At safepoint: 19390 ns, Total: 254459 ns
[2021-04-05T01:53:57.873+0000][3999][safepoint   ] Safepoint "Cleanup", Time since last: 4000761812 ns, Reaching safepoint: 146924 ns, At safepoint: 12341 ns, Total: 159265 ns
[2021-04-05T01:54:01.874+0000][3999][safepoint   ] Safepoint "Cleanup", Time since last: 4000628946 ns, Reaching safepoint: 138485 ns, At safepoint: 17916 ns, Total: 156401 ns
[2021-04-05T01:54:05.875+0000][3999][safepoint   ] Safepoint "Cleanup", Time since last: 4000704137 ns, Reaching safepoint: 300953 ns, At safepoint: 21996 ns, Total: 322949 ns
[2021-04-05T01:54:11.876+0000][3999][safepoint   ] Safepoint "Cleanup", Time since last: 6000940038 ns, Reaching safepoint: 239379 ns, At safepoint: 16599 ns, Total: 255978 ns
[2021-04-05T01:54:16.877+0000][3999][safepoint   ] Safepoint "Cleanup", Time since last: 5000860649 ns, Reaching safepoint: 188294 ns, At safepoint: 13150 ns, Total: 201444 ns
[2021-04-05T01:54:17.878+0000][3999][safepoint   ] Safepoint "Cleanup", Time since last: 1000222539 ns, Reaching safepoint: 291520 ns, At safepoint: 21275 ns, Total: 312795 ns
[2021-04-05T01:54:19.879+0000][3999][safepoint   ] Safepoint "Cleanup", Time since last: 2000464651 ns, Reaching safepoint: 241459 ns, At safepoint: 17742 ns, Total: 259201 ns
[2021-04-05T01:54:22.879+0000][3999][safepoint   ] Safepoint "Cleanup", Time since last: 3000527658 ns, Reaching safepoint: 135427 ns, At safepoint: 11214 ns, Total: 146641 ns
[2021-04-05T01:54:24.880+0000][3999][safepoint   ] Safepoint "Cleanup", Time since last: 2000337935 ns, Reaching safepoint: 304707 ns, At safepoint: 18438 ns, Total: 323145 ns
[2021-04-05T01:54:29.881+0000][3999][safepoint   ] Safepoint "Cleanup", Time since last: 5000831661 ns, Reaching safepoint: 92091 ns, At safepoint: 4881 ns, Total: 96972 ns
[2021-04-05T01:54:31.882+0000][3999][safepoint   ] Safepoint "Cleanup", Time since last: 2000428405 ns, Reaching safepoint: 241369 ns, At safepoint: 17100 ns, Total: 258469 ns
[2021-04-05T01:54:54.886+0000][3999][safepoint   ] Safepoint "Cleanup", Time since last: 23004161419 ns, Reaching safepoint: 240206 ns, At safepoint: 15110 ns, Total: 255316 ns
[2021-04-05T01:54:57.887+0000][3999][safepoint   ] Safepoint "Cleanup", Time since last: 3000861688 ns, Reaching safepoint: 163585 ns, At safepoint: 9393 ns, Total: 172978 ns
[2021-04-05T01:55:01.888+0000][3999][safepoint   ] Safepoint "Cleanup", Time since last: 4000579180 ns, Reaching safepoint: 276611 ns, At safepoint: 27539 ns, Total: 304150 ns
[2021-04-05T01:55:05.889+0000][3999][safepoint   ] Safepoint "Cleanup", Time since last: 4000765984 ns, Reaching safepoint: 323601 ns, At safepoint: 19535 ns, Total: 343136 ns
[2021-04-05T01:55:13.890+0000][3999][safepoint   ] Safepoint "Cleanup", Time since last: 8001260067 ns, Reaching safepoint: 99487 ns, At safepoint: 9952 ns, Total: 109439 ns
[2021-04-05T01:55:14.891+0000][3999][safepoint   ] Safepoint "Cleanup", Time since last: 1000216227 ns, Reaching safepoint: 261362 ns, At safepoint: 19105 ns, Total: 280467 ns
[2021-04-05T01:55:16.891+0000][3999][safepoint   ] Safepoint "Cleanup", Time since last: 2000352245 ns, Reaching safepoint: 105365 ns, At safepoint: 6585 ns, Total: 111950 ns
[2021-04-05T01:55:17.892+0000][3999][safepoint   ] Safepoint "Cleanup", Time since last: 1000216563 ns, Reaching safepoint: 246426 ns, At safepoint: 17988 ns, Total: 264414 ns
[2021-04-05T01:55:27.894+0000][3999][safepoint   ] Safepoint "Cleanup", Time since last: 10001731999 ns, Reaching safepoint: 158319 ns, At safepoint: 10759 ns, Total: 169078 ns
[2021-04-05T01:55:29.894+0000][3999][safepoint   ] Safepoint "Cleanup", Time since last: 2000236500 ns, Reaching safepoint: 285205 ns, At safepoint: 21805 ns, Total: 307010 ns
[2021-04-05T01:55:32.895+0000][3999][safepoint   ] Safepoint "Cleanup", Time since last: 3000635051 ns, Reaching safepoint: 258064 ns, At safepoint: 18418 ns, Total: 276482 ns
[2021-04-05T01:55:34.896+0000][3999][safepoint   ] Safepoint "Cleanup", Time since last: 2000275618 ns, Reaching safepoint: 144305 ns, At safepoint: 10559 ns, Total: 154864 ns
[2021-04-05T01:55:37.897+0000][3999][safepoint   ] Safepoint "Cleanup", Time since last: 3000605252 ns, Reaching safepoint: 225797 ns, At safepoint: 16831 ns, Total: 242628 ns
[2021-04-05T01:55:40.897+0000][3999][safepoint   ] Safepoint "Cleanup", Time since last: 3000548682 ns, Reaching safepoint: 93381 ns, At safepoint: 5786 ns, Total: 99167 ns
[2021-04-05T01:55:41.898+0000][3999][safepoint   ] Safepoint "Cleanup", Time since last: 1000191428 ns, Reaching safepoint: 281036 ns, At safepoint: 19046 ns, Total: 300082 ns
[2021-04-05T01:56:00.901+0000][3999][safepoint   ] Safepoint "Cleanup", Time since last: 19003471840 ns, Reaching safepoint: 244306 ns, At safepoint: 17732 ns, Total: 262038 ns
[2021-04-05T01:56:01.902+0000][3999][safepoint   ] Safepoint "Cleanup", Time since last: 1000455773 ns, Reaching safepoint: 246731 ns, At safepoint: 17091 ns, Total: 263822 ns
[2021-04-05T01:56:02.903+0000][3999][safepoint   ] Safepoint "Cleanup", Time since last: 1000252260 ns, Reaching safepoint: 245829 ns, At safepoint: 25504 ns, Total: 271333 ns
[2021-04-05T01:56:05.903+0000][3999][safepoint   ] Safepoint "Cleanup", Time since last: 3000524308 ns, Reaching safepoint: 261248 ns, At safepoint: 20087 ns, Total: 281335 ns
[2021-04-05T01:56:16.906+0000][3999][safepoint   ] Safepoint "Cleanup", Time since last: 11001988411 ns, Reaching safepoint: 197760 ns, At safepoint: 15844 ns, Total: 213604 ns
[2021-04-05T01:56:17.906+0000][3999][safepoint   ] Safepoint "Cleanup", Time since last: 1000130161 ns, Reaching safepoint: 100046 ns, At safepoint: 7540 ns, Total: 107586 ns
[2021-04-05T01:56:20.907+0000][3999][safepoint   ] Safepoint "Cleanup", Time since last: 3000434264 ns, Reaching safepoint: 231783 ns, At safepoint: 12421 ns, Total: 244204 ns
[2021-04-05T01:56:24.908+0000][3999][safepoint   ] Safepoint "Cleanup", Time since last: 4000720790 ns, Reaching safepoint: 232335 ns, At safepoint: 18750 ns, Total: 251085 ns
[2021-04-05T01:56:27.908+0000][3999][safepoint   ] Safepoint "Cleanup", Time since last: 3000575077 ns, Reaching safepoint: 139198 ns, At safepoint: 11344 ns, Total: 150542 ns
[2021-04-05T01:56:28.909+0000][3999][safepoint   ] Safepoint "Cleanup", Time since last: 1000148346 ns, Reaching safepoint: 183630 ns, At safepoint: 7303 ns, Total: 190933 ns
[2021-04-05T01:56:29.909+0000][3999][safepoint   ] Safepoint "Cleanup", Time since last: 1000137098 ns, Reaching safepoint: 233913 ns, At safepoint: 14271 ns, Total: 248184 ns
[2021-04-05T01:56:31.910+0000][3999][safepoint   ] Safepoint "Cleanup", Time since last: 2000531257 ns, Reaching safepoint: 236479 ns, At safepoint: 16551 ns, Total: 253030 ns
[2021-04-05T01:56:53.913+0000][3999][safepoint   ] Safepoint "Cleanup", Time since last: 22002694969 ns, Reaching safepoint: 234719 ns, At safepoint: 17147 ns, Total: 251866 ns
[2021-04-05T01:57:01.914+0000][3999][safepoint   ] Safepoint "Cleanup", Time since last: 8000757997 ns, Reaching safepoint: 97140 ns, At safepoint: 5815 ns, Total: 102955 ns
[2021-04-05T01:57:04.914+0000][3999][safepoint   ] Safepoint "Cleanup", Time since last: 3000242270 ns, Reaching safepoint: 101536 ns, At safepoint: 6068 ns, Total: 107604 ns
[2021-04-05T01:57:05.914+0000][3999][safepoint   ] Safepoint "Cleanup", Time since last: 1000105109 ns, Reaching safepoint: 93660 ns, At safepoint: 5097 ns, Total: 98757 ns
[2021-04-05T01:57:07.915+0000][3999][safepoint   ] Safepoint "Cleanup", Time since last: 2000284050 ns, Reaching safepoint: 139902 ns, At safepoint: 9348 ns, Total: 149250 ns
[2021-04-05T01:57:12.949+0000][3999][safepoint   ] Safepoint "Cleanup", Time since last: 5034571079 ns, Reaching safepoint: 275134 ns, At safepoint: 19567 ns, Total: 294701 ns
[2021-04-05T02:18:59.857+0000][3999][safepoint   ] Safepoint "Cleanup", Time since last: 8332752820 ns, Reaching safepoint: 103963 ns, At safepoint: 5533 ns, Total: 109496 ns
[2021-04-05T02:19:00.857+0000][3999][safepoint   ] Safepoint "Cleanup", Time since last: 1000349680 ns, Reaching safepoint: 175559 ns, At safepoint: 9252 ns, Total: 184811 ns
[2021-04-05T02:19:01.858+0000][3999][safepoint   ] Safepoint "Cleanup", Time since last: 1000331801 ns, Reaching safepoint: 190191 ns, At safepoint: 26529 ns, Total: 216720 ns
[2021-04-05T02:19:02.862+0000][3999][safepoint   ] Safepoint "Cleanup", Time since last: 1003658619 ns, Reaching safepoint: 223503 ns, At safepoint: 9349 ns, Total: 232852 ns
[2021-04-05T02:19:11.863+0000][3999][safepoint   ] Safepoint "Cleanup", Time since last: 9000730151 ns, Reaching safepoint: 164528 ns, At safepoint: 11002 ns, Total: 175530 ns
[2021-04-05T02:19:12.863+0000][3999][safepoint   ] Safepoint "Cleanup", Time since last: 1000144156 ns, Reaching safepoint: 169516 ns, At safepoint: 13043 ns, Total: 182559 ns
[2021-04-05T02:19:17.864+0000][3999][safepoint   ] Safepoint "Cleanup", Time since last: 5000764563 ns, Reaching safepoint: 314448 ns, At safepoint: 21617 ns, Total: 336065 ns
[2021-04-05T02:19:19.865+0000][3999][safepoint   ] Safepoint "Cleanup", Time since last: 2000306705 ns, Reaching safepoint: 197412 ns, At safepoint: 13430 ns, Total: 210842 ns
[2021-04-05T02:19:20.865+0000][3999][safepoint   ] Safepoint "Cleanup", Time since last: 1000171058 ns, Reaching safepoint: 239722 ns, At safepoint: 18791 ns, Total: 258513 ns
[2021-04-05T02:19:23.866+0000][3999][safepoint   ] Safepoint "Cleanup", Time since last: 3000422533 ns, Reaching safepoint: 265947 ns, At safepoint: 14980 ns, Total: 280927 ns
[2021-04-05T02:19:35.868+0000][3999][safepoint   ] Safepoint "Cleanup", Time since last: 12001627386 ns, Reaching safepoint: 251990 ns, At safepoint: 14929 ns, Total: 266919 ns
[2021-04-05T02:19:38.868+0000][3999][safepoint   ] Safepoint "Cleanup", Time since last: 3000431555 ns, Reaching safepoint: 150512 ns, At safepoint: 9707 ns, Total: 160219 ns
[2021-04-05T02:19:39.869+0000][3999][safepoint   ] Safepoint "Cleanup", Time since last: 1000166687 ns, Reaching safepoint: 281941 ns, At safepoint: 24569 ns, Total: 306510 ns
[2021-04-05T02:19:40.869+0000][3999][safepoint   ] Safepoint "Cleanup", Time since last: 1000184551 ns, Reaching safepoint: 237146 ns, At safepoint: 16683 ns, Total: 253829 ns
[2021-04-05T02:19:41.870+0000][3999][safepoint   ] Safepoint "Cleanup", Time since last: 1000234851 ns, Reaching safepoint: 338985 ns, At safepoint: 21793 ns, Total: 360778 ns
[2021-04-05T02:19:44.871+0000][3999][safepoint   ] Safepoint "Cleanup", Time since last: 3000478247 ns, Reaching safepoint: 231010 ns, At safepoint: 18465 ns, Total: 249475 ns
[2021-04-05T02:19:47.871+0000][3999][safepoint   ] Safepoint "Cleanup", Time since last: 3000543167 ns, Reaching safepoint: 249095 ns, At safepoint: 22535 ns, Total: 271630 ns
[2021-04-05T02:19:50.872+0000][3999][safepoint   ] Safepoint "Cleanup", Time since last: 3000510539 ns, Reaching safepoint: 225909 ns, At safepoint: 17995 ns, Total: 243904 ns
[2021-04-05T02:19:59.874+0000][3999][safepoint   ] Safepoint "Cleanup", Time since last: 9001409996 ns, Reaching safepoint: 276642 ns, At safepoint: 21868 ns, Total: 298510 ns
[2021-04-05T02:20:11.876+0000][3999][safepoint   ] Safepoint "Cleanup", Time since last: 12001866553 ns, Reaching safepoint: 259050 ns, At safepoint: 19382 ns, Total: 278432 ns
[2021-04-05T02:20:19.878+0000][3999][safepoint   ] Safepoint "Cleanup", Time since last: 8001353661 ns, Reaching safepoint: 218248 ns, At safepoint: 23276 ns, Total: 241524 ns
[2021-04-05T02:20:23.878+0000][3999][safepoint   ] Safepoint "Cleanup", Time since last: 4000607843 ns, Reaching safepoint: 229977 ns, At safepoint: 18882 ns, Total: 248859 ns
[2021-04-05T02:20:25.877+0000][3999][gc,start    ] GC(18) Pause Young (Normal) (G1 Evacuation Pause)
[2021-04-05T02:20:25.877+0000][3999][gc,task     ] GC(18) Using 4 workers of 4 for evacuation
[2021-04-05T02:20:25.877+0000][3999][gc,age      ] GC(18) Desired survivor size 155189248 bytes, new threshold 15 (max threshold 15)
[2021-04-05T02:20:25.927+0000][3999][gc,age      ] GC(18) Age table with threshold 15 (max threshold 15)
[2021-04-05T02:20:25.927+0000][3999][gc,age      ] GC(18) - age   1:    2620752 bytes,    2620752 total
[2021-04-05T02:20:25.927+0000][3999][gc,age      ] GC(18) - age   2:    1178536 bytes,    3799288 total
[2021-04-05T02:20:25.927+0000][3999][gc,age      ] GC(18) - age   3:     381512 bytes,    4180800 total
[2021-04-05T02:20:25.927+0000][3999][gc,age      ] GC(18) - age   4:    9198336 bytes,   13379136 total
[2021-04-05T02:20:25.927+0000][3999][gc,age      ] GC(18) - age   5:   21247320 bytes,   34626456 total
[2021-04-05T02:20:25.927+0000][3999][gc,age      ] GC(18) - age   6:    4196520 bytes,   38822976 total
[2021-04-05T02:20:25.927+0000][3999][gc,age      ] GC(18) - age   7:    8683216 bytes,   47506192 total
[2021-04-05T02:20:25.927+0000][3999][gc,phases   ] GC(18)   Pre Evacuate Collection Set: 0.4ms
[2021-04-05T02:20:25.927+0000][3999][gc,phases   ] GC(18)   Merge Heap Roots: 0.3ms
[2021-04-05T02:20:25.927+0000][3999][gc,phases   ] GC(18)   Evacuate Collection Set: 46.4ms
[2021-04-05T02:20:25.927+0000][3999][gc,phases   ] GC(18)   Post Evacuate Collection Set: 2.2ms
[2021-04-05T02:20:25.927+0000][3999][gc,phases   ] GC(18)   Other: 0.5ms
[2021-04-05T02:20:25.927+0000][3999][gc,heap     ] GC(18) Eden regions: 578->0(578)
[2021-04-05T02:20:25.927+0000][3999][gc,heap     ] GC(18) Survivor regions: 13->13(74)
[2021-04-05T02:20:25.927+0000][3999][gc,heap     ] GC(18) Old regions: 14->14
[2021-04-05T02:20:25.927+0000][3999][gc,heap     ] GC(18) Archive regions: 2->2
[2021-04-05T02:20:25.927+0000][3999][gc,heap     ] GC(18) Humongous regions: 2->2
[2021-04-05T02:20:25.927+0000][3999][gc,metaspace] GC(18) Metaspace: 114713K(119088K)->114713K(119088K) NonClass: 99922K(102832K)->99922K(102832K) Class: 14791K(16256K)->14791K(16256K)
[2021-04-05T02:20:25.927+0000][3999][gc          ] GC(18) Pause Young (Normal) (G1 Evacuation Pause) 2431M->117M(3940M) 49.661ms
[2021-04-05T02:20:25.927+0000][3999][gc,cpu      ] GC(18) User=0.18s Sys=0.01s Real=0.05s
[2021-04-05T02:20:25.927+0000][3999][safepoint   ] Safepoint "G1CollectForAllocation", Time since last: 1998396229 ns, Reaching safepoint: 214152 ns, At safepoint: 49793530 ns, Total: 50007682 ns
[2021-04-05T02:20:32.928+0000][3999][safepoint   ] Safepoint "Cleanup", Time since last: 7001367353 ns, Reaching safepoint: 227116 ns, At safepoint: 17684 ns, Total: 244800 ns
[2021-04-05T02:20:34.929+0000][3999][safepoint   ] Safepoint "Cleanup", Time since last: 2000344779 ns, Reaching safepoint: 142646 ns, At safepoint: 9856 ns, Total: 152502 ns
[2021-04-05T02:20:35.929+0000][3999][safepoint   ] Safepoint "Cleanup", Time since last: 1000222765 ns, Reaching safepoint: 250007 ns, At safepoint: 22089 ns, Total: 272096 ns
[2021-04-05T02:20:36.930+0000][3999][safepoint   ] Safepoint "Cleanup", Time since last: 1000247417 ns, Reaching safepoint: 191077 ns, At safepoint: 15784 ns, Total: 206861 ns
[2021-04-05T02:20:40.931+0000][3999][safepoint   ] Safepoint "Cleanup", Time since last: 4000650076 ns, Reaching safepoint: 227154 ns, At safepoint: 37124 ns, Total: 264278 ns
[2021-04-05T02:20:48.932+0000][3999][safepoint   ] Safepoint "Cleanup", Time since last: 8001363881 ns, Reaching safepoint: 164997 ns, At safepoint: 11592 ns, Total: 176589 ns
[2021-04-05T02:21:04.935+0000][3999][safepoint   ] Safepoint "Cleanup", Time since last: 16002640642 ns, Reaching safepoint: 103743 ns, At safepoint: 5953 ns, Total: 109696 ns
[2021-04-05T02:21:05.935+0000][3999][safepoint   ] Safepoint "Cleanup", Time since last: 1000105444 ns, Reaching safepoint: 108431 ns, At safepoint: 7772 ns, Total: 116203 ns
[2021-04-05T02:21:06.936+0000][3999][safepoint   ] Safepoint "Cleanup", Time since last: 1000185856 ns, Reaching safepoint: 259266 ns, At safepoint: 25491 ns, Total: 284757 ns
[2021-04-05T02:21:11.937+0000][3999][safepoint   ] Safepoint "Cleanup", Time since last: 5000833751 ns, Reaching safepoint: 236139 ns, At safepoint: 17199 ns, Total: 253338 ns
[2021-04-05T02:21:16.938+0000][3999][safepoint   ] Safepoint "Cleanup", Time since last: 5000981995 ns, Reaching safepoint: 141053 ns, At safepoint: 10063 ns, Total: 151116 ns
[2021-04-05T02:21:18.939+0000][3999][safepoint   ] Safepoint "Cleanup", Time since last: 2000383713 ns, Reaching safepoint: 259963 ns, At safepoint: 22835 ns, Total: 282798 ns
[2021-04-05T02:21:25.940+0000][3999][safepoint   ] Safepoint "Cleanup", Time since last: 7001159343 ns, Reaching safepoint: 170639 ns, At safepoint: 13698 ns, Total: 184337 ns
[2021-04-05T02:21:31.941+0000][3999][safepoint   ] Safepoint "Cleanup", Time since last: 6001006745 ns, Reaching safepoint: 206395 ns, At safepoint: 21773 ns, Total: 228168 ns
[2021-04-05T02:21:34.942+0000][3999][safepoint   ] Safepoint "Cleanup", Time since last: 3000555990 ns, Reaching safepoint: 87781 ns, At safepoint: 9459 ns, Total: 97240 ns
[2021-04-05T02:21:36.156+0000][3999][safepoint   ] Safepoint "Cleanup", Time since last: 1213722735 ns, Reaching safepoint: 265899 ns, At safepoint: 18111 ns, Total: 284010 ns
[2021-04-05T02:21:41.157+0000][3999][safepoint   ] Safepoint "Cleanup", Time since last: 5000583189 ns, Reaching safepoint: 153118 ns, At safepoint: 10904 ns, Total: 164022 ns
[2021-04-05T02:21:47.158+0000][3999][safepoint   ] Safepoint "Cleanup", Time since last: 6000853270 ns, Reaching safepoint: 140531 ns, At safepoint: 9516 ns, Total: 150047 ns
[2021-04-05T02:21:59.159+0000][3999][safepoint   ] Safepoint "Cleanup", Time since last: 12001140862 ns, Reaching safepoint: 88319 ns, At safepoint: 6633 ns, Total: 94952 ns
[2021-04-05T02:22:08.160+0000][3999][safepoint   ] Safepoint "Cleanup", Time since last: 9000749886 ns, Reaching safepoint: 113810 ns, At safepoint: 6062 ns, Total: 119872 ns
[2021-04-05T02:22:11.160+0000][3999][safepoint   ] Safepoint "Cleanup", Time since last: 3000277528 ns, Reaching safepoint: 174660 ns, At safepoint: 6295 ns, Total: 180955 ns
[2021-04-05T02:22:12.161+0000][3999][safepoint   ] Safepoint "Cleanup", Time since last: 1000182685 ns, Reaching safepoint: 265755 ns, At safepoint: 22030 ns, Total: 287785 ns
[2021-04-05T02:22:17.162+0000][3999][safepoint   ] Safepoint "Cleanup", Time since last: 5000606417 ns, Reaching safepoint: 398264 ns, At safepoint: 24976 ns, Total: 423240 ns
[2021-04-05T02:22:23.163+0000][3999][safepoint   ] Safepoint "Cleanup", Time since last: 6001095378 ns, Reaching safepoint: 259492 ns, At safepoint: 20526 ns, Total: 280018 ns
[2021-04-05T02:22:24.164+0000][3999][safepoint   ] Safepoint "Cleanup", Time since last: 1000229846 ns, Reaching safepoint: 240820 ns, At safepoint: 19859 ns, Total: 260679 ns
[2021-04-05T02:22:38.167+0000][3999][safepoint   ] Safepoint "Cleanup", Time since last: 14002690287 ns, Reaching safepoint: 221197 ns, At safepoint: 18176 ns, Total: 239373 ns
[2021-04-05T02:22:41.167+0000][3999][safepoint   ] Safepoint "Cleanup", Time since last: 3000447427 ns, Reaching safepoint: 180926 ns, At safepoint: 7425 ns, Total: 188351 ns
[2021-04-05T02:22:48.168+0000][3999][safepoint   ] Safepoint "Cleanup", Time since last: 7000876673 ns, Reaching safepoint: 250559 ns, At safepoint: 18276 ns, Total: 268835 ns
[2021-04-05T02:22:49.169+0000][3999][safepoint   ] Safepoint "Cleanup", Time since last: 1000547573 ns, Reaching safepoint: 225427 ns, At safepoint: 19464 ns, Total: 244891 ns
[2021-04-05T02:22:50.170+0000][3999][safepoint   ] Safepoint "Cleanup", Time since last: 1000239483 ns, Reaching safepoint: 291827 ns, At safepoint: 21688 ns, Total: 313515 ns
[2021-04-05T02:22:59.171+0000][3999][safepoint   ] Safepoint "Cleanup", Time since last: 9001349474 ns, Reaching safepoint: 158330 ns, At safepoint: 12007 ns, Total: 170337 ns
[2021-04-05T02:23:01.172+0000][3999][safepoint   ] Safepoint "Cleanup", Time since last: 2000356099 ns, Reaching safepoint: 270198 ns, At safepoint: 15755 ns, Total: 285953 ns
[2021-04-05T02:23:03.173+0000][3999][safepoint   ] Safepoint "Cleanup", Time since last: 2000504348 ns, Reaching safepoint: 178633 ns, At safepoint: 7300 ns, Total: 185933 ns
[2021-04-05T02:23:06.174+0000][3999][safepoint   ] Safepoint "Cleanup", Time since last: 3000642973 ns, Reaching safepoint: 297259 ns, At safepoint: 17765 ns, Total: 315024 ns
[2021-04-05T02:23:08.174+0000][3999][safepoint   ] Safepoint "Cleanup", Time since last: 2000415562 ns, Reaching safepoint: 270163 ns, At safepoint: 23734 ns, Total: 293897 ns
[2021-04-05T02:23:11.175+0000][3999][safepoint   ] Safepoint "Cleanup", Time since last: 3000434300 ns, Reaching safepoint: 141546 ns, At safepoint: 9686 ns, Total: 151232 ns
[2021-04-05T02:23:12.175+0000][3999][safepoint   ] Safepoint "Cleanup", Time since last: 1000228503 ns, Reaching safepoint: 214899 ns, At safepoint: 17976 ns, Total: 232875 ns
[2021-04-05T02:23:23.177+0000][3999][safepoint   ] Safepoint "Cleanup", Time since last: 11001970782 ns, Reaching safepoint: 129583 ns, At safepoint: 6923 ns, Total: 136506 ns
[2021-04-05T02:23:29.179+0000][3999][safepoint   ] Safepoint "Cleanup", Time since last: 6001134673 ns, Reaching safepoint: 248787 ns, At safepoint: 20431 ns, Total: 269218 ns
[2021-04-05T02:23:34.180+0000][3999][safepoint   ] Safepoint "Cleanup", Time since last: 5001046289 ns, Reaching safepoint: 231968 ns, At safepoint: 21750 ns, Total: 253718 ns
[2021-04-05T02:23:35.180+0000][3999][safepoint   ] Safepoint "Cleanup", Time since last: 1000183125 ns, Reaching safepoint: 102218 ns, At safepoint: 6052 ns, Total: 108270 ns
[2021-04-05T02:23:37.181+0000][3999][safepoint   ] Safepoint "Cleanup", Time since last: 2000399595 ns, Reaching safepoint: 285234 ns, At safepoint: 17816 ns, Total: 303050 ns
[2021-04-05T02:23:41.182+0000][3999][safepoint   ] Safepoint "Cleanup", Time since last: 4000853312 ns, Reaching safepoint: 244522 ns, At safepoint: 23884 ns, Total: 268406 ns
[2021-04-05T02:23:47.183+0000][3999][safepoint   ] Safepoint "Cleanup", Time since last: 6001062673 ns, Reaching safepoint: 100713 ns, At safepoint: 6192 ns, Total: 106905 ns
[2021-04-05T02:23:59.185+0000][3999][safepoint   ] Safepoint "Cleanup", Time since last: 12001914210 ns, Reaching safepoint: 104766 ns, At safepoint: 7443 ns, Total: 112209 ns
[2021-04-05T02:24:02.186+0000][3999][safepoint   ] Safepoint "Cleanup", Time since last: 3000464447 ns, Reaching safepoint: 117214 ns, At safepoint: 5870 ns, Total: 123084 ns
[2021-04-05T02:24:11.187+0000][3999][safepoint   ] Safepoint "Cleanup", Time since last: 9001376364 ns, Reaching safepoint: 108972 ns, At safepoint: 6850 ns, Total: 115822 ns
[2021-04-05T02:24:12.188+0000][3999][safepoint   ] Safepoint "Cleanup", Time since last: 1000164386 ns, Reaching safepoint: 231675 ns, At safepoint: 17876 ns, Total: 249551 ns
[2021-04-05T02:24:14.188+0000][3999][safepoint   ] Safepoint "Cleanup", Time since last: 2000307060 ns, Reaching safepoint: 149494 ns, At safepoint: 8343 ns, Total: 157837 ns
[2021-04-05T02:24:15.189+0000][3999][safepoint   ] Safepoint "Cleanup", Time since last: 1000170646 ns, Reaching safepoint: 250738 ns, At safepoint: 19264 ns, Total: 270002 ns
[2021-04-05T02:24:23.190+0000][3999][safepoint   ] Safepoint "Cleanup", Time since last: 8001372861 ns, Reaching safepoint: 94521 ns, At safepoint: 6003 ns, Total: 100524 ns
[2021-04-05T02:24:24.191+0000][3999][safepoint   ] Safepoint "Cleanup", Time since last: 1000194661 ns, Reaching safepoint: 291966 ns, At safepoint: 22441 ns, Total: 314407 ns
[2021-04-05T02:24:26.191+0000][3999][safepoint   ] Safepoint "Cleanup", Time since last: 2000433469 ns, Reaching safepoint: 220570 ns, At safepoint: 18813 ns, Total: 239383 ns
[2021-04-05T02:24:33.193+0000][3999][safepoint   ] Safepoint "Cleanup", Time since last: 7001379469 ns, Reaching safepoint: 270528 ns, At safepoint: 22466 ns, Total: 292994 ns
[2021-04-05T02:24:35.194+0000][3999][safepoint   ] Safepoint "Cleanup", Time since last: 2000349334 ns, Reaching safepoint: 312365 ns, At safepoint: 13390 ns, Total: 325755 ns
[2021-04-05T02:24:41.195+0000][3999][safepoint   ] Safepoint "Cleanup", Time since last: 6001051023 ns, Reaching safepoint: 256948 ns, At safepoint: 24921 ns, Total: 281869 ns
[2021-04-05T02:24:42.196+0000][3999][safepoint   ] Safepoint "Cleanup", Time since last: 1000254113 ns, Reaching safepoint: 204312 ns, At safepoint: 19596 ns, Total: 223908 ns
[2021-04-05T02:24:59.199+0000][3999][safepoint   ] Safepoint "Cleanup", Time since last: 17002842709 ns, Reaching safepoint: 141974 ns, At safepoint: 9771 ns, Total: 151745 ns
[2021-04-05T02:25:30.202+0000][3999][safepoint   ] Safepoint "Cleanup", Time since last: 31003278313 ns, Reaching safepoint: 142805 ns, At safepoint: 11733 ns, Total: 154538 ns
[2021-04-05T02:25:36.203+0000][3999][safepoint   ] Safepoint "Cleanup", Time since last: 6001142119 ns, Reaching safepoint: 228996 ns, At safepoint: 18227 ns, Total: 247223 ns
[2021-04-05T02:25:41.204+0000][3999][safepoint   ] Safepoint "Cleanup", Time since last: 5000779592 ns, Reaching safepoint: 108240 ns, At safepoint: 7285 ns, Total: 115525 ns
[2021-04-05T02:25:42.205+0000][3999][safepoint   ] Safepoint "Cleanup", Time since last: 1000178956 ns, Reaching safepoint: 128938 ns, At safepoint: 9032 ns, Total: 137970 ns
[2021-04-05T02:25:44.205+0000][3999][safepoint   ] Safepoint "Cleanup", Time since last: 2000380738 ns, Reaching safepoint: 233888 ns, At safepoint: 18878 ns, Total: 252766 ns
[2021-04-05T02:26:05.209+0000][3999][safepoint   ] Safepoint "Cleanup", Time since last: 21003463764 ns, Reaching safepoint: 99620 ns, At safepoint: 6139 ns, Total: 105759 ns
[2021-04-05T02:26:06.209+0000][3999][safepoint   ] Safepoint "Cleanup", Time since last: 1000191797 ns, Reaching safepoint: 290703 ns, At safepoint: 18377 ns, Total: 309080 ns
[2021-04-05T02:26:18.212+0000][3999][safepoint   ] Safepoint "Cleanup", Time since last: 12001991370 ns, Reaching safepoint: 239110 ns, At safepoint: 19640 ns, Total: 258750 ns
[2021-04-05T02:26:29.214+0000][3999][safepoint   ] Safepoint "Cleanup", Time since last: 11002039641 ns, Reaching safepoint: 97256 ns, At safepoint: 6798 ns, Total: 104054 ns
[2021-04-05T02:26:30.214+0000][3999][safepoint   ] Safepoint "Cleanup", Time since last: 1000218079 ns, Reaching safepoint: 120723 ns, At safepoint: 8577 ns, Total: 129300 ns
[2021-04-05T02:26:37.215+0000][3999][safepoint   ] Safepoint "Cleanup", Time since last: 7001133858 ns, Reaching safepoint: 239026 ns, At safepoint: 23949 ns, Total: 262975 ns
[2021-04-05T02:26:40.216+0000][3999][safepoint   ] Safepoint "Cleanup", Time since last: 3000458913 ns, Reaching safepoint: 189485 ns, At safepoint: 8844 ns, Total: 198329 ns
[2021-04-05T02:26:53.218+0000][3999][safepoint   ] Safepoint "Cleanup", Time since last: 13001903903 ns, Reaching safepoint: 120558 ns, At safepoint: 5305 ns, Total: 125863 ns
[2021-04-05T02:26:54.219+0000][3999][safepoint   ] Safepoint "Cleanup", Time since last: 1000154653 ns, Reaching safepoint: 234702 ns, At safepoint: 21494 ns, Total: 256196 ns
[2021-04-05T02:27:03.220+0000][3999][safepoint   ] Safepoint "Cleanup", Time since last: 9001194183 ns, Reaching safepoint: 232942 ns, At safepoint: 23358 ns, Total: 256300 ns
[2021-04-05T02:27:06.221+0000][3999][safepoint   ] Safepoint "Cleanup", Time since last: 3000373766 ns, Reaching safepoint: 222904 ns, At safepoint: 15285 ns, Total: 238189 ns
[2021-04-05T02:27:20.223+0000][3999][safepoint   ] Safepoint "Cleanup", Time since last: 14001853327 ns, Reaching safepoint: 259845 ns, At safepoint: 26716 ns, Total: 286561 ns
[2021-04-05T02:27:35.225+0000][3999][safepoint   ] Safepoint "Cleanup", Time since last: 15001902502 ns, Reaching safepoint: 202183 ns, At safepoint: 6217 ns, Total: 208400 ns
[2021-04-05T02:27:36.225+0000][3999][safepoint   ] Safepoint "Cleanup", Time since last: 1000229802 ns, Reaching safepoint: 161116 ns, At safepoint: 13300 ns, Total: 174416 ns
[2021-04-05T02:27:38.226+0000][3999][safepoint   ] Safepoint "Cleanup", Time since last: 2000378271 ns, Reaching safepoint: 202654 ns, At safepoint: 17104 ns, Total: 219758 ns
[2021-04-05T02:27:40.226+0000][3999][safepoint   ] Safepoint "Cleanup", Time since last: 2000254440 ns, Reaching safepoint: 126834 ns, At safepoint: 6872 ns, Total: 133706 ns
[2021-04-05T02:27:41.226+0000][3999][safepoint   ] Safepoint "Cleanup", Time since last: 1000110237 ns, Reaching safepoint: 96540 ns, At safepoint: 7764 ns, Total: 104304 ns
[2021-04-05T02:27:42.227+0000][3999][safepoint   ] Safepoint "Cleanup", Time since last: 1000178958 ns, Reaching safepoint: 290956 ns, At safepoint: 22697 ns, Total: 313653 ns
[2021-04-05T02:27:44.228+0000][3999][safepoint   ] Safepoint "Cleanup", Time since last: 2000397645 ns, Reaching safepoint: 341687 ns, At safepoint: 20206 ns, Total: 361893 ns
[2021-04-05T02:27:49.229+0000][3999][safepoint   ] Safepoint "Cleanup", Time since last: 5000857971 ns, Reaching safepoint: 339246 ns, At safepoint: 16618 ns, Total: 355864 ns
[2021-04-05T02:27:50.229+0000][3999][safepoint   ] Safepoint "Cleanup", Time since last: 1000229459 ns, Reaching safepoint: 251200 ns, At safepoint: 17220 ns, Total: 268420 ns
[2021-04-05T02:27:53.230+0000][3999][safepoint   ] Safepoint "Cleanup", Time since last: 3000628374 ns, Reaching safepoint: 263497 ns, At safepoint: 17921 ns, Total: 281418 ns
[2021-04-05T02:27:54.231+0000][3999][safepoint   ] Safepoint "Cleanup", Time since last: 1000382424 ns, Reaching safepoint: 382847 ns, At safepoint: 26876 ns, Total: 409723 ns
[2021-04-05T02:28:05.233+0000][3999][safepoint   ] Safepoint "Cleanup", Time since last: 11001873319 ns, Reaching safepoint: 106298 ns, At safepoint: 6852 ns, Total: 113150 ns
[2021-04-05T02:28:29.237+0000][3999][safepoint   ] Safepoint "Cleanup", Time since last: 24003665352 ns, Reaching safepoint: 123145 ns, At safepoint: 5526 ns, Total: 128671 ns
[2021-04-05T02:28:38.239+0000][3999][safepoint   ] Safepoint "Cleanup", Time since last: 9001467864 ns, Reaching safepoint: 119513 ns, At safepoint: 9322 ns, Total: 128835 ns
[2021-04-05T02:28:39.239+0000][3999][safepoint   ] Safepoint "Cleanup", Time since last: 1000189087 ns, Reaching safepoint: 320715 ns, At safepoint: 18974 ns, Total: 339689 ns
[2021-04-05T02:28:40.239+0000][3999][safepoint   ] Safepoint "Cleanup", Time since last: 1000177220 ns, Reaching safepoint: 95497 ns, At safepoint: 6027 ns, Total: 101524 ns
[2021-04-05T02:28:42.217+0000][3999][safepoint   ] Safepoint "Cleanup", Time since last: 1977132791 ns, Reaching safepoint: 329225 ns, At safepoint: 24827 ns, Total: 354052 ns
[2021-04-05T02:28:49.219+0000][3999][safepoint   ] Safepoint "Cleanup", Time since last: 7001459664 ns, Reaching safepoint: 240311 ns, At safepoint: 16623 ns, Total: 256934 ns
[2021-04-05T02:28:51.219+0000][3999][safepoint   ] Safepoint "Cleanup", Time since last: 2000355623 ns, Reaching safepoint: 314451 ns, At safepoint: 16688 ns, Total: 331139 ns
[2021-04-05T02:29:03.222+0000][3999][safepoint   ] Safepoint "Cleanup", Time since last: 12002041869 ns, Reaching safepoint: 221919 ns, At safepoint: 18016 ns, Total: 239935 ns
[2021-04-05T02:29:05.222+0000][3999][safepoint   ] Safepoint "Cleanup", Time since last: 2000441915 ns, Reaching safepoint: 223363 ns, At safepoint: 18828 ns, Total: 242191 ns
[2021-04-05T02:29:06.223+0000][3999][safepoint   ] Safepoint "Cleanup", Time since last: 1000459814 ns, Reaching safepoint: 217784 ns, At safepoint: 20733 ns, Total: 238517 ns
[2021-04-05T02:29:17.225+0000][3999][safepoint   ] Safepoint "Cleanup", Time since last: 11001931907 ns, Reaching safepoint: 105999 ns, At safepoint: 5810 ns, Total: 111809 ns
[2021-04-05T02:29:24.226+0000][3999][safepoint   ] Safepoint "Cleanup", Time since last: 7001192317 ns, Reaching safepoint: 235104 ns, At safepoint: 23409 ns, Total: 258513 ns
[2021-04-05T02:29:26.227+0000][3999][safepoint   ] Safepoint "Cleanup", Time since last: 2000314168 ns, Reaching safepoint: 269448 ns, At safepoint: 18157 ns, Total: 287605 ns
[2021-04-05T02:29:29.228+0000][3999][safepoint   ] Safepoint "Cleanup", Time since last: 3000427853 ns, Reaching safepoint: 268963 ns, At safepoint: 19681 ns, Total: 288644 ns
[2021-04-05T02:29:40.229+0000][3999][safepoint   ] Safepoint "Cleanup", Time since last: 11001597317 ns, Reaching safepoint: 107401 ns, At safepoint: 7205 ns, Total: 114606 ns
[2021-04-05T02:29:53.232+0000][3999][safepoint   ] Safepoint "Cleanup", Time since last: 13002162087 ns, Reaching safepoint: 108015 ns, At safepoint: 6884 ns, Total: 114899 ns
[2021-04-05T02:29:54.232+0000][3999][safepoint   ] Safepoint "Cleanup", Time since last: 1000211264 ns, Reaching safepoint: 232714 ns, At safepoint: 19204 ns, Total: 251918 ns
[2021-04-05T02:30:05.234+0000][3999][safepoint   ] Safepoint "Cleanup", Time since last: 11002110039 ns, Reaching safepoint: 108272 ns, At safepoint: 5296 ns, Total: 113568 ns
[2021-04-05T02:30:06.235+0000][3999][safepoint   ] Safepoint "Cleanup", Time since last: 1000146838 ns, Reaching safepoint: 170481 ns, At safepoint: 10962 ns, Total: 181443 ns
[2021-04-05T02:30:29.239+0000][3999][safepoint   ] Safepoint "Cleanup", Time since last: 23004031033 ns, Reaching safepoint: 103520 ns, At safepoint: 5873 ns, Total: 109393 ns
[2021-04-05T02:30:38.241+0000][3999][safepoint   ] Safepoint "Cleanup", Time since last: 9001493373 ns, Reaching safepoint: 188216 ns, At safepoint: 15198 ns, Total: 203414 ns
[2021-04-05T02:30:40.241+0000][3999][safepoint   ] Safepoint "Cleanup", Time since last: 2000370583 ns, Reaching safepoint: 100949 ns, At safepoint: 8175 ns, Total: 109124 ns
[2021-04-05T02:30:44.242+0000][3999][safepoint   ] Safepoint "Cleanup", Time since last: 4000519823 ns, Reaching safepoint: 236243 ns, At safepoint: 12338 ns, Total: 248581 ns
[2021-04-05T02:30:47.242+0000][3999][safepoint   ] Safepoint "Cleanup", Time since last: 3000317413 ns, Reaching safepoint: 101642 ns, At safepoint: 6414 ns, Total: 108056 ns
[2021-04-05T02:30:48.242+0000][3999][safepoint   ] Safepoint "Cleanup", Time since last: 1000111424 ns, Reaching safepoint: 115774 ns, At safepoint: 9080 ns, Total: 124854 ns
[2021-04-05T02:30:49.243+0000][3999][safepoint   ] Safepoint "Cleanup", Time since last: 1000187726 ns, Reaching safepoint: 246948 ns, At safepoint: 22677 ns, Total: 269625 ns
[2021-04-05T02:31:02.245+0000][3999][safepoint   ] Safepoint "Cleanup", Time since last: 13001949747 ns, Reaching safepoint: 194768 ns, At safepoint: 14205 ns, Total: 208973 ns
[2021-04-05T02:31:03.246+0000][3999][safepoint   ] Safepoint "Cleanup", Time since last: 1000226923 ns, Reaching safepoint: 239491 ns, At safepoint: 19940 ns, Total: 259431 ns
[2021-04-05T02:31:05.246+0000][3999][safepoint   ] Safepoint "Cleanup", Time since last: 2000333726 ns, Reaching safepoint: 93479 ns, At safepoint: 4381 ns, Total: 97860 ns
[2021-04-05T02:31:08.247+0000][3999][safepoint   ] Safepoint "Cleanup", Time since last: 3000385428 ns, Reaching safepoint: 210046 ns, At safepoint: 11261 ns, Total: 221307 ns
[2021-04-05T02:31:17.248+0000][3999][safepoint   ] Safepoint "Cleanup", Time since last: 9001174133 ns, Reaching safepoint: 134310 ns, At safepoint: 11133 ns, Total: 145443 ns
[2021-04-05T02:31:18.248+0000][3999][safepoint   ] Safepoint "Cleanup", Time since last: 1000177446 ns, Reaching safepoint: 268592 ns, At safepoint: 18939 ns, Total: 287531 ns
[2021-04-05T02:31:29.250+0000][3999][safepoint   ] Safepoint "Cleanup", Time since last: 11001427361 ns, Reaching safepoint: 128462 ns, At safepoint: 10504 ns, Total: 138966 ns
[2021-04-05T02:31:33.251+0000][3999][safepoint   ] Safepoint "Cleanup", Time since last: 4000445961 ns, Reaching safepoint: 206239 ns, At safepoint: 19620 ns, Total: 225859 ns
[2021-04-05T02:31:41.252+0000][3999][safepoint   ] Safepoint "Cleanup", Time since last: 8000968796 ns, Reaching safepoint: 113359 ns, At safepoint: 7925 ns, Total: 121284 ns
[2021-04-05T02:31:45.239+0000][3999][gc,start    ] GC(19) Pause Young (Normal) (G1 Evacuation Pause)
[2021-04-05T02:31:45.239+0000][3999][gc,task     ] GC(19) Using 4 workers of 4 for evacuation
[2021-04-05T02:31:45.239+0000][3999][gc,age      ] GC(19) Desired survivor size 155189248 bytes, new threshold 15 (max threshold 15)
[2021-04-05T02:31:45.305+0000][3999][gc,age      ] GC(19) Age table with threshold 15 (max threshold 15)
[2021-04-05T02:31:45.305+0000][3999][gc,age      ] GC(19) - age   1:    2084048 bytes,    2084048 total
[2021-04-05T02:31:45.305+0000][3999][gc,age      ] GC(19) - age   2:     254000 bytes,    2338048 total
[2021-04-05T02:31:45.305+0000][3999][gc,age      ] GC(19) - age   3:    1147424 bytes,    3485472 total
[2021-04-05T02:31:45.305+0000][3999][gc,age      ] GC(19) - age   4:     377016 bytes,    3862488 total
[2021-04-05T02:31:45.305+0000][3999][gc,age      ] GC(19) - age   5:    8695240 bytes,   12557728 total
[2021-04-05T02:31:45.305+0000][3999][gc,age      ] GC(19) - age   6:   21246120 bytes,   33803848 total
[2021-04-05T02:31:45.305+0000][3999][gc,age      ] GC(19) - age   7:    4196520 bytes,   38000368 total
[2021-04-05T02:31:45.305+0000][3999][gc,age      ] GC(19) - age   8:    8683216 bytes,   46683584 total
[2021-04-05T02:31:45.305+0000][3999][gc,phases   ] GC(19)   Pre Evacuate Collection Set: 0.2ms
[2021-04-05T02:31:45.305+0000][3999][gc,phases   ] GC(19)   Merge Heap Roots: 0.1ms
[2021-04-05T02:31:45.305+0000][3999][gc,phases   ] GC(19)   Evacuate Collection Set: 62.5ms
[2021-04-05T02:31:45.305+0000][3999][gc,phases   ] GC(19)   Post Evacuate Collection Set: 2.7ms
[2021-04-05T02:31:45.305+0000][3999][gc,phases   ] GC(19)   Other: 0.3ms
[2021-04-05T02:31:45.305+0000][3999][gc,heap     ] GC(19) Eden regions: 578->0(579)
[2021-04-05T02:31:45.305+0000][3999][gc,heap     ] GC(19) Survivor regions: 13->12(74)
[2021-04-05T02:31:45.305+0000][3999][gc,heap     ] GC(19) Old regions: 14->14
[2021-04-05T02:31:45.305+0000][3999][gc,heap     ] GC(19) Archive regions: 2->2
[2021-04-05T02:31:45.305+0000][3999][gc,heap     ] GC(19) Humongous regions: 2->2
[2021-04-05T02:31:45.305+0000][3999][gc,metaspace] GC(19) Metaspace: 114982K(119344K)->114982K(119344K) NonClass: 100191K(103088K)->100191K(103088K) Class: 14791K(16256K)->14791K(16256K)
[2021-04-05T02:31:45.305+0000][3999][gc          ] GC(19) Pause Young (Normal) (G1 Evacuation Pause) 2429M->113M(3940M) 65.932ms
[2021-04-05T02:31:45.305+0000][3999][gc,cpu      ] GC(19) User=0.17s Sys=0.00s Real=0.06s
[2021-04-05T02:31:45.305+0000][3999][safepoint   ] Safepoint "G1CollectForAllocation", Time since last: 3987482755 ns, Reaching safepoint: 107167 ns, At safepoint: 66024414 ns, Total: 66131581 ns
[2021-04-05T02:31:46.306+0000][3999][safepoint   ] Safepoint "Cleanup", Time since last: 1000133791 ns, Reaching safepoint: 208289 ns, At safepoint: 14387 ns, Total: 222676 ns
[2021-04-05T02:31:47.306+0000][3999][safepoint   ] Safepoint "Cleanup", Time since last: 1000203021 ns, Reaching safepoint: 161024 ns, At safepoint: 12188 ns, Total: 173212 ns
[2021-04-05T02:31:50.307+0000][3999][safepoint   ] Safepoint "Cleanup", Time since last: 3000376232 ns, Reaching safepoint: 137765 ns, At safepoint: 12346 ns, Total: 150111 ns
[2021-04-05T02:31:53.307+0000][3999][safepoint   ] Safepoint "Cleanup", Time since last: 3000393031 ns, Reaching safepoint: 82045 ns, At safepoint: 7779 ns, Total: 89824 ns
[2021-04-05T02:32:01.308+0000][3999][safepoint   ] Safepoint "Cleanup", Time since last: 8001190721 ns, Reaching safepoint: 199950 ns, At safepoint: 15651 ns, Total: 215601 ns
[2021-04-05T02:32:03.309+0000][3999][safepoint   ] Safepoint "Cleanup", Time since last: 2000301716 ns, Reaching safepoint: 240739 ns, At safepoint: 20923 ns, Total: 261662 ns
[2021-04-05T02:32:05.309+0000][3999][safepoint   ] Safepoint "Cleanup", Time since last: 2000269069 ns, Reaching safepoint: 105988 ns, At safepoint: 6737 ns, Total: 112725 ns
[2021-04-05T02:32:10.311+0000][3999][safepoint   ] Safepoint "Cleanup", Time since last: 5000825486 ns, Reaching safepoint: 249138 ns, At safepoint: 22507 ns, Total: 271645 ns
[2021-04-05T02:32:11.311+0000][3999][safepoint   ] Safepoint "Cleanup", Time since last: 1000396978 ns, Reaching safepoint: 152405 ns, At safepoint: 21730 ns, Total: 174135 ns
[2021-04-05T02:32:12.311+0000][3999][safepoint   ] Safepoint "Cleanup", Time since last: 1000131588 ns, Reaching safepoint: 246096 ns, At safepoint: 19851 ns, Total: 265947 ns
[2021-04-05T02:32:14.312+0000][3999][safepoint   ] Safepoint "Cleanup", Time since last: 2000270639 ns, Reaching safepoint: 229172 ns, At safepoint: 14970 ns, Total: 244142 ns
[2021-04-05T02:32:17.313+0000][3999][safepoint   ] Safepoint "Cleanup", Time since last: 3000341956 ns, Reaching safepoint: 183335 ns, At safepoint: 15315 ns, Total: 198650 ns
[2021-04-05T02:32:18.313+0000][3999][safepoint   ] Safepoint "Cleanup", Time since last: 1000201263 ns, Reaching safepoint: 449699 ns, At safepoint: 38869 ns, Total: 488568 ns
[2021-04-05T02:32:39.317+0000][3999][safepoint   ] Safepoint "Cleanup", Time since last: 21003716571 ns, Reaching safepoint: 245394 ns, At safepoint: 20843 ns, Total: 266237 ns
[2021-04-05T02:32:40.318+0000][3999][safepoint   ] Safepoint "Cleanup", Time since last: 1000369756 ns, Reaching safepoint: 106352 ns, At safepoint: 4264 ns, Total: 110616 ns
[2021-04-05T02:32:48.319+0000][3999][safepoint   ] Safepoint "Cleanup", Time since last: 8001297447 ns, Reaching safepoint: 136119 ns, At safepoint: 11299 ns, Total: 147418 ns
[2021-04-05T02:32:50.320+0000][3999][safepoint   ] Safepoint "Cleanup", Time since last: 2000325880 ns, Reaching safepoint: 218234 ns, At safepoint: 19529 ns, Total: 237763 ns
[2021-04-05T02:33:00.322+0000][3999][safepoint   ] Safepoint "Cleanup", Time since last: 10001702479 ns, Reaching safepoint: 276116 ns, At safepoint: 20807 ns, Total: 296923 ns
[2021-04-05T02:33:02.322+0000][3999][safepoint   ] Safepoint "Cleanup", Time since last: 2000394892 ns, Reaching safepoint: 291381 ns, At safepoint: 19455 ns, Total: 310836 ns
[2021-04-05T02:33:12.324+0000][3999][safepoint   ] Safepoint "Cleanup", Time since last: 10001658493 ns, Reaching safepoint: 229699 ns, At safepoint: 15896 ns, Total: 245595 ns
[2021-04-05T02:33:23.470+0000][3999][safepoint   ] Safepoint "Cleanup", Time since last: 11145999244 ns, Reaching safepoint: 186516 ns, At safepoint: 6029 ns, Total: 192545 ns
[2021-04-05T02:33:24.471+0000][3999][safepoint   ] Safepoint "Cleanup", Time since last: 1000461236 ns, Reaching safepoint: 280385 ns, At safepoint: 24712 ns, Total: 305097 ns
[2021-04-05T02:33:27.472+0000][3999][safepoint   ] Safepoint "Cleanup", Time since last: 3000635934 ns, Reaching safepoint: 259522 ns, At safepoint: 15666 ns, Total: 275188 ns
[2021-04-05T02:33:30.002+0000][3999][safepoint   ] Safepoint "Cleanup", Time since last: 2529126604 ns, Reaching safepoint: 313672 ns, At safepoint: 20472 ns, Total: 334144 ns
[2021-04-05T02:33:35.003+0000][3999][safepoint   ] Safepoint "Cleanup", Time since last: 5000644753 ns, Reaching safepoint: 199171 ns, At safepoint: 14838 ns, Total: 214009 ns
[2021-04-05T02:33:39.003+0000][3999][safepoint   ] Safepoint "Cleanup", Time since last: 4000620421 ns, Reaching safepoint: 231929 ns, At safepoint: 19404 ns, Total: 251333 ns
[2021-04-05T02:33:41.004+0000][3999][safepoint   ] Safepoint "Cleanup", Time since last: 2000330671 ns, Reaching safepoint: 212130 ns, At safepoint: 9637 ns, Total: 221767 ns
[2021-04-05T02:33:42.004+0000][3999][safepoint   ] Safepoint "Cleanup", Time since last: 1000156612 ns, Reaching safepoint: 177326 ns, At safepoint: 9355 ns, Total: 186681 ns
[2021-04-05T02:33:45.005+0000][3999][safepoint   ] Safepoint "Cleanup", Time since last: 3000422767 ns, Reaching safepoint: 99389 ns, At safepoint: 5996 ns, Total: 105385 ns
[2021-04-05T02:33:48.006+0000][3999][safepoint   ] Safepoint "Cleanup", Time since last: 3000455876 ns, Reaching safepoint: 300852 ns, At safepoint: 26607 ns, Total: 327459 ns
[2021-04-05T02:33:49.006+0000][3999][safepoint   ] Safepoint "Cleanup", Time since last: 1000274831 ns, Reaching safepoint: 291306 ns, At safepoint: 16041 ns, Total: 307347 ns
[2021-04-05T02:34:03.008+0000][3999][safepoint   ] Safepoint "Cleanup", Time since last: 14001851110 ns, Reaching safepoint: 307898 ns, At safepoint: 20863 ns, Total: 328761 ns
[2021-04-05T02:34:09.009+0000][3999][safepoint   ] Safepoint "Cleanup", Time since last: 6000819150 ns, Reaching safepoint: 201679 ns, At safepoint: 19208 ns, Total: 220887 ns
[2021-04-05T02:34:18.011+0000][3999][safepoint   ] Safepoint "Cleanup", Time since last: 9001113966 ns, Reaching safepoint: 271364 ns, At safepoint: 24271 ns, Total: 295635 ns
[2021-04-05T02:34:19.011+0000][3999][safepoint   ] Safepoint "Cleanup", Time since last: 1000193784 ns, Reaching safepoint: 347352 ns, At safepoint: 18683 ns, Total: 366035 ns
[2021-04-05T02:34:30.013+0000][3999][safepoint   ] Safepoint "Cleanup", Time since last: 11001633704 ns, Reaching safepoint: 241255 ns, At safepoint: 16754 ns, Total: 258009 ns
[2021-04-05T02:34:55.018+0000][3999][safepoint   ] Safepoint "Cleanup", Time since last: 25003969177 ns, Reaching safepoint: 383172 ns, At safepoint: 23720 ns, Total: 406892 ns
[2021-04-05T02:35:03.019+0000][3999][safepoint   ] Safepoint "Cleanup", Time since last: 8001071115 ns, Reaching safepoint: 384962 ns, At safepoint: 30150 ns, Total: 415112 ns
[2021-04-05T02:35:06.020+0000][3999][safepoint   ] Safepoint "Cleanup", Time since last: 3000475655 ns, Reaching safepoint: 330802 ns, At safepoint: 26281 ns, Total: 357083 ns
[2021-04-05T02:35:30.024+0000][3999][safepoint   ] Safepoint "Cleanup", Time since last: 24003738418 ns, Reaching safepoint: 406065 ns, At safepoint: 27313 ns, Total: 433378 ns
[2021-04-05T02:35:37.025+0000][3999][safepoint   ] Safepoint "Cleanup", Time since last: 7000752291 ns, Reaching safepoint: 341973 ns, At safepoint: 24792 ns, Total: 366765 ns
[2021-04-05T02:35:41.026+0000][3999][safepoint   ] Safepoint "Cleanup", Time since last: 4000548148 ns, Reaching safepoint: 103274 ns, At safepoint: 7095 ns, Total: 110369 ns
[2021-04-05T02:35:42.026+0000][3999][safepoint   ] Safepoint "Cleanup", Time since last: 1000186106 ns, Reaching safepoint: 290545 ns, At safepoint: 21720 ns, Total: 312265 ns
[2021-04-05T02:35:54.028+0000][3999][safepoint   ] Safepoint "Cleanup", Time since last: 12001271764 ns, Reaching safepoint: 351249 ns, At safepoint: 24000 ns, Total: 375249 ns
[2021-04-05T02:36:00.029+0000][3999][safepoint   ] Safepoint "Cleanup", Time since last: 6000897691 ns, Reaching safepoint: 307815 ns, At safepoint: 20782 ns, Total: 328597 ns
[2021-04-05T02:36:18.033+0000][3999][safepoint   ] Safepoint "Cleanup", Time since last: 18003462524 ns, Reaching safepoint: 258047 ns, At safepoint: 21553 ns, Total: 279600 ns
[2021-04-05T02:36:33.035+0000][3999][safepoint   ] Safepoint "Cleanup", Time since last: 15001817878 ns, Reaching safepoint: 179165 ns, At safepoint: 10195 ns, Total: 189360 ns
[2021-04-05T02:36:41.036+0000][3999][safepoint   ] Safepoint "Cleanup", Time since last: 8001225265 ns, Reaching safepoint: 102588 ns, At safepoint: 8743 ns, Total: 111331 ns
[2021-04-05T02:36:42.037+0000][3999][safepoint   ] Safepoint "Cleanup", Time since last: 1000149417 ns, Reaching safepoint: 270587 ns, At safepoint: 16647 ns, Total: 287234 ns
[2021-04-05T02:36:54.039+0000][3999][safepoint   ] Safepoint "Cleanup", Time since last: 12001860297 ns, Reaching safepoint: 313252 ns, At safepoint: 20425 ns, Total: 333677 ns
[2021-04-05T02:37:06.041+0000][3999][safepoint   ] Safepoint "Cleanup", Time since last: 12001677784 ns, Reaching safepoint: 153968 ns, At safepoint: 10550 ns, Total: 164518 ns
[2021-04-05T02:37:18.042+0000][3999][safepoint   ] Safepoint "Cleanup", Time since last: 12001258967 ns, Reaching safepoint: 184057 ns, At safepoint: 12447 ns, Total: 196504 ns
[2021-04-05T02:37:21.043+0000][3999][safepoint   ] Safepoint "Cleanup", Time since last: 3000283656 ns, Reaching safepoint: 219429 ns, At safepoint: 17205 ns, Total: 236634 ns
[2021-04-05T02:37:27.048+0000][3999][safepoint   ] Safepoint "Cleanup", Time since last: 6005274161 ns, Reaching safepoint: 266576 ns, At safepoint: 14886 ns, Total: 281462 ns
[2021-04-05T02:37:41.050+0000][3999][safepoint   ] Safepoint "Cleanup", Time since last: 14001791909 ns, Reaching safepoint: 135471 ns, At safepoint: 11071 ns, Total: 146542 ns
[2021-04-05T02:37:54.052+0000][3999][safepoint   ] Safepoint "Cleanup", Time since last: 13001762701 ns, Reaching safepoint: 148283 ns, At safepoint: 13865 ns, Total: 162148 ns
[2021-04-05T02:37:57.053+0000][3999][safepoint   ] Safepoint "Cleanup", Time since last: 3000579194 ns, Reaching safepoint: 247703 ns, At safepoint: 22137 ns, Total: 269840 ns
[2021-04-05T02:38:06.055+0000][3999][safepoint   ] Safepoint "Cleanup", Time since last: 9001473056 ns, Reaching safepoint: 126661 ns, At safepoint: 16553 ns, Total: 143214 ns
[2021-04-05T02:38:07.055+0000][3999][safepoint   ] Safepoint "Cleanup", Time since last: 1000166966 ns, Reaching safepoint: 94540 ns, At safepoint: 8641 ns, Total: 103181 ns
[2021-04-05T02:38:11.056+0000][3999][safepoint   ] Safepoint "Cleanup", Time since last: 4000481181 ns, Reaching safepoint: 131585 ns, At safepoint: 10976 ns, Total: 142561 ns
[2021-04-05T02:38:17.057+0000][3999][safepoint   ] Safepoint "Cleanup", Time since last: 6000959258 ns, Reaching safepoint: 181349 ns, At safepoint: 16576 ns, Total: 197925 ns
[2021-04-05T02:38:40.060+0000][3999][safepoint   ] Safepoint "Cleanup", Time since last: 23003374139 ns, Reaching safepoint: 229659 ns, At safepoint: 17795 ns, Total: 247454 ns
[2021-04-05T02:38:41.061+0000][3999][safepoint   ] Safepoint "Cleanup", Time since last: 1000201633 ns, Reaching safepoint: 126936 ns, At safepoint: 7647 ns, Total: 134583 ns
[2021-04-05T02:39:06.065+0000][3999][safepoint   ] Safepoint "Cleanup", Time since last: 25003570914 ns, Reaching safepoint: 249113 ns, At safepoint: 22740 ns, Total: 271853 ns
[2021-04-05T02:39:11.065+0000][3999][safepoint   ] Safepoint "Cleanup", Time since last: 5000708590 ns, Reaching safepoint: 134557 ns, At safepoint: 18471 ns, Total: 153028 ns
[2021-04-05T02:39:12.066+0000][3999][safepoint   ] Safepoint "Cleanup", Time since last: 1000215552 ns, Reaching safepoint: 216731 ns, At safepoint: 19010 ns, Total: 235741 ns
[2021-04-05T02:39:18.067+0000][3999][safepoint   ] Safepoint "Cleanup", Time since last: 6000807304 ns, Reaching safepoint: 275965 ns, At safepoint: 27593 ns, Total: 303558 ns
[2021-04-05T02:39:22.068+0000][3999][safepoint   ] Safepoint "Cleanup", Time since last: 4000637252 ns, Reaching safepoint: 268431 ns, At safepoint: 23157 ns, Total: 291588 ns
[2021-04-05T02:39:29.069+0000][3999][safepoint   ] Safepoint "Cleanup", Time since last: 7001169329 ns, Reaching safepoint: 141770 ns, At safepoint: 8200 ns, Total: 149970 ns
[2021-04-05T02:39:41.071+0000][3999][safepoint   ] Safepoint "Cleanup", Time since last: 12001756888 ns, Reaching safepoint: 143224 ns, At safepoint: 11669 ns, Total: 154893 ns
[2021-04-05T02:39:46.072+0000][3999][safepoint   ] Safepoint "Cleanup", Time since last: 5000844446 ns, Reaching safepoint: 212112 ns, At safepoint: 16950 ns, Total: 229062 ns
[2021-04-05T02:39:55.078+0000][3999][safepoint   ] Safepoint "Cleanup", Time since last: 9005486050 ns, Reaching safepoint: 299322 ns, At safepoint: 20891 ns, Total: 320213 ns
[2021-04-05T02:40:02.079+0000][3999][safepoint   ] Safepoint "Cleanup", Time since last: 7000960022 ns, Reaching safepoint: 102883 ns, At safepoint: 6146 ns, Total: 109029 ns
[2021-04-05T02:40:04.080+0000][3999][safepoint   ] Safepoint "Cleanup", Time since last: 2000223643 ns, Reaching safepoint: 264729 ns, At safepoint: 10935 ns, Total: 275664 ns
[2021-04-05T02:40:05.080+0000][3999][safepoint   ] Safepoint "Cleanup", Time since last: 1000194801 ns, Reaching safepoint: 218032 ns, At safepoint: 20106 ns, Total: 238138 ns
[2021-04-05T02:40:12.081+0000][3999][safepoint   ] Safepoint "Cleanup", Time since last: 7001079913 ns, Reaching safepoint: 236310 ns, At safepoint: 22005 ns, Total: 258315 ns
[2021-04-05T02:40:24.084+0000][3999][safepoint   ] Safepoint "Cleanup", Time since last: 12002024267 ns, Reaching safepoint: 166249 ns, At safepoint: 10539 ns, Total: 176788 ns
[2021-04-05T02:40:41.086+0000][3999][safepoint   ] Safepoint "Cleanup", Time since last: 17002399968 ns, Reaching safepoint: 159020 ns, At safepoint: 8876 ns, Total: 167896 ns
[2021-04-05T02:40:54.089+0000][3999][safepoint   ] Safepoint "Cleanup", Time since last: 13002274370 ns, Reaching safepoint: 129647 ns, At safepoint: 10254 ns, Total: 139901 ns
[2021-04-05T02:41:11.091+0000][3999][safepoint   ] Safepoint "Cleanup", Time since last: 17002497957 ns, Reaching safepoint: 258491 ns, At safepoint: 17087 ns, Total: 275578 ns
[2021-04-05T02:41:12.092+0000][3999][safepoint   ] Safepoint "Cleanup", Time since last: 1000241664 ns, Reaching safepoint: 289100 ns, At safepoint: 22138 ns, Total: 311238 ns
[2021-04-05T02:41:15.093+0000][3999][safepoint   ] Safepoint "Cleanup", Time since last: 3000521174 ns, Reaching safepoint: 230680 ns, At safepoint: 21323 ns, Total: 252003 ns
[2021-04-05T02:41:22.094+0000][3999][safepoint   ] Safepoint "Cleanup", Time since last: 7000854298 ns, Reaching safepoint: 133075 ns, At safepoint: 5361 ns, Total: 138436 ns
[2021-04-05T02:41:30.095+0000][3999][safepoint   ] Safepoint "Cleanup", Time since last: 8000870963 ns, Reaching safepoint: 260522 ns, At safepoint: 18352 ns, Total: 278874 ns
[2021-04-05T02:41:41.097+0000][3999][safepoint   ] Safepoint "Cleanup", Time since last: 11001759226 ns, Reaching safepoint: 107957 ns, At safepoint: 5618 ns, Total: 113575 ns
[2021-04-05T02:41:55.098+0000][3999][safepoint   ] Safepoint "Cleanup", Time since last: 14001509286 ns, Reaching safepoint: 259936 ns, At safepoint: 15747 ns, Total: 275683 ns
[2021-04-05T02:42:04.100+0000][3999][safepoint   ] Safepoint "Cleanup", Time since last: 9001124579 ns, Reaching safepoint: 96044 ns, At safepoint: 8168 ns, Total: 104212 ns
[2021-04-05T02:42:06.100+0000][3999][safepoint   ] Safepoint "Cleanup", Time since last: 2000189071 ns, Reaching safepoint: 99885 ns, At safepoint: 5753 ns, Total: 105638 ns
[2021-04-05T02:42:17.102+0000][3999][safepoint   ] Safepoint "Cleanup", Time since last: 11001678582 ns, Reaching safepoint: 144412 ns, At safepoint: 10866 ns, Total: 155278 ns
[2021-04-05T02:42:22.103+0000][3999][safepoint   ] Safepoint "Cleanup", Time since last: 5000903252 ns, Reaching safepoint: 271039 ns, At safepoint: 25636 ns, Total: 296675 ns
[2021-04-05T02:42:23.103+0000][3999][safepoint   ] Safepoint "Cleanup", Time since last: 1000376090 ns, Reaching safepoint: 103759 ns, At safepoint: 4704 ns, Total: 108463 ns
[2021-04-05T02:42:24.104+0000][3999][safepoint   ] Safepoint "Cleanup", Time since last: 1000113982 ns, Reaching safepoint: 118250 ns, At safepoint: 7695 ns, Total: 125945 ns
[2021-04-05T02:42:26.104+0000][3999][safepoint   ] Safepoint "Cleanup", Time since last: 2000274642 ns, Reaching safepoint: 118024 ns, At safepoint: 10124 ns, Total: 128148 ns
[2021-04-05T02:42:27.105+0000][3999][safepoint   ] Safepoint "Cleanup", Time since last: 1000193987 ns, Reaching safepoint: 234011 ns, At safepoint: 13597 ns, Total: 247608 ns
[2021-04-05T02:42:29.105+0000][3999][safepoint   ] Safepoint "Cleanup", Time since last: 2000265835 ns, Reaching safepoint: 125912 ns, At safepoint: 5351 ns, Total: 131263 ns
[2021-04-05T02:42:30.105+0000][3999][safepoint   ] Safepoint "Cleanup", Time since last: 1000190503 ns, Reaching safepoint: 219842 ns, At safepoint: 10448 ns, Total: 230290 ns
[2021-04-05T02:42:39.107+0000][3999][safepoint   ] Safepoint "Cleanup", Time since last: 9001304565 ns, Reaching safepoint: 123345 ns, At safepoint: 7991 ns, Total: 131336 ns
[2021-04-05T02:42:40.107+0000][3999][safepoint   ] Safepoint "Cleanup", Time since last: 1000161051 ns, Reaching safepoint: 247051 ns, At safepoint: 18233 ns, Total: 265284 ns
[2021-04-05T02:42:41.108+0000][3999][safepoint   ] Safepoint "Cleanup", Time since last: 1000210284 ns, Reaching safepoint: 195037 ns, At safepoint: 11317 ns, Total: 206354 ns
[2021-04-05T02:42:42.108+0000][3999][safepoint   ] Safepoint "Cleanup", Time since last: 1000155161 ns, Reaching safepoint: 195159 ns, At safepoint: 13180 ns, Total: 208339 ns
[2021-04-05T02:42:51.604+0000][3999][gc,start    ] GC(20) Pause Young (Normal) (G1 Evacuation Pause)
[2021-04-05T02:42:51.604+0000][3999][gc,task     ] GC(20) Using 4 workers of 4 for evacuation
[2021-04-05T02:42:51.604+0000][3999][gc,age      ] GC(20) Desired survivor size 155189248 bytes, new threshold 15 (max threshold 15)
[2021-04-05T02:42:51.653+0000][3999][gc,age      ] GC(20) Age table with threshold 15 (max threshold 15)
[2021-04-05T02:42:51.653+0000][3999][gc,age      ] GC(20) - age   1:    2169784 bytes,    2169784 total
[2021-04-05T02:42:51.653+0000][3999][gc,age      ] GC(20) - age   2:     145576 bytes,    2315360 total
[2021-04-05T02:42:51.653+0000][3999][gc,age      ] GC(20) - age   3:     204664 bytes,    2520024 total
[2021-04-05T02:42:51.653+0000][3999][gc,age      ] GC(20) - age   4:    1039472 bytes,    3559496 total
[2021-04-05T02:42:51.653+0000][3999][gc,age      ] GC(20) - age   5:     376424 bytes,    3935920 total
[2021-04-05T02:42:51.653+0000][3999][gc,age      ] GC(20) - age   6:    8694064 bytes,   12629984 total
[2021-04-05T02:42:51.653+0000][3999][gc,age      ] GC(20) - age   7:   21245120 bytes,   33875104 total
[2021-04-05T02:42:51.653+0000][3999][gc,age      ] GC(20) - age   8:    4196520 bytes,   38071624 total
[2021-04-05T02:42:51.653+0000][3999][gc,age      ] GC(20) - age   9:    8683200 bytes,   46754824 total
[2021-04-05T02:42:51.653+0000][3999][gc,phases   ] GC(20)   Pre Evacuate Collection Set: 0.3ms
[2021-04-05T02:42:51.653+0000][3999][gc,phases   ] GC(20)   Merge Heap Roots: 0.3ms
[2021-04-05T02:42:51.653+0000][3999][gc,phases   ] GC(20)   Evacuate Collection Set: 45.7ms
[2021-04-05T02:42:51.653+0000][3999][gc,phases   ] GC(20)   Post Evacuate Collection Set: 2.2ms
[2021-04-05T02:42:51.653+0000][3999][gc,phases   ] GC(20)   Other: 0.6ms
[2021-04-05T02:42:51.653+0000][3999][gc,heap     ] GC(20) Eden regions: 579->0(578)
[2021-04-05T02:42:51.653+0000][3999][gc,heap     ] GC(20) Survivor regions: 12->13(74)
[2021-04-05T02:42:51.653+0000][3999][gc,heap     ] GC(20) Old regions: 14->14
[2021-04-05T02:42:51.653+0000][3999][gc,heap     ] GC(20) Archive regions: 2->2
[2021-04-05T02:42:51.653+0000][3999][gc,heap     ] GC(20) Humongous regions: 2->2
[2021-04-05T02:42:51.653+0000][3999][gc,metaspace] GC(20) Metaspace: 115157K(119344K)->115157K(119344K) NonClass: 100364K(103088K)->100364K(103088K) Class: 14793K(16256K)->14793K(16256K)
[2021-04-05T02:42:51.653+0000][3999][gc          ] GC(20) Pause Young (Normal) (G1 Evacuation Pause) 2429M->117M(3940M) 49.124ms
[2021-04-05T02:42:51.653+0000][3999][gc,cpu      ] GC(20) User=0.19s Sys=0.00s Real=0.05s
[2021-04-05T02:42:51.653+0000][3999][safepoint   ] Safepoint "G1CollectForAllocation", Time since last: 9495924430 ns, Reaching safepoint: 283147 ns, At safepoint: 49285041 ns, Total: 49568188 ns
[2021-04-05T02:42:54.654+0000][3999][safepoint   ] Safepoint "Cleanup", Time since last: 3000426064 ns, Reaching safepoint: 146096 ns, At safepoint: 5185 ns, Total: 151281 ns
[2021-04-05T02:43:18.658+0000][3999][safepoint   ] Safepoint "Cleanup", Time since last: 24003956623 ns, Reaching safepoint: 238430 ns, At safepoint: 21311 ns, Total: 259741 ns
[2021-04-05T02:43:29.661+0000][3999][safepoint   ] Safepoint "Cleanup", Time since last: 11002206346 ns, Reaching safepoint: 225316 ns, At safepoint: 16986 ns, Total: 242302 ns
[2021-04-05T02:43:31.662+0000][3999][safepoint   ] Safepoint "Cleanup", Time since last: 2000672213 ns, Reaching safepoint: 273093 ns, At safepoint: 16566 ns, Total: 289659 ns
[2021-04-05T02:43:33.662+0000][3999][safepoint   ] Safepoint "Cleanup", Time since last: 2000403890 ns, Reaching safepoint: 213637 ns, At safepoint: 17960 ns, Total: 231597 ns
[2021-04-05T02:43:40.664+0000][3999][safepoint   ] Safepoint "Cleanup", Time since last: 7001510308 ns, Reaching safepoint: 231024 ns, At safepoint: 18746 ns, Total: 249770 ns
[2021-04-05T02:43:41.664+0000][3999][safepoint   ] Safepoint "Cleanup", Time since last: 1000213096 ns, Reaching safepoint: 179131 ns, At safepoint: 8977 ns, Total: 188108 ns
[2021-04-05T02:43:59.668+0000][3999][safepoint   ] Safepoint "Cleanup", Time since last: 18003375516 ns, Reaching safepoint: 204181 ns, At safepoint: 12715 ns, Total: 216896 ns
[2021-04-05T02:44:00.669+0000][3999][safepoint   ] Safepoint "Cleanup", Time since last: 1000314338 ns, Reaching safepoint: 95429 ns, At safepoint: 6670 ns, Total: 102099 ns
[2021-04-05T02:44:05.670+0000][3999][safepoint   ] Safepoint "Cleanup", Time since last: 5000755227 ns, Reaching safepoint: 247573 ns, At safepoint: 40697 ns, Total: 288270 ns
[2021-04-05T02:44:30.674+0000][3999][safepoint   ] Safepoint "Cleanup", Time since last: 25004659782 ns, Reaching safepoint: 233507 ns, At safepoint: 17103 ns, Total: 250610 ns
[2021-04-05T02:44:33.675+0000][3999][safepoint   ] Safepoint "Cleanup", Time since last: 3000598782 ns, Reaching safepoint: 222442 ns, At safepoint: 18933 ns, Total: 241375 ns
[2021-04-05T02:44:40.677+0000][3999][safepoint   ] Safepoint "Cleanup", Time since last: 7001217079 ns, Reaching safepoint: 242985 ns, At safepoint: 27016 ns, Total: 270001 ns
[2021-04-05T02:44:45.678+0000][3999][safepoint   ] Safepoint "Cleanup", Time since last: 5000998285 ns, Reaching safepoint: 209453 ns, At safepoint: 18552 ns, Total: 228005 ns
[2021-04-05T02:44:50.679+0000][3999][safepoint   ] Safepoint "Cleanup", Time since last: 5000896425 ns, Reaching safepoint: 278211 ns, At safepoint: 23143 ns, Total: 301354 ns
[2021-04-05T02:44:51.680+0000][3999][safepoint   ] Safepoint "Cleanup", Time since last: 1000562697 ns, Reaching safepoint: 239563 ns, At safepoint: 19249 ns, Total: 258812 ns
[2021-04-05T02:44:53.680+0000][3999][safepoint   ] Safepoint "Cleanup", Time since last: 2000327934 ns, Reaching safepoint: 126832 ns, At safepoint: 8306 ns, Total: 135138 ns
[2021-04-05T02:44:54.681+0000][3999][safepoint   ] Safepoint "Cleanup", Time since last: 1000132414 ns, Reaching safepoint: 169424 ns, At safepoint: 17670 ns, Total: 187094 ns
[2021-04-05T02:45:05.683+0000][3999][safepoint   ] Safepoint "Cleanup", Time since last: 11001942512 ns, Reaching safepoint: 172188 ns, At safepoint: 11376 ns, Total: 183564 ns
[2021-04-05T02:45:06.683+0000][3999][safepoint   ] Safepoint "Cleanup", Time since last: 1000162514 ns, Reaching safepoint: 258528 ns, At safepoint: 21399 ns, Total: 279927 ns
[2021-04-05T02:45:08.684+0000][3999][safepoint   ] Safepoint "Cleanup", Time since last: 2000279330 ns, Reaching safepoint: 183937 ns, At safepoint: 12202 ns, Total: 196139 ns
[2021-04-05T02:45:09.692+0000][3999][safepoint   ] Safepoint "Cleanup", Time since last: 1000308778 ns, Reaching safepoint: 7658187 ns, At safepoint: 9078 ns, Total: 7667265 ns
[2021-04-05T02:45:10.692+0000][3999][safepoint   ] Safepoint "Cleanup", Time since last: 1000206131 ns, Reaching safepoint: 183072 ns, At safepoint: 14673 ns, Total: 197745 ns
[2021-04-05T02:45:11.693+0000][3999][safepoint   ] Safepoint "Cleanup", Time since last: 1000160404 ns, Reaching safepoint: 173818 ns, At safepoint: 12514 ns, Total: 186332 ns
[2021-04-05T02:45:12.693+0000][3999][safepoint   ] Safepoint "Cleanup", Time since last: 1000142304 ns, Reaching safepoint: 207968 ns, At safepoint: 14620 ns, Total: 222588 ns
[2021-04-05T02:45:13.693+0000][3999][safepoint   ] Safepoint "Cleanup", Time since last: 1000200073 ns, Reaching safepoint: 215435 ns, At safepoint: 11239 ns, Total: 226674 ns
[2021-04-05T02:45:14.694+0000][3999][safepoint   ] Safepoint "Cleanup", Time since last: 1000318210 ns, Reaching safepoint: 146794 ns, At safepoint: 9708 ns, Total: 156502 ns
[2021-04-05T02:45:17.694+0000][3999][safepoint   ] Safepoint "Cleanup", Time since last: 3000405971 ns, Reaching safepoint: 96972 ns, At safepoint: 5884 ns, Total: 102856 ns
[2021-04-05T02:45:26.696+0000][3999][safepoint   ] Safepoint "Cleanup", Time since last: 9001570222 ns, Reaching safepoint: 177528 ns, At safepoint: 14564 ns, Total: 192092 ns
[2021-04-05T02:45:29.697+0000][3999][safepoint   ] Safepoint "Cleanup", Time since last: 3000674956 ns, Reaching safepoint: 96077 ns, At safepoint: 6511 ns, Total: 102588 ns
[2021-04-05T02:45:33.698+0000][3999][safepoint   ] Safepoint "Cleanup", Time since last: 4000668917 ns, Reaching safepoint: 212845 ns, At safepoint: 18708 ns, Total: 231553 ns
[2021-04-05T02:45:36.698+0000][3999][safepoint   ] Safepoint "Cleanup", Time since last: 3000474986 ns, Reaching safepoint: 138574 ns, At safepoint: 7373 ns, Total: 145947 ns
[2021-04-05T02:45:37.699+0000][3999][safepoint   ] Safepoint "Cleanup", Time since last: 1000275565 ns, Reaching safepoint: 89938 ns, At safepoint: 6710 ns, Total: 96648 ns
[2021-04-05T02:45:38.699+0000][3999][safepoint   ] Safepoint "Cleanup", Time since last: 1000226381 ns, Reaching safepoint: 226296 ns, At safepoint: 20016 ns, Total: 246312 ns
[2021-04-05T02:45:39.700+0000][3999][safepoint   ] Safepoint "Cleanup", Time since last: 1000182536 ns, Reaching safepoint: 236294 ns, At safepoint: 15884 ns, Total: 252178 ns
[2021-04-05T02:45:40.700+0000][3999][safepoint   ] Safepoint "Cleanup", Time since last: 1000177077 ns, Reaching safepoint: 310412 ns, At safepoint: 19328 ns, Total: 329740 ns
[2021-04-05T02:45:41.701+0000][3999][safepoint   ] Safepoint "Cleanup", Time since last: 1000253802 ns, Reaching safepoint: 220368 ns, At safepoint: 15917 ns, Total: 236285 ns
[2021-04-05T02:45:42.701+0000][3999][safepoint   ] Safepoint "Cleanup", Time since last: 1000232961 ns, Reaching safepoint: 211808 ns, At safepoint: 11707 ns, Total: 223515 ns
[2021-04-05T02:45:43.702+0000][3999][safepoint   ] Safepoint "Cleanup", Time since last: 1000424498 ns, Reaching safepoint: 161080 ns, At safepoint: 12994 ns, Total: 174074 ns
[2021-04-05T02:45:44.702+0000][3999][safepoint   ] Safepoint "Cleanup", Time since last: 1000221080 ns, Reaching safepoint: 350708 ns, At safepoint: 20893 ns, Total: 371601 ns
[2021-04-05T02:45:45.703+0000][3999][safepoint   ] Safepoint "Cleanup", Time since last: 1000228206 ns, Reaching safepoint: 208992 ns, At safepoint: 16723 ns, Total: 225715 ns
[2021-04-05T02:45:53.704+0000][3999][safepoint   ] Safepoint "Cleanup", Time since last: 8001439375 ns, Reaching safepoint: 214451 ns, At safepoint: 15592 ns, Total: 230043 ns
[2021-04-05T02:46:02.706+0000][3999][safepoint   ] Safepoint "Cleanup", Time since last: 9001489546 ns, Reaching safepoint: 245462 ns, At safepoint: 20171 ns, Total: 265633 ns
[2021-04-05T02:46:03.707+0000][3999][safepoint   ] Safepoint "Cleanup", Time since last: 1000193282 ns, Reaching safepoint: 239332 ns, At safepoint: 20653 ns, Total: 259985 ns
[2021-04-05T02:46:05.707+0000][3999][safepoint   ] Safepoint "Cleanup", Time since last: 2000318395 ns, Reaching safepoint: 172645 ns, At safepoint: 6836 ns, Total: 179481 ns
[2021-04-05T02:46:10.708+0000][3999][safepoint   ] Safepoint "Cleanup", Time since last: 5001074306 ns, Reaching safepoint: 212636 ns, At safepoint: 12654 ns, Total: 225290 ns
[2021-04-05T02:46:11.709+0000][3999][safepoint   ] Safepoint "Cleanup", Time since last: 1000403908 ns, Reaching safepoint: 347878 ns, At safepoint: 21680 ns, Total: 369558 ns
[2021-04-05T02:46:29.713+0000][3999][safepoint   ] Safepoint "Cleanup", Time since last: 18003352096 ns, Reaching safepoint: 225595 ns, At safepoint: 16600 ns, Total: 242195 ns
[2021-04-05T02:46:36.714+0000][3999][safepoint   ] Safepoint "Cleanup", Time since last: 7001106359 ns, Reaching safepoint: 241994 ns, At safepoint: 12014 ns, Total: 254008 ns
[2021-04-05T02:46:41.583+0000][3999][safepoint   ] Safepoint "Cleanup", Time since last: 4868179942 ns, Reaching safepoint: 157920 ns, At safepoint: 10732 ns, Total: 168652 ns
[2021-04-05T02:46:42.583+0000][3999][safepoint   ] Safepoint "Cleanup", Time since last: 1000374212 ns, Reaching safepoint: 134464 ns, At safepoint: 9393 ns, Total: 143857 ns
[2021-04-05T02:46:53.585+0000][3999][safepoint   ] Safepoint "Cleanup", Time since last: 11001423578 ns, Reaching safepoint: 105314 ns, At safepoint: 7804 ns, Total: 113118 ns
[2021-04-05T02:47:05.587+0000][3999][safepoint   ] Safepoint "Cleanup", Time since last: 12002054164 ns, Reaching safepoint: 236593 ns, At safepoint: 15562 ns, Total: 252155 ns
[2021-04-05T02:47:17.589+0000][3999][safepoint   ] Safepoint "Cleanup", Time since last: 12002261923 ns, Reaching safepoint: 223491 ns, At safepoint: 19211 ns, Total: 242702 ns
[2021-04-05T02:47:32.592+0000][3999][safepoint   ] Safepoint "Cleanup", Time since last: 15002371709 ns, Reaching safepoint: 166379 ns, At safepoint: 10114 ns, Total: 176493 ns
[2021-04-05T02:47:34.593+0000][3999][safepoint   ] Safepoint "Cleanup", Time since last: 2000349166 ns, Reaching safepoint: 274385 ns, At safepoint: 21436 ns, Total: 295821 ns
[2021-04-05T02:47:36.593+0000][3999][safepoint   ] Safepoint "Cleanup", Time since last: 2000441474 ns, Reaching safepoint: 235803 ns, At safepoint: 15858 ns, Total: 251661 ns
[2021-04-05T02:47:40.594+0000][3999][safepoint   ] Safepoint "Cleanup", Time since last: 4000904076 ns, Reaching safepoint: 105918 ns, At safepoint: 6186 ns, Total: 112104 ns
[2021-04-05T02:47:53.597+0000][3999][safepoint   ] Safepoint "Cleanup", Time since last: 13002182047 ns, Reaching safepoint: 232299 ns, At safepoint: 21877 ns, Total: 254176 ns
[2021-04-05T02:48:02.599+0000][3999][safepoint   ] Safepoint "Cleanup", Time since last: 9001659726 ns, Reaching safepoint: 91900 ns, At safepoint: 5408 ns, Total: 97308 ns
[2021-04-05T02:48:03.599+0000][3999][safepoint   ] Safepoint "Cleanup", Time since last: 1000220842 ns, Reaching safepoint: 245444 ns, At safepoint: 18408 ns, Total: 263852 ns
[2021-04-05T02:48:05.599+0000][3999][safepoint   ] Safepoint "Cleanup", Time since last: 2000315415 ns, Reaching safepoint: 179038 ns, At safepoint: 5020 ns, Total: 184058 ns
[2021-04-05T02:48:06.600+0000][3999][safepoint   ] Safepoint "Cleanup", Time since last: 1000217978 ns, Reaching safepoint: 241720 ns, At safepoint: 18323 ns, Total: 260043 ns
[2021-04-05T02:48:29.604+0000][3999][safepoint   ] Safepoint "Cleanup", Time since last: 23003873613 ns, Reaching safepoint: 207699 ns, At safepoint: 18117 ns, Total: 225816 ns
[2021-04-05T02:48:30.604+0000][3999][safepoint   ] Safepoint "Cleanup", Time since last: 1000158350 ns, Reaching safepoint: 135148 ns, At safepoint: 8980 ns, Total: 144128 ns
[2021-04-05T02:48:36.606+0000][3999][safepoint   ] Safepoint "Cleanup", Time since last: 6000992759 ns, Reaching safepoint: 359747 ns, At safepoint: 20222 ns, Total: 379969 ns
[2021-04-05T02:48:41.607+0000][3999][safepoint   ] Safepoint "Cleanup", Time since last: 5000918002 ns, Reaching safepoint: 209782 ns, At safepoint: 14562 ns, Total: 224344 ns
[2021-04-05T02:48:53.609+0000][3999][safepoint   ] Safepoint "Cleanup", Time since last: 12002202266 ns, Reaching safepoint: 136873 ns, At safepoint: 11719 ns, Total: 148592 ns
[2021-04-05T02:48:58.610+0000][3999][safepoint   ] Safepoint "Cleanup", Time since last: 5000774948 ns, Reaching safepoint: 248995 ns, At safepoint: 13817 ns, Total: 262812 ns
[2021-04-05T02:48:59.611+0000][3999][safepoint   ] Safepoint "Cleanup", Time since last: 1000463935 ns, Reaching safepoint: 235564 ns, At safepoint: 21686 ns, Total: 257250 ns
[2021-04-05T02:49:00.611+0000][3999][safepoint   ] Safepoint "Cleanup", Time since last: 1000200357 ns, Reaching safepoint: 192621 ns, At safepoint: 16283 ns, Total: 208904 ns
[2021-04-05T02:49:02.612+0000][3999][safepoint   ] Safepoint "Cleanup", Time since last: 2000427497 ns, Reaching safepoint: 233944 ns, At safepoint: 22057 ns, Total: 256001 ns
[2021-04-05T02:49:04.613+0000][3999][safepoint   ] Safepoint "Cleanup", Time since last: 2000432656 ns, Reaching safepoint: 238129 ns, At safepoint: 23289 ns, Total: 261418 ns
[2021-04-05T02:49:05.613+0000][3999][safepoint   ] Safepoint "Cleanup", Time since last: 1000218480 ns, Reaching safepoint: 193066 ns, At safepoint: 14321 ns, Total: 207387 ns
[2021-04-05T02:49:06.614+0000][3999][safepoint   ] Safepoint "Cleanup", Time since last: 1000222287 ns, Reaching safepoint: 289725 ns, At safepoint: 19701 ns, Total: 309426 ns
[2021-04-05T02:49:08.614+0000][3999][safepoint   ] Safepoint "Cleanup", Time since last: 2000305334 ns, Reaching safepoint: 201904 ns, At safepoint: 21061 ns, Total: 222965 ns
[2021-04-05T02:49:14.616+0000][3999][safepoint   ] Safepoint "Cleanup", Time since last: 6001051568 ns, Reaching safepoint: 251962 ns, At safepoint: 17420 ns, Total: 269382 ns
[2021-04-05T02:49:17.616+0000][3999][safepoint   ] Safepoint "Cleanup", Time since last: 3000787667 ns, Reaching safepoint: 105685 ns, At safepoint: 3905 ns, Total: 109590 ns
[2021-04-05T02:49:26.618+0000][3999][safepoint   ] Safepoint "Cleanup", Time since last: 9001569510 ns, Reaching safepoint: 251966 ns, At safepoint: 18984 ns, Total: 270950 ns
[2021-04-05T02:49:29.619+0000][3999][safepoint   ] Safepoint "Cleanup", Time since last: 3000494252 ns, Reaching safepoint: 96310 ns, At safepoint: 4861 ns, Total: 101171 ns
[2021-04-05T02:49:33.620+0000][3999][safepoint   ] Safepoint "Cleanup", Time since last: 4000783827 ns, Reaching safepoint: 243300 ns, At safepoint: 17697 ns, Total: 260997 ns
[2021-04-05T02:49:36.621+0000][3999][safepoint   ] Safepoint "Cleanup", Time since last: 3000500328 ns, Reaching safepoint: 215625 ns, At safepoint: 12845 ns, Total: 228470 ns
[2021-04-05T02:49:38.621+0000][3999][safepoint   ] Safepoint "Cleanup", Time since last: 2000459741 ns, Reaching safepoint: 247952 ns, At safepoint: 16528 ns, Total: 264480 ns
[2021-04-05T02:49:41.622+0000][3999][safepoint   ] Safepoint "Cleanup", Time since last: 3000462333 ns, Reaching safepoint: 180714 ns, At safepoint: 9914 ns, Total: 190628 ns
[2021-04-05T02:49:42.623+0000][3999][safepoint   ] Safepoint "Cleanup", Time since last: 1000406320 ns, Reaching safepoint: 242704 ns, At safepoint: 16779 ns, Total: 259483 ns
[2021-04-05T02:49:47.624+0000][3999][safepoint   ] Safepoint "Cleanup", Time since last: 5001044064 ns, Reaching safepoint: 228299 ns, At safepoint: 15717 ns, Total: 244016 ns
[2021-04-05T02:49:49.625+0000][3999][safepoint   ] Safepoint "Cleanup", Time since last: 2000313530 ns, Reaching safepoint: 305075 ns, At safepoint: 15932 ns, Total: 321007 ns
[2021-04-05T02:49:50.625+0000][3999][safepoint   ] Safepoint "Cleanup", Time since last: 1000431051 ns, Reaching safepoint: 197041 ns, At safepoint: 11202 ns, Total: 208243 ns
[2021-04-05T02:49:54.627+0000][3999][safepoint   ] Safepoint "Cleanup", Time since last: 4000799437 ns, Reaching safepoint: 438587 ns, At safepoint: 29935 ns, Total: 468522 ns
[2021-04-05T02:49:55.627+0000][3999][safepoint   ] Safepoint "Cleanup", Time since last: 1000537224 ns, Reaching safepoint: 237088 ns, At safepoint: 17067 ns, Total: 254155 ns
[2021-04-05T02:50:00.628+0000][3999][safepoint   ] Safepoint "Cleanup", Time since last: 5000918298 ns, Reaching safepoint: 195906 ns, At safepoint: 11423 ns, Total: 207329 ns
[2021-04-05T02:50:03.629+0000][3999][safepoint   ] Safepoint "Cleanup", Time since last: 3000656392 ns, Reaching safepoint: 298459 ns, At safepoint: 23259 ns, Total: 321718 ns
[2021-04-05T02:50:14.632+0000][3999][safepoint   ] Safepoint "Cleanup", Time since last: 11002244767 ns, Reaching safepoint: 183940 ns, At safepoint: 13485 ns, Total: 197425 ns
[2021-04-05T02:50:17.633+0000][3999][safepoint   ] Safepoint "Cleanup", Time since last: 3000498836 ns, Reaching safepoint: 102729 ns, At safepoint: 4447 ns, Total: 107176 ns
[2021-04-05T02:50:18.633+0000][3999][safepoint   ] Safepoint "Cleanup", Time since last: 1000156275 ns, Reaching safepoint: 290436 ns, At safepoint: 16318 ns, Total: 306754 ns
[2021-04-05T02:50:20.634+0000][3999][safepoint   ] Safepoint "Cleanup", Time since last: 2000373694 ns, Reaching safepoint: 276692 ns, At safepoint: 12329 ns, Total: 289021 ns
[2021-04-05T02:50:26.635+0000][3999][safepoint   ] Safepoint "Cleanup", Time since last: 6001040538 ns, Reaching safepoint: 214236 ns, At safepoint: 13366 ns, Total: 227602 ns
[2021-04-05T02:50:29.636+0000][3999][safepoint   ] Safepoint "Cleanup", Time since last: 3000443994 ns, Reaching safepoint: 190740 ns, At safepoint: 14545 ns, Total: 205285 ns
[2021-04-05T02:50:30.636+0000][3999][safepoint   ] Safepoint "Cleanup", Time since last: 1000149973 ns, Reaching safepoint: 221165 ns, At safepoint: 18392 ns, Total: 239557 ns
[2021-04-05T02:50:33.637+0000][3999][safepoint   ] Safepoint "Cleanup", Time since last: 3000386536 ns, Reaching safepoint: 246105 ns, At safepoint: 22668 ns, Total: 268773 ns
[2021-04-05T02:50:40.638+0000][3999][safepoint   ] Safepoint "Cleanup", Time since last: 7001071185 ns, Reaching safepoint: 204923 ns, At safepoint: 17694 ns, Total: 222617 ns
[2021-04-05T02:50:41.638+0000][3999][safepoint   ] Safepoint "Cleanup", Time since last: 1000193160 ns, Reaching safepoint: 281703 ns, At safepoint: 36616 ns, Total: 318319 ns
[2021-04-05T02:50:42.639+0000][3999][safepoint   ] Safepoint "Cleanup", Time since last: 1000236698 ns, Reaching safepoint: 270918 ns, At safepoint: 17766 ns, Total: 288684 ns
[2021-04-05T02:50:46.640+0000][3999][safepoint   ] Safepoint "Cleanup", Time since last: 4000845321 ns, Reaching safepoint: 203360 ns, At safepoint: 17000 ns, Total: 220360 ns
[2021-04-05T02:50:53.642+0000][3999][safepoint   ] Safepoint "Cleanup", Time since last: 7001372420 ns, Reaching safepoint: 275017 ns, At safepoint: 22593 ns, Total: 297610 ns
[2021-04-05T02:51:03.644+0000][3999][safepoint   ] Safepoint "Cleanup", Time since last: 10001991627 ns, Reaching safepoint: 211695 ns, At safepoint: 16824 ns, Total: 228519 ns
[2021-04-05T02:51:05.645+0000][3999][safepoint   ] Safepoint "Cleanup", Time since last: 2000437619 ns, Reaching safepoint: 213263 ns, At safepoint: 17732 ns, Total: 230995 ns
[2021-04-05T02:51:06.645+0000][3999][safepoint   ] Safepoint "Cleanup", Time since last: 1000243386 ns, Reaching safepoint: 224414 ns, At safepoint: 10946 ns, Total: 235360 ns
[2021-04-05T02:51:09.646+0000][3999][safepoint   ] Safepoint "Cleanup", Time since last: 3000740081 ns, Reaching safepoint: 296362 ns, At safepoint: 22588 ns, Total: 318950 ns
[2021-04-05T02:51:16.648+0000][3999][safepoint   ] Safepoint "Cleanup", Time since last: 7001154518 ns, Reaching safepoint: 262598 ns, At safepoint: 14820 ns, Total: 277418 ns
[2021-04-05T02:51:17.648+0000][3999][safepoint   ] Safepoint "Cleanup", Time since last: 1000443585 ns, Reaching safepoint: 250014 ns, At safepoint: 21009 ns, Total: 271023 ns
[2021-04-05T02:51:18.649+0000][3999][safepoint   ] Safepoint "Cleanup", Time since last: 1000199764 ns, Reaching safepoint: 258499 ns, At safepoint: 19951 ns, Total: 278450 ns
[2021-04-05T02:51:22.650+0000][3999][safepoint   ] Safepoint "Cleanup", Time since last: 4001079982 ns, Reaching safepoint: 273579 ns, At safepoint: 19796 ns, Total: 293375 ns
[2021-04-05T02:51:44.654+0000][3999][safepoint   ] Safepoint "Cleanup", Time since last: 22004210955 ns, Reaching safepoint: 159164 ns, At safepoint: 13931 ns, Total: 173095 ns
[2021-04-05T02:51:53.657+0000][3999][safepoint   ] Safepoint "Cleanup", Time since last: 9001710852 ns, Reaching safepoint: 288373 ns, At safepoint: 20037 ns, Total: 308410 ns
[2021-04-05T02:52:05.659+0000][3999][safepoint   ] Safepoint "Cleanup", Time since last: 12002461752 ns, Reaching safepoint: 185827 ns, At safepoint: 17270 ns, Total: 203097 ns
[2021-04-05T02:52:08.660+0000][3999][safepoint   ] Safepoint "Cleanup", Time since last: 3001050715 ns, Reaching safepoint: 142599 ns, At safepoint: 7083 ns, Total: 149682 ns
[2021-04-05T02:52:14.384+0000][3999][gc,start    ] GC(21) Pause Young (Normal) (G1 Evacuation Pause)
[2021-04-05T02:52:14.384+0000][3999][gc,task     ] GC(21) Using 4 workers of 4 for evacuation
[2021-04-05T02:52:14.384+0000][3999][gc,age      ] GC(21) Desired survivor size 155189248 bytes, new threshold 15 (max threshold 15)
[2021-04-05T02:52:14.435+0000][3999][gc,age      ] GC(21) Age table with threshold 15 (max threshold 15)
[2021-04-05T02:52:14.435+0000][3999][gc,age      ] GC(21) - age   1:    3026960 bytes,    3026960 total
[2021-04-05T02:52:14.435+0000][3999][gc,age      ] GC(21) - age   2:      50720 bytes,    3077680 total
[2021-04-05T02:52:14.435+0000][3999][gc,age      ] GC(21) - age   3:      30480 bytes,    3108160 total
[2021-04-05T02:52:14.435+0000][3999][gc,age      ] GC(21) - age   4:     179160 bytes,    3287320 total
[2021-04-05T02:52:14.435+0000][3999][gc,age      ] GC(21) - age   5:    1034504 bytes,    4321824 total
[2021-04-05T02:52:14.435+0000][3999][gc,age      ] GC(21) - age   6:     375816 bytes,    4697640 total
[2021-04-05T02:52:14.435+0000][3999][gc,age      ] GC(21) - age   7:    8686680 bytes,   13384320 total
[2021-04-05T02:52:14.435+0000][3999][gc,age      ] GC(21) - age   8:   21244104 bytes,   34628424 total
[2021-04-05T02:52:14.435+0000][3999][gc,age      ] GC(21) - age   9:    4196520 bytes,   38824944 total
[2021-04-05T02:52:14.435+0000][3999][gc,age      ] GC(21) - age  10:    8682944 bytes,   47507888 total
[2021-04-05T02:52:14.435+0000][3999][gc,phases   ] GC(21)   Pre Evacuate Collection Set: 0.3ms
[2021-04-05T02:52:14.435+0000][3999][gc,phases   ] GC(21)   Merge Heap Roots: 0.3ms
[2021-04-05T02:52:14.435+0000][3999][gc,phases   ] GC(21)   Evacuate Collection Set: 47.9ms
[2021-04-05T02:52:14.435+0000][3999][gc,phases   ] GC(21)   Post Evacuate Collection Set: 2.3ms
[2021-04-05T02:52:14.435+0000][3999][gc,phases   ] GC(21)   Other: 0.4ms
[2021-04-05T02:52:14.435+0000][3999][gc,heap     ] GC(21) Eden regions: 578->0(578)
[2021-04-05T02:52:14.435+0000][3999][gc,heap     ] GC(21) Survivor regions: 13->13(74)
[2021-04-05T02:52:14.435+0000][3999][gc,heap     ] GC(21) Old regions: 14->14
[2021-04-05T02:52:14.435+0000][3999][gc,heap     ] GC(21) Archive regions: 2->2
[2021-04-05T02:52:14.435+0000][3999][gc,heap     ] GC(21) Humongous regions: 2->2
[2021-04-05T02:52:14.435+0000][3999][gc,metaspace] GC(21) Metaspace: 115649K(119856K)->115649K(119856K) NonClass: 100807K(103600K)->100807K(103600K) Class: 14841K(16256K)->14841K(16256K)
[2021-04-05T02:52:14.435+0000][3999][gc          ] GC(21) Pause Young (Normal) (G1 Evacuation Pause) 2429M->119M(3940M) 51.206ms
[2021-04-05T02:52:14.435+0000][3999][gc,cpu      ] GC(21) User=0.19s Sys=0.00s Real=0.06s
[2021-04-05T02:52:14.436+0000][3999][safepoint   ] Safepoint "G1CollectForAllocation", Time since last: 5723657208 ns, Reaching safepoint: 181248 ns, At safepoint: 51304282 ns, Total: 51485530 ns
[2021-04-05T02:52:17.436+0000][3999][safepoint   ] Safepoint "Cleanup", Time since last: 3000533343 ns, Reaching safepoint: 106465 ns, At safepoint: 7107 ns, Total: 113572 ns
[2021-04-05T02:52:40.441+0000][3999][safepoint   ] Safepoint "Cleanup", Time since last: 23004931449 ns, Reaching safepoint: 255000 ns, At safepoint: 20733 ns, Total: 275733 ns
[2021-04-05T02:52:41.442+0000][3999][safepoint   ] Safepoint "Cleanup", Time since last: 1000244159 ns, Reaching safepoint: 245652 ns, At safepoint: 18869 ns, Total: 264521 ns
[2021-04-05T02:52:53.444+0000][3999][safepoint   ] Safepoint "Cleanup", Time since last: 12002203105 ns, Reaching safepoint: 168363 ns, At safepoint: 12796 ns, Total: 181159 ns
[2021-04-05T02:53:37.452+0000][3999][safepoint   ] Safepoint "Cleanup", Time since last: 44007551337 ns, Reaching safepoint: 90822 ns, At safepoint: 8033 ns, Total: 98855 ns
[2021-04-05T02:53:40.453+0000][3999][safepoint   ] Safepoint "Cleanup", Time since last: 3000425921 ns, Reaching safepoint: 263795 ns, At safepoint: 19134 ns, Total: 282929 ns
[2021-04-05T02:53:41.453+0000][3999][safepoint   ] Safepoint "Cleanup", Time since last: 1000200562 ns, Reaching safepoint: 178532 ns, At safepoint: 9349 ns, Total: 187881 ns
[2021-04-05T02:53:43.454+0000][3999][safepoint   ] Safepoint "Cleanup", Time since last: 2000419155 ns, Reaching safepoint: 280389 ns, At safepoint: 24301 ns, Total: 304690 ns
[2021-04-05T02:53:45.455+0000][3999][safepoint   ] Safepoint "Cleanup", Time since last: 2000576757 ns, Reaching safepoint: 240440 ns, At safepoint: 21776 ns, Total: 262216 ns
[2021-04-05T02:54:06.458+0000][3999][safepoint   ] Safepoint "Cleanup", Time since last: 21003548690 ns, Reaching safepoint: 323307 ns, At safepoint: 7343 ns, Total: 330650 ns
[2021-04-05T02:54:18.461+0000][3999][safepoint   ] Safepoint "Cleanup", Time since last: 12002607733 ns, Reaching safepoint: 165004 ns, At safepoint: 12845 ns, Total: 177849 ns
[2021-04-05T02:54:23.462+0000][3999][safepoint   ] Safepoint "Cleanup", Time since last: 5001036080 ns, Reaching safepoint: 163855 ns, At safepoint: 12479 ns, Total: 176334 ns
[2021-04-05T02:54:24.463+0000][3999][safepoint   ] Safepoint "Cleanup", Time since last: 1000181019 ns, Reaching safepoint: 139665 ns, At safepoint: 12718 ns, Total: 152383 ns
[2021-04-05T02:54:40.466+0000][3999][safepoint   ] Safepoint "Cleanup", Time since last: 16002788351 ns, Reaching safepoint: 245587 ns, At safepoint: 19440 ns, Total: 265027 ns
[2021-04-05T02:54:46.467+0000][3999][safepoint   ] Safepoint "Cleanup", Time since last: 6001142157 ns, Reaching safepoint: 269347 ns, At safepoint: 21510 ns, Total: 290857 ns
[2021-04-05T02:54:48.468+0000][3999][safepoint   ] Safepoint "Cleanup", Time since last: 2000588096 ns, Reaching safepoint: 237299 ns, At safepoint: 19313 ns, Total: 256612 ns
[2021-04-05T02:54:52.469+0000][3999][safepoint   ] Safepoint "Cleanup", Time since last: 4000843447 ns, Reaching safepoint: 158174 ns, At safepoint: 11848 ns, Total: 170022 ns
[2021-04-05T02:54:54.470+0000][3999][safepoint   ] Safepoint "Cleanup", Time since last: 2000593379 ns, Reaching safepoint: 242451 ns, At safepoint: 15463 ns, Total: 257914 ns
[2021-04-05T02:55:03.472+0000][3999][safepoint   ] Safepoint "Cleanup", Time since last: 9001747612 ns, Reaching safepoint: 235282 ns, At safepoint: 18837 ns, Total: 254119 ns
[2021-04-05T02:55:06.473+0000][3999][safepoint   ] Safepoint "Cleanup", Time since last: 3000485052 ns, Reaching safepoint: 152034 ns, At safepoint: 6615 ns, Total: 158649 ns
[2021-04-05T02:55:18.475+0000][3999][safepoint   ] Safepoint "Cleanup", Time since last: 12002162859 ns, Reaching safepoint: 227080 ns, At safepoint: 16045 ns, Total: 243125 ns
[2021-04-05T02:55:36.478+0000][3999][safepoint   ] Safepoint "Cleanup", Time since last: 18002830864 ns, Reaching safepoint: 209856 ns, At safepoint: 15358 ns, Total: 225214 ns
[2021-04-05T02:55:40.479+0000][3999][safepoint   ] Safepoint "Cleanup", Time since last: 4000891303 ns, Reaching safepoint: 205209 ns, At safepoint: 18500 ns, Total: 223709 ns
[2021-04-05T02:55:41.480+0000][3999][safepoint   ] Safepoint "Cleanup", Time since last: 1000195568 ns, Reaching safepoint: 287767 ns, At safepoint: 16841 ns, Total: 304608 ns
[2021-04-05T02:55:56.482+0000][3999][safepoint   ] Safepoint "Cleanup", Time since last: 15002445899 ns, Reaching safepoint: 217492 ns, At safepoint: 19176 ns, Total: 236668 ns
[2021-04-05T02:56:03.484+0000][3999][safepoint   ] Safepoint "Cleanup", Time since last: 7001131122 ns, Reaching safepoint: 131219 ns, At safepoint: 10844 ns, Total: 142063 ns
[2021-04-05T02:56:05.484+0000][3999][safepoint   ] Safepoint "Cleanup", Time since last: 2000272302 ns, Reaching safepoint: 181339 ns, At safepoint: 10909 ns, Total: 192248 ns
[2021-04-05T02:56:06.484+0000][3999][safepoint   ] Safepoint "Cleanup", Time since last: 1000160098 ns, Reaching safepoint: 148477 ns, At safepoint: 9913 ns, Total: 158390 ns
[2021-04-05T02:56:17.487+0000][3999][safepoint   ] Safepoint "Cleanup", Time since last: 11002186828 ns, Reaching safepoint: 103289 ns, At safepoint: 5846 ns, Total: 109135 ns
[2021-04-05T02:56:29.489+0000][3999][safepoint   ] Safepoint "Cleanup", Time since last: 12001746887 ns, Reaching safepoint: 100922 ns, At safepoint: 7112 ns, Total: 108034 ns
[2021-04-05T02:56:30.489+0000][3999][safepoint   ] Safepoint "Cleanup", Time since last: 1000140697 ns, Reaching safepoint: 136509 ns, At safepoint: 9034 ns, Total: 145543 ns
[2021-04-05T02:56:33.490+0000][3999][safepoint   ] Safepoint "Cleanup", Time since last: 3000451597 ns, Reaching safepoint: 169266 ns, At safepoint: 11822 ns, Total: 181088 ns
[2021-04-05T02:56:35.490+0000][3999][safepoint   ] Safepoint "Cleanup", Time since last: 2000394129 ns, Reaching safepoint: 247884 ns, At safepoint: 22495 ns, Total: 270379 ns
[2021-04-05T02:56:40.491+0000][3999][safepoint   ] Safepoint "Cleanup", Time since last: 5000722130 ns, Reaching safepoint: 249999 ns, At safepoint: 29622 ns, Total: 279621 ns
[2021-04-05T02:56:52.494+0000][3999][safepoint   ] Safepoint "Cleanup", Time since last: 12002302317 ns, Reaching safepoint: 250960 ns, At safepoint: 12530 ns, Total: 263490 ns
[2021-04-05T02:56:59.495+0000][3999][safepoint   ] Safepoint "Cleanup", Time since last: 7001126363 ns, Reaching safepoint: 228379 ns, At safepoint: 18189 ns, Total: 246568 ns
[2021-04-05T02:57:05.496+0000][3999][safepoint   ] Safepoint "Cleanup", Time since last: 6000794838 ns, Reaching safepoint: 216585 ns, At safepoint: 15748 ns, Total: 232333 ns
[2021-04-05T02:57:17.498+0000][3999][safepoint   ] Safepoint "Cleanup", Time since last: 12001816558 ns, Reaching safepoint: 215823 ns, At safepoint: 15047 ns, Total: 230870 ns
[2021-04-05T02:57:26.500+0000][3999][safepoint   ] Safepoint "Cleanup", Time since last: 9001591548 ns, Reaching safepoint: 211912 ns, At safepoint: 18284 ns, Total: 230196 ns
[2021-04-05T02:57:29.501+0000][3999][safepoint   ] Safepoint "Cleanup", Time since last: 3000532269 ns, Reaching safepoint: 236337 ns, At safepoint: 14730 ns, Total: 251067 ns
[2021-04-05T02:57:35.502+0000][3999][safepoint   ] Safepoint "Cleanup", Time since last: 6001463208 ns, Reaching safepoint: 230421 ns, At safepoint: 13553 ns, Total: 243974 ns
[2021-04-05T02:57:39.335+0000][3999][safepoint   ] Safepoint "Cleanup", Time since last: 3831905977 ns, Reaching safepoint: 257840 ns, At safepoint: 18485 ns, Total: 276325 ns
[2021-04-05T02:57:40.335+0000][3999][safepoint   ] Safepoint "Cleanup", Time since last: 1000322836 ns, Reaching safepoint: 196769 ns, At safepoint: 14347 ns, Total: 211116 ns
[2021-04-05T02:58:02.339+0000][3999][safepoint   ] Safepoint "Cleanup", Time since last: 22004018960 ns, Reaching safepoint: 207444 ns, At safepoint: 12456 ns, Total: 219900 ns
[2021-04-05T02:58:04.340+0000][3999][safepoint   ] Safepoint "Cleanup", Time since last: 2000367204 ns, Reaching safepoint: 318236 ns, At safepoint: 29346 ns, Total: 347582 ns
[2021-04-05T02:58:05.340+0000][3999][safepoint   ] Safepoint "Cleanup", Time since last: 1000158358 ns, Reaching safepoint: 121524 ns, At safepoint: 4539 ns, Total: 126063 ns
[2021-04-05T02:58:29.344+0000][3999][safepoint   ] Safepoint "Cleanup", Time since last: 24003859639 ns, Reaching safepoint: 106729 ns, At safepoint: 6782 ns, Total: 113511 ns
[2021-04-05T02:58:30.345+0000][3999][safepoint   ] Safepoint "Cleanup", Time since last: 1000205025 ns, Reaching safepoint: 213373 ns, At safepoint: 17477 ns, Total: 230850 ns
[2021-04-05T02:58:37.346+0000][3999][safepoint   ] Safepoint "Cleanup", Time since last: 7001112970 ns, Reaching safepoint: 339864 ns, At safepoint: 24448 ns, Total: 364312 ns
[2021-04-05T02:58:50.349+0000][3999][safepoint   ] Safepoint "Cleanup", Time since last: 13002177969 ns, Reaching safepoint: 94119 ns, At safepoint: 5400 ns, Total: 99519 ns
[2021-04-05T02:58:53.349+0000][3999][safepoint   ] Safepoint "Cleanup", Time since last: 3000447380 ns, Reaching safepoint: 134395 ns, At safepoint: 5885 ns, Total: 140280 ns
[2021-04-05T02:58:54.350+0000][3999][safepoint   ] Safepoint "Cleanup", Time since last: 1000211835 ns, Reaching safepoint: 291263 ns, At safepoint: 11713 ns, Total: 302976 ns
[2021-04-05T02:59:29.355+0000][3999][safepoint   ] Safepoint "Cleanup", Time since last: 35005353652 ns, Reaching safepoint: 105144 ns, At safepoint: 5727 ns, Total: 110871 ns
[2021-04-05T02:59:30.356+0000][3999][safepoint   ] Safepoint "Cleanup", Time since last: 1000197461 ns, Reaching safepoint: 163022 ns, At safepoint: 11919 ns, Total: 174941 ns
[2021-04-05T02:59:37.357+0000][3999][safepoint   ] Safepoint "Cleanup", Time since last: 7001052251 ns, Reaching safepoint: 232015 ns, At safepoint: 17722 ns, Total: 249737 ns
[2021-04-05T02:59:40.358+0000][3999][safepoint   ] Safepoint "Cleanup", Time since last: 3000409656 ns, Reaching safepoint: 279507 ns, At safepoint: 21096 ns, Total: 300603 ns
[2021-04-05T02:59:41.358+0000][3999][safepoint   ] Safepoint "Cleanup", Time since last: 1000248014 ns, Reaching safepoint: 175825 ns, At safepoint: 11762 ns, Total: 187587 ns
[2021-04-05T02:59:47.359+0000][3999][safepoint   ] Safepoint "Cleanup", Time since last: 6000868701 ns, Reaching safepoint: 220040 ns, At safepoint: 17046 ns, Total: 237086 ns
[2021-04-05T02:59:51.360+0000][3999][safepoint   ] Safepoint "Cleanup", Time since last: 4000437366 ns, Reaching safepoint: 200378 ns, At safepoint: 17241 ns, Total: 217619 ns
