[2021-04-04T14:42:56.084+0000][6925][gc] Using G1
[2021-04-04T14:42:57.026+0000][6925][gc,init] Version: 15.0.1+9 (release)
[2021-04-04T14:42:57.026+0000][6925][gc,init] CPUs: 4 total, 4 available
[2021-04-04T14:42:57.026+0000][6925][gc,init] Memory: 7876M
[2021-04-04T14:42:57.026+0000][6925][gc,init] Large Page Support: Disabled
[2021-04-04T14:42:57.026+0000][6925][gc,init] NUMA Support: Disabled
[2021-04-04T14:42:57.026+0000][6925][gc,init] Compressed Oops: Enabled (Zero based)
[2021-04-04T14:42:57.026+0000][6925][gc,init] Heap Region Size: 4M
[2021-04-04T14:42:57.026+0000][6925][gc,init] Heap Min Capacity: 3940M
[2021-04-04T14:42:57.026+0000][6925][gc,init] Heap Initial Capacity: 3940M
[2021-04-04T14:42:57.026+0000][6925][gc,init] Heap Max Capacity: 3940M
[2021-04-04T14:42:57.026+0000][6925][gc,init] Pre-touch: Enabled
[2021-04-04T14:42:57.026+0000][6925][gc,init] Parallel Workers: 4
[2021-04-04T14:42:57.026+0000][6925][gc,init] Concurrent Workers: 1
[2021-04-04T14:42:57.026+0000][6925][gc,init] Concurrent Refinement Workers: 4
[2021-04-04T14:42:57.026+0000][6925][gc,init] Periodic GC: Disabled
[2021-04-04T14:42:57.026+0000][6925][gc,cds ] Mark closed archive regions in map: [0x00000007ffc00000, 0x00000007ffc7bff8]
[2021-04-04T14:42:57.026+0000][6925][gc,cds ] Mark open archive regions in map: [0x00000007ffb00000, 0x00000007ffb51ff8]
[2021-04-04T14:42:57.026+0000][6925][gc,metaspace] CDS archive(s) mapped at: [0x0000000800000000-0x0000000800b2a000-0x0000000800b2a000), size 11706368, SharedBaseAddress: 0x0000000800000000, ArchiveRelocationMode: 0.
[2021-04-04T14:42:57.026+0000][6925][gc,metaspace] Compressed class space mapped at: 0x0000000800b2c000-0x0000000840b2c000, size: 1073741824
[2021-04-04T14:42:57.026+0000][6925][gc,metaspace] Narrow klass base: 0x0000000800000000, Narrow klass shift: 3, Narrow klass range: 0x100000000
[2021-04-04T14:42:57.766+0000][6925][safepoint   ] Safepoint "ICBufferFull", Time since last: 724301470 ns, Reaching safepoint: 115535 ns, At safepoint: 4663 ns, Total: 120198 ns
[2021-04-04T14:42:58.780+0000][6925][safepoint   ] Safepoint "ICBufferFull", Time since last: 1013392724 ns, Reaching safepoint: 105905 ns, At safepoint: 6653 ns, Total: 112558 ns
[2021-04-04T14:42:59.973+0000][6925][safepoint   ] Safepoint "Cleanup", Time since last: 1152070943 ns, Reaching safepoint: 41014382 ns, At safepoint: 19916 ns, Total: 41034298 ns
[2021-04-04T14:43:01.221+0000][6925][safepoint   ] Safepoint "ICBufferFull", Time since last: 1248292050 ns, Reaching safepoint: 149396 ns, At safepoint: 9871 ns, Total: 159267 ns
[2021-04-04T14:43:01.679+0000][6925][safepoint   ] Safepoint "ICBufferFull", Time since last: 457473916 ns, Reaching safepoint: 79921 ns, At safepoint: 4898 ns, Total: 84819 ns
[2021-04-04T14:43:01.683+0000][6925][safepoint   ] Safepoint "ICBufferFull", Time since last: 4016047 ns, Reaching safepoint: 51373 ns, At safepoint: 4852 ns, Total: 56225 ns
[2021-04-04T14:43:01.687+0000][6925][safepoint   ] Safepoint "ICBufferFull", Time since last: 3680580 ns, Reaching safepoint: 150499 ns, At safepoint: 10672 ns, Total: 161171 ns
[2021-04-04T14:43:01.690+0000][6925][safepoint   ] Safepoint "ICBufferFull", Time since last: 3794944 ns, Reaching safepoint: 43796 ns, At safepoint: 4279 ns, Total: 48075 ns
[2021-04-04T14:43:01.695+0000][6925][safepoint   ] Safepoint "ICBufferFull", Time since last: 4687207 ns, Reaching safepoint: 47195 ns, At safepoint: 4705 ns, Total: 51900 ns
[2021-04-04T14:43:01.698+0000][6925][safepoint   ] Safepoint "ICBufferFull", Time since last: 3252520 ns, Reaching safepoint: 46373 ns, At safepoint: 4287 ns, Total: 50660 ns
[2021-04-04T14:43:01.702+0000][6925][safepoint   ] Safepoint "ICBufferFull", Time since last: 3093058 ns, Reaching safepoint: 41861 ns, At safepoint: 4099 ns, Total: 45960 ns
[2021-04-04T14:43:01.704+0000][6925][safepoint   ] Safepoint "ICBufferFull", Time since last: 2609752 ns, Reaching safepoint: 38376 ns, At safepoint: 4115 ns, Total: 42491 ns
[2021-04-04T14:43:01.708+0000][6925][safepoint   ] Safepoint "ICBufferFull", Time since last: 3223635 ns, Reaching safepoint: 44603 ns, At safepoint: 5195 ns, Total: 49798 ns
[2021-04-04T14:43:01.711+0000][6925][safepoint   ] Safepoint "ICBufferFull", Time since last: 3370033 ns, Reaching safepoint: 43348 ns, At safepoint: 4203 ns, Total: 47551 ns
[2021-04-04T14:43:01.714+0000][6925][safepoint   ] Safepoint "ICBufferFull", Time since last: 2934288 ns, Reaching safepoint: 41843 ns, At safepoint: 7958 ns, Total: 49801 ns
[2021-04-04T14:43:01.717+0000][6925][safepoint   ] Safepoint "ICBufferFull", Time since last: 3430439 ns, Reaching safepoint: 63864 ns, At safepoint: 4320 ns, Total: 68184 ns
[2021-04-04T14:43:01.720+0000][6925][safepoint   ] Safepoint "ICBufferFull", Time since last: 2792646 ns, Reaching safepoint: 48260 ns, At safepoint: 4000 ns, Total: 52260 ns
[2021-04-04T14:43:01.725+0000][6925][safepoint   ] Safepoint "ICBufferFull", Time since last: 4927034 ns, Reaching safepoint: 41431 ns, At safepoint: 3814 ns, Total: 45245 ns
[2021-04-04T14:43:01.729+0000][6925][safepoint   ] Safepoint "ICBufferFull", Time since last: 3269424 ns, Reaching safepoint: 40299 ns, At safepoint: 4211 ns, Total: 44510 ns
[2021-04-04T14:43:01.731+0000][6925][safepoint   ] Safepoint "ICBufferFull", Time since last: 2885061 ns, Reaching safepoint: 42625 ns, At safepoint: 4119 ns, Total: 46744 ns
[2021-04-04T14:43:01.734+0000][6925][safepoint   ] Safepoint "ICBufferFull", Time since last: 2278935 ns, Reaching safepoint: 42057 ns, At safepoint: 4224 ns, Total: 46281 ns
[2021-04-04T14:43:01.738+0000][6925][safepoint   ] Safepoint "ICBufferFull", Time since last: 3875160 ns, Reaching safepoint: 41689 ns, At safepoint: 4299 ns, Total: 45988 ns
[2021-04-04T14:43:01.743+0000][6925][gc,start    ] GC(0) Pause Young (Normal) (G1 Evacuation Pause)
[2021-04-04T14:43:01.743+0000][6925][gc,task     ] GC(0) Using 4 workers of 4 for evacuation
[2021-04-04T14:43:01.743+0000][6925][gc,age      ] GC(0) Desired survivor size 14680064 bytes, new threshold 15 (max threshold 15)
[2021-04-04T14:43:01.752+0000][6925][gc,age      ] GC(0) Age table with threshold 15 (max threshold 15)
[2021-04-04T14:43:01.752+0000][6925][gc,age      ] GC(0) - age   1:    9285520 bytes,    9285520 total
[2021-04-04T14:43:01.752+0000][6925][gc,phases   ] GC(0)   Pre Evacuate Collection Set: 0.1ms
[2021-04-04T14:43:01.752+0000][6925][gc,phases   ] GC(0)   Merge Heap Roots: 0.1ms
[2021-04-04T14:43:01.752+0000][6925][gc,phases   ] GC(0)   Evacuate Collection Set: 8.3ms
[2021-04-04T14:43:01.752+0000][6925][gc,phases   ] GC(0)   Post Evacuate Collection Set: 0.8ms
[2021-04-04T14:43:01.752+0000][6925][gc,phases   ] GC(0)   Other: 0.3ms
[2021-04-04T14:43:01.752+0000][6925][gc,heap     ] GC(0) Eden regions: 49->0(46)
[2021-04-04T14:43:01.752+0000][6925][gc,heap     ] GC(0) Survivor regions: 0->3(7)
[2021-04-04T14:43:01.752+0000][6925][gc,heap     ] GC(0) Old regions: 0->0
[2021-04-04T14:43:01.752+0000][6925][gc,heap     ] GC(0) Archive regions: 2->2
[2021-04-04T14:43:01.752+0000][6925][gc,heap     ] GC(0) Humongous regions: 0->0
[2021-04-04T14:43:01.752+0000][6925][gc,metaspace] GC(0) Metaspace: 16820K(17280K)->16820K(17280K) NonClass: 14845K(15104K)->14845K(15104K) Class: 1975K(2176K)->1975K(2176K)
[2021-04-04T14:43:01.752+0000][6925][gc          ] GC(0) Pause Young (Normal) (G1 Evacuation Pause) 199M->12M(3940M) 9.602ms
[2021-04-04T14:43:01.752+0000][6925][gc,cpu      ] GC(0) User=0.03s Sys=0.00s Real=0.01s
[2021-04-04T14:43:01.752+0000][6925][safepoint   ] Safepoint "G1CollectForAllocation", Time since last: 4894521 ns, Reaching safepoint: 44984 ns, At safepoint: 9659184 ns, Total: 9704168 ns
[2021-04-04T14:43:01.774+0000][6925][safepoint   ] Safepoint "ICBufferFull", Time since last: 22105986 ns, Reaching safepoint: 61421 ns, At safepoint: 4840 ns, Total: 66261 ns
[2021-04-04T14:43:01.775+0000][6925][safepoint   ] Safepoint "ICBufferFull", Time since last: 912127 ns, Reaching safepoint: 54307 ns, At safepoint: 4026 ns, Total: 58333 ns
[2021-04-04T14:43:01.777+0000][6925][safepoint   ] Safepoint "ICBufferFull", Time since last: 1449069 ns, Reaching safepoint: 55205 ns, At safepoint: 3495 ns, Total: 58700 ns
[2021-04-04T14:43:01.778+0000][6925][safepoint   ] Safepoint "ICBufferFull", Time since last: 1292654 ns, Reaching safepoint: 53973 ns, At safepoint: 5042 ns, Total: 59015 ns
[2021-04-04T14:43:01.779+0000][6925][safepoint   ] Safepoint "ICBufferFull", Time since last: 916788 ns, Reaching safepoint: 29897 ns, At safepoint: 4295 ns, Total: 34192 ns
[2021-04-04T14:43:01.780+0000][6925][safepoint   ] Safepoint "ICBufferFull", Time since last: 938045 ns, Reaching safepoint: 36398 ns, At safepoint: 6376 ns, Total: 42774 ns
[2021-04-04T14:43:01.781+0000][6925][safepoint   ] Safepoint "ICBufferFull", Time since last: 888775 ns, Reaching safepoint: 110346 ns, At safepoint: 7713 ns, Total: 118059 ns
[2021-04-04T14:43:01.782+0000][6925][safepoint   ] Safepoint "ICBufferFull", Time since last: 1144526 ns, Reaching safepoint: 41242 ns, At safepoint: 4605 ns, Total: 45847 ns
[2021-04-04T14:43:01.783+0000][6925][safepoint   ] Safepoint "ICBufferFull", Time since last: 921598 ns, Reaching safepoint: 37724 ns, At safepoint: 5204 ns, Total: 42928 ns
[2021-04-04T14:43:01.784+0000][6925][safepoint   ] Safepoint "ICBufferFull", Time since last: 900697 ns, Reaching safepoint: 40991 ns, At safepoint: 5710 ns, Total: 46701 ns
[2021-04-04T14:43:01.785+0000][6925][safepoint   ] Safepoint "ICBufferFull", Time since last: 1002481 ns, Reaching safepoint: 36175 ns, At safepoint: 3714 ns, Total: 39889 ns
[2021-04-04T14:43:02.786+0000][6925][safepoint   ] Safepoint "Cleanup", Time since last: 1000102528 ns, Reaching safepoint: 156964 ns, At safepoint: 3527 ns, Total: 160491 ns
[2021-04-04T14:43:03.044+0000][6925][gc,start    ] GC(1) Pause Young (Normal) (G1 Evacuation Pause)
[2021-04-04T14:43:03.044+0000][6925][gc,task     ] GC(1) Using 4 workers of 4 for evacuation
[2021-04-04T14:43:03.044+0000][6925][gc,age      ] GC(1) Desired survivor size 14680064 bytes, new threshold 15 (max threshold 15)
[2021-04-04T14:43:03.055+0000][6925][gc,age      ] GC(1) Age table with threshold 15 (max threshold 15)
[2021-04-04T14:43:03.056+0000][6925][gc,age      ] GC(1) - age   1:    3580736 bytes,    3580736 total
[2021-04-04T14:43:03.056+0000][6925][gc,age      ] GC(1) - age   2:    9167856 bytes,   12748592 total
[2021-04-04T14:43:03.056+0000][6925][gc,phases   ] GC(1)   Pre Evacuate Collection Set: 0.1ms
[2021-04-04T14:43:03.056+0000][6925][gc,phases   ] GC(1)   Merge Heap Roots: 0.0ms
[2021-04-04T14:43:03.056+0000][6925][gc,phases   ] GC(1)   Evacuate Collection Set: 10.2ms
[2021-04-04T14:43:03.056+0000][6925][gc,phases   ] GC(1)   Post Evacuate Collection Set: 0.7ms
[2021-04-04T14:43:03.056+0000][6925][gc,phases   ] GC(1)   Other: 0.2ms
[2021-04-04T14:43:03.056+0000][6925][gc,heap     ] GC(1) Eden regions: 46->0(45)
[2021-04-04T14:43:03.056+0000][6925][gc,heap     ] GC(1) Survivor regions: 3->4(7)
[2021-04-04T14:43:03.056+0000][6925][gc,heap     ] GC(1) Old regions: 0->0
[2021-04-04T14:43:03.056+0000][6925][gc,heap     ] GC(1) Archive regions: 2->2
[2021-04-04T14:43:03.056+0000][6925][gc,heap     ] GC(1) Humongous regions: 0->0
[2021-04-04T14:43:03.056+0000][6925][gc,metaspace] GC(1) Metaspace: 18887K(19584K)->18887K(19584K) NonClass: 16654K(17152K)->16654K(17152K) Class: 2233K(2432K)->2233K(2432K)
[2021-04-04T14:43:03.056+0000][6925][gc          ] GC(1) Pause Young (Normal) (G1 Evacuation Pause) 196M->16M(3940M) 11.349ms
[2021-04-04T14:43:03.056+0000][6925][gc,cpu      ] GC(1) User=0.03s Sys=0.00s Real=0.00s
[2021-04-04T14:43:03.056+0000][6925][safepoint   ] Safepoint "G1CollectForAllocation", Time since last: 258514236 ns, Reaching safepoint: 90753 ns, At safepoint: 11425909 ns, Total: 11516662 ns
[2021-04-04T14:43:03.532+0000][6925][gc,start    ] GC(2) Pause Young (Normal) (G1 Evacuation Pause)
[2021-04-04T14:43:03.532+0000][6925][gc,task     ] GC(2) Using 4 workers of 4 for evacuation
[2021-04-04T14:43:03.532+0000][6925][gc,age      ] GC(2) Desired survivor size 14680064 bytes, new threshold 15 (max threshold 15)
[2021-04-04T14:43:03.544+0000][6925][gc,age      ] GC(2) Age table with threshold 15 (max threshold 15)
[2021-04-04T14:43:03.544+0000][6925][gc,age      ] GC(2) - age   1:    1617672 bytes,    1617672 total
[2021-04-04T14:43:03.544+0000][6925][gc,age      ] GC(2) - age   2:    3104216 bytes,    4721888 total
[2021-04-04T14:43:03.544+0000][6925][gc,age      ] GC(2) - age   3:    9167688 bytes,   13889576 total
[2021-04-04T14:43:03.544+0000][6925][gc,phases   ] GC(2)   Pre Evacuate Collection Set: 0.1ms
[2021-04-04T14:43:03.544+0000][6925][gc,phases   ] GC(2)   Merge Heap Roots: 0.0ms
[2021-04-04T14:43:03.544+0000][6925][gc,phases   ] GC(2)   Evacuate Collection Set: 10.9ms
[2021-04-04T14:43:03.544+0000][6925][gc,phases   ] GC(2)   Post Evacuate Collection Set: 0.5ms
[2021-04-04T14:43:03.544+0000][6925][gc,phases   ] GC(2)   Other: 0.2ms
[2021-04-04T14:43:03.544+0000][6925][gc,heap     ] GC(2) Eden regions: 45->0(48)
[2021-04-04T14:43:03.544+0000][6925][gc,heap     ] GC(2) Survivor regions: 4->4(7)
[2021-04-04T14:43:03.544+0000][6925][gc,heap     ] GC(2) Old regions: 0->0
[2021-04-04T14:43:03.544+0000][6925][gc,heap     ] GC(2) Archive regions: 2->2
[2021-04-04T14:43:03.544+0000][6925][gc,heap     ] GC(2) Humongous regions: 0->0
[2021-04-04T14:43:03.544+0000][6925][gc,metaspace] GC(2) Metaspace: 19291K(20224K)->19291K(20224K) NonClass: 16985K(17664K)->16985K(17664K) Class: 2305K(2560K)->2305K(2560K)
[2021-04-04T14:43:03.544+0000][6925][gc          ] GC(2) Pause Young (Normal) (G1 Evacuation Pause) 196M->17M(3940M) 11.939ms
[2021-04-04T14:43:03.544+0000][6925][gc,cpu      ] GC(2) User=0.04s Sys=0.00s Real=0.01s
[2021-04-04T14:43:03.544+0000][6925][safepoint   ] Safepoint "G1CollectForAllocation", Time since last: 476149160 ns, Reaching safepoint: 64742 ns, At safepoint: 11998447 ns, Total: 12063189 ns
[2021-04-04T14:43:04.444+0000][6925][gc,start    ] GC(3) Pause Young (Normal) (G1 Evacuation Pause)
[2021-04-04T14:43:04.444+0000][6925][gc,task     ] GC(3) Using 4 workers of 4 for evacuation
[2021-04-04T14:43:04.444+0000][6925][gc,age      ] GC(3) Desired survivor size 14680064 bytes, new threshold 15 (max threshold 15)
[2021-04-04T14:43:04.456+0000][6925][gc,age      ] GC(3) Age table with threshold 15 (max threshold 15)
[2021-04-04T14:43:04.456+0000][6925][gc,age      ] GC(3) - age   1:    1416536 bytes,    1416536 total
[2021-04-04T14:43:04.456+0000][6925][gc,age      ] GC(3) - age   2:     680192 bytes,    2096728 total
[2021-04-04T14:43:04.456+0000][6925][gc,age      ] GC(3) - age   3:    3103608 bytes,    5200336 total
[2021-04-04T14:43:04.456+0000][6925][gc,age      ] GC(3) - age   4:    9167344 bytes,   14367680 total
[2021-04-04T14:43:04.456+0000][6925][gc,phases   ] GC(3)   Pre Evacuate Collection Set: 0.1ms
[2021-04-04T14:43:04.456+0000][6925][gc,phases   ] GC(3)   Merge Heap Roots: 0.0ms
[2021-04-04T14:43:04.456+0000][6925][gc,phases   ] GC(3)   Evacuate Collection Set: 10.8ms
[2021-04-04T14:43:04.456+0000][6925][gc,phases   ] GC(3)   Post Evacuate Collection Set: 0.6ms
[2021-04-04T14:43:04.456+0000][6925][gc,phases   ] GC(3)   Other: 0.2ms
[2021-04-04T14:43:04.456+0000][6925][gc,heap     ] GC(3) Eden regions: 48->0(57)
[2021-04-04T14:43:04.456+0000][6925][gc,heap     ] GC(3) Survivor regions: 4->4(7)
[2021-04-04T14:43:04.456+0000][6925][gc,heap     ] GC(3) Old regions: 0->0
[2021-04-04T14:43:04.456+0000][6925][gc,heap     ] GC(3) Archive regions: 2->2
[2021-04-04T14:43:04.456+0000][6925][gc,heap     ] GC(3) Humongous regions: 0->0
[2021-04-04T14:43:04.456+0000][6925][gc,metaspace] GC(3) Metaspace: 19592K(20480K)->19592K(20480K) NonClass: 17264K(17920K)->17264K(17920K) Class: 2327K(2560K)->2327K(2560K)
[2021-04-04T14:43:04.456+0000][6925][gc          ] GC(3) Pause Young (Normal) (G1 Evacuation Pause) 209M->18M(3940M) 11.793ms
[2021-04-04T14:43:04.456+0000][6925][gc,cpu      ] GC(3) User=0.04s Sys=0.00s Real=0.01s
[2021-04-04T14:43:04.456+0000][6925][safepoint   ] Safepoint "G1CollectForAllocation", Time since last: 900153431 ns, Reaching safepoint: 67124 ns, At safepoint: 11867196 ns, Total: 11934320 ns
[2021-04-04T14:43:05.134+0000][6925][gc,start    ] GC(4) Pause Young (Normal) (G1 Evacuation Pause)
[2021-04-04T14:43:05.134+0000][6925][gc,task     ] GC(4) Using 4 workers of 4 for evacuation
[2021-04-04T14:43:05.134+0000][6925][gc,age      ] GC(4) Desired survivor size 16777216 bytes, new threshold 15 (max threshold 15)
[2021-04-04T14:43:05.145+0000][6925][gc,age      ] GC(4) Age table with threshold 15 (max threshold 15)
[2021-04-04T14:43:05.145+0000][6925][gc,age      ] GC(4) - age   1:    2140600 bytes,    2140600 total
[2021-04-04T14:43:05.145+0000][6925][gc,age      ] GC(4) - age   2:     693288 bytes,    2833888 total
[2021-04-04T14:43:05.145+0000][6925][gc,age      ] GC(4) - age   3:     679296 bytes,    3513184 total
[2021-04-04T14:43:05.145+0000][6925][gc,age      ] GC(4) - age   4:    3099616 bytes,    6612800 total
[2021-04-04T14:43:05.145+0000][6925][gc,age      ] GC(4) - age   5:    9167344 bytes,   15780144 total
[2021-04-04T14:43:05.146+0000][6925][gc,phases   ] GC(4)   Pre Evacuate Collection Set: 0.1ms
[2021-04-04T14:43:05.146+0000][6925][gc,phases   ] GC(4)   Merge Heap Roots: 0.1ms
[2021-04-04T14:43:05.146+0000][6925][gc,phases   ] GC(4)   Evacuate Collection Set: 10.3ms
[2021-04-04T14:43:05.146+0000][6925][gc,phases   ] GC(4)   Post Evacuate Collection Set: 0.7ms
[2021-04-04T14:43:05.146+0000][6925][gc,phases   ] GC(4)   Other: 0.2ms
[2021-04-04T14:43:05.146+0000][6925][gc,heap     ] GC(4) Eden regions: 57->0(586)
[2021-04-04T14:43:05.146+0000][6925][gc,heap     ] GC(4) Survivor regions: 4->5(8)
[2021-04-04T14:43:05.146+0000][6925][gc,heap     ] GC(4) Old regions: 0->0
[2021-04-04T14:43:05.146+0000][6925][gc,heap     ] GC(4) Archive regions: 2->2
[2021-04-04T14:43:05.146+0000][6925][gc,heap     ] GC(4) Humongous regions: 0->0
[2021-04-04T14:43:05.146+0000][6925][gc,metaspace] GC(4) Metaspace: 19819K(20736K)->19819K(20736K) NonClass: 17457K(18176K)->17457K(18176K) Class: 2361K(2560K)->2361K(2560K)
[2021-04-04T14:43:05.146+0000][6925][gc          ] GC(4) Pause Young (Normal) (G1 Evacuation Pause) 246M->20M(3940M) 11.475ms
[2021-04-04T14:43:05.146+0000][6925][gc,cpu      ] GC(4) User=0.04s Sys=0.00s Real=0.02s
[2021-04-04T14:43:05.146+0000][6925][safepoint   ] Safepoint "G1CollectForAllocation", Time since last: 677985761 ns, Reaching safepoint: 123174 ns, At safepoint: 11544913 ns, Total: 11668087 ns
[2021-04-04T14:43:05.985+0000][6925][gc,start    ] GC(5) Pause Young (Concurrent Start) (Metadata GC Threshold)
[2021-04-04T14:43:05.985+0000][6925][gc,task     ] GC(5) Using 4 workers of 4 for evacuation
[2021-04-04T14:43:05.985+0000][6925][gc,age      ] GC(5) Desired survivor size 155189248 bytes, new threshold 15 (max threshold 15)
[2021-04-04T14:43:06.000+0000][6925][gc,age      ] GC(5) Age table with threshold 15 (max threshold 15)
[2021-04-04T14:43:06.000+0000][6925][gc,age      ] GC(5) - age   1:     586432 bytes,     586432 total
[2021-04-04T14:43:06.000+0000][6925][gc,age      ] GC(5) - age   2:    2098520 bytes,    2684952 total
[2021-04-04T14:43:06.000+0000][6925][gc,age      ] GC(5) - age   3:     693000 bytes,    3377952 total
[2021-04-04T14:43:06.000+0000][6925][gc,age      ] GC(5) - age   4:     678624 bytes,    4056576 total
[2021-04-04T14:43:06.000+0000][6925][gc,age      ] GC(5) - age   5:    3099264 bytes,    7155840 total
[2021-04-04T14:43:06.000+0000][6925][gc,age      ] GC(5) - age   6:    9167344 bytes,   16323184 total
[2021-04-04T14:43:06.000+0000][6925][gc,phases   ] GC(5)   Pre Evacuate Collection Set: 0.1ms
[2021-04-04T14:43:06.000+0000][6925][gc,phases   ] GC(5)   Merge Heap Roots: 0.0ms
[2021-04-04T14:43:06.000+0000][6925][gc,phases   ] GC(5)   Evacuate Collection Set: 14.2ms
[2021-04-04T14:43:06.000+0000][6925][gc,phases   ] GC(5)   Post Evacuate Collection Set: 0.8ms
[2021-04-04T14:43:06.000+0000][6925][gc,phases   ] GC(5)   Other: 0.3ms
[2021-04-04T14:43:06.000+0000][6925][gc,heap     ] GC(5) Eden regions: 88->0(587)
[2021-04-04T14:43:06.000+0000][6925][gc,heap     ] GC(5) Survivor regions: 5->4(74)
[2021-04-04T14:43:06.001+0000][6925][gc,heap     ] GC(5) Old regions: 0->0
[2021-04-04T14:43:06.001+0000][6925][gc,heap     ] GC(5) Archive regions: 2->2
[2021-04-04T14:43:06.001+0000][6925][gc,heap     ] GC(5) Humongous regions: 0->0
[2021-04-04T14:43:06.001+0000][6925][gc,metaspace] GC(5) Metaspace: 20208K(21296K)->20208K(21296K) NonClass: 17774K(18608K)->17774K(18608K) Class: 2433K(2688K)->2433K(2688K)
[2021-04-04T14:43:06.001+0000][6925][gc          ] GC(5) Pause Young (Concurrent Start) (Metadata GC Threshold) 370M->19M(3940M) 15.488ms
[2021-04-04T14:43:06.001+0000][6925][gc,cpu      ] GC(5) User=0.06s Sys=0.00s Real=0.01s
[2021-04-04T14:43:06.001+0000][6925][gc          ] GC(6) Concurrent Cycle
[2021-04-04T14:43:06.001+0000][6925][gc,marking  ] GC(6) Concurrent Clear Claimed Marks
[2021-04-04T14:43:06.001+0000][6925][gc,marking  ] GC(6) Concurrent Clear Claimed Marks 0.030ms
[2021-04-04T14:43:06.001+0000][6925][gc,marking  ] GC(6) Concurrent Scan Root Regions
[2021-04-04T14:43:06.001+0000][6925][safepoint   ] Safepoint "CollectForMetadataAllocation", Time since last: 839295023 ns, Reaching safepoint: 78804 ns, At safepoint: 15708595 ns, Total: 15787399 ns
[2021-04-04T14:43:06.011+0000][6925][gc,marking  ] GC(6) Concurrent Scan Root Regions 10.272ms
[2021-04-04T14:43:06.011+0000][6925][gc,marking  ] GC(6) Concurrent Mark (9.934s)
[2021-04-04T14:43:06.011+0000][6925][gc,marking  ] GC(6) Concurrent Mark From Roots
[2021-04-04T14:43:06.011+0000][6925][gc,task     ] GC(6) Using 1 workers of 1 for marking
[2021-04-04T14:43:06.014+0000][6925][gc,marking  ] GC(6) Concurrent Mark From Roots 2.810ms
[2021-04-04T14:43:06.014+0000][6925][gc,marking  ] GC(6) Concurrent Preclean
[2021-04-04T14:43:06.014+0000][6925][gc,marking  ] GC(6) Concurrent Preclean 0.074ms
[2021-04-04T14:43:06.014+0000][6925][gc,marking  ] GC(6) Concurrent Mark (9.934s, 9.937s) 2.937ms
[2021-04-04T14:43:06.014+0000][6925][gc,start    ] GC(6) Pause Remark
[2021-04-04T14:43:06.018+0000][6925][gc          ] GC(6) Pause Remark 21M->21M(3940M) 4.177ms
[2021-04-04T14:43:06.018+0000][6925][gc,cpu      ] GC(6) User=0.01s Sys=0.00s Real=0.01s
[2021-04-04T14:43:06.018+0000][6925][safepoint   ] Safepoint "G1Concurrent", Time since last: 13217607 ns, Reaching safepoint: 64214 ns, At safepoint: 4241846 ns, Total: 4306060 ns
[2021-04-04T14:43:06.018+0000][6925][gc,marking  ] GC(6) Concurrent Rebuild Remembered Sets
[2021-04-04T14:43:06.019+0000][6925][gc,marking  ] GC(6) Concurrent Rebuild Remembered Sets 0.809ms
[2021-04-04T14:43:06.019+0000][6925][gc,start    ] GC(6) Pause Cleanup
[2021-04-04T14:43:06.020+0000][6925][gc          ] GC(6) Pause Cleanup 21M->21M(3940M) 0.142ms
[2021-04-04T14:43:06.020+0000][6925][gc,cpu      ] GC(6) User=0.00s Sys=0.00s Real=0.00s
[2021-04-04T14:43:06.020+0000][6925][safepoint   ] Safepoint "G1Concurrent", Time since last: 856504 ns, Reaching safepoint: 296313 ns, At safepoint: 174076 ns, Total: 470389 ns
[2021-04-04T14:43:06.020+0000][6925][gc,marking  ] GC(6) Concurrent Cleanup for Next Mark
[2021-04-04T14:43:06.026+0000][6925][gc,marking  ] GC(6) Concurrent Cleanup for Next Mark 6.457ms
[2021-04-04T14:43:06.026+0000][6925][gc          ] GC(6) Concurrent Cycle 25.535ms
[2021-04-04T14:43:07.020+0000][6925][safepoint   ] Safepoint "Cleanup", Time since last: 1000105182 ns, Reaching safepoint: 153081 ns, At safepoint: 5518 ns, Total: 158599 ns
[2021-04-04T14:43:08.020+0000][6925][safepoint   ] Safepoint "Cleanup", Time since last: 1000117150 ns, Reaching safepoint: 181328 ns, At safepoint: 8707 ns, Total: 190035 ns
[2021-04-04T14:43:09.020+0000][6925][safepoint   ] Safepoint "Cleanup", Time since last: 1000136003 ns, Reaching safepoint: 107978 ns, At safepoint: 6958 ns, Total: 114936 ns
[2021-04-04T14:43:10.021+0000][6925][safepoint   ] Safepoint "Cleanup", Time since last: 1000145519 ns, Reaching safepoint: 165612 ns, At safepoint: 16548 ns, Total: 182160 ns
[2021-04-04T14:43:10.734+0000][6925][safepoint   ] Safepoint "ICBufferFull", Time since last: 712616159 ns, Reaching safepoint: 237770 ns, At safepoint: 6465 ns, Total: 244235 ns
[2021-04-04T14:43:11.747+0000][6925][safepoint   ] Safepoint "Cleanup", Time since last: 1012937817 ns, Reaching safepoint: 118711 ns, At safepoint: 5823 ns, Total: 124534 ns
[2021-04-04T14:43:12.747+0000][6925][safepoint   ] Safepoint "Cleanup", Time since last: 1000131582 ns, Reaching safepoint: 116946 ns, At safepoint: 5452 ns, Total: 122398 ns
[2021-04-04T14:43:13.004+0000][6925][gc,start    ] GC(7) Pause Young (Concurrent Start) (Metadata GC Threshold)
[2021-04-04T14:43:13.004+0000][6925][gc,task     ] GC(7) Using 4 workers of 4 for evacuation
[2021-04-04T14:43:13.004+0000][6925][gc,age      ] GC(7) Desired survivor size 155189248 bytes, new threshold 15 (max threshold 15)
[2021-04-04T14:43:13.062+0000][6925][gc,age      ] GC(7) Age table with threshold 15 (max threshold 15)
[2021-04-04T14:43:13.062+0000][6925][gc,age      ] GC(7) - age   1:   41453976 bytes,   41453976 total
[2021-04-04T14:43:13.062+0000][6925][gc,age      ] GC(7) - age   2:     544352 bytes,   41998328 total
[2021-04-04T14:43:13.062+0000][6925][gc,age      ] GC(7) - age   3:    2085232 bytes,   44083560 total
[2021-04-04T14:43:13.062+0000][6925][gc,age      ] GC(7) - age   4:     680728 bytes,   44764288 total
[2021-04-04T14:43:13.062+0000][6925][gc,age      ] GC(7) - age   5:     671232 bytes,   45435520 total
[2021-04-04T14:43:13.062+0000][6925][gc,age      ] GC(7) - age   6:    3081224 bytes,   48516744 total
[2021-04-04T14:43:13.062+0000][6925][gc,age      ] GC(7) - age   7:    9054688 bytes,   57571432 total
[2021-04-04T14:43:13.062+0000][6925][gc,phases   ] GC(7)   Pre Evacuate Collection Set: 0.2ms
[2021-04-04T14:43:13.062+0000][6925][gc,phases   ] GC(7)   Merge Heap Roots: 0.1ms
[2021-04-04T14:43:13.062+0000][6925][gc,phases   ] GC(7)   Evacuate Collection Set: 55.9ms
[2021-04-04T14:43:13.062+0000][6925][gc,phases   ] GC(7)   Post Evacuate Collection Set: 1.5ms
[2021-04-04T14:43:13.062+0000][6925][gc,phases   ] GC(7)   Other: 0.3ms
[2021-04-04T14:43:13.062+0000][6925][gc,heap     ] GC(7) Eden regions: 275->0(504)
[2021-04-04T14:43:13.062+0000][6925][gc,heap     ] GC(7) Survivor regions: 4->15(74)
[2021-04-04T14:43:13.062+0000][6925][gc,heap     ] GC(7) Old regions: 0->0
[2021-04-04T14:43:13.062+0000][6925][gc,heap     ] GC(7) Archive regions: 2->2
[2021-04-04T14:43:13.062+0000][6925][gc,heap     ] GC(7) Humongous regions: 0->0
[2021-04-04T14:43:13.062+0000][6925][gc,metaspace] GC(7) Metaspace: 33565K(35920K)->33565K(35920K) NonClass: 29316K(31056K)->29316K(31056K) Class: 4248K(4864K)->4248K(4864K)
[2021-04-04T14:43:13.062+0000][6925][gc          ] GC(7) Pause Young (Concurrent Start) (Metadata GC Threshold) 1117M->60M(3940M) 58.005ms
[2021-04-04T14:43:13.062+0000][6925][gc,cpu      ] GC(7) User=0.23s Sys=0.00s Real=0.06s
[2021-04-04T14:43:13.062+0000][6925][gc          ] GC(8) Concurrent Cycle
[2021-04-04T14:43:13.062+0000][6925][gc,marking  ] GC(8) Concurrent Clear Claimed Marks
[2021-04-04T14:43:13.062+0000][6925][gc,marking  ] GC(8) Concurrent Clear Claimed Marks 0.044ms
[2021-04-04T14:43:13.062+0000][6925][gc,marking  ] GC(8) Concurrent Scan Root Regions
[2021-04-04T14:43:13.062+0000][6925][safepoint   ] Safepoint "CollectForMetadataAllocation", Time since last: 256691363 ns, Reaching safepoint: 140514 ns, At safepoint: 58150929 ns, Total: 58291443 ns
[2021-04-04T14:43:13.115+0000][6925][gc,marking  ] GC(8) Concurrent Scan Root Regions 53.316ms
[2021-04-04T14:43:13.115+0000][6925][gc,marking  ] GC(8) Concurrent Mark (17.039s)
[2021-04-04T14:43:13.115+0000][6925][gc,marking  ] GC(8) Concurrent Mark From Roots
[2021-04-04T14:43:13.115+0000][6925][gc,task     ] GC(8) Using 1 workers of 1 for marking
[2021-04-04T14:43:13.118+0000][6925][gc,marking  ] GC(8) Concurrent Mark From Roots 2.997ms
[2021-04-04T14:43:13.118+0000][6925][gc,marking  ] GC(8) Concurrent Preclean
[2021-04-04T14:43:13.118+0000][6925][gc,marking  ] GC(8) Concurrent Preclean 0.092ms
[2021-04-04T14:43:13.118+0000][6925][gc,marking  ] GC(8) Concurrent Mark (17.039s, 17.042s) 3.169ms
[2021-04-04T14:43:13.119+0000][6925][gc,start    ] GC(8) Pause Remark
[2021-04-04T14:43:13.122+0000][6925][gc          ] GC(8) Pause Remark 64M->64M(3940M) 3.251ms
[2021-04-04T14:43:13.122+0000][6925][gc,cpu      ] GC(8) User=0.01s Sys=0.00s Real=0.00s
[2021-04-04T14:43:13.122+0000][6925][safepoint   ] Safepoint "G1Concurrent", Time since last: 56566744 ns, Reaching safepoint: 119756 ns, At safepoint: 3318622 ns, Total: 3438378 ns
[2021-04-04T14:43:13.122+0000][6925][gc,marking  ] GC(8) Concurrent Rebuild Remembered Sets
[2021-04-04T14:43:13.123+0000][6925][gc,marking  ] GC(8) Concurrent Rebuild Remembered Sets 0.880ms
[2021-04-04T14:43:13.125+0000][6925][gc,start    ] GC(8) Pause Cleanup
[2021-04-04T14:43:13.125+0000][6925][gc          ] GC(8) Pause Cleanup 64M->64M(3940M) 0.140ms
[2021-04-04T14:43:13.125+0000][6925][gc,cpu      ] GC(8) User=0.00s Sys=0.00s Real=0.00s
[2021-04-04T14:43:13.125+0000][6925][safepoint   ] Safepoint "G1Concurrent", Time since last: 962372 ns, Reaching safepoint: 2332876 ns, At safepoint: 178000 ns, Total: 2510876 ns
[2021-04-04T14:43:13.125+0000][6925][gc,marking  ] GC(8) Concurrent Cleanup for Next Mark
[2021-04-04T14:43:13.132+0000][6925][gc,marking  ] GC(8) Concurrent Cleanup for Next Mark 6.574ms
[2021-04-04T14:43:13.132+0000][6925][gc          ] GC(8) Concurrent Cycle 70.200ms
[2021-04-04T14:43:14.483+0000][6925][safepoint   ] Safepoint "Cleanup", Time since last: 1357367767 ns, Reaching safepoint: 188220 ns, At safepoint: 6412 ns, Total: 194632 ns
[2021-04-04T14:43:15.483+0000][6925][safepoint   ] Safepoint "Cleanup", Time since last: 1000117701 ns, Reaching safepoint: 237756 ns, At safepoint: 4983 ns, Total: 242739 ns
[2021-04-04T14:43:16.603+0000][6925][gc,start    ] GC(9) Pause Young (Concurrent Start) (Metadata GC Threshold)
[2021-04-04T14:43:16.603+0000][6925][gc,task     ] GC(9) Using 4 workers of 4 for evacuation
[2021-04-04T14:43:16.604+0000][6925][gc,age      ] GC(9) Desired survivor size 155189248 bytes, new threshold 15 (max threshold 15)
[2021-04-04T14:43:16.695+0000][6925][gc,age      ] GC(9) Age table with threshold 15 (max threshold 15)
[2021-04-04T14:43:16.696+0000][6925][gc,age      ] GC(9) - age   1:    8878992 bytes,    8878992 total
[2021-04-04T14:43:16.696+0000][6925][gc,age      ] GC(9) - age   2:   41127136 bytes,   50006128 total
[2021-04-04T14:43:16.696+0000][6925][gc,age      ] GC(9) - age   3:     533504 bytes,   50539632 total
[2021-04-04T14:43:16.696+0000][6925][gc,age      ] GC(9) - age   4:    2083352 bytes,   52622984 total
[2021-04-04T14:43:16.696+0000][6925][gc,age      ] GC(9) - age   5:     678008 bytes,   53300992 total
[2021-04-04T14:43:16.696+0000][6925][gc,age      ] GC(9) - age   6:     662400 bytes,   53963392 total
[2021-04-04T14:43:16.696+0000][6925][gc,age      ] GC(9) - age   7:    3076184 bytes,   57039576 total
[2021-04-04T14:43:16.696+0000][6925][gc,age      ] GC(9) - age   8:    9006928 bytes,   66046504 total
[2021-04-04T14:43:16.696+0000][6925][gc,phases   ] GC(9)   Pre Evacuate Collection Set: 0.2ms
[2021-04-04T14:43:16.696+0000][6925][gc,phases   ] GC(9)   Merge Heap Roots: 0.0ms
[2021-04-04T14:43:16.696+0000][6925][gc,phases   ] GC(9)   Evacuate Collection Set: 89.6ms
[2021-04-04T14:43:16.696+0000][6925][gc,phases   ] GC(9)   Post Evacuate Collection Set: 2.1ms
[2021-04-04T14:43:16.696+0000][6925][gc,phases   ] GC(9)   Other: 0.3ms
[2021-04-04T14:43:16.696+0000][6925][gc,heap     ] GC(9) Eden regions: 82->0(32)
[2021-04-04T14:43:16.696+0000][6925][gc,heap     ] GC(9) Survivor regions: 15->17(74)
[2021-04-04T14:43:16.696+0000][6925][gc,heap     ] GC(9) Old regions: 0->0
[2021-04-04T14:43:16.696+0000][6925][gc,heap     ] GC(9) Archive regions: 2->2
[2021-04-04T14:43:16.696+0000][6925][gc,heap     ] GC(9) Humongous regions: 0->0
[2021-04-04T14:43:16.696+0000][6925][gc,metaspace] GC(9) Metaspace: 56894K(60336K)->56894K(60336K) NonClass: 49382K(51888K)->49382K(51888K) Class: 7512K(8448K)->7512K(8448K)
[2021-04-04T14:43:16.696+0000][6925][gc          ] GC(9) Pause Young (Concurrent Start) (Metadata GC Threshold) 386M->69M(3940M) 92.249ms
[2021-04-04T14:43:16.696+0000][6925][gc,cpu      ] GC(9) User=0.35s Sys=0.00s Real=0.09s
[2021-04-04T14:43:16.696+0000][6925][gc          ] GC(10) Concurrent Cycle
[2021-04-04T14:43:16.696+0000][6925][gc,marking  ] GC(10) Concurrent Clear Claimed Marks
[2021-04-04T14:43:16.696+0000][6925][gc,marking  ] GC(10) Concurrent Clear Claimed Marks 0.067ms
[2021-04-04T14:43:16.696+0000][6925][gc,marking  ] GC(10) Concurrent Scan Root Regions
[2021-04-04T14:43:16.696+0000][6925][safepoint   ] Safepoint "CollectForMetadataAllocation", Time since last: 1119870435 ns, Reaching safepoint: 235359 ns, At safepoint: 92480699 ns, Total: 92716058 ns
[2021-04-04T14:43:16.761+0000][6925][gc,marking  ] GC(10) Concurrent Scan Root Regions 65.398ms
[2021-04-04T14:43:16.761+0000][6925][gc,marking  ] GC(10) Concurrent Mark (20.685s)
[2021-04-04T14:43:16.761+0000][6925][gc,marking  ] GC(10) Concurrent Mark From Roots
[2021-04-04T14:43:16.761+0000][6925][gc,task     ] GC(10) Using 1 workers of 1 for marking
[2021-04-04T14:43:16.764+0000][6925][gc,marking  ] GC(10) Concurrent Mark From Roots 3.105ms
[2021-04-04T14:43:16.764+0000][6925][gc,marking  ] GC(10) Concurrent Preclean
[2021-04-04T14:43:16.765+0000][6925][gc,marking  ] GC(10) Concurrent Preclean 0.068ms
[2021-04-04T14:43:16.765+0000][6925][gc,marking  ] GC(10) Concurrent Mark (20.685s, 20.688s) 3.244ms
[2021-04-04T14:43:16.903+0000][6925][gc,start    ] GC(10) Pause Remark
[2021-04-04T14:43:16.907+0000][6925][gc          ] GC(10) Pause Remark 72M->72M(3940M) 3.478ms
[2021-04-04T14:43:16.907+0000][6925][gc,cpu      ] GC(10) User=0.01s Sys=0.00s Real=0.01s
[2021-04-04T14:43:16.907+0000][6925][safepoint   ] Safepoint "G1Concurrent", Time since last: 68672169 ns, Reaching safepoint: 138585864 ns, At safepoint: 3588044 ns, Total: 142173908 ns
[2021-04-04T14:43:16.907+0000][6925][gc,marking  ] GC(10) Concurrent Rebuild Remembered Sets
[2021-04-04T14:43:16.907+0000][6925][gc,marking  ] GC(10) Concurrent Rebuild Remembered Sets 0.590ms
[2021-04-04T14:43:16.914+0000][6925][gc,start    ] GC(10) Pause Cleanup
[2021-04-04T14:43:16.914+0000][6925][gc          ] GC(10) Pause Cleanup 72M->72M(3940M) 0.188ms
[2021-04-04T14:43:16.914+0000][6925][gc,cpu      ] GC(10) User=0.00s Sys=0.00s Real=0.00s
[2021-04-04T14:43:16.914+0000][6925][safepoint   ] Safepoint "G1Concurrent", Time since last: 6501116 ns, Reaching safepoint: 600886 ns, At safepoint: 249692 ns, Total: 850578 ns
[2021-04-04T14:43:16.914+0000][6925][gc,marking  ] GC(10) Concurrent Cleanup for Next Mark
[2021-04-04T14:43:16.920+0000][6925][gc,marking  ] GC(10) Concurrent Cleanup for Next Mark 5.878ms
[2021-04-04T14:43:16.920+0000][6925][gc          ] GC(10) Concurrent Cycle 224.314ms
[2021-04-04T14:43:17.914+0000][6925][safepoint   ] Safepoint "Cleanup", Time since last: 1000171934 ns, Reaching safepoint: 133670 ns, At safepoint: 8634 ns, Total: 142304 ns
[2021-04-04T14:43:19.174+0000][6925][gc,start    ] GC(11) Pause Young (Normal) (G1 Evacuation Pause)
[2021-04-04T14:43:19.174+0000][6925][gc,task     ] GC(11) Using 4 workers of 4 for evacuation
[2021-04-04T14:43:19.174+0000][6925][gc,age      ] GC(11) Desired survivor size 14680064 bytes, new threshold 2 (max threshold 15)
[2021-04-04T14:43:19.248+0000][6925][gc,age      ] GC(11) Age table with threshold 2 (max threshold 15)
[2021-04-04T14:43:19.248+0000][6925][gc,age      ] GC(11) - age   1:    4461008 bytes,    4461008 total
[2021-04-04T14:43:19.248+0000][6925][gc,age      ] GC(11) - age   2:    8658184 bytes,   13119192 total
[2021-04-04T14:43:19.248+0000][6925][gc,phases   ] GC(11)   Pre Evacuate Collection Set: 0.1ms
[2021-04-04T14:43:19.248+0000][6925][gc,phases   ] GC(11)   Merge Heap Roots: 0.0ms
[2021-04-04T14:43:19.248+0000][6925][gc,phases   ] GC(11)   Evacuate Collection Set: 71.9ms
[2021-04-04T14:43:19.248+0000][6925][gc,phases   ] GC(11)   Post Evacuate Collection Set: 1.4ms
[2021-04-04T14:43:19.248+0000][6925][gc,phases   ] GC(11)   Other: 0.2ms
[2021-04-04T14:43:19.248+0000][6925][gc,heap     ] GC(11) Eden regions: 32->0(270)
[2021-04-04T14:43:19.248+0000][6925][gc,heap     ] GC(11) Survivor regions: 17->4(7)
[2021-04-04T14:43:19.248+0000][6925][gc,heap     ] GC(11) Old regions: 0->14
[2021-04-04T14:43:19.248+0000][6925][gc,heap     ] GC(11) Archive regions: 2->2
[2021-04-04T14:43:19.248+0000][6925][gc,heap     ] GC(11) Humongous regions: 0->0
[2021-04-04T14:43:19.248+0000][6925][gc,metaspace] GC(11) Metaspace: 61740K(65488K)->61740K(65488K) NonClass: 53591K(56400K)->53591K(56400K) Class: 8149K(9088K)->8149K(9088K)
[2021-04-04T14:43:19.248+0000][6925][gc          ] GC(11) Pause Young (Normal) (G1 Evacuation Pause) 197M->75M(3940M) 73.787ms
[2021-04-04T14:43:19.248+0000][6925][gc,cpu      ] GC(11) User=0.29s Sys=0.00s Real=0.08s
[2021-04-04T14:43:19.248+0000][6925][safepoint   ] Safepoint "G1CollectForAllocation", Time since last: 1258726051 ns, Reaching safepoint: 776361 ns, At safepoint: 73861338 ns, Total: 74637699 ns
[2021-04-04T14:43:20.248+0000][6925][safepoint   ] Safepoint "Cleanup", Time since last: 1000104056 ns, Reaching safepoint: 317512 ns, At safepoint: 9056 ns, Total: 326568 ns
[2021-04-04T14:43:21.125+0000][6925][safepoint   ] Safepoint "ICBufferFull", Time since last: 876901982 ns, Reaching safepoint: 177830 ns, At safepoint: 8490 ns, Total: 186320 ns
[2021-04-04T14:43:22.164+0000][6925][safepoint   ] Safepoint "Cleanup", Time since last: 1038286249 ns, Reaching safepoint: 126023 ns, At safepoint: 6125 ns, Total: 132148 ns
[2021-04-04T14:43:22.678+0000][6925][safepoint   ] Safepoint "ICBufferFull", Time since last: 514078382 ns, Reaching safepoint: 140425 ns, At safepoint: 8161 ns, Total: 148586 ns
[2021-04-04T14:43:23.493+0000][6925][safepoint   ] Safepoint "ICBufferFull", Time since last: 814647985 ns, Reaching safepoint: 191765 ns, At safepoint: 6846 ns, Total: 198611 ns
[2021-04-04T14:43:24.493+0000][6925][safepoint   ] Safepoint "Cleanup", Time since last: 1000271471 ns, Reaching safepoint: 136608 ns, At safepoint: 6460 ns, Total: 143068 ns
[2021-04-04T14:43:25.275+0000][6925][safepoint   ] Safepoint "ICBufferFull", Time since last: 781081910 ns, Reaching safepoint: 247039 ns, At safepoint: 13503 ns, Total: 260542 ns
[2021-04-04T14:43:25.407+0000][6925][safepoint   ] Safepoint "ICBufferFull", Time since last: 132210865 ns, Reaching safepoint: 171299 ns, At safepoint: 7145 ns, Total: 178444 ns
[2021-04-04T14:43:26.407+0000][6925][safepoint   ] Safepoint "Cleanup", Time since last: 1000122896 ns, Reaching safepoint: 137509 ns, At safepoint: 9617 ns, Total: 147126 ns
[2021-04-04T14:43:27.409+0000][6925][safepoint   ] Safepoint "Cleanup", Time since last: 1002066201 ns, Reaching safepoint: 176888 ns, At safepoint: 8001 ns, Total: 184889 ns
[2021-04-04T14:43:28.410+0000][6925][safepoint   ] Safepoint "Cleanup", Time since last: 1000309178 ns, Reaching safepoint: 431315 ns, At safepoint: 19145 ns, Total: 450460 ns
[2021-04-04T14:43:29.411+0000][6925][safepoint   ] Safepoint "Cleanup", Time since last: 1000244088 ns, Reaching safepoint: 452636 ns, At safepoint: 26051 ns, Total: 478687 ns
[2021-04-04T14:43:30.411+0000][6925][safepoint   ] Safepoint "Cleanup", Time since last: 1000171495 ns, Reaching safepoint: 197778 ns, At safepoint: 12695 ns, Total: 210473 ns
[2021-04-04T14:43:31.412+0000][6925][safepoint   ] Safepoint "Cleanup", Time since last: 1000380440 ns, Reaching safepoint: 201209 ns, At safepoint: 12702 ns, Total: 213911 ns
[2021-04-04T14:43:32.413+0000][6925][safepoint   ] Safepoint "Cleanup", Time since last: 1000362462 ns, Reaching safepoint: 242145 ns, At safepoint: 18463 ns, Total: 260608 ns
[2021-04-04T14:43:36.413+0000][6925][safepoint   ] Safepoint "Cleanup", Time since last: 4000734364 ns, Reaching safepoint: 193637 ns, At safepoint: 19375 ns, Total: 213012 ns
[2021-04-04T14:43:37.414+0000][6925][safepoint   ] Safepoint "Cleanup", Time since last: 1000222388 ns, Reaching safepoint: 268010 ns, At safepoint: 17777 ns, Total: 285787 ns
[2021-04-04T14:43:39.415+0000][6925][safepoint   ] Safepoint "Cleanup", Time since last: 2000382639 ns, Reaching safepoint: 207744 ns, At safepoint: 16865 ns, Total: 224609 ns
[2021-04-04T14:43:40.415+0000][6925][safepoint   ] Safepoint "Cleanup", Time since last: 1000241579 ns, Reaching safepoint: 185954 ns, At safepoint: 18403 ns, Total: 204357 ns
[2021-04-04T14:43:41.415+0000][6925][safepoint   ] Safepoint "Cleanup", Time since last: 1000209436 ns, Reaching safepoint: 216254 ns, At safepoint: 22643 ns, Total: 238897 ns
[2021-04-04T14:43:42.416+0000][6925][safepoint   ] Safepoint "Cleanup", Time since last: 1000214260 ns, Reaching safepoint: 321891 ns, At safepoint: 21405 ns, Total: 343296 ns
[2021-04-04T14:43:43.416+0000][6925][safepoint   ] Safepoint "Cleanup", Time since last: 1000193298 ns, Reaching safepoint: 152108 ns, At safepoint: 10972 ns, Total: 163080 ns
[2021-04-04T14:43:44.417+0000][6925][safepoint   ] Safepoint "Cleanup", Time since last: 1000142940 ns, Reaching safepoint: 243678 ns, At safepoint: 16198 ns, Total: 259876 ns
[2021-04-04T14:43:47.418+0000][6925][safepoint   ] Safepoint "Cleanup", Time since last: 3000482285 ns, Reaching safepoint: 259546 ns, At safepoint: 24186 ns, Total: 283732 ns
[2021-04-04T14:43:49.418+0000][6925][safepoint   ] Safepoint "Cleanup", Time since last: 2000459359 ns, Reaching safepoint: 191336 ns, At safepoint: 16173 ns, Total: 207509 ns
[2021-04-04T14:43:50.419+0000][6925][safepoint   ] Safepoint "Cleanup", Time since last: 1000191141 ns, Reaching safepoint: 222142 ns, At safepoint: 23238 ns, Total: 245380 ns
[2021-04-04T14:43:51.419+0000][6925][safepoint   ] Safepoint "Cleanup", Time since last: 1000248747 ns, Reaching safepoint: 252529 ns, At safepoint: 21651 ns, Total: 274180 ns
[2021-04-04T14:43:52.420+0000][6925][safepoint   ] Safepoint "Cleanup", Time since last: 1000239214 ns, Reaching safepoint: 165169 ns, At safepoint: 11667 ns, Total: 176836 ns
[2021-04-04T14:43:53.420+0000][6925][safepoint   ] Safepoint "Cleanup", Time since last: 1000229444 ns, Reaching safepoint: 241558 ns, At safepoint: 15051 ns, Total: 256609 ns
[2021-04-04T14:43:54.421+0000][6925][safepoint   ] Safepoint "Cleanup", Time since last: 1000239849 ns, Reaching safepoint: 240906 ns, At safepoint: 13983 ns, Total: 254889 ns
[2021-04-04T14:43:55.421+0000][6925][safepoint   ] Safepoint "Cleanup", Time since last: 1000182710 ns, Reaching safepoint: 150380 ns, At safepoint: 7348 ns, Total: 157728 ns
[2021-04-04T14:43:56.422+0000][6925][safepoint   ] Safepoint "Cleanup", Time since last: 1000394900 ns, Reaching safepoint: 228087 ns, At safepoint: 25033 ns, Total: 253120 ns
[2021-04-04T14:43:57.422+0000][6925][safepoint   ] Safepoint "Cleanup", Time since last: 1000549256 ns, Reaching safepoint: 305949 ns, At safepoint: 18709 ns, Total: 324658 ns
[2021-04-04T14:43:58.423+0000][6925][safepoint   ] Safepoint "Cleanup", Time since last: 1000188942 ns, Reaching safepoint: 245186 ns, At safepoint: 20834 ns, Total: 266020 ns
[2021-04-04T14:43:59.423+0000][6925][safepoint   ] Safepoint "Cleanup", Time since last: 1000220048 ns, Reaching safepoint: 215807 ns, At safepoint: 13564 ns, Total: 229371 ns
[2021-04-04T14:44:03.425+0000][6925][safepoint   ] Safepoint "Cleanup", Time since last: 4001324310 ns, Reaching safepoint: 148346 ns, At safepoint: 11908 ns, Total: 160254 ns
[2021-04-04T14:44:09.426+0000][6925][safepoint   ] Safepoint "Cleanup", Time since last: 6000661138 ns, Reaching safepoint: 101768 ns, At safepoint: 6544 ns, Total: 108312 ns
[2021-04-04T14:44:12.428+0000][6925][safepoint   ] Safepoint "Cleanup", Time since last: 3001919101 ns, Reaching safepoint: 99239 ns, At safepoint: 9482 ns, Total: 108721 ns
[2021-04-04T14:44:16.428+0000][6925][safepoint   ] Safepoint "Cleanup", Time since last: 4000358803 ns, Reaching safepoint: 87945 ns, At safepoint: 8774 ns, Total: 96719 ns
[2021-04-04T14:44:17.428+0000][6925][safepoint   ] Safepoint "Cleanup", Time since last: 1000120284 ns, Reaching safepoint: 120024 ns, At safepoint: 10991 ns, Total: 131015 ns
[2021-04-04T14:44:19.429+0000][6925][safepoint   ] Safepoint "Cleanup", Time since last: 2000219915 ns, Reaching safepoint: 119713 ns, At safepoint: 7872 ns, Total: 127585 ns
[2021-04-04T14:44:24.429+0000][6925][safepoint   ] Safepoint "Cleanup", Time since last: 5000597113 ns, Reaching safepoint: 87181 ns, At safepoint: 6002 ns, Total: 93183 ns
[2021-04-04T14:44:25.430+0000][6925][safepoint   ] Safepoint "Cleanup", Time since last: 1000145856 ns, Reaching safepoint: 166813 ns, At safepoint: 15271 ns, Total: 182084 ns
[2021-04-04T14:44:26.430+0000][6925][safepoint   ] Safepoint "Cleanup", Time since last: 1000365321 ns, Reaching safepoint: 85631 ns, At safepoint: 7583 ns, Total: 93214 ns
[2021-04-04T14:44:29.431+0000][6925][safepoint   ] Safepoint "Cleanup", Time since last: 3000429321 ns, Reaching safepoint: 91087 ns, At safepoint: 5892 ns, Total: 96979 ns
[2021-04-04T14:44:31.431+0000][6925][safepoint   ] Safepoint "Cleanup", Time since last: 2000307813 ns, Reaching safepoint: 93645 ns, At safepoint: 6995 ns, Total: 100640 ns
[2021-04-04T14:44:41.432+0000][6925][safepoint   ] Safepoint "Cleanup", Time since last: 10001184872 ns, Reaching safepoint: 135417 ns, At safepoint: 12731 ns, Total: 148148 ns
[2021-04-04T14:44:54.434+0000][6925][safepoint   ] Safepoint "Cleanup", Time since last: 13001410991 ns, Reaching safepoint: 89066 ns, At safepoint: 6315 ns, Total: 95381 ns
[2021-04-04T14:44:55.434+0000][6925][safepoint   ] Safepoint "Cleanup", Time since last: 1000132445 ns, Reaching safepoint: 93740 ns, At safepoint: 4697 ns, Total: 98437 ns
[2021-04-04T14:44:56.434+0000][6925][safepoint   ] Safepoint "Cleanup", Time since last: 1000125558 ns, Reaching safepoint: 102209 ns, At safepoint: 7230 ns, Total: 109439 ns
[2021-04-04T14:44:58.606+0000][6925][gc,start    ] GC(12) Pause Young (Concurrent Start) (Metadata GC Threshold)
[2021-04-04T14:44:58.606+0000][6925][gc,task     ] GC(12) Using 4 workers of 4 for evacuation
[2021-04-04T14:44:58.606+0000][6925][gc,age      ] GC(12) Desired survivor size 71303168 bytes, new threshold 15 (max threshold 15)
[2021-04-04T14:44:58.645+0000][6925][gc,age      ] GC(12) Age table with threshold 15 (max threshold 15)
[2021-04-04T14:44:58.645+0000][6925][gc,age      ] GC(12) - age   1:   18622320 bytes,   18622320 total
[2021-04-04T14:44:58.645+0000][6925][gc,age      ] GC(12) - age   2:    4282272 bytes,   22904592 total
[2021-04-04T14:44:58.645+0000][6925][gc,age      ] GC(12) - age   3:    8369376 bytes,   31273968 total
[2021-04-04T14:44:58.645+0000][6925][gc,phases   ] GC(12)   Pre Evacuate Collection Set: 0.2ms
[2021-04-04T14:44:58.645+0000][6925][gc,phases   ] GC(12)   Merge Heap Roots: 0.1ms
[2021-04-04T14:44:58.645+0000][6925][gc,phases   ] GC(12)   Evacuate Collection Set: 36.1ms
[2021-04-04T14:44:58.645+0000][6925][gc,phases   ] GC(12)   Post Evacuate Collection Set: 1.7ms
[2021-04-04T14:44:58.645+0000][6925][gc,phases   ] GC(12)   Other: 0.3ms
[2021-04-04T14:44:58.645+0000][6925][gc,heap     ] GC(12) Eden regions: 133->0(232)
[2021-04-04T14:44:58.645+0000][6925][gc,heap     ] GC(12) Survivor regions: 4->8(34)
[2021-04-04T14:44:58.645+0000][6925][gc,heap     ] GC(12) Old regions: 14->14
[2021-04-04T14:44:58.645+0000][6925][gc,heap     ] GC(12) Archive regions: 2->2
[2021-04-04T14:44:58.645+0000][6925][gc,heap     ] GC(12) Humongous regions: 2->2
[2021-04-04T14:44:58.645+0000][6925][gc,metaspace] GC(12) Metaspace: 96847K(101200K)->96847K(101200K) NonClass: 83724K(86864K)->83724K(86864K) Class: 13122K(14336K)->13122K(14336K)
[2021-04-04T14:44:58.645+0000][6925][gc          ] GC(12) Pause Young (Concurrent Start) (Metadata GC Threshold) 615M->99M(3940M) 38.521ms
[2021-04-04T14:44:58.645+0000][6925][gc,cpu      ] GC(12) User=0.14s Sys=0.00s Real=0.04s
[2021-04-04T14:44:58.645+0000][6925][gc          ] GC(13) Concurrent Cycle
[2021-04-04T14:44:58.645+0000][6925][gc,marking  ] GC(13) Concurrent Clear Claimed Marks
[2021-04-04T14:44:58.645+0000][6925][safepoint   ] Safepoint "CollectForMetadataAllocation", Time since last: 2171879809 ns, Reaching safepoint: 88078 ns, At safepoint: 38697096 ns, Total: 38785174 ns
[2021-04-04T14:44:58.645+0000][6925][gc,marking  ] GC(13) Concurrent Clear Claimed Marks 0.068ms
[2021-04-04T14:44:58.645+0000][6925][gc,marking  ] GC(13) Concurrent Scan Root Regions
[2021-04-04T14:44:58.670+0000][6925][safepoint   ] Safepoint "CollectForMetadataAllocation", Time since last: 25089616 ns, Reaching safepoint: 98442 ns, At safepoint: 176875 ns, Total: 275317 ns
[2021-04-04T14:44:58.681+0000][6925][gc,marking  ] GC(13) Concurrent Scan Root Regions 35.518ms
[2021-04-04T14:44:58.681+0000][6925][gc,marking  ] GC(13) Concurrent Mark (122.604s)
[2021-04-04T14:44:58.681+0000][6925][gc,marking  ] GC(13) Concurrent Mark From Roots
[2021-04-04T14:44:58.681+0000][6925][gc,task     ] GC(13) Using 1 workers of 1 for marking
[2021-04-04T14:44:58.707+0000][6925][safepoint   ] Safepoint "CollectForMetadataAllocation", Time since last: 36697424 ns, Reaching safepoint: 98868 ns, At safepoint: 146095 ns, Total: 244963 ns
[2021-04-04T14:44:58.748+0000][6925][safepoint   ] Safepoint "CollectForMetadataAllocation", Time since last: 40380892 ns, Reaching safepoint: 190459 ns, At safepoint: 110325 ns, Total: 300784 ns
[2021-04-04T14:44:58.796+0000][6925][safepoint   ] Safepoint "CollectForMetadataAllocation", Time since last: 47730264 ns, Reaching safepoint: 153364 ns, At safepoint: 167045 ns, Total: 320409 ns
[2021-04-04T14:44:58.839+0000][6925][gc,marking  ] GC(13) Concurrent Mark From Roots 158.725ms
[2021-04-04T14:44:58.839+0000][6925][gc,marking  ] GC(13) Concurrent Preclean
[2021-04-04T14:44:58.840+0000][6925][gc,marking  ] GC(13) Concurrent Preclean 0.376ms
[2021-04-04T14:44:58.840+0000][6925][gc,marking  ] GC(13) Concurrent Mark (122.604s, 122.763s) 159.186ms
[2021-04-04T14:44:58.840+0000][6925][gc,start    ] GC(13) Pause Remark
[2021-04-04T14:44:58.851+0000][6925][gc          ] GC(13) Pause Remark 110M->110M(3940M) 10.937ms
[2021-04-04T14:44:58.851+0000][6925][gc,cpu      ] GC(13) User=0.03s Sys=0.00s Real=0.01s
[2021-04-04T14:44:58.851+0000][6925][safepoint   ] Safepoint "G1Concurrent", Time since last: 43790496 ns, Reaching safepoint: 118285 ns, At safepoint: 11040803 ns, Total: 11159088 ns
[2021-04-04T14:44:58.851+0000][6925][gc,marking  ] GC(13) Concurrent Rebuild Remembered Sets
[2021-04-04T14:44:58.957+0000][6925][gc,marking  ] GC(13) Concurrent Rebuild Remembered Sets 105.506ms
[2021-04-04T14:44:58.957+0000][6925][gc,start    ] GC(13) Pause Cleanup
[2021-04-04T14:44:58.957+0000][6925][gc          ] GC(13) Pause Cleanup 115M->115M(3940M) 0.164ms
[2021-04-04T14:44:58.957+0000][6925][gc,cpu      ] GC(13) User=0.00s Sys=0.00s Real=0.00s
[2021-04-04T14:44:58.957+0000][6925][safepoint   ] Safepoint "G1Concurrent", Time since last: 105604943 ns, Reaching safepoint: 397311 ns, At safepoint: 260845 ns, Total: 658156 ns
[2021-04-04T14:44:58.960+0000][6925][gc,marking  ] GC(13) Concurrent Cleanup for Next Mark
[2021-04-04T14:44:58.966+0000][6925][gc,marking  ] GC(13) Concurrent Cleanup for Next Mark 6.582ms
[2021-04-04T14:44:58.966+0000][6925][gc          ] GC(13) Concurrent Cycle 321.403ms
[2021-04-04T14:44:59.293+0000][6925][safepoint   ] Safepoint "ICBufferFull", Time since last: 320700630 ns, Reaching safepoint: 15238036 ns, At safepoint: 15260 ns, Total: 15253296 ns
[2021-04-04T14:44:59.587+0000][6925][safepoint   ] Safepoint "ICBufferFull", Time since last: 293840308 ns, Reaching safepoint: 187556 ns, At safepoint: 10969 ns, Total: 198525 ns
[2021-04-04T14:45:00.588+0000][6925][safepoint   ] Safepoint "Cleanup", Time since last: 1000227218 ns, Reaching safepoint: 205101 ns, At safepoint: 8112 ns, Total: 213213 ns
[2021-04-04T14:45:01.588+0000][6925][safepoint   ] Safepoint "Cleanup", Time since last: 1000256929 ns, Reaching safepoint: 96816 ns, At safepoint: 6616 ns, Total: 103432 ns
[2021-04-04T14:45:02.588+0000][6925][safepoint   ] Safepoint "Cleanup", Time since last: 1000106047 ns, Reaching safepoint: 137496 ns, At safepoint: 7204 ns, Total: 144700 ns
[2021-04-04T14:45:04.109+0000][6925][safepoint   ] Safepoint "Cleanup", Time since last: 1520186520 ns, Reaching safepoint: 498557 ns, At safepoint: 24287 ns, Total: 522844 ns
[2021-04-04T14:45:05.131+0000][6925][safepoint   ] Safepoint "Cleanup", Time since last: 1022061987 ns, Reaching safepoint: 110531 ns, At safepoint: 7776 ns, Total: 118307 ns
[2021-04-04T14:45:06.125+0000][6925][safepoint   ] Safepoint "ICBufferFull", Time since last: 993564532 ns, Reaching safepoint: 228135 ns, At safepoint: 10365 ns, Total: 238500 ns
[2021-04-04T14:45:06.593+0000][6925][safepoint   ] Safepoint "ICBufferFull", Time since last: 467410595 ns, Reaching safepoint: 192767 ns, At safepoint: 13535 ns, Total: 206302 ns
[2021-04-04T14:45:07.593+0000][6925][safepoint   ] Safepoint "Cleanup", Time since last: 1000285484 ns, Reaching safepoint: 172460 ns, At safepoint: 5733 ns, Total: 178193 ns
[2021-04-04T14:45:08.594+0000][6925][safepoint   ] Safepoint "Cleanup", Time since last: 1000218187 ns, Reaching safepoint: 137625 ns, At safepoint: 6593 ns, Total: 144218 ns
[2021-04-04T14:45:09.594+0000][6925][safepoint   ] Safepoint "Cleanup", Time since last: 1000225240 ns, Reaching safepoint: 157648 ns, At safepoint: 10856 ns, Total: 168504 ns
[2021-04-04T14:45:10.594+0000][6925][safepoint   ] Safepoint "Cleanup", Time since last: 1000147378 ns, Reaching safepoint: 156977 ns, At safepoint: 10395 ns, Total: 167372 ns
[2021-04-04T14:45:11.595+0000][6925][safepoint   ] Safepoint "Cleanup", Time since last: 1000132000 ns, Reaching safepoint: 149990 ns, At safepoint: 11058 ns, Total: 161048 ns
[2021-04-04T14:45:12.595+0000][6925][safepoint   ] Safepoint "Cleanup", Time since last: 1000227160 ns, Reaching safepoint: 267399 ns, At safepoint: 19971 ns, Total: 287370 ns
[2021-04-04T14:45:13.596+0000][6925][safepoint   ] Safepoint "Cleanup", Time since last: 1000262164 ns, Reaching safepoint: 237494 ns, At safepoint: 20463 ns, Total: 257957 ns
[2021-04-04T14:45:14.596+0000][6925][safepoint   ] Safepoint "Cleanup", Time since last: 1000163725 ns, Reaching safepoint: 123261 ns, At safepoint: 9576 ns, Total: 132837 ns
[2021-04-04T14:45:15.597+0000][6925][safepoint   ] Safepoint "Cleanup", Time since last: 1000210992 ns, Reaching safepoint: 441049 ns, At safepoint: 26441 ns, Total: 467490 ns
[2021-04-04T14:45:18.597+0000][6925][safepoint   ] Safepoint "Cleanup", Time since last: 3000426344 ns, Reaching safepoint: 442301 ns, At safepoint: 47085 ns, Total: 489386 ns
[2021-04-04T14:45:19.598+0000][6925][safepoint   ] Safepoint "Cleanup", Time since last: 1000206210 ns, Reaching safepoint: 505319 ns, At safepoint: 25243 ns, Total: 530562 ns
[2021-04-04T14:45:20.599+0000][6925][safepoint   ] Safepoint "Cleanup", Time since last: 1000447320 ns, Reaching safepoint: 259375 ns, At safepoint: 21636 ns, Total: 281011 ns
[2021-04-04T14:45:21.599+0000][6925][safepoint   ] Safepoint "Cleanup", Time since last: 1000256179 ns, Reaching safepoint: 276294 ns, At safepoint: 24492 ns, Total: 300786 ns
[2021-04-04T14:45:22.600+0000][6925][safepoint   ] Safepoint "Cleanup", Time since last: 1000222816 ns, Reaching safepoint: 231911 ns, At safepoint: 19099 ns, Total: 251010 ns
[2021-04-04T14:45:23.601+0000][6925][safepoint   ] Safepoint "Cleanup", Time since last: 1000270583 ns, Reaching safepoint: 269684 ns, At safepoint: 25009 ns, Total: 294693 ns
[2021-04-04T14:45:24.601+0000][6925][safepoint   ] Safepoint "Cleanup", Time since last: 1000235958 ns, Reaching safepoint: 282373 ns, At safepoint: 22137 ns, Total: 304510 ns
[2021-04-04T14:45:25.602+0000][6925][safepoint   ] Safepoint "Cleanup", Time since last: 1000216730 ns, Reaching safepoint: 244732 ns, At safepoint: 18002 ns, Total: 262734 ns
[2021-04-04T14:45:26.602+0000][6925][safepoint   ] Safepoint "Cleanup", Time since last: 1000440374 ns, Reaching safepoint: 210892 ns, At safepoint: 16924 ns, Total: 227816 ns
[2021-04-04T14:45:27.603+0000][6925][safepoint   ] Safepoint "Cleanup", Time since last: 1000248218 ns, Reaching safepoint: 215899 ns, At safepoint: 19661 ns, Total: 235560 ns
[2021-04-04T14:45:28.603+0000][6925][safepoint   ] Safepoint "Cleanup", Time since last: 1000158944 ns, Reaching safepoint: 133084 ns, At safepoint: 6802 ns, Total: 139886 ns
[2021-04-04T14:45:29.603+0000][6925][safepoint   ] Safepoint "Cleanup", Time since last: 1000115927 ns, Reaching safepoint: 122035 ns, At safepoint: 4307 ns, Total: 126342 ns
[2021-04-04T14:45:30.604+0000][6925][safepoint   ] Safepoint "Cleanup", Time since last: 1000335565 ns, Reaching safepoint: 451804 ns, At safepoint: 24337 ns, Total: 476141 ns
[2021-04-04T14:45:31.605+0000][6925][safepoint   ] Safepoint "Cleanup", Time since last: 1000266930 ns, Reaching safepoint: 321139 ns, At safepoint: 23861 ns, Total: 345000 ns
[2021-04-04T14:45:32.605+0000][6925][safepoint   ] Safepoint "Cleanup", Time since last: 1000258937 ns, Reaching safepoint: 210441 ns, At safepoint: 18704 ns, Total: 229145 ns
[2021-04-04T14:45:33.606+0000][6925][safepoint   ] Safepoint "Cleanup", Time since last: 1000249447 ns, Reaching safepoint: 294151 ns, At safepoint: 18959 ns, Total: 313110 ns
[2021-04-04T14:45:34.606+0000][6925][safepoint   ] Safepoint "Cleanup", Time since last: 1000258476 ns, Reaching safepoint: 215533 ns, At safepoint: 20904 ns, Total: 236437 ns
[2021-04-04T14:45:36.607+0000][6925][safepoint   ] Safepoint "Cleanup", Time since last: 2000340229 ns, Reaching safepoint: 226247 ns, At safepoint: 17536 ns, Total: 243783 ns
[2021-04-04T14:45:38.607+0000][6925][safepoint   ] Safepoint "Cleanup", Time since last: 2000429345 ns, Reaching safepoint: 259009 ns, At safepoint: 25545 ns, Total: 284554 ns
[2021-04-04T14:45:39.608+0000][6925][safepoint   ] Safepoint "Cleanup", Time since last: 1000230069 ns, Reaching safepoint: 277226 ns, At safepoint: 24938 ns, Total: 302164 ns
[2021-04-04T14:45:40.609+0000][6925][safepoint   ] Safepoint "Cleanup", Time since last: 1000230176 ns, Reaching safepoint: 238577 ns, At safepoint: 21109 ns, Total: 259686 ns
[2021-04-04T14:45:42.609+0000][6925][safepoint   ] Safepoint "Cleanup", Time since last: 2000429330 ns, Reaching safepoint: 405511 ns, At safepoint: 26056 ns, Total: 431567 ns
[2021-04-04T14:45:43.610+0000][6925][safepoint   ] Safepoint "Cleanup", Time since last: 1000254533 ns, Reaching safepoint: 264948 ns, At safepoint: 19525 ns, Total: 284473 ns
[2021-04-04T14:45:44.610+0000][6925][safepoint   ] Safepoint "Cleanup", Time since last: 1000264127 ns, Reaching safepoint: 219362 ns, At safepoint: 17230 ns, Total: 236592 ns
[2021-04-04T14:45:45.611+0000][6925][safepoint   ] Safepoint "Cleanup", Time since last: 1000229559 ns, Reaching safepoint: 225255 ns, At safepoint: 16784 ns, Total: 242039 ns
[2021-04-04T14:45:48.612+0000][6925][safepoint   ] Safepoint "Cleanup", Time since last: 3000658528 ns, Reaching safepoint: 233164 ns, At safepoint: 22823 ns, Total: 255987 ns
[2021-04-04T14:45:50.612+0000][6925][safepoint   ] Safepoint "Cleanup", Time since last: 2000445782 ns, Reaching safepoint: 212837 ns, At safepoint: 16924 ns, Total: 229761 ns
[2021-04-04T14:45:51.613+0000][6925][safepoint   ] Safepoint "Cleanup", Time since last: 1000235498 ns, Reaching safepoint: 213994 ns, At safepoint: 17010 ns, Total: 231004 ns
[2021-04-04T14:45:53.614+0000][6925][safepoint   ] Safepoint "Cleanup", Time since last: 2000435278 ns, Reaching safepoint: 221612 ns, At safepoint: 15942 ns, Total: 237554 ns
[2021-04-04T14:45:54.914+0000][6925][safepoint   ] Safepoint "Cleanup", Time since last: 1299576689 ns, Reaching safepoint: 484580 ns, At safepoint: 19160 ns, Total: 503740 ns
[2021-04-04T14:45:57.342+0000][6925][safepoint   ] Safepoint "Cleanup", Time since last: 2427808016 ns, Reaching safepoint: 286363 ns, At safepoint: 21079 ns, Total: 307442 ns
[2021-04-04T14:45:59.342+0000][6925][safepoint   ] Safepoint "Cleanup", Time since last: 2000344427 ns, Reaching safepoint: 269243 ns, At safepoint: 20272 ns, Total: 289515 ns
[2021-04-04T14:46:00.343+0000][6925][safepoint   ] Safepoint "Cleanup", Time since last: 1000461026 ns, Reaching safepoint: 124196 ns, At safepoint: 8412 ns, Total: 132608 ns
[2021-04-04T14:46:03.344+0000][6925][safepoint   ] Safepoint "Cleanup", Time since last: 3000597396 ns, Reaching safepoint: 367262 ns, At safepoint: 24161 ns, Total: 391423 ns
[2021-04-04T14:46:04.345+0000][6925][safepoint   ] Safepoint "Cleanup", Time since last: 1000205938 ns, Reaching safepoint: 265299 ns, At safepoint: 21064 ns, Total: 286363 ns
[2021-04-04T14:46:06.345+0000][6925][safepoint   ] Safepoint "Cleanup", Time since last: 2000420390 ns, Reaching safepoint: 378513 ns, At safepoint: 28341 ns, Total: 406854 ns
[2021-04-04T14:46:07.346+0000][6925][safepoint   ] Safepoint "Cleanup", Time since last: 1000229373 ns, Reaching safepoint: 263860 ns, At safepoint: 21325 ns, Total: 285185 ns
[2021-04-04T14:46:08.346+0000][6925][safepoint   ] Safepoint "Cleanup", Time since last: 1000221181 ns, Reaching safepoint: 264822 ns, At safepoint: 22398 ns, Total: 287220 ns
[2021-04-04T14:46:09.347+0000][6925][safepoint   ] Safepoint "Cleanup", Time since last: 1000224930 ns, Reaching safepoint: 455007 ns, At safepoint: 18954 ns, Total: 473961 ns
[2021-04-04T14:46:10.348+0000][6925][safepoint   ] Safepoint "Cleanup", Time since last: 1000461230 ns, Reaching safepoint: 294923 ns, At safepoint: 26005 ns, Total: 320928 ns
[2021-04-04T14:46:11.348+0000][6925][safepoint   ] Safepoint "Cleanup", Time since last: 1000189461 ns, Reaching safepoint: 304560 ns, At safepoint: 22984 ns, Total: 327544 ns
[2021-04-04T14:46:12.349+0000][6925][safepoint   ] Safepoint "Cleanup", Time since last: 1000188552 ns, Reaching safepoint: 285967 ns, At safepoint: 18859 ns, Total: 304826 ns
[2021-04-04T14:46:13.349+0000][6925][safepoint   ] Safepoint "Cleanup", Time since last: 1000202251 ns, Reaching safepoint: 213859 ns, At safepoint: 17025 ns, Total: 230884 ns
[2021-04-04T14:46:15.350+0000][6925][safepoint   ] Safepoint "Cleanup", Time since last: 2000435881 ns, Reaching safepoint: 238226 ns, At safepoint: 16207 ns, Total: 254433 ns
[2021-04-04T14:46:18.351+0000][6925][safepoint   ] Safepoint "Cleanup", Time since last: 3000656072 ns, Reaching safepoint: 341402 ns, At safepoint: 22908 ns, Total: 364310 ns
[2021-04-04T14:46:19.352+0000][6925][safepoint   ] Safepoint "Cleanup", Time since last: 1000259478 ns, Reaching safepoint: 235896 ns, At safepoint: 23494 ns, Total: 259390 ns
[2021-04-04T14:46:21.352+0000][6925][safepoint   ] Safepoint "Cleanup", Time since last: 2000384389 ns, Reaching safepoint: 280595 ns, At safepoint: 20708 ns, Total: 301303 ns
[2021-04-04T14:46:23.353+0000][6925][safepoint   ] Safepoint "Cleanup", Time since last: 2000380799 ns, Reaching safepoint: 246384 ns, At safepoint: 18278 ns, Total: 264662 ns
[2021-04-04T14:46:24.353+0000][6925][safepoint   ] Safepoint "Cleanup", Time since last: 1000236891 ns, Reaching safepoint: 261760 ns, At safepoint: 22618 ns, Total: 284378 ns
[2021-04-04T14:46:25.354+0000][6925][safepoint   ] Safepoint "Cleanup", Time since last: 1000174945 ns, Reaching safepoint: 304155 ns, At safepoint: 23800 ns, Total: 327955 ns
[2021-04-04T14:46:26.355+0000][6925][safepoint   ] Safepoint "Cleanup", Time since last: 1000573434 ns, Reaching safepoint: 278344 ns, At safepoint: 26517 ns, Total: 304861 ns
[2021-04-04T14:46:27.355+0000][6925][safepoint   ] Safepoint "Cleanup", Time since last: 1000236012 ns, Reaching safepoint: 208597 ns, At safepoint: 17350 ns, Total: 225947 ns
[2021-04-04T14:46:29.356+0000][6925][safepoint   ] Safepoint "Cleanup", Time since last: 2000431596 ns, Reaching safepoint: 227521 ns, At safepoint: 15321 ns, Total: 242842 ns
[2021-04-04T14:46:30.356+0000][6925][safepoint   ] Safepoint "Cleanup", Time since last: 1000175438 ns, Reaching safepoint: 161273 ns, At safepoint: 9459 ns, Total: 170732 ns
[2021-04-04T14:46:31.357+0000][6925][safepoint   ] Safepoint "Cleanup", Time since last: 1000213963 ns, Reaching safepoint: 251872 ns, At safepoint: 19396 ns, Total: 271268 ns
[2021-04-04T14:46:33.357+0000][6925][safepoint   ] Safepoint "Cleanup", Time since last: 2000406483 ns, Reaching safepoint: 160400 ns, At safepoint: 13088 ns, Total: 173488 ns
[2021-04-04T14:46:35.358+0000][6925][safepoint   ] Safepoint "Cleanup", Time since last: 2000419368 ns, Reaching safepoint: 263660 ns, At safepoint: 24257 ns, Total: 287917 ns
[2021-04-04T14:46:36.358+0000][6925][safepoint   ] Safepoint "Cleanup", Time since last: 1000228124 ns, Reaching safepoint: 234141 ns, At safepoint: 22463 ns, Total: 256604 ns
[2021-04-04T14:46:38.359+0000][6925][safepoint   ] Safepoint "Cleanup", Time since last: 2000431482 ns, Reaching safepoint: 252504 ns, At safepoint: 22096 ns, Total: 274600 ns
[2021-04-04T14:46:39.360+0000][6925][safepoint   ] Safepoint "Cleanup", Time since last: 1000262646 ns, Reaching safepoint: 323139 ns, At safepoint: 16859 ns, Total: 339998 ns
[2021-04-04T14:46:42.361+0000][6925][safepoint   ] Safepoint "Cleanup", Time since last: 3000638040 ns, Reaching safepoint: 349936 ns, At safepoint: 24151 ns, Total: 374087 ns
[2021-04-04T14:46:43.361+0000][6925][safepoint   ] Safepoint "Cleanup", Time since last: 1000256418 ns, Reaching safepoint: 271528 ns, At safepoint: 21260 ns, Total: 292788 ns
[2021-04-04T14:46:45.362+0000][6925][safepoint   ] Safepoint "Cleanup", Time since last: 2000463748 ns, Reaching safepoint: 301050 ns, At safepoint: 21358 ns, Total: 322408 ns
[2021-04-04T14:46:48.363+0000][6925][safepoint   ] Safepoint "Cleanup", Time since last: 3000660248 ns, Reaching safepoint: 243989 ns, At safepoint: 15822 ns, Total: 259811 ns
[2021-04-04T14:46:50.364+0000][6925][safepoint   ] Safepoint "Cleanup", Time since last: 2000443806 ns, Reaching safepoint: 259009 ns, At safepoint: 18242 ns, Total: 277251 ns
[2021-04-04T14:46:51.364+0000][6925][safepoint   ] Safepoint "Cleanup", Time since last: 1000248623 ns, Reaching safepoint: 261355 ns, At safepoint: 21415 ns, Total: 282770 ns
[2021-04-04T14:46:52.365+0000][6925][safepoint   ] Safepoint "Cleanup", Time since last: 1000235297 ns, Reaching safepoint: 240556 ns, At safepoint: 23400 ns, Total: 263956 ns
[2021-04-04T14:46:53.365+0000][6925][safepoint   ] Safepoint "Cleanup", Time since last: 1000225094 ns, Reaching safepoint: 230859 ns, At safepoint: 16727 ns, Total: 247586 ns
[2021-04-04T14:46:54.366+0000][6925][safepoint   ] Safepoint "Cleanup", Time since last: 1000243884 ns, Reaching safepoint: 301728 ns, At safepoint: 23570 ns, Total: 325298 ns
[2021-04-04T14:46:55.366+0000][6925][safepoint   ] Safepoint "Cleanup", Time since last: 1000218760 ns, Reaching safepoint: 321936 ns, At safepoint: 21079 ns, Total: 343015 ns
[2021-04-04T14:46:56.367+0000][6925][safepoint   ] Safepoint "Cleanup", Time since last: 1000234934 ns, Reaching safepoint: 232252 ns, At safepoint: 21560 ns, Total: 253812 ns
[2021-04-04T14:46:57.367+0000][6925][safepoint   ] Safepoint "Cleanup", Time since last: 1000234409 ns, Reaching safepoint: 227350 ns, At safepoint: 19817 ns, Total: 247167 ns
[2021-04-04T14:46:59.368+0000][6925][safepoint   ] Safepoint "Cleanup", Time since last: 2000405643 ns, Reaching safepoint: 251647 ns, At safepoint: 16203 ns, Total: 267850 ns
[2021-04-04T14:47:00.368+0000][6925][safepoint   ] Safepoint "Cleanup", Time since last: 1000201569 ns, Reaching safepoint: 158111 ns, At safepoint: 12798 ns, Total: 170909 ns
[2021-04-04T14:47:03.369+0000][6925][safepoint   ] Safepoint "Cleanup", Time since last: 3000502410 ns, Reaching safepoint: 241403 ns, At safepoint: 19792 ns, Total: 261195 ns
[2021-04-04T14:47:05.370+0000][6925][safepoint   ] Safepoint "Cleanup", Time since last: 2000450469 ns, Reaching safepoint: 230092 ns, At safepoint: 19636 ns, Total: 249728 ns
[2021-04-04T14:47:06.371+0000][6925][safepoint   ] Safepoint "Cleanup", Time since last: 1000236603 ns, Reaching safepoint: 378959 ns, At safepoint: 25173 ns, Total: 404132 ns
[2021-04-04T14:47:07.371+0000][6925][safepoint   ] Safepoint "Cleanup", Time since last: 1000182425 ns, Reaching safepoint: 227555 ns, At safepoint: 18704 ns, Total: 246259 ns
[2021-04-04T14:47:08.371+0000][6925][safepoint   ] Safepoint "Cleanup", Time since last: 1000198207 ns, Reaching safepoint: 232062 ns, At safepoint: 16859 ns, Total: 248921 ns
[2021-04-04T14:47:09.372+0000][6925][safepoint   ] Safepoint "Cleanup", Time since last: 1000220765 ns, Reaching safepoint: 280920 ns, At safepoint: 19530 ns, Total: 300450 ns
[2021-04-04T14:47:10.373+0000][6925][safepoint   ] Safepoint "Cleanup", Time since last: 1000268324 ns, Reaching safepoint: 278826 ns, At safepoint: 15546 ns, Total: 294372 ns
[2021-04-04T14:47:12.373+0000][6925][safepoint   ] Safepoint "Cleanup", Time since last: 2000440372 ns, Reaching safepoint: 268938 ns, At safepoint: 18182 ns, Total: 287120 ns
[2021-04-04T14:47:13.374+0000][6925][safepoint   ] Safepoint "Cleanup", Time since last: 1000234158 ns, Reaching safepoint: 172872 ns, At safepoint: 13771 ns, Total: 186643 ns
[2021-04-04T14:47:15.374+0000][6925][safepoint   ] Safepoint "Cleanup", Time since last: 2000400878 ns, Reaching safepoint: 154859 ns, At safepoint: 12298 ns, Total: 167157 ns
[2021-04-04T14:47:18.375+0000][6925][safepoint   ] Safepoint "Cleanup", Time since last: 3000542515 ns, Reaching safepoint: 115415 ns, At safepoint: 7032 ns, Total: 122447 ns
[2021-04-04T14:47:19.375+0000][6925][safepoint   ] Safepoint "Cleanup", Time since last: 1000222278 ns, Reaching safepoint: 318433 ns, At safepoint: 20698 ns, Total: 339131 ns
[2021-04-04T14:47:20.376+0000][6925][safepoint   ] Safepoint "Cleanup", Time since last: 1000187306 ns, Reaching safepoint: 95249 ns, At safepoint: 6131 ns, Total: 101380 ns
[2021-04-04T14:47:21.376+0000][6925][safepoint   ] Safepoint "Cleanup", Time since last: 1000201029 ns, Reaching safepoint: 339758 ns, At safepoint: 21109 ns, Total: 360867 ns
[2021-04-04T14:47:23.377+0000][6925][safepoint   ] Safepoint "Cleanup", Time since last: 2000429585 ns, Reaching safepoint: 193058 ns, At safepoint: 15830 ns, Total: 208888 ns
[2021-04-04T14:47:24.377+0000][6925][safepoint   ] Safepoint "Cleanup", Time since last: 1000200564 ns, Reaching safepoint: 188312 ns, At safepoint: 8788 ns, Total: 197100 ns
[2021-04-04T14:47:25.378+0000][6925][safepoint   ] Safepoint "Cleanup", Time since last: 1000183614 ns, Reaching safepoint: 180047 ns, At safepoint: 17217 ns, Total: 197264 ns
[2021-04-04T14:47:27.379+0000][6925][safepoint   ] Safepoint "Cleanup", Time since last: 2000408364 ns, Reaching safepoint: 353795 ns, At safepoint: 28211 ns, Total: 382006 ns
[2021-04-04T14:47:28.379+0000][6925][safepoint   ] Safepoint "Cleanup", Time since last: 1000221867 ns, Reaching safepoint: 247016 ns, At safepoint: 19220 ns, Total: 266236 ns
[2021-04-04T14:47:29.379+0000][6925][safepoint   ] Safepoint "Cleanup", Time since last: 1000216723 ns, Reaching safepoint: 248334 ns, At safepoint: 19436 ns, Total: 267770 ns
[2021-04-04T14:47:30.380+0000][6925][safepoint   ] Safepoint "Cleanup", Time since last: 1000229065 ns, Reaching safepoint: 412081 ns, At safepoint: 29659 ns, Total: 441740 ns
[2021-04-04T14:47:31.381+0000][6925][safepoint   ] Safepoint "Cleanup", Time since last: 1000459600 ns, Reaching safepoint: 256624 ns, At safepoint: 20728 ns, Total: 277352 ns
[2021-04-04T14:47:33.382+0000][6925][safepoint   ] Safepoint "Cleanup", Time since last: 2000418278 ns, Reaching safepoint: 234743 ns, At safepoint: 20508 ns, Total: 255251 ns
[2021-04-04T14:47:36.382+0000][6925][safepoint   ] Safepoint "Cleanup", Time since last: 3000639943 ns, Reaching safepoint: 217542 ns, At safepoint: 20668 ns, Total: 238210 ns
[2021-04-04T14:47:38.383+0000][6925][safepoint   ] Safepoint "Cleanup", Time since last: 2000326342 ns, Reaching safepoint: 227786 ns, At safepoint: 21420 ns, Total: 249206 ns
[2021-04-04T14:47:40.384+0000][6925][safepoint   ] Safepoint "Cleanup", Time since last: 2000418661 ns, Reaching safepoint: 234868 ns, At safepoint: 22087 ns, Total: 256955 ns
[2021-04-04T14:47:42.384+0000][6925][safepoint   ] Safepoint "Cleanup", Time since last: 2000307343 ns, Reaching safepoint: 349556 ns, At safepoint: 24828 ns, Total: 374384 ns
[2021-04-04T14:47:45.385+0000][6925][safepoint   ] Safepoint "Cleanup", Time since last: 3000563064 ns, Reaching safepoint: 139188 ns, At safepoint: 10386 ns, Total: 149574 ns
[2021-04-04T14:47:48.386+0000][6925][safepoint   ] Safepoint "Cleanup", Time since last: 3000444063 ns, Reaching safepoint: 234668 ns, At safepoint: 23429 ns, Total: 258097 ns
[2021-04-04T14:47:50.386+0000][6925][safepoint   ] Safepoint "Cleanup", Time since last: 2000387663 ns, Reaching safepoint: 307382 ns, At safepoint: 14930 ns, Total: 322312 ns
[2021-04-04T14:47:51.387+0000][6925][safepoint   ] Safepoint "Cleanup", Time since last: 1000178161 ns, Reaching safepoint: 207424 ns, At safepoint: 16262 ns, Total: 223686 ns
[2021-04-04T14:47:53.388+0000][6925][safepoint   ] Safepoint "Cleanup", Time since last: 2000431601 ns, Reaching safepoint: 234682 ns, At safepoint: 17501 ns, Total: 252183 ns
[2021-04-04T14:47:54.388+0000][6925][safepoint   ] Safepoint "Cleanup", Time since last: 1000190218 ns, Reaching safepoint: 377430 ns, At safepoint: 23971 ns, Total: 401401 ns
[2021-04-04T14:47:55.389+0000][6925][safepoint   ] Safepoint "Cleanup", Time since last: 1000256068 ns, Reaching safepoint: 235273 ns, At safepoint: 15331 ns, Total: 250604 ns
[2021-04-04T14:47:56.389+0000][6925][safepoint   ] Safepoint "Cleanup", Time since last: 1000209625 ns, Reaching safepoint: 261761 ns, At safepoint: 18984 ns, Total: 280745 ns
[2021-04-04T14:47:57.390+0000][6925][safepoint   ] Safepoint "Cleanup", Time since last: 1000231519 ns, Reaching safepoint: 233800 ns, At safepoint: 20192 ns, Total: 253992 ns
[2021-04-04T14:47:59.390+0000][6925][safepoint   ] Safepoint "Cleanup", Time since last: 2000350734 ns, Reaching safepoint: 252834 ns, At safepoint: 18002 ns, Total: 270836 ns
[2021-04-04T14:48:00.391+0000][6925][safepoint   ] Safepoint "Cleanup", Time since last: 1000230861 ns, Reaching safepoint: 242045 ns, At safepoint: 18729 ns, Total: 260774 ns
[2021-04-04T14:48:03.392+0000][6925][safepoint   ] Safepoint "Cleanup", Time since last: 3000623149 ns, Reaching safepoint: 306845 ns, At safepoint: 24523 ns, Total: 331368 ns
[2021-04-04T14:48:04.392+0000][6925][safepoint   ] Safepoint "Cleanup", Time since last: 1000280502 ns, Reaching safepoint: 232848 ns, At safepoint: 18192 ns, Total: 251040 ns
[2021-04-04T14:48:06.393+0000][6925][safepoint   ] Safepoint "Cleanup", Time since last: 2000409396 ns, Reaching safepoint: 322457 ns, At safepoint: 20578 ns, Total: 343035 ns
[2021-04-04T14:48:08.394+0000][6925][safepoint   ] Safepoint "Cleanup", Time since last: 2000360152 ns, Reaching safepoint: 234286 ns, At safepoint: 19280 ns, Total: 253566 ns
[2021-04-04T14:48:09.394+0000][6925][safepoint   ] Safepoint "Cleanup", Time since last: 1000230974 ns, Reaching safepoint: 234252 ns, At safepoint: 17976 ns, Total: 252228 ns
[2021-04-04T14:48:12.395+0000][6925][safepoint   ] Safepoint "Cleanup", Time since last: 3000635130 ns, Reaching safepoint: 229981 ns, At safepoint: 17220 ns, Total: 247201 ns
[2021-04-04T14:48:13.395+0000][6925][safepoint   ] Safepoint "Cleanup", Time since last: 1000236453 ns, Reaching safepoint: 213804 ns, At safepoint: 18162 ns, Total: 231966 ns
[2021-04-04T14:48:15.396+0000][6925][safepoint   ] Safepoint "Cleanup", Time since last: 2000431868 ns, Reaching safepoint: 429462 ns, At safepoint: 17125 ns, Total: 446587 ns
[2021-04-04T14:48:16.397+0000][6925][safepoint   ] Safepoint "Cleanup", Time since last: 1000453697 ns, Reaching safepoint: 309793 ns, At safepoint: 21299 ns, Total: 331092 ns
[2021-04-04T14:48:18.398+0000][6925][safepoint   ] Safepoint "Cleanup", Time since last: 2000367131 ns, Reaching safepoint: 274981 ns, At safepoint: 20268 ns, Total: 295249 ns
[2021-04-04T14:48:20.399+0000][6925][safepoint   ] Safepoint "Cleanup", Time since last: 2000427345 ns, Reaching safepoint: 334235 ns, At safepoint: 26567 ns, Total: 360802 ns
[2021-04-04T14:48:21.399+0000][6925][safepoint   ] Safepoint "Cleanup", Time since last: 1000177276 ns, Reaching safepoint: 265584 ns, At safepoint: 20162 ns, Total: 285746 ns
[2021-04-04T14:48:23.400+0000][6925][safepoint   ] Safepoint "Cleanup", Time since last: 2000436370 ns, Reaching safepoint: 277262 ns, At safepoint: 23816 ns, Total: 301078 ns
[2021-04-04T14:48:24.400+0000][6925][safepoint   ] Safepoint "Cleanup", Time since last: 1000270727 ns, Reaching safepoint: 286573 ns, At safepoint: 20974 ns, Total: 307547 ns
[2021-04-04T14:48:25.401+0000][6925][safepoint   ] Safepoint "Cleanup", Time since last: 1000238791 ns, Reaching safepoint: 275964 ns, At safepoint: 20712 ns, Total: 296676 ns
[2021-04-04T14:48:27.402+0000][6925][safepoint   ] Safepoint "Cleanup", Time since last: 2000424779 ns, Reaching safepoint: 266391 ns, At safepoint: 15617 ns, Total: 282008 ns
[2021-04-04T14:48:28.402+0000][6925][safepoint   ] Safepoint "Cleanup", Time since last: 1000258087 ns, Reaching safepoint: 262597 ns, At safepoint: 21390 ns, Total: 283987 ns
[2021-04-04T14:48:29.848+0000][6925][safepoint   ] Safepoint "Cleanup", Time since last: 1445281487 ns, Reaching safepoint: 167754 ns, At safepoint: 6442 ns, Total: 174196 ns
[2021-04-04T14:48:30.848+0000][6925][safepoint   ] Safepoint "Cleanup", Time since last: 1000265276 ns, Reaching safepoint: 368865 ns, At safepoint: 14742 ns, Total: 383607 ns
[2021-04-04T14:48:31.849+0000][6925][safepoint   ] Safepoint "Cleanup", Time since last: 1000193556 ns, Reaching safepoint: 219036 ns, At safepoint: 14344 ns, Total: 233380 ns
[2021-04-04T14:48:32.849+0000][6925][safepoint   ] Safepoint "Cleanup", Time since last: 1000195251 ns, Reaching safepoint: 108313 ns, At safepoint: 7984 ns, Total: 116297 ns
[2021-04-04T14:48:33.850+0000][6925][safepoint   ] Safepoint "Cleanup", Time since last: 1000211733 ns, Reaching safepoint: 303813 ns, At safepoint: 20824 ns, Total: 324637 ns
[2021-04-04T14:48:34.850+0000][6925][safepoint   ] Safepoint "Cleanup", Time since last: 1000256845 ns, Reaching safepoint: 268667 ns, At safepoint: 21204 ns, Total: 289871 ns
[2021-04-04T14:48:35.851+0000][6925][safepoint   ] Safepoint "Cleanup", Time since last: 1000230173 ns, Reaching safepoint: 313346 ns, At safepoint: 20433 ns, Total: 333779 ns
[2021-04-04T14:48:37.851+0000][6925][safepoint   ] Safepoint "Cleanup", Time since last: 2000446564 ns, Reaching safepoint: 216693 ns, At safepoint: 18078 ns, Total: 234771 ns
[2021-04-04T14:48:38.852+0000][6925][safepoint   ] Safepoint "Cleanup", Time since last: 1000205734 ns, Reaching safepoint: 156905 ns, At safepoint: 11093 ns, Total: 167998 ns
[2021-04-04T14:48:42.852+0000][6925][safepoint   ] Safepoint "Cleanup", Time since last: 4000488665 ns, Reaching safepoint: 167359 ns, At safepoint: 8964 ns, Total: 176323 ns
[2021-04-04T14:48:43.853+0000][6925][safepoint   ] Safepoint "Cleanup", Time since last: 1000114589 ns, Reaching safepoint: 357965 ns, At safepoint: 22758 ns, Total: 380723 ns
[2021-04-04T14:48:44.853+0000][6925][safepoint   ] Safepoint "Cleanup", Time since last: 1000174668 ns, Reaching safepoint: 119141 ns, At safepoint: 8384 ns, Total: 127525 ns
[2021-04-04T14:48:49.750+0000][6925][gc,start    ] GC(14) Pause Young (Concurrent Start) (G1 Evacuation Pause)
[2021-04-04T14:48:49.750+0000][6925][gc,task     ] GC(14) Using 4 workers of 4 for evacuation
[2021-04-04T14:48:49.750+0000][6925][gc,age      ] GC(14) Desired survivor size 73400320 bytes, new threshold 15 (max threshold 15)
[2021-04-04T14:48:49.798+0000][6925][gc,age      ] GC(14) Age table with threshold 15 (max threshold 15)
[2021-04-04T14:48:49.798+0000][6925][gc,age      ] GC(14) - age   1:   15628232 bytes,   15628232 total
[2021-04-04T14:48:49.798+0000][6925][gc,age      ] GC(14) - age   2:   16427208 bytes,   32055440 total
[2021-04-04T14:48:49.798+0000][6925][gc,age      ] GC(14) - age   3:    4277224 bytes,   36332664 total
[2021-04-04T14:48:49.798+0000][6925][gc,age      ] GC(14) - age   4:    8266880 bytes,   44599544 total
[2021-04-04T14:48:49.798+0000][6925][gc,phases   ] GC(14)   Pre Evacuate Collection Set: 0.4ms
[2021-04-04T14:48:49.798+0000][6925][gc,phases   ] GC(14)   Merge Heap Roots: 0.3ms
[2021-04-04T14:48:49.798+0000][6925][gc,phases   ] GC(14)   Evacuate Collection Set: 45.3ms
[2021-04-04T14:48:49.798+0000][6925][gc,phases   ] GC(14)   Post Evacuate Collection Set: 1.8ms
[2021-04-04T14:48:49.798+0000][6925][gc,phases   ] GC(14)   Other: 0.6ms
[2021-04-04T14:48:49.798+0000][6925][gc,heap     ] GC(14) Eden regions: 268->0(245)
[2021-04-04T14:48:49.798+0000][6925][gc,heap     ] GC(14) Survivor regions: 8->12(35)
[2021-04-04T14:48:49.798+0000][6925][gc,heap     ] GC(14) Old regions: 14->14
[2021-04-04T14:48:49.798+0000][6925][gc,heap     ] GC(14) Archive regions: 2->2
[2021-04-04T14:48:49.798+0000][6925][gc,heap     ] GC(14) Humongous regions: 2->2
[2021-04-04T14:48:49.798+0000][6925][gc,metaspace] GC(14) Metaspace: 107895K(112312K)->107895K(112312K) NonClass: 93641K(96696K)->93641K(96696K) Class: 14254K(15616K)->14254K(15616K)
[2021-04-04T14:48:49.798+0000][6925][gc          ] GC(14) Pause Young (Concurrent Start) (G1 Evacuation Pause) 1171M->113M(3940M) 48.410ms
[2021-04-04T14:48:49.798+0000][6925][gc,cpu      ] GC(14) User=0.18s Sys=0.00s Real=0.05s
[2021-04-04T14:48:49.798+0000][6925][safepoint   ] Safepoint "G1CollectForAllocation", Time since last: 4896137056 ns, Reaching safepoint: 248815 ns, At safepoint: 48551944 ns, Total: 48800759 ns
[2021-04-04T14:48:49.798+0000][6925][gc          ] GC(15) Concurrent Cycle
[2021-04-04T14:48:49.798+0000][6925][gc,marking  ] GC(15) Concurrent Clear Claimed Marks
[2021-04-04T14:48:49.798+0000][6925][gc,marking  ] GC(15) Concurrent Clear Claimed Marks 0.094ms
[2021-04-04T14:48:49.798+0000][6925][gc,marking  ] GC(15) Concurrent Scan Root Regions
[2021-04-04T14:48:49.832+0000][6925][gc,marking  ] GC(15) Concurrent Scan Root Regions 33.486ms
[2021-04-04T14:48:49.832+0000][6925][gc,marking  ] GC(15) Concurrent Mark (353.755s)
[2021-04-04T14:48:49.832+0000][6925][gc,marking  ] GC(15) Concurrent Mark From Roots
[2021-04-04T14:48:49.832+0000][6925][gc,task     ] GC(15) Using 1 workers of 1 for marking
[2021-04-04T14:48:49.936+0000][6925][gc,marking  ] GC(15) Concurrent Mark From Roots 104.289ms
[2021-04-04T14:48:49.936+0000][6925][gc,marking  ] GC(15) Concurrent Preclean
[2021-04-04T14:48:49.936+0000][6925][gc,marking  ] GC(15) Concurrent Preclean 0.235ms
[2021-04-04T14:48:49.936+0000][6925][gc,marking  ] GC(15) Concurrent Mark (353.755s, 353.860s) 104.578ms
[2021-04-04T14:48:49.936+0000][6925][gc,start    ] GC(15) Pause Remark
[2021-04-04T14:48:49.945+0000][6925][gc          ] GC(15) Pause Remark 120M->120M(3940M) 8.055ms
[2021-04-04T14:48:49.945+0000][6925][gc,cpu      ] GC(15) User=0.03s Sys=0.00s Real=0.01s
[2021-04-04T14:48:49.945+0000][6925][safepoint   ] Safepoint "G1Concurrent", Time since last: 138305559 ns, Reaching safepoint: 99530 ns, At safepoint: 8143957 ns, Total: 8243487 ns
[2021-04-04T14:48:49.945+0000][6925][gc,marking  ] GC(15) Concurrent Rebuild Remembered Sets
[2021-04-04T14:48:50.014+0000][6925][gc,marking  ] GC(15) Concurrent Rebuild Remembered Sets 69.502ms
[2021-04-04T14:48:50.014+0000][6925][gc,start    ] GC(15) Pause Cleanup
[2021-04-04T14:48:50.015+0000][6925][gc          ] GC(15) Pause Cleanup 120M->120M(3940M) 0.121ms
[2021-04-04T14:48:50.015+0000][6925][gc,cpu      ] GC(15) User=0.00s Sys=0.00s Real=0.00s
[2021-04-04T14:48:50.015+0000][6925][safepoint   ] Safepoint "G1Concurrent", Time since last: 69584467 ns, Reaching safepoint: 209714 ns, At safepoint: 175443 ns, Total: 385157 ns
[2021-04-04T14:48:50.015+0000][6925][gc,marking  ] GC(15) Concurrent Cleanup for Next Mark
[2021-04-04T14:48:50.020+0000][6925][gc,marking  ] GC(15) Concurrent Cleanup for Next Mark 5.468ms
[2021-04-04T14:48:50.020+0000][6925][gc          ] GC(15) Concurrent Cycle 222.060ms
[2021-04-04T14:48:51.015+0000][6925][safepoint   ] Safepoint "Cleanup", Time since last: 1000201798 ns, Reaching safepoint: 325653 ns, At safepoint: 20411 ns, Total: 346064 ns
[2021-04-04T14:48:54.016+0000][6925][safepoint   ] Safepoint "Cleanup", Time since last: 3000506169 ns, Reaching safepoint: 189147 ns, At safepoint: 9096 ns, Total: 198243 ns
[2021-04-04T14:48:55.016+0000][6925][safepoint   ] Safepoint "Cleanup", Time since last: 1000202648 ns, Reaching safepoint: 281396 ns, At safepoint: 24523 ns, Total: 305919 ns
[2021-04-04T14:48:56.017+0000][6925][safepoint   ] Safepoint "Cleanup", Time since last: 1000214478 ns, Reaching safepoint: 300210 ns, At safepoint: 23916 ns, Total: 324126 ns
[2021-04-04T14:48:57.017+0000][6925][safepoint   ] Safepoint "Cleanup", Time since last: 1000253121 ns, Reaching safepoint: 281464 ns, At safepoint: 18038 ns, Total: 299502 ns
[2021-04-04T14:48:58.018+0000][6925][safepoint   ] Safepoint "Cleanup", Time since last: 1000237714 ns, Reaching safepoint: 270341 ns, At safepoint: 19671 ns, Total: 290012 ns
[2021-04-04T14:49:00.019+0000][6925][safepoint   ] Safepoint "Cleanup", Time since last: 2000421857 ns, Reaching safepoint: 213054 ns, At safepoint: 13209 ns, Total: 226263 ns
[2021-04-04T14:49:03.020+0000][6925][safepoint   ] Safepoint "Cleanup", Time since last: 3000600661 ns, Reaching safepoint: 282013 ns, At safepoint: 23184 ns, Total: 305197 ns
[2021-04-04T14:49:04.020+0000][6925][safepoint   ] Safepoint "Cleanup", Time since last: 1000219495 ns, Reaching safepoint: 314118 ns, At safepoint: 22562 ns, Total: 336680 ns
[2021-04-04T14:49:06.021+0000][6925][safepoint   ] Safepoint "Cleanup", Time since last: 2000312327 ns, Reaching safepoint: 163191 ns, At safepoint: 11634 ns, Total: 174825 ns
[2021-04-04T14:49:07.021+0000][6925][safepoint   ] Safepoint "Cleanup", Time since last: 1000220935 ns, Reaching safepoint: 284383 ns, At safepoint: 19305 ns, Total: 303688 ns
[2021-04-04T14:49:08.022+0000][6925][safepoint   ] Safepoint "Cleanup", Time since last: 1000224496 ns, Reaching safepoint: 280499 ns, At safepoint: 21972 ns, Total: 302471 ns
[2021-04-04T14:49:12.023+0000][6925][safepoint   ] Safepoint "Cleanup", Time since last: 4000756478 ns, Reaching safepoint: 304395 ns, At safepoint: 20538 ns, Total: 324933 ns
[2021-04-04T14:49:13.023+0000][6925][safepoint   ] Safepoint "Cleanup", Time since last: 1000245560 ns, Reaching safepoint: 272100 ns, At safepoint: 18668 ns, Total: 290768 ns
[2021-04-04T14:49:14.024+0000][6925][safepoint   ] Safepoint "Cleanup", Time since last: 1000260082 ns, Reaching safepoint: 334495 ns, At safepoint: 18112 ns, Total: 352607 ns
[2021-04-04T14:49:15.024+0000][6925][safepoint   ] Safepoint "Cleanup", Time since last: 1000248861 ns, Reaching safepoint: 243602 ns, At safepoint: 17979 ns, Total: 261581 ns
[2021-04-04T14:49:16.025+0000][6925][safepoint   ] Safepoint "Cleanup", Time since last: 1000244601 ns, Reaching safepoint: 296557 ns, At safepoint: 18303 ns, Total: 314860 ns
[2021-04-04T14:49:18.025+0000][6925][safepoint   ] Safepoint "Cleanup", Time since last: 2000395308 ns, Reaching safepoint: 144078 ns, At safepoint: 7335 ns, Total: 151413 ns
[2021-04-04T14:49:19.026+0000][6925][safepoint   ] Safepoint "Cleanup", Time since last: 1000239659 ns, Reaching safepoint: 273724 ns, At safepoint: 18638 ns, Total: 292362 ns
[2021-04-04T14:49:23.630+0000][6925][safepoint   ] Safepoint "Cleanup", Time since last: 2000384688 ns, Reaching safepoint: 2603431559 ns, At safepoint: 339207 ns, Total: 2603770766 ns
[2021-04-04T14:49:24.631+0000][6925][safepoint   ] Safepoint "Cleanup", Time since last: 1000228454 ns, Reaching safepoint: 168710 ns, At safepoint: 7767 ns, Total: 176477 ns
[2021-04-04T14:49:25.631+0000][6925][safepoint   ] Safepoint "Cleanup", Time since last: 1000213498 ns, Reaching safepoint: 108544 ns, At safepoint: 7744 ns, Total: 116288 ns
[2021-04-04T14:49:26.631+0000][6925][safepoint   ] Safepoint "Cleanup", Time since last: 1000110967 ns, Reaching safepoint: 96598 ns, At safepoint: 7912 ns, Total: 104510 ns
[2021-04-04T14:49:27.631+0000][6925][safepoint   ] Safepoint "Cleanup", Time since last: 1000137988 ns, Reaching safepoint: 196430 ns, At safepoint: 18784 ns, Total: 215214 ns
[2021-04-04T14:49:28.632+0000][6925][safepoint   ] Safepoint "Cleanup", Time since last: 1000328118 ns, Reaching safepoint: 269693 ns, At safepoint: 16420 ns, Total: 286113 ns
[2021-04-04T14:49:29.251+0000][6925][gc,heap,exit] Heap
[2021-04-04T14:49:29.251+0000][6925][gc,heap,exit]  garbage-first heap   total 4034560K, used 276373K [0x0000000709c00000, 0x0000000800000000)
[2021-04-04T14:49:29.251+0000][6925][gc,heap,exit]   region size 4096K, 53 young (217088K), 12 survivors (49152K)
[2021-04-04T14:49:29.251+0000][6925][gc,heap,exit]  Metaspace       used 108275K, capacity 112116K, committed 112824K, reserved 1146880K
[2021-04-04T14:49:29.251+0000][6925][gc,heap,exit]   class space    used 14295K, capacity 15576K, committed 15616K, reserved 1048576K
